I retain Json artifact evidence at /var/folders/9z/xpmfgw8j09l4g6wwxrxtt97w0000gn/T/nano-json-artifacts-t85g9vli
test_actual_schema_generator_outputs (tests.test_selfhost_json_artifacts.JsonArtifacts.test_actual_schema_generator_outputs) ... ok
test_native_wrong_import_signatures_preserve_output (tests.test_selfhost_json_artifacts.JsonArtifacts.test_native_wrong_import_signatures_preserve_output) ... ok
test_nonzero_integer_cannot_reach_opaque_string_provider (tests.test_selfhost_json_artifacts.JsonArtifacts.test_nonzero_integer_cannot_reach_opaque_string_provider) ... ok
test_real_artifact_ownership_vm_and_native (tests.test_selfhost_json_artifacts.JsonArtifacts.test_real_artifact_ownership_vm_and_native) ... 
  test_real_artifact_ownership_vm_and_native (tests.test_selfhost_json_artifacts.JsonArtifacts.test_real_artifact_ownership_vm_and_native) (compiler='/private/tmp/nanolang-array-types-20261008/bin/nano_virt') ... FAIL
  test_real_artifact_ownership_vm_and_native (tests.test_selfhost_json_artifacts.JsonArtifacts.test_real_artifact_ownership_vm_and_native) (compiler='/private/tmp/nanolang-json-compiler-null-return') ... FAIL
test_wrong_artifact_abi_preserves_output (tests.test_selfhost_json_artifacts.JsonArtifacts.test_wrong_artifact_abi_preserves_output) ... ok

======================================================================
FAIL: test_real_artifact_ownership_vm_and_native (tests.test_selfhost_json_artifacts.JsonArtifacts.test_real_artifact_ownership_vm_and_native) (compiler='/private/tmp/nanolang-array-types-20261008/bin/nano_virt')
----------------------------------------------------------------------
Traceback (most recent call last):
  File "/private/tmp/nanolang-array-types-20261008/tests/test_selfhost_json_artifacts.py", line 107, in test_real_artifact_ownership_vm_and_native
    self.command(compiler, source, "--emit-nvm", "-o", module)
    ~~~~~~~~~~~~^^^^^^^^^^^^^^^^^^^^^^^^^^^^^^^^^^^^^^^^^^^^^^
  File "/private/tmp/nanolang-array-types-20261008/tests/test_selfhost_json_artifacts.py", line 87, in command
    raise AssertionError(f"{args}: {result.returncode}\n{result.stdout}\n{result.stderr}")
AssertionError: (PosixPath('/private/tmp/nanolang-array-types-20261008/bin/nano_virt'), PosixPath('/var/folders/9z/xpmfgw8j09l4g6wwxrxtt97w0000gn/T/nano-json-artifacts-t85g9vli/ownership.nano'), '--emit-nvm', '-o', PosixPath('/var/folders/9z/xpmfgw8j09l4g6wwxrxtt97w0000gn/T/nano-json-artifacts-t85g9vli/nano_virt.nvm')): 1


Runtime error: Type error
  Function 32 returned int, expected opaque
Stack trace (most recent call first):
  #0   empty_handle  /var/folders/9z/xpmfgw8j09l4g6wwxrxtt97w0000gn/T/nano-json-artifacts-t85g9vli/ownership.nano:2:27
  #1   $shadow_32_empty_handle  /var/folders/9z/xpmfgw8j09l4g6wwxrxtt97w0000gn/T/nano-json-artifacts-t85g9vli/ownership.nano:3:23
  #2   $shadow_entry  /var/folders/9z/xpmfgw8j09l4g6wwxrxtt97w0000gn/T/nano-json-artifacts-t85g9vli/ownership.nano:?
I failed a shadow: Function 32 returned int, expected opaque
I will not publish output after failed shadow execution


======================================================================
FAIL: test_real_artifact_ownership_vm_and_native (tests.test_selfhost_json_artifacts.JsonArtifacts.test_real_artifact_ownership_vm_and_native) (compiler='/private/tmp/nanolang-json-compiler-null-return')
----------------------------------------------------------------------
Traceback (most recent call last):
  File "/private/tmp/nanolang-array-types-20261008/tests/test_selfhost_json_artifacts.py", line 107, in test_real_artifact_ownership_vm_and_native
    self.command(compiler, source, "--emit-nvm", "-o", module)
    ~~~~~~~~~~~~^^^^^^^^^^^^^^^^^^^^^^^^^^^^^^^^^^^^^^^^^^^^^^
  File "/private/tmp/nanolang-array-types-20261008/tests/test_selfhost_json_artifacts.py", line 87, in command
    raise AssertionError(f"{args}: {result.returncode}\n{result.stdout}\n{result.stderr}")
AssertionError: (PosixPath('/private/tmp/nanolang-json-compiler-null-return'), PosixPath('/var/folders/9z/xpmfgw8j09l4g6wwxrxtt97w0000gn/T/nano-json-artifacts-t85g9vli/ownership.nano'), '--emit-nvm', '-o', PosixPath('/var/folders/9z/xpmfgw8j09l4g6wwxrxtt97w0000gn/T/nano-json-artifacts-t85g9vli/nanolang-json-compiler-null-return.nvm')): 1
I will not publish bytecode after failed shadows

I could not execute the module: Type error
  Function 67 returned int, expected opaque
I rejected failed shadow execution


----------------------------------------------------------------------
Ran 5 tests in 5.660s

FAILED (failures=2)
