cc -Wall -Wextra -Werror -std=c99 -g -O3 -ftree-vectorize -fPIC -Isrc -D_GNU_SOURCE -I'/Applications/Xcode.app/Contents/Developer/Platforms/MacOSX.platform/Developer/SDKs/MacOSX27.0.sdk/usr/include/ffi' -I/opt/homebrew/opt/openssl@3/include -MMD -MP -c src/nsi.c -o obj/nsi.o
python3 scripts/embed_managed_runtime.py --clang "clang" --opt "opt" --header obj/nanoisa/managed_runtime_ir.h --manifest obj/nanoisa/managed_runtime_ir.json
cc -Wall -Wextra -Werror -std=c99 -g -O3 -ftree-vectorize -fPIC -Isrc -D_GNU_SOURCE -I'/Applications/Xcode.app/Contents/Developer/Platforms/MacOSX.platform/Developer/SDKs/MacOSX27.0.sdk/usr/include/ffi' -I/opt/homebrew/opt/openssl@3/include -MMD -MP -Iobj/nanoisa -Isrc/nanoisa -c src/nanoisa/nvm2llvm.c -o obj/nanoisa/nvm2llvm.o
cc -Wall -Wextra -Werror -std=c99 -g -O3 -ftree-vectorize -fPIC -Isrc -D_GNU_SOURCE -I'/Applications/Xcode.app/Contents/Developer/Platforms/MacOSX.platform/Developer/SDKs/MacOSX27.0.sdk/usr/include/ffi' -I/opt/homebrew/opt/openssl@3/include -o bin/nvm2llvm obj/nanoisa/nvm2llvm.o obj/nanoisa/nvm2llvm_main.o obj/nanoisa/service_file_nominal.o obj/nanoisa/service_file_nominal_plan.o obj/nanoisa/service_bindings.o obj/nanoisa/service_bindings_module.o obj/nanoisa/mixed_float_proof.o obj/nanoisa/managed_array_shapes.o obj/nanoisa/local_bindings.o obj/nanoisa/affine_bytecode.o obj/nanoisa/affine_state.o obj/nanoisa/ownership_contracts.o obj/nanoisa/retained_layouts.o obj/nanoisa/reference_places.o obj/nanoisa/passive.o obj/nanoisa/isa.o obj/nanoisa/verifier_types.o obj/nanoisa/nvm_format.o obj/nanoisa/nvm_format_v2.o obj/nanoisa/nvm_v2_cursor.o obj/nanoisa/nvm_v2_constants.o obj/nanoisa/nvm_v2_signatures.o obj/nanoisa/nvm_v2_layouts.o obj/nanoisa/nvm_v2_functions.o obj/nanoisa/nvm_v2_imports.o obj/nanoisa/nvm_v2_module.o obj/nanoisa/nvm_v2_convert.o obj/nanoisa/assembler.o obj/nanoisa/disassembler.o obj/nanoisa/verifier.o obj/nanoisa/nvm2c.o obj/nanoisa/nvm2c_shape.o obj/nanoisa/frontend.o obj/nanoisa/nanoisa_facade.o obj/nanovm/vm_decode.o obj/nanovm/vm_dispatch.o obj/nsi_file_plan.o obj/utf8.o -lm -lcrypto -lffi -L/opt/homebrew/opt/openssl@3/lib
cc -Wall -Wextra -Werror -std=c99 -g -O3 -ftree-vectorize -fPIC -Isrc -D_GNU_SOURCE -I'/Applications/Xcode.app/Contents/Developer/Platforms/MacOSX.platform/Developer/SDKs/MacOSX27.0.sdk/usr/include/ffi' -I/opt/homebrew/opt/openssl@3/include -Isrc/nanoisa -Imodules/nanoisa -o bin/nanoisa_hl_facts src/nanoisa/hl_facts_main.c obj/nanoisa/service_file_nominal.o obj/nanoisa/service_file_nominal_plan.o obj/nanoisa/service_bindings.o obj/nanoisa/service_bindings_module.o obj/nanoisa/mixed_float_proof.o obj/nanoisa/managed_array_shapes.o obj/nanoisa/local_bindings.o obj/nanoisa/affine_bytecode.o obj/nanoisa/affine_state.o obj/nanoisa/ownership_contracts.o obj/nanoisa/retained_layouts.o obj/nanoisa/reference_places.o obj/nanoisa/passive.o obj/nanoisa/isa.o obj/nanoisa/verifier_types.o obj/nanoisa/nvm_format.o obj/nanoisa/nvm_format_v2.o obj/nanoisa/nvm_v2_cursor.o obj/nanoisa/nvm_v2_constants.o obj/nanoisa/nvm_v2_signatures.o obj/nanoisa/nvm_v2_layouts.o obj/nanoisa/nvm_v2_functions.o obj/nanoisa/nvm_v2_imports.o obj/nanoisa/nvm_v2_module.o obj/nanoisa/nvm_v2_convert.o obj/nanoisa/assembler.o obj/nanoisa/disassembler.o obj/nanoisa/verifier.o obj/nanoisa/nvm2c.o obj/nanoisa/nvm2c_shape.o obj/nanoisa/frontend.o obj/nanoisa/nanoisa_facade.o obj/nanovm/vm_decode.o obj/nanovm/vm_dispatch.o obj/nsi_file_plan.o obj/utf8.o -lm -lcrypto -lffi -L/opt/homebrew/opt/openssl@3/lib
cp scripts/nvm2hl.py bin/nvm2hl
chmod +x bin/nvm2hl
python3 scripts/embed_binary64_parser.py --check
cc -Wall -Wextra -Werror -std=c99 -g -O3 -ftree-vectorize -fPIC -Isrc -D_GNU_SOURCE -I'/Applications/Xcode.app/Contents/Developer/Platforms/MacOSX.platform/Developer/SDKs/MacOSX27.0.sdk/usr/include/ffi' -I/opt/homebrew/opt/openssl@3/include -o bin/nvm2c obj/nanoisa/nvm2c_main.o obj/nanoisa/service_file_nominal.o obj/nanoisa/service_file_nominal_plan.o obj/nanoisa/service_bindings.o obj/nanoisa/service_bindings_module.o obj/nanoisa/mixed_float_proof.o obj/nanoisa/managed_array_shapes.o obj/nanoisa/local_bindings.o obj/nanoisa/affine_bytecode.o obj/nanoisa/affine_state.o obj/nanoisa/ownership_contracts.o obj/nanoisa/retained_layouts.o obj/nanoisa/reference_places.o obj/nanoisa/passive.o obj/nanoisa/isa.o obj/nanoisa/verifier_types.o obj/nanoisa/nvm_format.o obj/nanoisa/nvm_format_v2.o obj/nanoisa/nvm_v2_cursor.o obj/nanoisa/nvm_v2_constants.o obj/nanoisa/nvm_v2_signatures.o obj/nanoisa/nvm_v2_layouts.o obj/nanoisa/nvm_v2_functions.o obj/nanoisa/nvm_v2_imports.o obj/nanoisa/nvm_v2_module.o obj/nanoisa/nvm_v2_convert.o obj/nanoisa/assembler.o obj/nanoisa/disassembler.o obj/nanoisa/verifier.o obj/nanoisa/nvm2c.o obj/nanoisa/nvm2c_shape.o obj/nanoisa/frontend.o obj/nanoisa/nanoisa_facade.o obj/nanovm/vm_decode.o obj/nanovm/vm_dispatch.o obj/nsi_file_plan.o obj/utf8.o -lm -lcrypto -lffi -L/opt/homebrew/opt/openssl@3/lib
SERVICE_MODULE_OBJECTS="obj/nanoisa/nvm2llvm.o obj/nanoisa/service_file_nominal.o obj/nanoisa/service_file_nominal_plan.o obj/nanoisa/service_bindings.o obj/nanoisa/service_bindings_module.o obj/nanoisa/mixed_float_proof.o obj/nanoisa/managed_array_shapes.o obj/nanoisa/local_bindings.o obj/nanoisa/affine_bytecode.o obj/nanoisa/affine_state.o obj/nanoisa/ownership_contracts.o obj/nanoisa/retained_layouts.o obj/nanoisa/reference_places.o obj/nanoisa/passive.o obj/nanoisa/isa.o obj/nanoisa/verifier_types.o obj/nanoisa/nvm_format.o obj/nanoisa/nvm_format_v2.o obj/nanoisa/nvm_v2_cursor.o obj/nanoisa/nvm_v2_constants.o obj/nanoisa/nvm_v2_signatures.o obj/nanoisa/nvm_v2_layouts.o obj/nanoisa/nvm_v2_functions.o obj/nanoisa/nvm_v2_imports.o obj/nanoisa/nvm_v2_module.o obj/nanoisa/nvm_v2_convert.o obj/nanoisa/assembler.o obj/nanoisa/disassembler.o obj/nanoisa/verifier.o obj/nanoisa/nvm2c.o obj/nanoisa/nvm2c_shape.o obj/nanoisa/frontend.o obj/nanoisa/nanoisa_facade.o obj/nanovm/vm_decode.o obj/nanovm/vm_dispatch.o obj/nsi_file_plan.o obj/nanovm/value.o obj/nanovm/heap.o obj/nanovm/heap_cycles.o obj/nanovm/vm.o obj/nanovm/vm_callback.o obj/nanovm/vm_ffi.o obj/nanovm/vm_builtins.o obj/nanovm/cop_protocol.o obj/nanovm/vm_ffi_arrays.o obj/runtime/callback_runtime.o obj/lexer.o obj/parser.o obj/typechecker.o obj/transpiler.o obj/stdlib_runtime.o obj/env.o obj/builtins_registry.o obj/module.o obj/module_metadata.o obj/cJSON.o obj/toon_output.o obj/module_builder.o obj/resource_tracking.o obj/eval.o obj/eval/eval_hashmap.o obj/eval/eval_math.o obj/eval/eval_string.o obj/eval/eval_io.o obj/interpreter_ffi.o obj/json_diagnostics.o obj/reflection.o obj/nanocore_subset.o obj/nanocore_export.o obj/emit_typed_ast.o obj/type_infer.o obj/effects.o obj/fold_constants.o obj/dce_pass.o obj/par_let_pass.o obj/ptx_backend.o obj/opencl_backend.o obj/tco_pass.o obj/cps_pass.o obj/coroutine.o obj/pgo_pass.o obj/c_backend.o obj/bench.o obj/bench_native.o obj/riscv_backend.o obj/dwarf_info.o obj/docgen_md.o obj/docgen.o obj/fmt.o obj/channel.o obj/bcp47.o obj/locale.o obj/utf8.o obj/diag_id.o obj/catalog.o obj/resource_flow.o obj/nominal_types.o obj/runtime/list_int.o obj/runtime/list_string.o obj/runtime/list_LexerToken.o obj/runtime/list_token.o obj/runtime/list_CompilerDiagnostic.o obj/runtime/list_CompilerSourceLocation.o obj/runtime/list_ASTNumber.o obj/runtime/list_ASTFloat.o obj/runtime/list_ASTString.o obj/runtime/list_ASTBool.o obj/runtime/list_ASTIdentifier.o obj/runtime/list_ASTBinaryOp.o obj/runtime/list_ASTCall.o obj/runtime/list_ASTModuleQualifiedCall.o obj/runtime/list_ASTArrayLiteral.o obj/runtime/list_ASTLet.o obj/runtime/list_ASTSet.o obj/runtime/list_ASTStmtRef.o obj/runtime/list_ASTIf.o obj/runtime/list_ASTWhile.o obj/runtime/list_ASTFor.o obj/runtime/list_ASTReturn.o obj/runtime/list_ASTBlock.o obj/runtime/list_ASTUnsafeBlock.o obj/runtime/list_ASTPrint.o obj/runtime/list_ASTAssert.o obj/runtime/list_ASTFunction.o obj/runtime/list_ASTShadow.o obj/runtime/list_ASTStruct.o obj/runtime/list_ASTStructLiteral.o obj/runtime/list_ASTFieldAccess.o obj/runtime/list_ASTEnum.o obj/runtime/list_ASTUnion.o obj/runtime/list_ASTUnionConstruct.o obj/runtime/list_ASTMatch.o obj/runtime/list_ASTImport.o obj/runtime/list_ASTOpaqueType.o obj/runtime/list_ASTTupleLiteral.o obj/runtime/list_ASTTupleIndex.o obj/runtime/token_helpers.o obj/runtime/gc.o obj/runtime/effect_runtime.o obj/runtime/dyn_array.o obj/runtime/gc_struct.o obj/runtime/nl_string.o obj/runtime/ffi_loader.o obj/runtime/module_build_dir.o obj/runtime/cli.o obj/runtime/regex.o obj/nsi.o" SERVICE_MODULE_LDFLAGS="-lm -lcrypto -lffi -L/opt/homebrew/opt/openssl@3/lib" python3 -m unittest -f -v tests.test_file_nominal_module
I retain service transport artifacts at /var/folders/9z/xpmfgw8j09l4g6wwxrxtt97w0000gn/T/nano-service-module-f3t_ncqb
test_adapter_attach_and_bridge_allocation_prefixes (tests.test_file_nominal_module.NominalModule.test_adapter_attach_and_bridge_allocation_prefixes) ... nominal service transport: 633 checks passed; no host execution
ok
test_exact_retention_and_all_consumer_refusals (tests.test_file_nominal_module.NominalModule.test_exact_retention_and_all_consumer_refusals) ... nominal service transport: 433 checks passed; no host execution
ok

----------------------------------------------------------------------
Ran 2 tests in 7.650s

OK
SERVICE_MODULE_OBJECTS="obj/nanoisa/nvm2llvm.o obj/nanoisa/service_file_nominal.o obj/nanoisa/service_file_nominal_plan.o obj/nanoisa/service_bindings.o obj/nanoisa/service_bindings_module.o obj/nanoisa/mixed_float_proof.o obj/nanoisa/managed_array_shapes.o obj/nanoisa/local_bindings.o obj/nanoisa/affine_bytecode.o obj/nanoisa/affine_state.o obj/nanoisa/ownership_contracts.o obj/nanoisa/retained_layouts.o obj/nanoisa/reference_places.o obj/nanoisa/passive.o obj/nanoisa/isa.o obj/nanoisa/verifier_types.o obj/nanoisa/nvm_format.o obj/nanoisa/nvm_format_v2.o obj/nanoisa/nvm_v2_cursor.o obj/nanoisa/nvm_v2_constants.o obj/nanoisa/nvm_v2_signatures.o obj/nanoisa/nvm_v2_layouts.o obj/nanoisa/nvm_v2_functions.o obj/nanoisa/nvm_v2_imports.o obj/nanoisa/nvm_v2_module.o obj/nanoisa/nvm_v2_convert.o obj/nanoisa/assembler.o obj/nanoisa/disassembler.o obj/nanoisa/verifier.o obj/nanoisa/nvm2c.o obj/nanoisa/nvm2c_shape.o obj/nanoisa/frontend.o obj/nanoisa/nanoisa_facade.o obj/nanovm/vm_decode.o obj/nanovm/vm_dispatch.o obj/nsi_file_plan.o obj/nanovm/value.o obj/nanovm/heap.o obj/nanovm/heap_cycles.o obj/nanovm/vm.o obj/nanovm/vm_callback.o obj/nanovm/vm_ffi.o obj/nanovm/vm_builtins.o obj/nanovm/cop_protocol.o obj/nanovm/vm_ffi_arrays.o obj/runtime/callback_runtime.o obj/lexer.o obj/parser.o obj/typechecker.o obj/transpiler.o obj/stdlib_runtime.o obj/env.o obj/builtins_registry.o obj/module.o obj/module_metadata.o obj/cJSON.o obj/toon_output.o obj/module_builder.o obj/resource_tracking.o obj/eval.o obj/eval/eval_hashmap.o obj/eval/eval_math.o obj/eval/eval_string.o obj/eval/eval_io.o obj/interpreter_ffi.o obj/json_diagnostics.o obj/reflection.o obj/nanocore_subset.o obj/nanocore_export.o obj/emit_typed_ast.o obj/type_infer.o obj/effects.o obj/fold_constants.o obj/dce_pass.o obj/par_let_pass.o obj/ptx_backend.o obj/opencl_backend.o obj/tco_pass.o obj/cps_pass.o obj/coroutine.o obj/pgo_pass.o obj/c_backend.o obj/bench.o obj/bench_native.o obj/riscv_backend.o obj/dwarf_info.o obj/docgen_md.o obj/docgen.o obj/fmt.o obj/channel.o obj/bcp47.o obj/locale.o obj/utf8.o obj/diag_id.o obj/catalog.o obj/resource_flow.o obj/nominal_types.o obj/runtime/list_int.o obj/runtime/list_string.o obj/runtime/list_LexerToken.o obj/runtime/list_token.o obj/runtime/list_CompilerDiagnostic.o obj/runtime/list_CompilerSourceLocation.o obj/runtime/list_ASTNumber.o obj/runtime/list_ASTFloat.o obj/runtime/list_ASTString.o obj/runtime/list_ASTBool.o obj/runtime/list_ASTIdentifier.o obj/runtime/list_ASTBinaryOp.o obj/runtime/list_ASTCall.o obj/runtime/list_ASTModuleQualifiedCall.o obj/runtime/list_ASTArrayLiteral.o obj/runtime/list_ASTLet.o obj/runtime/list_ASTSet.o obj/runtime/list_ASTStmtRef.o obj/runtime/list_ASTIf.o obj/runtime/list_ASTWhile.o obj/runtime/list_ASTFor.o obj/runtime/list_ASTReturn.o obj/runtime/list_ASTBlock.o obj/runtime/list_ASTUnsafeBlock.o obj/runtime/list_ASTPrint.o obj/runtime/list_ASTAssert.o obj/runtime/list_ASTFunction.o obj/runtime/list_ASTShadow.o obj/runtime/list_ASTStruct.o obj/runtime/list_ASTStructLiteral.o obj/runtime/list_ASTFieldAccess.o obj/runtime/list_ASTEnum.o obj/runtime/list_ASTUnion.o obj/runtime/list_ASTUnionConstruct.o obj/runtime/list_ASTMatch.o obj/runtime/list_ASTImport.o obj/runtime/list_ASTOpaqueType.o obj/runtime/list_ASTTupleLiteral.o obj/runtime/list_ASTTupleIndex.o obj/runtime/token_helpers.o obj/runtime/gc.o obj/runtime/effect_runtime.o obj/runtime/dyn_array.o obj/runtime/gc_struct.o obj/runtime/nl_string.o obj/runtime/ffi_loader.o obj/runtime/module_build_dir.o obj/runtime/cli.o obj/runtime/regex.o obj/nsi.o" SERVICE_MODULE_LDFLAGS="-lm -lcrypto -lffi -L/opt/homebrew/opt/openssl@3/lib" python3 -m unittest -f -v tests.test_service_bindings_module
I retain service transport artifacts at /var/folders/9z/xpmfgw8j09l4g6wwxrxtt97w0000gn/T/nano-service-module-ib_ru_nq
test_attach_and_both_bridge_allocation_prefixes (tests.test_service_bindings_module.ServiceModule.test_attach_and_both_bridge_allocation_prefixes) ... service transport: 725 checks passed
ok
test_linked_roundtrip_and_all_consumers (tests.test_service_bindings_module.ServiceModule.test_linked_roundtrip_and_all_consumers) ... service transport: 655 checks passed
ok
test_mixed_candidate_service_boundary_and_recovery (tests.test_service_bindings_module.ServiceModule.test_mixed_candidate_service_boundary_and_recovery) ... 212 mixed service selection and recovery checks passed
ok

----------------------------------------------------------------------
Ran 3 tests in 3.329s

OK
OWNED_ARRAY_AUTHORITY_LINK_OBJECTS="obj/nanoisa/service_file_nominal.o obj/nanoisa/service_file_nominal_plan.o obj/nanoisa/service_bindings.o obj/nanoisa/service_bindings_module.o obj/nanoisa/mixed_float_proof.o obj/nanoisa/managed_array_shapes.o obj/nanoisa/local_bindings.o obj/nanoisa/affine_bytecode.o obj/nanoisa/ownership_contracts.o obj/nanoisa/reference_places.o obj/nanoisa/passive.o obj/nanoisa/isa.o obj/nanoisa/verifier_types.o obj/nanoisa/nvm_format.o obj/nanoisa/nvm_format_v2.o obj/nanoisa/nvm_v2_constants.o obj/nanoisa/nvm_v2_signatures.o obj/nanoisa/nvm_v2_functions.o obj/nanoisa/nvm_v2_imports.o obj/nanoisa/nvm_v2_module.o obj/nanoisa/nvm_v2_convert.o obj/nanoisa/assembler.o obj/nanoisa/disassembler.o obj/nanoisa/nvm2c.o obj/nanoisa/nvm2c_shape.o obj/nanoisa/frontend.o obj/nanoisa/nanoisa_facade.o obj/nanovm/vm_decode.o obj/nanovm/vm_dispatch.o obj/nsi_file_plan.o obj/utf8.o" python3 -m unittest -v tests.test_owned_array_authority
test_authority_and_failure_atomicity (tests.test_owned_array_authority.OwnedArrayAuthority.test_authority_and_failure_atomicity) ... ok

----------------------------------------------------------------------
Ran 1 test in 1.235s

OK
I retain structural INVALID at allocation prefix 563, exact retained-layout boundary.
I retain structural INVALID at allocation prefix 564, exact retained-layout boundary.
I retain structural INVALID at allocation prefix 565, exact retained-layout boundary.
I retain structural INVALID at allocation prefix 566, exact retained-layout boundary.
I retain structural INVALID at allocation prefix 567, exact retained-layout boundary.
I preserve private plan outputs through 564 MEMORY and 5 attributed structural INVALID failures.
1403 private owner ARRAY authority checks passed; no pending module execution
cc -Wall -Wextra -Werror -std=c99 -g -O3 -ftree-vectorize -fPIC -Isrc -D_GNU_SOURCE -I'/Applications/Xcode.app/Contents/Developer/Platforms/MacOSX.platform/Developer/SDKs/MacOSX27.0.sdk/usr/include/ffi' -I/opt/homebrew/opt/openssl@3/include -o bin/nano_virt obj/nanovirt/codegen.o obj/nanovirt/wrapper_gen.o obj/nanovirt/shadow_runner.o obj/nanovm/value.o obj/nanovm/heap.o obj/nanovm/heap_cycles.o obj/nanovm/vm.o obj/nanovm/vm_callback.o obj/nanovm/vm_ffi.o obj/nanovm/vm_builtins.o obj/nanovm/cop_protocol.o obj/nanovm/vm_ffi_arrays.o obj/runtime/callback_runtime.o obj/nanoisa/service_file_nominal.o obj/nanoisa/service_file_nominal_plan.o obj/nanoisa/service_bindings.o obj/nanoisa/service_bindings_module.o obj/nanoisa/mixed_float_proof.o obj/nanoisa/managed_array_shapes.o obj/nanoisa/local_bindings.o obj/nanoisa/affine_bytecode.o obj/nanoisa/affine_state.o obj/nanoisa/ownership_contracts.o obj/nanoisa/retained_layouts.o obj/nanoisa/reference_places.o obj/nanoisa/passive.o obj/nanoisa/isa.o obj/nanoisa/verifier_types.o obj/nanoisa/nvm_format.o obj/nanoisa/nvm_format_v2.o obj/nanoisa/nvm_v2_cursor.o obj/nanoisa/nvm_v2_constants.o obj/nanoisa/nvm_v2_signatures.o obj/nanoisa/nvm_v2_layouts.o obj/nanoisa/nvm_v2_functions.o obj/nanoisa/nvm_v2_imports.o obj/nanoisa/nvm_v2_module.o obj/nanoisa/nvm_v2_convert.o obj/nanoisa/assembler.o obj/nanoisa/disassembler.o obj/nanoisa/verifier.o obj/nanoisa/nvm2c.o obj/nanoisa/nvm2c_shape.o obj/nanoisa/frontend.o obj/nanoisa/nanoisa_facade.o obj/nanovm/vm_decode.o obj/nanovm/vm_dispatch.o obj/nsi_file_plan.o \
		obj/lexer.o obj/parser.o obj/typechecker.o obj/transpiler.o obj/stdlib_runtime.o obj/env.o obj/builtins_registry.o obj/module.o obj/module_metadata.o obj/cJSON.o obj/toon_output.o obj/module_builder.o obj/resource_tracking.o obj/eval.o obj/eval/eval_hashmap.o obj/eval/eval_math.o obj/eval/eval_string.o obj/eval/eval_io.o obj/interpreter_ffi.o obj/json_diagnostics.o obj/reflection.o obj/nanocore_subset.o obj/nanocore_export.o obj/emit_typed_ast.o obj/type_infer.o obj/effects.o obj/fold_constants.o obj/dce_pass.o obj/par_let_pass.o obj/ptx_backend.o obj/opencl_backend.o obj/tco_pass.o obj/cps_pass.o obj/coroutine.o obj/pgo_pass.o obj/c_backend.o obj/bench.o obj/bench_native.o obj/riscv_backend.o obj/dwarf_info.o obj/docgen_md.o obj/docgen.o obj/fmt.o obj/channel.o obj/bcp47.o obj/locale.o obj/utf8.o obj/diag_id.o obj/catalog.o obj/resource_flow.o obj/nominal_types.o obj/runtime/list_int.o obj/runtime/list_string.o obj/runtime/list_LexerToken.o obj/runtime/list_token.o obj/runtime/list_CompilerDiagnostic.o obj/runtime/list_CompilerSourceLocation.o obj/runtime/list_ASTNumber.o obj/runtime/list_ASTFloat.o obj/runtime/list_ASTString.o obj/runtime/list_ASTBool.o obj/runtime/list_ASTIdentifier.o obj/runtime/list_ASTBinaryOp.o obj/runtime/list_ASTCall.o obj/runtime/list_ASTModuleQualifiedCall.o obj/runtime/list_ASTArrayLiteral.o obj/runtime/list_ASTLet.o obj/runtime/list_ASTSet.o obj/runtime/list_ASTStmtRef.o obj/runtime/list_ASTIf.o obj/runtime/list_ASTWhile.o obj/runtime/list_ASTFor.o obj/runtime/list_ASTReturn.o obj/runtime/list_ASTBlock.o obj/runtime/list_ASTUnsafeBlock.o obj/runtime/list_ASTPrint.o obj/runtime/list_ASTAssert.o obj/runtime/list_ASTFunction.o obj/runtime/list_ASTShadow.o obj/runtime/list_ASTStruct.o obj/runtime/list_ASTStructLiteral.o obj/runtime/list_ASTFieldAccess.o obj/runtime/list_ASTEnum.o obj/runtime/list_ASTUnion.o obj/runtime/list_ASTUnionConstruct.o obj/runtime/list_ASTMatch.o obj/runtime/list_ASTImport.o obj/runtime/list_ASTOpaqueType.o obj/runtime/list_ASTTupleLiteral.o obj/runtime/list_ASTTupleIndex.o obj/runtime/token_helpers.o obj/runtime/gc.o obj/runtime/effect_runtime.o obj/runtime/dyn_array.o obj/runtime/gc_struct.o obj/runtime/nl_string.o obj/runtime/ffi_loader.o obj/runtime/module_build_dir.o obj/runtime/cli.o obj/runtime/regex.o obj/nanovirt/main.o -lm -lcrypto -lffi -L/opt/homebrew/opt/openssl@3/lib
Running wrapper_gen unit tests...
cc -Wall -Wextra -Werror -std=c99 -g -O3 -ftree-vectorize -fPIC -Isrc -D_GNU_SOURCE -I'/Applications/Xcode.app/Contents/Developer/Platforms/MacOSX.platform/Developer/SDKs/MacOSX27.0.sdk/usr/include/ffi' -I/opt/homebrew/opt/openssl@3/include -Isrc/nanovirt -Isrc/nanovm -Isrc/nanoisa -o tests/nanovirt/test_wrapper_gen \
		tests/nanovirt/test_wrapper_gen.c obj/nanovirt/codegen.o obj/nanovirt/wrapper_gen.o obj/nanovirt/shadow_runner.o obj/nanovm/value.o obj/nanovm/heap.o obj/nanovm/heap_cycles.o obj/nanovm/vm.o obj/nanovm/vm_callback.o obj/nanovm/vm_ffi.o obj/nanovm/vm_builtins.o obj/nanovm/cop_protocol.o obj/nanovm/vm_ffi_arrays.o obj/runtime/callback_runtime.o obj/nanoisa/service_file_nominal.o obj/nanoisa/service_file_nominal_plan.o obj/nanoisa/service_bindings.o obj/nanoisa/service_bindings_module.o obj/nanoisa/mixed_float_proof.o obj/nanoisa/managed_array_shapes.o obj/nanoisa/local_bindings.o obj/nanoisa/affine_bytecode.o obj/nanoisa/affine_state.o obj/nanoisa/ownership_contracts.o obj/nanoisa/retained_layouts.o obj/nanoisa/reference_places.o obj/nanoisa/passive.o obj/nanoisa/isa.o obj/nanoisa/verifier_types.o obj/nanoisa/nvm_format.o obj/nanoisa/nvm_format_v2.o obj/nanoisa/nvm_v2_cursor.o obj/nanoisa/nvm_v2_constants.o obj/nanoisa/nvm_v2_signatures.o obj/nanoisa/nvm_v2_layouts.o obj/nanoisa/nvm_v2_functions.o obj/nanoisa/nvm_v2_imports.o obj/nanoisa/nvm_v2_module.o obj/nanoisa/nvm_v2_convert.o obj/nanoisa/assembler.o obj/nanoisa/disassembler.o obj/nanoisa/verifier.o obj/nanoisa/nvm2c.o obj/nanoisa/nvm2c_shape.o obj/nanoisa/frontend.o obj/nanoisa/nanoisa_facade.o obj/nanovm/vm_decode.o obj/nanovm/vm_dispatch.o obj/nsi_file_plan.o \
		obj/lexer.o obj/parser.o obj/typechecker.o obj/transpiler.o obj/stdlib_runtime.o obj/env.o obj/builtins_registry.o obj/module.o obj/module_metadata.o obj/cJSON.o obj/toon_output.o obj/module_builder.o obj/resource_tracking.o obj/eval.o obj/eval/eval_hashmap.o obj/eval/eval_math.o obj/eval/eval_string.o obj/eval/eval_io.o obj/interpreter_ffi.o obj/json_diagnostics.o obj/reflection.o obj/nanocore_subset.o obj/nanocore_export.o obj/emit_typed_ast.o obj/type_infer.o obj/effects.o obj/fold_constants.o obj/dce_pass.o obj/par_let_pass.o obj/ptx_backend.o obj/opencl_backend.o obj/tco_pass.o obj/cps_pass.o obj/coroutine.o obj/pgo_pass.o obj/c_backend.o obj/bench.o obj/bench_native.o obj/riscv_backend.o obj/dwarf_info.o obj/docgen_md.o obj/docgen.o obj/fmt.o obj/channel.o obj/bcp47.o obj/locale.o obj/utf8.o obj/diag_id.o obj/catalog.o obj/resource_flow.o obj/nominal_types.o obj/runtime/list_int.o obj/runtime/list_string.o obj/runtime/list_LexerToken.o obj/runtime/list_token.o obj/runtime/list_CompilerDiagnostic.o obj/runtime/list_CompilerSourceLocation.o obj/runtime/list_ASTNumber.o obj/runtime/list_ASTFloat.o obj/runtime/list_ASTString.o obj/runtime/list_ASTBool.o obj/runtime/list_ASTIdentifier.o obj/runtime/list_ASTBinaryOp.o obj/runtime/list_ASTCall.o obj/runtime/list_ASTModuleQualifiedCall.o obj/runtime/list_ASTArrayLiteral.o obj/runtime/list_ASTLet.o obj/runtime/list_ASTSet.o obj/runtime/list_ASTStmtRef.o obj/runtime/list_ASTIf.o obj/runtime/list_ASTWhile.o obj/runtime/list_ASTFor.o obj/runtime/list_ASTReturn.o obj/runtime/list_ASTBlock.o obj/runtime/list_ASTUnsafeBlock.o obj/runtime/list_ASTPrint.o obj/runtime/list_ASTAssert.o obj/runtime/list_ASTFunction.o obj/runtime/list_ASTShadow.o obj/runtime/list_ASTStruct.o obj/runtime/list_ASTStructLiteral.o obj/runtime/list_ASTFieldAccess.o obj/runtime/list_ASTEnum.o obj/runtime/list_ASTUnion.o obj/runtime/list_ASTUnionConstruct.o obj/runtime/list_ASTMatch.o obj/runtime/list_ASTImport.o obj/runtime/list_ASTOpaqueType.o obj/runtime/list_ASTTupleLiteral.o obj/runtime/list_ASTTupleIndex.o obj/runtime/token_helpers.o obj/runtime/gc.o obj/runtime/effect_runtime.o obj/runtime/dyn_array.o obj/runtime/gc_struct.o obj/runtime/nl_string.o obj/runtime/ffi_loader.o obj/runtime/module_build_dir.o obj/runtime/cli.o obj/runtime/regex.o -lm -lcrypto -lffi -L/opt/homebrew/opt/openssl@3/lib
clang: error: no such file or directory: '/tmp/nanovm/value.o'
clang: error: no such file or directory: '/tmp/nanovm/heap.o'
clang: error: no such file or directory: '/tmp/nanovm/heap_cycles.o'
clang: error: no such file or directory: '/tmp/nanovm/vm.o'
clang: error: no such file or directory: '/tmp/nanovm/vm_ffi.o'
clang: error: no such file or directory: '/tmp/nanovm/vm_ffi_arrays.o'
clang: error: no such file or directory: '/tmp/nanovm/vm_builtins.o'
clang: error: no such file or directory: '/tmp/nanovm/cop_protocol.o'
clang: error: no such file or directory: '/tmp/nanovm/vm_callback.o'
clang: error: no such file or directory: '/tmp/runtime/callback_runtime.o'
clang: error: no such file or directory: '/tmp/nanovm/vm_decode.o'
clang: error: no such file or directory: '/tmp/nanovm/vm_dispatch.o'
clang: error: no such file or directory: '/tmp/nanoisa/isa.o'
clang: error: no such file or directory: '/tmp/nanoisa/local_bindings.o'
clang: error: no such file or directory: '/tmp/nanoisa/passive.o'
clang: error: no such file or directory: '/tmp/nanoisa/nvm_format.o'
clang: error: no such file or directory: '/tmp/nanoisa/affine_bytecode.o'
clang: error: no such file or directory: '/tmp/nanoisa/affine_state.o'
clang: error: no such file or directory: '/tmp/nanoisa/mixed_float_proof.o'
clang: error: no such file or directory: '/tmp/nanoisa/ownership_contracts.o'
clang: error: no such file or directory: '/tmp/nanoisa/retained_layouts.o'
clang: error: no such file or directory: '/tmp/nanoisa/reference_places.o'
clang: error: no such file or directory: '/tmp/nanoisa/service_file_nominal.o'
clang: error: no such file or directory: '/tmp/nanoisa/service_file_nominal_plan.o'
clang: error: no such file or directory: '/tmp/nanoisa/service_bindings.o'
clang: error: no such file or directory: '/tmp/nanoisa/service_bindings_module.o'
clang: error: no such file or directory: '/tmp/nsi_file_plan.o'
clang: error: no such file or directory: '/tmp/nanoisa/nvm_format_v2.o'
clang: error: no such file or directory: '/tmp/nanoisa/nvm_v2_cursor.o'
clang: error: no such file or directory: '/tmp/nanoisa/nvm_v2_constants.o'
clang: error: no such file or directory: '/tmp/nanoisa/nvm_v2_signatures.o'
clang: error: no such file or directory: '/tmp/nanoisa/nvm_v2_layouts.o'
clang: error: no such file or directory: '/tmp/nanoisa/nvm_v2_functions.o'
clang: error: no such file or directory: '/tmp/nanoisa/nvm_v2_imports.o'
clang: error: no such file or directory: '/tmp/nanoisa/nvm_v2_module.o'
clang: error: no such file or directory: '/tmp/nanoisa/nvm_v2_convert.o'
clang: error: no such file or directory: '/tmp/nanoisa/assembler.o'
clang: error: no such file or directory: '/tmp/nanoisa/disassembler.o'
clang: error: no such file or directory: '/tmp/nanoisa/verifier.o'
clang: error: no such file or directory: '/tmp/nanoisa/managed_array_shapes.o'
clang: error: no such file or directory: '/tmp/nanoisa/verifier_types.o'
clang: error: no such file or directory: '/tmp/nanoisa/nanoisa_facade.o'
clang: error: no such file or directory: '/tmp/lexer.o'
clang: error: no such file or directory: '/tmp/parser.o'
clang: error: no such file or directory: '/tmp/typechecker.o'
clang: error: no such file or directory: '/tmp/transpiler.o'
clang: error: no such file or directory: '/tmp/stdlib_runtime.o'
clang: error: no such file or directory: '/tmp/env.o'
clang: error: no such file or directory: '/tmp/builtins_registry.o'
clang: error: no such file or directory: '/tmp/module.o'
clang: error: no such file or directory: '/tmp/module_metadata.o'
clang: error: no such file or directory: '/tmp/utf8.o'
clang: error: no such file or directory: '/tmp/cJSON.o'
clang: error: no such file or directory: '/tmp/toon_output.o'
clang: error: no such file or directory: '/tmp/module_builder.o'
clang: error: no such file or directory: '/tmp/resource_tracking.o'
clang: error: no such file or directory: '/tmp/resource_flow.o'
clang: error: no such file or directory: '/tmp/nominal_types.o'
clang: error: no such file or directory: '/tmp/eval.o'
clang: error: no such file or directory: '/tmp/interpreter_ffi.o'
clang: error: no such file or directory: '/tmp/json_diagnostics.o'
clang: error: no such file or directory: '/tmp/reflection.o'
clang: error: no such file or directory: '/tmp/effects.o'
clang: error: no such file or directory: '/tmp/coroutine.o'
clang: error: no such file or directory: '/tmp/eval/eval_hashmap.o'
clang: error: no such file or directory: '/tmp/eval/eval_math.o'
clang: error: no such file or directory: '/tmp/eval/eval_string.o'
clang: error: no such file or directory: '/tmp/eval/eval_io.o'
clang: error: no such file or directory: '/tmp/runtime/list_int.o'
clang: error: no such file or directory: '/tmp/runtime/list_string.o'
clang: error: no such file or directory: '/tmp/runtime/list_LexerToken.o'
clang: error: no such file or directory: '/tmp/runtime/list_token.o'
clang: error: no such file or directory: '/tmp/runtime/list_CompilerDiagnostic.o'
clang: error: no such file or directory: '/tmp/runtime/list_CompilerSourceLocation.o'
clang: error: no such file or directory: '/tmp/runtime/list_ASTNumber.o'
clang: error: no such file or directory: '/tmp/runtime/list_ASTFloat.o'
clang: error: no such file or directory: '/tmp/runtime/list_ASTString.o'
clang: error: no such file or directory: '/tmp/runtime/list_ASTBool.o'
clang: error: no such file or directory: '/tmp/runtime/list_ASTIdentifier.o'
clang: error: no such file or directory: '/tmp/runtime/list_ASTBinaryOp.o'
clang: error: no such file or directory: '/tmp/runtime/list_ASTCall.o'
clang: error: no such file or directory: '/tmp/runtime/list_ASTModuleQualifiedCall.o'
clang: error: no such file or directory: '/tmp/runtime/list_ASTArrayLiteral.o'
clang: error: no such file or directory: '/tmp/runtime/list_ASTLet.o'
clang: error: no such file or directory: '/tmp/runtime/list_ASTSet.o'
clang: error: no such file or directory: '/tmp/runtime/list_ASTStmtRef.o'
clang: error: no such file or directory: '/tmp/runtime/list_ASTIf.o'
clang: error: no such file or directory: '/tmp/runtime/list_ASTWhile.o'
clang: error: no such file or directory: '/tmp/runtime/list_ASTFor.o'
clang: error: no such file or directory: '/tmp/runtime/list_ASTReturn.o'
clang: error: no such file or directory: '/tmp/runtime/list_ASTBlock.o'
clang: error: no such file or directory: '/tmp/runtime/list_ASTUnsafeBlock.o'
clang: error: no such file or directory: '/tmp/runtime/list_ASTPrint.o'
clang: error: no such file or directory: '/tmp/runtime/list_ASTAssert.o'
clang: error: no such file or directory: '/tmp/runtime/list_ASTFunction.o'
clang: error: no such file or directory: '/tmp/runtime/list_ASTShadow.o'
clang: error: no such file or directory: '/tmp/runtime/list_ASTStruct.o'
clang: error: no such file or directory: '/tmp/runtime/list_ASTStructLiteral.o'
clang: error: no such file or directory: '/tmp/runtime/list_ASTFieldAccess.o'
clang: error: no such file or directory: '/tmp/runtime/list_ASTEnum.o'
clang: error: no such file or directory: '/tmp/runtime/list_ASTUnion.o'
clang: error: no such file or directory: '/tmp/runtime/list_ASTUnionConstruct.o'
clang: error: no such file or directory: '/tmp/runtime/list_ASTMatch.o'
clang: error: no such file or directory: '/tmp/runtime/list_ASTImport.o'
clang: error: no such file or directory: '/tmp/runtime/list_ASTOpaqueType.o'
clang: error: no such file or directory: '/tmp/runtime/list_ASTTupleLiteral.o'
clang: error: no such file or directory: '/tmp/runtime/list_ASTTupleIndex.o'
clang: error: no such file or directory: '/tmp/runtime/token_helpers.o'
clang: error: no such file or directory: '/tmp/runtime/gc.o'
clang: error: no such file or directory: '/tmp/runtime/effect_runtime.o'
clang: error: no such file or directory: '/tmp/runtime/dyn_array.o'
clang: error: no such file or directory: '/tmp/runtime/gc_struct.o'
clang: error: no such file or directory: '/tmp/runtime/nl_string.o'
clang: error: no such file or directory: '/tmp/runtime/ffi_loader.o'
clang: error: no such file or directory: '/tmp/runtime/module_build_dir.o'
clang: error: no such file or directory: '/tmp/runtime/cli.o'
clang: error: no such file or directory: '/tmp/runtime/regex.o'
I could not publish the wrapper; I did not replace the destination
clang: error: no such file or directory: '/tmp/nanovm/vmd_protocol.o'
clang: error: no such file or directory: '/tmp/nanovm/vmd_client.o'
I could not publish the wrapper; I did not replace the destination
I could not publish the wrapper; I did not replace the destination

[wrapper_gen] NanoVirt wrapper generation tests...

  wrapper_generate_nonexistent_lib_path...                PASS
  wrapper_generate_daemon_nonexistent_lib...              PASS
  wrapper_generate_no_lib_path_no_obj...                  PASS
  wrapper_generate_from_project_root...                   PASS
  wrapper_generate_daemon_from_project_root...            PASS

All 5 wrapper_gen tests passed.
........
----------------------------------------------------------------------
Ran 8 tests in 7.787s

OK
