Compiling /home/jkh/Src/nanolang-file-service-parser-5a0e/scripts/gen_compiler_schema.nano...
✓ Lexing complete (4128 tokens)
✓ Parsing complete
✓ Loaded 2 module(s)
✓ Type checking complete
[Modules] Processing 2 module(s)...
[Modules] Building C module 'std' (/home/jkh/Src/nanolang-file-service-parser-5a0e/modules/std)
[Modules] Also compiling nanolang parts of C module 'std'
✓ Generated module C code: obj/nano_modules/.nano-module-kD5Qtq/source.c
Compiling module: /usr/bin/gcc -std=c99 -I'/home/jkh/Src/nanolang-file-service-parser-5a0e'/src -I'/home/jkh/Src/nanolang-file-service-parser-5a0e'/modules/std -I'/home/jkh/Src/nanolang-file-service-parser-5a0e'/modules/std/collections -I'/home/jkh/Src/nanolang-file-service-parser-5a0e'/modules/std/json -I'/home/jkh/Src/nanolang-file-service-parser-5a0e'/modules/std/io -I'/home/jkh/Src/nanolang-file-service-parser-5a0e'/modules/std/math -I'/home/jkh/Src/nanolang-file-service-parser-5a0e'/modules/std/peg -I'/home/jkh/Src/nanolang-file-service-parser-5a0e'/modules/std/string -I'/home/jkh/Src/nanolang-file-service-parser-5a0e'/modules/sdl_helpers '-I/home/jkh/Src/nanolang-file-service-parser-5a0e/modules/std' -I/usr/include/SDL2 -D_REENTRANT  -c -o 'obj/nano_modules/.nano-module-kD5Qtq/object.o' 'obj/nano_modules/.nano-module-kD5Qtq/source.c'
✓ Compiled module to object file: obj/nano_modules/std_nano_fs.o
  C source kept at: obj/nano_modules/.nano-module-kD5Qtq/source.c
[Modules] Building C module 'std_json' (/home/jkh/Src/nanolang-file-service-parser-5a0e/modules/std/json)
[Modules] Also compiling nanolang parts of C module 'std_json'
✓ Generated module C code: obj/nano_modules/.nano-module-W7vi9S/source.c
Compiling module: /usr/bin/gcc -std=c99 -I'/home/jkh/Src/nanolang-file-service-parser-5a0e'/src -I'/home/jkh/Src/nanolang-file-service-parser-5a0e'/modules/std -I'/home/jkh/Src/nanolang-file-service-parser-5a0e'/modules/std/collections -I'/home/jkh/Src/nanolang-file-service-parser-5a0e'/modules/std/json -I'/home/jkh/Src/nanolang-file-service-parser-5a0e'/modules/std/io -I'/home/jkh/Src/nanolang-file-service-parser-5a0e'/modules/std/math -I'/home/jkh/Src/nanolang-file-service-parser-5a0e'/modules/std/peg -I'/home/jkh/Src/nanolang-file-service-parser-5a0e'/modules/std/string -I'/home/jkh/Src/nanolang-file-service-parser-5a0e'/modules/sdl_helpers '-I/home/jkh/Src/nanolang-file-service-parser-5a0e/modules/std/json' -I/usr/include/SDL2 -D_REENTRANT -Imodules/std/json -Isrc -c -o 'obj/nano_modules/.nano-module-W7vi9S/object.o' 'obj/nano_modules/.nano-module-W7vi9S/source.c'
✓ Compiled module to object file: obj/nano_modules/std_json_nano_json.o
  C source kept at: obj/nano_modules/.nano-module-W7vi9S/source.c
[Modules] ✓ Complete: 0 nanolang, 2 C, 0 FFI-only
[FFI] Loaded module 'std' from /home/jkh/Src/nanolang-file-service-parser-5a0e/modules/std/.build/.nano-gen-PIbGWj/libstd.so
[FFI] Loaded module 'std_json' from /home/jkh/Src/nanolang-file-service-parser-5a0e/modules/std/json/.build/.nano-gen-t1pkGa/libstd_json.so
✓ Shadow tests passed
Ensuring module ASTs are cached for declaration generation...
✓ Module ASTs cached
Transpiling to C...
✓ Transpilation complete (2932 lines of C, 143732 bytes)
✓ Generated C code: /tmp/nanolang-file-service-parser-5a0e-linux/gcc-ordinary/nano-file-service-parser-mvows8os/gen_compiler_schema-nanoc_c.c
Adding module include path: /home/jkh/Src/nanolang-file-service-parser-5a0e/modules/std
Adding module include path: /home/jkh/Src/nanolang-file-service-parser-5a0e/modules/std/json
Detected 36 generic list type(s): ASTArrayLiteral, ASTAssert, ASTBinaryOp, ASTBlock, ASTBool, ASTCall, ASTEnum, ASTFieldAccess, ASTFloat, ASTFor, ASTFunction, ASTIdentifier, ASTIf, ASTImport, ASTLet, ASTMatch, ASTModuleQualifiedCall, ASTNumber, ASTOpaqueType, ASTPrint, ASTReturn, ASTServiceDecl, ASTSet, ASTShadow, ASTStmtRef, ASTString, ASTStruct, ASTStructLiteral, ASTTupleIndex, ASTTupleLiteral, ASTUnion, ASTUnionConstruct, ASTUnsafeBlock, ASTWhile, CompilerDiagnostic, LexerToken
Compiling C code: /usr/bin/gcc -std=c99 -Wall -Wextra -Werror -Wno-error=unused-function -Wno-error=unused-parameter -Wno-error=unused-variable -Wno-error=unused-but-set-variable -Wno-error=logical-not-parentheses -Wno-error=duplicate-decl-specifier     -I'/home/jkh/Src/nanolang-file-service-parser-5a0e/src' -I'/home/jkh/Src/nanolang-file-service-parser-5a0e/modules/std' -I'/home/jkh/Src/nanolang-file-service-parser-5a0e/modules/std/json' -Imodules/std/json -Isrc -I'/tmp/nanolang-file-service-parser-5a0e-linux/gcc-ordinary/nano-file-service-parser-mvows8os/gen_compiler_schema-nanoc_c-tmp' -rdynamic -o '/tmp/nanolang-file-service-parser-5a0e-linux/gcc-ordinary/nano-file-service-parser-mvows8os/gen_compiler_schema-nanoc_c' '/tmp/nanolang-file-service-parser-5a0e-linux/gcc-ordinary/nano-file-service-parser-mvows8os/gen_compiler_schema-nanoc_c.c' 'obj/nano_modules/std_nano_fs.o' 'obj/nano_modules/std_json_nano_json.o' /home/jkh/Src/nanolang-file-service-parser-5a0e/modules/std/.build/.nano-gen-PIbGWj/std.o /home/jkh/Src/nanolang-file-service-parser-5a0e/modules/std/json/.build/.nano-gen-t1pkGa/std_json.o  '/home/jkh/Src/nanolang-file-service-parser-5a0e/src/runtime/list_int.c' '/home/jkh/Src/nanolang-file-service-parser-5a0e/src/runtime/list_string.c' '/home/jkh/Src/nanolang-file-service-parser-5a0e/src/runtime/list_LexerToken.c' '/home/jkh/Src/nanolang-file-service-parser-5a0e/src/runtime/list_token.c' '/home/jkh/Src/nanolang-file-service-parser-5a0e/src/runtime/list_CompilerDiagnostic.c' '/home/jkh/Src/nanolang-file-service-parser-5a0e/src/runtime/list_CompilerSourceLocation.c' '/home/jkh/Src/nanolang-file-service-parser-5a0e/src/runtime/list_ASTNumber.c' '/home/jkh/Src/nanolang-file-service-parser-5a0e/src/runtime/list_ASTFloat.c' '/home/jkh/Src/nanolang-file-service-parser-5a0e/src/runtime/list_ASTString.c' '/home/jkh/Src/nanolang-file-service-parser-5a0e/src/runtime/list_ASTBool.c' '/home/jkh/Src/nanolang-file-service-parser-5a0e/src/runtime/list_ASTIdentifier.c' '/home/jkh/Src/nanolang-file-service-parser-5a0e/src/runtime/list_ASTBinaryOp.c' '/home/jkh/Src/nanolang-file-service-parser-5a0e/src/runtime/list_ASTCall.c' '/home/jkh/Src/nanolang-file-service-parser-5a0e/src/runtime/list_ASTModuleQualifiedCall.c' '/home/jkh/Src/nanolang-file-service-parser-5a0e/src/runtime/list_ASTArrayLiteral.c' '/home/jkh/Src/nanolang-file-service-parser-5a0e/src/runtime/list_ASTLet.c' '/home/jkh/Src/nanolang-file-service-parser-5a0e/src/runtime/list_ASTSet.c' '/home/jkh/Src/nanolang-file-service-parser-5a0e/src/runtime/list_ASTStmtRef.c' '/home/jkh/Src/nanolang-file-service-parser-5a0e/src/runtime/list_ASTIf.c' '/home/jkh/Src/nanolang-file-service-parser-5a0e/src/runtime/list_ASTWhile.c' '/home/jkh/Src/nanolang-file-service-parser-5a0e/src/runtime/list_ASTFor.c' '/home/jkh/Src/nanolang-file-service-parser-5a0e/src/runtime/list_ASTReturn.c' '/home/jkh/Src/nanolang-file-service-parser-5a0e/src/runtime/list_ASTBlock.c' '/home/jkh/Src/nanolang-file-service-parser-5a0e/src/runtime/list_ASTUnsafeBlock.c' '/home/jkh/Src/nanolang-file-service-parser-5a0e/src/runtime/list_ASTPrint.c' '/home/jkh/Src/nanolang-file-service-parser-5a0e/src/runtime/list_ASTAssert.c' '/home/jkh/Src/nanolang-file-service-parser-5a0e/src/runtime/list_ASTFunction.c' '/home/jkh/Src/nanolang-file-service-parser-5a0e/src/runtime/list_ASTShadow.c' '/home/jkh/Src/nanolang-file-service-parser-5a0e/src/runtime/list_ASTStruct.c' '/home/jkh/Src/nanolang-file-service-parser-5a0e/src/runtime/list_ASTStructLiteral.c' '/home/jkh/Src/nanolang-file-service-parser-5a0e/src/runtime/list_ASTFieldAccess.c' '/home/jkh/Src/nanolang-file-service-parser-5a0e/src/runtime/list_ASTEnum.c' '/home/jkh/Src/nanolang-file-service-parser-5a0e/src/runtime/list_ASTUnion.c' '/home/jkh/Src/nanolang-file-service-parser-5a0e/src/runtime/list_ASTUnionConstruct.c' '/home/jkh/Src/nanolang-file-service-parser-5a0e/src/runtime/list_ASTMatch.c' '/home/jkh/Src/nanolang-file-service-parser-5a0e/src/runtime/list_ASTImport.c' '/home/jkh/Src/nanolang-file-service-parser-5a0e/src/runtime/list_ASTOpaqueType.c' '/home/jkh/Src/nanolang-file-service-parser-5a0e/src/runtime/list_ASTServiceDecl.c' '/home/jkh/Src/nanolang-file-service-parser-5a0e/src/runtime/list_ASTTupleLiteral.c' '/home/jkh/Src/nanolang-file-service-parser-5a0e/src/runtime/list_ASTTupleIndex.c' '/home/jkh/Src/nanolang-file-service-parser-5a0e/src/runtime/token_helpers.c' '/home/jkh/Src/nanolang-file-service-parser-5a0e/src/runtime/gc.c' '/home/jkh/Src/nanolang-file-service-parser-5a0e/src/runtime/effect_runtime.c' '/home/jkh/Src/nanolang-file-service-parser-5a0e/src/runtime/dyn_array.c' '/home/jkh/Src/nanolang-file-service-parser-5a0e/src/runtime/gc_struct.c' '/home/jkh/Src/nanolang-file-service-parser-5a0e/src/runtime/nl_string.c' '/home/jkh/Src/nanolang-file-service-parser-5a0e/src/runtime/cli.c' '/home/jkh/Src/nanolang-file-service-parser-5a0e/src/runtime/regex.c' '/home/jkh/Src/nanolang-file-service-parser-5a0e/src/utf8.c' '/home/jkh/Src/nanolang-file-service-parser-5a0e/src/coroutine.c'  -lm -ldl
✓ Compilation successful: /tmp/nanolang-file-service-parser-5a0e-linux/gcc-ordinary/nano-file-service-parser-mvows8os/gen_compiler_schema-nanoc_c
