/opt/homebrew/opt/llvm/bin/clang -Wall -Wextra -Werror -std=c99 -g -O3 -ftree-vectorize -fPIC -Isrc -D_GNU_SOURCE -I'/Applications/Xcode.app/Contents/Developer/Platforms/MacOSX.platform/Developer/SDKs/MacOSX27.0.sdk/usr/include/ffi' -I/opt/homebrew/Cellar/openssl@3/3.6.5/include -O0 -fsanitize=address,undefined -fno-omit-frame-pointer -o /private/tmp/nanolang-service-types-ownership-sanitized tests/test_checker_metadata_ownership.c obj/lexer.o obj/parser.o obj/typechecker.o obj/transpiler.o obj/stdlib_runtime.o obj/env.o obj/builtins_registry.o obj/module.o obj/module_metadata.o obj/cJSON.o obj/toon_output.o obj/module_builder.o obj/resource_tracking.o obj/eval.o obj/eval/eval_hashmap.o obj/eval/eval_math.o obj/eval/eval_string.o obj/eval/eval_io.o obj/interpreter_ffi.o obj/json_diagnostics.o obj/reflection.o obj/nanocore_subset.o obj/nanocore_export.o obj/emit_typed_ast.o obj/type_infer.o obj/effects.o obj/fold_constants.o obj/dce_pass.o obj/par_let_pass.o obj/ptx_backend.o obj/opencl_backend.o obj/tco_pass.o obj/cps_pass.o obj/coroutine.o obj/pgo_pass.o obj/c_backend.o obj/bench.o obj/bench_native.o obj/riscv_backend.o obj/dwarf_info.o obj/docgen_md.o obj/docgen.o obj/fmt.o obj/channel.o obj/bcp47.o obj/locale.o obj/utf8.o obj/diag_id.o obj/catalog.o obj/resource_flow.o obj/nominal_types.o obj/service_namespace.o lib/libnano_compiler_inputs.a obj/runtime/list_int.o obj/runtime/list_bool.o obj/runtime/list_string.o obj/runtime/list_LexerToken.o obj/runtime/list_token.o obj/runtime/list_CompilerDiagnostic.o obj/runtime/list_CompilerSourceLocation.o obj/runtime/list_ASTNumber.o obj/runtime/list_ASTFloat.o obj/runtime/list_ASTString.o obj/runtime/list_ASTBool.o obj/runtime/list_ASTIdentifier.o obj/runtime/list_ASTBinaryOp.o obj/runtime/list_ASTCall.o obj/runtime/list_ASTModuleQualifiedCall.o obj/runtime/list_ASTArrayLiteral.o obj/runtime/list_ASTLet.o obj/runtime/list_ASTSet.o obj/runtime/list_ASTStmtRef.o obj/runtime/list_ASTIf.o obj/runtime/list_ASTWhile.o obj/runtime/list_ASTFor.o obj/runtime/list_ASTReturn.o obj/runtime/list_ASTBlock.o obj/runtime/list_ASTUnsafeBlock.o obj/runtime/list_ASTPrint.o obj/runtime/list_ASTAssert.o obj/runtime/list_ASTFunction.o obj/runtime/list_ASTShadow.o obj/runtime/list_ASTStruct.o obj/runtime/list_ASTStructLiteral.o obj/runtime/list_ASTFieldAccess.o obj/runtime/list_ASTEnum.o obj/runtime/list_ASTUnion.o obj/runtime/list_ASTUnionConstruct.o obj/runtime/list_ASTMatch.o obj/runtime/list_ASTImport.o obj/runtime/list_ASTOpaqueType.o obj/runtime/list_ASTServiceDecl.o obj/runtime/list_ASTTupleLiteral.o obj/runtime/list_ASTTupleIndex.o obj/runtime/token_helpers.o obj/runtime/gc.o obj/runtime/effect_runtime.o obj/runtime/dyn_array.o obj/runtime/gc_struct.o obj/runtime/nl_string.o obj/runtime/ffi_loader.o obj/runtime/module_build_dir.o obj/runtime/cli.o obj/runtime/regex.o -lm -lcrypto -lffi -L/opt/homebrew/Cellar/openssl@3/3.6.5/lib
ASAN_OPTIONS=detect_leaks=0:symbolize=0 /private/tmp/nanolang-service-types-ownership-sanitized
Warning: Function 'transform' is missing a shadow test
Warning: Function 'invoke' is missing a shadow test
Warning: Function 'factory' is missing a shadow test
  Testing function_metadata_lifetime... ✓
Checker ownership: original parsed lifecycle, eight orders/slot controls, borrowed metadata and environment-owned runtime aliases PASS
cc -Wall -Wextra -Werror -std=c99 -g -O3 -ftree-vectorize -fPIC -Isrc -D_GNU_SOURCE -I'/Applications/Xcode.app/Contents/Developer/Platforms/MacOSX.platform/Developer/SDKs/MacOSX27.0.sdk/usr/include/ffi' -I/opt/homebrew/Cellar/openssl@3/3.6.5/include -o /private/tmp/nanolang-service-types-metadata-all tests/test_module_metadata.c obj/lexer.o obj/parser.o obj/typechecker.o obj/transpiler.o obj/stdlib_runtime.o obj/env.o obj/builtins_registry.o obj/module.o obj/module_metadata.o obj/cJSON.o obj/toon_output.o obj/module_builder.o obj/resource_tracking.o obj/eval.o obj/eval/eval_hashmap.o obj/eval/eval_math.o obj/eval/eval_string.o obj/eval/eval_io.o obj/interpreter_ffi.o obj/json_diagnostics.o obj/reflection.o obj/nanocore_subset.o obj/nanocore_export.o obj/emit_typed_ast.o obj/type_infer.o obj/effects.o obj/fold_constants.o obj/dce_pass.o obj/par_let_pass.o obj/ptx_backend.o obj/opencl_backend.o obj/tco_pass.o obj/cps_pass.o obj/coroutine.o obj/pgo_pass.o obj/c_backend.o obj/bench.o obj/bench_native.o obj/riscv_backend.o obj/dwarf_info.o obj/docgen_md.o obj/docgen.o obj/fmt.o obj/channel.o obj/bcp47.o obj/locale.o obj/utf8.o obj/diag_id.o obj/catalog.o obj/resource_flow.o obj/nominal_types.o obj/service_namespace.o lib/libnano_compiler_inputs.a obj/runtime/list_int.o obj/runtime/list_bool.o obj/runtime/list_string.o obj/runtime/list_LexerToken.o obj/runtime/list_token.o obj/runtime/list_CompilerDiagnostic.o obj/runtime/list_CompilerSourceLocation.o obj/runtime/list_ASTNumber.o obj/runtime/list_ASTFloat.o obj/runtime/list_ASTString.o obj/runtime/list_ASTBool.o obj/runtime/list_ASTIdentifier.o obj/runtime/list_ASTBinaryOp.o obj/runtime/list_ASTCall.o obj/runtime/list_ASTModuleQualifiedCall.o obj/runtime/list_ASTArrayLiteral.o obj/runtime/list_ASTLet.o obj/runtime/list_ASTSet.o obj/runtime/list_ASTStmtRef.o obj/runtime/list_ASTIf.o obj/runtime/list_ASTWhile.o obj/runtime/list_ASTFor.o obj/runtime/list_ASTReturn.o obj/runtime/list_ASTBlock.o obj/runtime/list_ASTUnsafeBlock.o obj/runtime/list_ASTPrint.o obj/runtime/list_ASTAssert.o obj/runtime/list_ASTFunction.o obj/runtime/list_ASTShadow.o obj/runtime/list_ASTStruct.o obj/runtime/list_ASTStructLiteral.o obj/runtime/list_ASTFieldAccess.o obj/runtime/list_ASTEnum.o obj/runtime/list_ASTUnion.o obj/runtime/list_ASTUnionConstruct.o obj/runtime/list_ASTMatch.o obj/runtime/list_ASTImport.o obj/runtime/list_ASTOpaqueType.o obj/runtime/list_ASTServiceDecl.o obj/runtime/list_ASTTupleLiteral.o obj/runtime/list_ASTTupleIndex.o obj/runtime/token_helpers.o obj/runtime/gc.o obj/runtime/effect_runtime.o obj/runtime/dyn_array.o obj/runtime/gc_struct.o obj/runtime/nl_string.o obj/runtime/ffi_loader.o obj/runtime/module_build_dir.o obj/runtime/cli.o obj/runtime/regex.o -lm -lcrypto -lffi -L/opt/homebrew/Cellar/openssl@3/3.6.5/lib
/private/tmp/nanolang-service-types-metadata-all
Warning: Function 'transform' is missing a shadow test
Warning: Function 'invoke' is missing a shadow test
Warning: Function 'factory' is missing a shadow test
Error: /private/var/folders/9z/xpmfgw8j09l4g6wwxrxtt97w0000gn/T/nano_mod_utf8_21713/module.json is not valid UTF-8
Error: Invalid JSON in /private/tmp/nanolang-callback-metadata-wy9ug9/module.json
Error: Invalid JSON in /private/tmp/nanolang-callback-metadata-wy9ug9/module.json
I require unique callback adapters with a C symbol, retained_v1 ABI, and owner or worker execution: /private/tmp/nanolang-callback-metadata-wy9ug9/module.json
I require unique callback adapters with a C symbol, retained_v1 ABI, and owner or worker execution: /private/tmp/nanolang-callback-metadata-wy9ug9/module.json
I require unique callback adapters with a C symbol, retained_v1 ABI, and owner or worker execution: /private/tmp/nanolang-callback-metadata-wy9ug9/module.json
I require unique callback adapters with a C symbol, retained_v1 ABI, and owner or worker execution: /private/tmp/nanolang-callback-metadata-wy9ug9/module.json
I require unique callback adapters with a C symbol, retained_v1 ABI, and owner or worker execution: /private/tmp/nanolang-callback-metadata-wy9ug9/module.json
I require unique callback adapters with a C symbol, retained_v1 ABI, and owner or worker execution: /private/tmp/nanolang-callback-metadata-wy9ug9/module.json
I require unique callback adapters with a C symbol, retained_v1 ABI, and owner or worker execution: /private/tmp/nanolang-callback-metadata-wy9ug9/module.json
I require unique callback adapters with a C symbol, retained_v1 ABI, and owner or worker execution: /private/tmp/nanolang-callback-metadata-wy9ug9/module.json
I require unique callback adapters with a C symbol, retained_v1 ABI, and owner or worker execution: /private/tmp/nanolang-callback-metadata-wy9ug9/module.json
I require unique callback adapters with a C symbol, retained_v1 ABI, and owner or worker execution: /private/tmp/nanolang-callback-metadata-wy9ug9/module.json
I require unique callback adapters with a C symbol, retained_v1 ABI, and owner or worker execution: /private/tmp/nanolang-callback-metadata-wy9ug9/module.json
I require complete, NUL-free module metadata: /private/tmp/nanolang-callback-metadata-wy9ug9/module.json
I require complete, NUL-free module metadata: /private/tmp/nanolang-callback-metadata-wy9ug9/module.json
I require complete, NUL-free module metadata: /private/tmp/nanolang-callback-metadata-wy9ug9/module.json
=== Module Metadata Tests ===
  Testing union_payload_lifetime... ✓
  Testing recursive_signature_roundtrip... ✓
  Testing function_metadata_lifetime... ✓
  Testing extracted_signature_ownership... ✓
  Testing malformed_signature_metadata... ✓
  Testing serialize_null_returns_null... ✓
  Testing serialize_empty_module... ✓
  Testing serialize_single_void_function... ✓
  Testing serialize_function_is_extern... ✓
  Testing serialize_function_with_params... ✓
  Testing serialize_function_with_struct_return... ✓
  Testing serialize_memory_annotations... ✓
  Testing serialize_int_constant... ✓
  Testing serialize_float_constant... ✓
  Testing serialize_long_identifiers... ✓
  Testing serialize_multiple_functions... ✓
  Testing serialize_param_with_struct_type... ✓
  Testing embed_null_inputs_return_false... ✓
  Testing embed_buffer_too_small... ✓
  Testing embed_metadata_at_end... ✓
  Testing embed_metadata_before_main... ✓
  Testing deserialize_stub_returns_false... ✓
  Testing module_json_requires_utf8... ✓
  Testing callback_adapters... ✓

✓ All module metadata tests passed!
