Warning: Function 'transform' is missing a shadow test
Warning: Function 'invoke' is missing a shadow test
Warning: Function 'factory' is missing a shadow test
=================================================================
==18782==ERROR: AddressSanitizer: heap-use-after-free on address 0x6030000061a0 at pc 0x000102a50c5c bp 0x00016d3c22d0 sp 0x00016d3c22c8
READ of size 8 at 0x6030000061a0 thread T0
    #0 0x000102a50c58  (/private/tmp/nanolang-service-types-metadata-debug:arm64+0x100014c58)
    #1 0x000102a4d524  (/private/tmp/nanolang-service-types-metadata-debug:arm64+0x100011524)
    #2 0x0001828804e0  (/usr/lib/dyld:arm64e+0x204e0)

0x6030000061a0 is located 16 bytes inside of 24-byte region [0x603000006190,0x6030000061a8)
freed by thread T0 here:
    #0 0x000103e694fc  (/opt/homebrew/Cellar/llvm/23.1.3/lib/clang/23/lib/darwin/libclang_rt.asan_osx_dynamic.dylib:arm64+0x554fc)
    #1 0x000102aa0dc0  (/private/tmp/nanolang-service-types-metadata-debug:arm64+0x100064dc0)
    #2 0x000102a50a34  (/private/tmp/nanolang-service-types-metadata-debug:arm64+0x100014a34)
    #3 0x000102a4d524  (/private/tmp/nanolang-service-types-metadata-debug:arm64+0x100011524)
    #4 0x0001828804e0  (/usr/lib/dyld:arm64e+0x204e0)

previously allocated by thread T0 here:
    #0 0x000103e6940c  (/opt/homebrew/Cellar/llvm/23.1.3/lib/clang/23/lib/darwin/libclang_rt.asan_osx_dynamic.dylib:arm64+0x5540c)
    #1 0x000102aa33f8  (/private/tmp/nanolang-service-types-metadata-debug:arm64+0x1000673f8)
    #2 0x000102a50830  (/private/tmp/nanolang-service-types-metadata-debug:arm64+0x100014830)
    #3 0x000102a4d524  (/private/tmp/nanolang-service-types-metadata-debug:arm64+0x100011524)
    #4 0x0001828804e0  (/usr/lib/dyld:arm64e+0x204e0)

SUMMARY: AddressSanitizer: heap-use-after-free (/private/tmp/nanolang-service-types-metadata-debug:arm64+0x100014c58) 
Shadow bytes around the buggy address:
  0x603000005f00: fd fa fa fa fd fd fd fa fa fa fd fd fd fd fa fa
  0x603000005f80: fd fd fd fa fa fa fd fd fd fa fa fa fd fd fd fa
  0x603000006000: fa fa fd fd fd fa fa fa fd fd fd fa fa fa fd fd
  0x603000006080: fd fa fa fa fd fd fd fa fa fa fd fd fd fa fa fa
  0x603000006100: fd fd fd fa fa fa fd fd fd fa fa fa fd fd fd fa
=>0x603000006180: fa fa fd fd[fd]fa fa fa fa fa fa fa fa fa fa fa
  0x603000006200: fa fa fa fa fa fa fa fa fa fa fa fa fa fa fa fa
  0x603000006280: fa fa fa fa fa fa fa fa fa fa fa fa fa fa fa fa
  0x603000006300: fa fa fa fa fa fa fa fa fa fa fa fa fa fa fa fa
  0x603000006380: fa fa fa fa fa fa fa fa fa fa fa fa fa fa fa fa
  0x603000006400: fa fa fa fa fa fa fa fa fa fa fa fa fa fa fa fa
Shadow byte legend (one shadow byte represents 8 application bytes):
  Addressable:           00
  Partially addressable: 01 02 03 04 05 06 07 
  Heap left redzone:       fa
  Freed heap region:       fd
  Stack left redzone:      f1
  Stack mid redzone:       f2
  Stack right redzone:     f3
  Stack after return:      f5
  Stack use after scope:   f8
  Global redzone:          f9
  Global init order:       f6
  Poisoned by user:        f7
  Container overflow:      fc
  Array cookie:            ac
  Intra object redzone:    bb
  ASan internal:           fe
  Left alloca redzone:     ca
  Right alloca redzone:    cb
==18782==ABORTING
  Testing function_metadata_lifetime... ✓
