Running wrapper_gen unit tests...
cc -Wall -Wextra -Werror -std=c99 -g -O3 -ftree-vectorize -fPIC -Isrc -D_GNU_SOURCE -I'/Applications/Xcode.app/Contents/Developer/Platforms/MacOSX.platform/Developer/SDKs/MacOSX27.0.sdk/usr/include/ffi' -I/opt/homebrew/Cellar/openssl@3/3.6.5/include -Isrc/nanovirt -Isrc/nanovm -Isrc/nanoisa -o tests/nanovirt/test_wrapper_gen \
		tests/nanovirt/test_wrapper_gen.c obj/nanovirt/codegen.o obj/nanovirt/wrapper_gen.o obj/nanovirt/shadow_runner.o obj/nanovm/value.o obj/nanovm/heap.o obj/nanovm/heap_cycles.o obj/nanovm/vm.o obj/nanovm/vm_callback.o obj/nanovm/vm_ffi.o obj/nanovm/vm_builtins.o obj/nanovm/cop_protocol.o obj/nanovm/vm_ffi_arrays.o obj/runtime/callback_runtime.o obj/nanoisa/file_flow.o obj/nanoisa/service_file_nominal.o obj/nanoisa/service_file_nominal_plan.o obj/nanoisa/service_bindings.o obj/nanoisa/service_bindings_module.o obj/nanoisa/mixed_float_proof.o obj/nanoisa/managed_array_shapes.o obj/nanoisa/local_bindings.o obj/nanoisa/affine_bytecode.o obj/nanoisa/affine_state.o obj/nanoisa/ownership_contracts.o obj/nanoisa/retained_layouts.o obj/nanoisa/reference_places.o obj/nanoisa/passive.o obj/nanoisa/isa.o obj/nanoisa/verifier_types.o obj/nanoisa/nvm_format.o obj/nanoisa/nvm_format_v2.o obj/nanoisa/nvm_v2_cursor.o obj/nanoisa/nvm_v2_constants.o obj/nanoisa/nvm_v2_signatures.o obj/nanoisa/nvm_v2_layouts.o obj/nanoisa/nvm_v2_functions.o obj/nanoisa/nvm_v2_imports.o obj/nanoisa/nvm_v2_module.o obj/nanoisa/nvm_v2_convert.o obj/nanoisa/assembler.o obj/nanoisa/disassembler.o obj/nanoisa/verifier.o obj/nanoisa/nvm2c.o obj/nanoisa/nvm2c_shape.o obj/nanoisa/nvm2c_callables.o obj/nanoisa/frontend.o obj/nanoisa/nanoisa_facade.o obj/nanovm/vm_decode.o obj/nanovm/vm_dispatch.o lib/libnano_compiler_inputs.a \
		obj/lexer.o obj/parser.o obj/typechecker.o obj/transpiler.o obj/stdlib_runtime.o obj/env.o obj/builtins_registry.o obj/module.o obj/module_metadata.o obj/cJSON.o obj/toon_output.o obj/module_builder.o obj/resource_tracking.o obj/eval.o obj/eval/eval_hashmap.o obj/eval/eval_math.o obj/eval/eval_string.o obj/eval/eval_io.o obj/interpreter_ffi.o obj/json_diagnostics.o obj/reflection.o obj/nanocore_subset.o obj/nanocore_export.o obj/emit_typed_ast.o obj/type_infer.o obj/effects.o obj/fold_constants.o obj/dce_pass.o obj/par_let_pass.o obj/ptx_backend.o obj/opencl_backend.o obj/tco_pass.o obj/cps_pass.o obj/coroutine.o obj/pgo_pass.o obj/c_backend.o obj/bench.o obj/bench_native.o obj/riscv_backend.o obj/dwarf_info.o obj/docgen_md.o obj/docgen.o obj/fmt.o obj/channel.o obj/bcp47.o obj/locale.o obj/utf8.o obj/diag_id.o obj/catalog.o obj/resource_flow.o obj/nominal_types.o obj/service_namespace.o lib/libnano_compiler_inputs.a obj/runtime/list_int.o obj/runtime/list_bool.o obj/runtime/list_string.o obj/runtime/list_LexerToken.o obj/runtime/list_token.o obj/runtime/list_CompilerDiagnostic.o obj/runtime/list_CompilerSourceLocation.o obj/runtime/list_ASTNumber.o obj/runtime/list_ASTFloat.o obj/runtime/list_ASTString.o obj/runtime/list_ASTBool.o obj/runtime/list_ASTIdentifier.o obj/runtime/list_ASTBinaryOp.o obj/runtime/list_ASTCall.o obj/runtime/list_ASTModuleQualifiedCall.o obj/runtime/list_ASTArrayLiteral.o obj/runtime/list_ASTLet.o obj/runtime/list_ASTSet.o obj/runtime/list_ASTStmtRef.o obj/runtime/list_ASTIf.o obj/runtime/list_ASTWhile.o obj/runtime/list_ASTFor.o obj/runtime/list_ASTReturn.o obj/runtime/list_ASTBlock.o obj/runtime/list_ASTUnsafeBlock.o obj/runtime/list_ASTPrint.o obj/runtime/list_ASTAssert.o obj/runtime/list_ASTFunction.o obj/runtime/list_ASTShadow.o obj/runtime/list_ASTStruct.o obj/runtime/list_ASTStructLiteral.o obj/runtime/list_ASTFieldAccess.o obj/runtime/list_ASTEnum.o obj/runtime/list_ASTUnion.o obj/runtime/list_ASTUnionConstruct.o obj/runtime/list_ASTMatch.o obj/runtime/list_ASTImport.o obj/runtime/list_ASTOpaqueType.o obj/runtime/list_ASTServiceDecl.o obj/runtime/list_ASTTupleLiteral.o obj/runtime/list_ASTTupleIndex.o obj/runtime/token_helpers.o obj/runtime/gc.o obj/runtime/effect_runtime.o obj/runtime/dyn_array.o obj/runtime/gc_struct.o obj/runtime/nl_string.o obj/runtime/ffi_loader.o obj/runtime/module_build_dir.o obj/runtime/cli.o obj/runtime/regex.o -lm -lcrypto -lffi -L/opt/homebrew/Cellar/openssl@3/3.6.5/lib
ld: warning: ignoring duplicate libraries: 'lib/libnano_compiler_inputs.a'
Undefined symbols for architecture arm64:
  "_nl_file_source_snapshot_bytes", referenced from:
      _acquire_service_input in module.o
  "_nl_file_source_snapshot_open", referenced from:
      _acquire_service_input in module.o
  "_nl_file_source_snapshots_free", referenced from:
      _free_environment in env.o
  "_nl_file_source_snapshots_new", referenced from:
      _acquire_service_input in module.o
  "_nl_service_namespace_build", referenced from:
      _process_imports in module.o
  "_nl_service_namespace_free", referenced from:
      _free_environment in env.o
      _process_imports in module.o
      _process_imports in module.o
      _process_imports in module.o
  "_nl_service_namespace_module", referenced from:
      _process_imports in module.o
  "_nl_service_namespace_program", referenced from:
      _process_imports in module.o
      _process_imports in module.o
      _process_imports in module.o
  "_nl_service_type", referenced from:
      _nominal_parameter in nominal_types.o
      _service_annotation in nominal_types.o
      _nominal_slot in nominal_types.o
      _nominal_union_kind in nominal_types.o
ld: symbol(s) not found for architecture arm64
clang: error: linker command failed with exit code 1 (use -v to see invocation)
I could not publish the wrapper; I did not replace the destination
I could not publish the wrapper; I did not replace the destination
Undefined symbols for architecture arm64:
  "_nl_file_source_snapshot_bytes", referenced from:
      _acquire_service_input in module.o
  "_nl_file_source_snapshot_open", referenced from:
      _acquire_service_input in module.o
  "_nl_file_source_snapshots_free", referenced from:
      _free_environment in env.o
  "_nl_file_source_snapshots_new", referenced from:
      _acquire_service_input in module.o
  "_nl_service_namespace_build", referenced from:
      _process_imports in module.o
  "_nl_service_namespace_free", referenced from:
      _free_environment in env.o
      _process_imports in module.o
      _process_imports in module.o
      _process_imports in module.o
  "_nl_service_namespace_module", referenced from:
      _process_imports in module.o
  "_nl_service_namespace_program", referenced from:
      _process_imports in module.o
      _process_imports in module.o
      _process_imports in module.o
  "_nl_service_type", referenced from:
      _nominal_parameter in nominal_types.o
      _service_annotation in nominal_types.o
      _nominal_slot in nominal_types.o
      _nominal_union_kind in nominal_types.o
ld: symbol(s) not found for architecture arm64
clang: error: linker command failed with exit code 1 (use -v to see invocation)
I could not publish the wrapper; I did not replace the destination

[wrapper_gen] NanoVirt wrapper generation tests...

  FAIL: ok  (tests/nanovirt/test_wrapper_gen.c:72)
  wrapper_generate_daemon_nonexistent_lib...              PASS
  wrapper_generate_no_lib_path_no_obj...                  PASS
  FAIL: ok  (tests/nanovirt/test_wrapper_gen.c:152)
  wrapper_generate_daemon_from_project_root...            PASS

2/5 wrapper_gen tests FAILED.
make: *** [test-wrapper-gen] Error 1
