.FF
======================================================================
FAIL: test_nested_fields_after_direct_forwarded_and_indirect_mutation (tests.test_native_mutable_record_arrays.MutableRecordArrays.test_nested_fields_after_direct_forwarded_and_indirect_mutation) (producer='seed', mutation='(wrapped Holder {items:alias} d)')
----------------------------------------------------------------------
Traceback (most recent call last):
  File "/Users/jordanh/Src/nanolang/tests/test_native_mutable_record_arrays.py", line 29, in execute
    self.checked([TRANSLATOR, module, '-o', c])
    ~~~~~~~~~~~~^^^^^^^^^^^^^^^^^^^^^^^^^^^^^^^
  File "/Users/jordanh/Src/nanolang/tests/test_native_mutable_record_arrays.py", line 19, in checked
    self.assertEqual(result.returncode, 0, result.stdout + result.stderr)
    ~~~~~~~~~~~~~~~~^^^^^^^^^^^^^^^^^^^^^^^^^^^^^^^^^^^^^^^^^^^^^^^^^^^^^
AssertionError: 1 != 0 : I cannot translate '/var/folders/9z/xpmfgw8j09l4g6wwxrxtt97w0000gn/T/nano-mutable-records-up1ltyn7/seed.nvm': function 0 at offset 18: I cannot resolve AGG_PACK field 0


======================================================================
FAIL: test_nested_fields_after_direct_forwarded_and_indirect_mutation (tests.test_native_mutable_record_arrays.MutableRecordArrays.test_nested_fields_after_direct_forwarded_and_indirect_mutation) (producer='selfhost', mutation='(wrapped Holder {items:alias} d)')
----------------------------------------------------------------------
Traceback (most recent call last):
  File "/Users/jordanh/Src/nanolang/tests/test_native_mutable_record_arrays.py", line 29, in execute
    self.checked([TRANSLATOR, module, '-o', c])
    ~~~~~~~~~~~~^^^^^^^^^^^^^^^^^^^^^^^^^^^^^^^
  File "/Users/jordanh/Src/nanolang/tests/test_native_mutable_record_arrays.py", line 19, in checked
    self.assertEqual(result.returncode, 0, result.stdout + result.stderr)
    ~~~~~~~~~~~~~~~~^^^^^^^^^^^^^^^^^^^^^^^^^^^^^^^^^^^^^^^^^^^^^^^^^^^^^
AssertionError: 1 != 0 : I cannot translate '/var/folders/9z/xpmfgw8j09l4g6wwxrxtt97w0000gn/T/nano-mutable-records-up1ltyn7/selfhost.nvm': function 2 at offset 18: I cannot resolve AGG_PACK field 0


----------------------------------------------------------------------
Ran 2 tests in 5.593s

FAILED (failures=2)
