/Applications/Xcode.app/Contents/Developer/Toolchains/XcodeDefault.xctoolchain/usr/bin/clang -Wall -Wextra -Werror -std=c99 -g -O3 -ftree-vectorize -fPIC -Isrc -D_GNU_SOURCE -I'/Applications/Xcode.app/Contents/Developer/Platforms/MacOSX.platform/Developer/SDKs/MacOSX27.0.sdk/usr/include/ffi' -I/opt/homebrew/opt/openssl@3/include -std=c11 -D_DEFAULT_SOURCE -Wall -Wextra -Werror tests/test_nsi_file.c -o obj/test_nsi_file_instrumented -lm -lcrypto -lffi -L/opt/homebrew/opt/openssl@3/lib
PASS 2634 checks; 395 real opens and 395 real closes; 20 allocator calls; no live resources
/Applications/Xcode.app/Contents/Developer/Toolchains/XcodeDefault.xctoolchain/usr/bin/clang -Wall -Wextra -Werror -std=c99 -g -O3 -ftree-vectorize -fPIC -Isrc -D_GNU_SOURCE -I'/Applications/Xcode.app/Contents/Developer/Platforms/MacOSX.platform/Developer/SDKs/MacOSX27.0.sdk/usr/include/ffi' -I/opt/homebrew/opt/openssl@3/include -std=c11 -D_DEFAULT_SOURCE -Wall -Wextra -Werror tests/test_nsi_file_linked.c src/nsi_file.c src/nsi_cap.c -o obj/test_nsi_file_linked -lm -lcrypto -lffi -L/opt/homebrew/opt/openssl@3/lib
PASS ordinary linked private local-file adapter
Running NSI capability-runtime tests...
/Applications/Xcode.app/Contents/Developer/Toolchains/XcodeDefault.xctoolchain/usr/bin/clang -Wall -Wextra -Werror -std=c99 -g -O3 -ftree-vectorize -fPIC -Isrc -D_GNU_SOURCE -I'/Applications/Xcode.app/Contents/Developer/Platforms/MacOSX.platform/Developer/SDKs/MacOSX27.0.sdk/usr/include/ffi' -I/opt/homebrew/opt/openssl@3/include -o tests/test_nsi_cap tests/test_nsi_cap.c \
		src/nsi_cap.c
NSI capability runtime tests
  cap: integers and pointers are forged                        PASS
  cap: type, service, rights, delegation, revocation           PASS
  cap: rights attenuate on delegate                            PASS
  cap: transfer requires permission                            PASS
  cap: restart invalidates; generation not reused              PASS
  cap: resource own/consume; Forth cells not pointers          PASS
  cap: audit create, delegate, use, revoke, fail               PASS
7 passed, 0 failed
/Applications/Xcode.app/Contents/Developer/Toolchains/XcodeDefault.xctoolchain/usr/bin/clang -Wall -Wextra -Werror -std=c99 -g -O3 -ftree-vectorize -fPIC -Isrc -D_GNU_SOURCE -I'/Applications/Xcode.app/Contents/Developer/Platforms/MacOSX.platform/Developer/SDKs/MacOSX27.0.sdk/usr/include/ffi' -I/opt/homebrew/opt/openssl@3/include -std=c11 -D_DEFAULT_SOURCE -Wall -Wextra -Werror -DFILE_PLAN_INSTRUMENT tests/test_nsi_file_plan.c src/nsi.c src/utf8.c src/cJSON.c -o obj/test_nsi_file_plan_instrumented -lm -lcrypto -lffi -L/opt/homebrew/opt/openssl@3/lib
PASS 1315 checks; exact private file plan, no service execution
/Applications/Xcode.app/Contents/Developer/Toolchains/XcodeDefault.xctoolchain/usr/bin/clang -Wall -Wextra -Werror -std=c99 -g -O3 -ftree-vectorize -fPIC -Isrc -D_GNU_SOURCE -I'/Applications/Xcode.app/Contents/Developer/Platforms/MacOSX.platform/Developer/SDKs/MacOSX27.0.sdk/usr/include/ffi' -I/opt/homebrew/opt/openssl@3/include -std=c11 -D_DEFAULT_SOURCE -Wall -Wextra -Werror tests/test_nsi_file_plan.c src/nsi_file_plan.c src/nsi.c src/utf8.c src/cJSON.c -o obj/test_nsi_file_plan_linked -lm -lcrypto -lffi -L/opt/homebrew/opt/openssl@3/lib
PASS 902 checks; exact private file plan, no service execution
