cc -Wall -Wextra -Werror -std=c99 -g -O3 -ftree-vectorize -fPIC -Isrc -D_GNU_SOURCE  -o bin/nano_vm obj/nanovm/value.o obj/nanovm/heap.o obj/nanovm/heap_cycles.o obj/nanovm/vm.o obj/nanovm/vm_callback.o obj/nanovm/vm_ffi.o obj/nanovm/vm_builtins.o obj/nanovm/cop_protocol.o obj/nanovm/vm_ffi_arrays.o obj/runtime/callback_runtime.o obj/nanoisa/managed_array_shapes.o obj/nanoisa/local_bindings.o obj/nanoisa/affine_bytecode.o obj/nanoisa/affine_state.o obj/nanoisa/ownership_contracts.o obj/nanoisa/retained_layouts.o obj/nanoisa/reference_places.o obj/nanoisa/passive.o obj/nanoisa/isa.o obj/nanoisa/verifier_types.o obj/nanoisa/nvm_format.o obj/nanoisa/nvm_format_v2.o obj/nanoisa/nvm_v2_cursor.o obj/nanoisa/nvm_v2_constants.o obj/nanoisa/nvm_v2_signatures.o obj/nanoisa/nvm_v2_layouts.o obj/nanoisa/nvm_v2_functions.o obj/nanoisa/nvm_v2_imports.o obj/nanoisa/nvm_v2_module.o obj/nanoisa/nvm_v2_convert.o obj/nanoisa/assembler.o obj/nanoisa/disassembler.o obj/nanoisa/verifier.o obj/nanoisa/nvm2c.o obj/nanoisa/nvm2c_shape.o obj/nanoisa/frontend.o obj/nanoisa/nanoisa_facade.o obj/nanovm/vm_decode.o obj/nanovm/vm_dispatch.o obj/lexer.o obj/parser.o obj/typechecker.o obj/transpiler.o obj/stdlib_runtime.o obj/env.o obj/builtins_registry.o obj/module.o obj/module_metadata.o obj/cJSON.o obj/toon_output.o obj/module_builder.o obj/resource_tracking.o obj/eval.o obj/eval/eval_hashmap.o obj/eval/eval_math.o obj/eval/eval_string.o obj/eval/eval_io.o obj/interpreter_ffi.o obj/json_diagnostics.o obj/reflection.o obj/nanocore_subset.o obj/nanocore_export.o obj/emit_typed_ast.o obj/type_infer.o obj/effects.o obj/fold_constants.o obj/dce_pass.o obj/par_let_pass.o obj/ptx_backend.o obj/opencl_backend.o obj/tco_pass.o obj/cps_pass.o obj/coroutine.o obj/pgo_pass.o obj/c_backend.o obj/bench.o obj/bench_native.o obj/riscv_backend.o obj/dwarf_info.o obj/docgen_md.o obj/docgen.o obj/fmt.o obj/channel.o obj/bcp47.o obj/locale.o obj/utf8.o obj/diag_id.o obj/catalog.o obj/resource_flow.o obj/nominal_types.o obj/runtime/list_int.o obj/runtime/list_string.o obj/runtime/list_LexerToken.o obj/runtime/list_token.o obj/runtime/list_CompilerDiagnostic.o obj/runtime/list_CompilerSourceLocation.o obj/runtime/list_ASTNumber.o obj/runtime/list_ASTFloat.o obj/runtime/list_ASTString.o obj/runtime/list_ASTBool.o obj/runtime/list_ASTIdentifier.o obj/runtime/list_ASTBinaryOp.o obj/runtime/list_ASTCall.o obj/runtime/list_ASTModuleQualifiedCall.o obj/runtime/list_ASTArrayLiteral.o obj/runtime/list_ASTLet.o obj/runtime/list_ASTSet.o obj/runtime/list_ASTStmtRef.o obj/runtime/list_ASTIf.o obj/runtime/list_ASTWhile.o obj/runtime/list_ASTFor.o obj/runtime/list_ASTReturn.o obj/runtime/list_ASTBlock.o obj/runtime/list_ASTUnsafeBlock.o obj/runtime/list_ASTPrint.o obj/runtime/list_ASTAssert.o obj/runtime/list_ASTFunction.o obj/runtime/list_ASTShadow.o obj/runtime/list_ASTStruct.o obj/runtime/list_ASTStructLiteral.o obj/runtime/list_ASTFieldAccess.o obj/runtime/list_ASTEnum.o obj/runtime/list_ASTUnion.o obj/runtime/list_ASTUnionConstruct.o obj/runtime/list_ASTMatch.o obj/runtime/list_ASTImport.o obj/runtime/list_ASTOpaqueType.o obj/runtime/list_ASTTupleLiteral.o obj/runtime/list_ASTTupleIndex.o obj/runtime/token_helpers.o obj/runtime/gc.o obj/runtime/effect_runtime.o obj/runtime/dyn_array.o obj/runtime/gc_struct.o obj/runtime/nl_string.o obj/runtime/ffi_loader.o obj/runtime/module_build_dir.o obj/runtime/cli.o obj/runtime/regex.o \
	obj/nanovm/vmd_protocol.o obj/nanovm/vmd_client.o \
	obj/nanovm/main.o -lm -lcrypto -lffi  -rdynamic -rdynamic
python3 scripts/embed_binary64_parser.py --check
cc -Wall -Wextra -Werror -std=c99 -g -O3 -ftree-vectorize -fPIC -Isrc -D_GNU_SOURCE  -o bin/nvm2c obj/nanoisa/nvm2c_main.o obj/nanoisa/managed_array_shapes.o obj/nanoisa/local_bindings.o obj/nanoisa/affine_bytecode.o obj/nanoisa/affine_state.o obj/nanoisa/ownership_contracts.o obj/nanoisa/retained_layouts.o obj/nanoisa/reference_places.o obj/nanoisa/passive.o obj/nanoisa/isa.o obj/nanoisa/verifier_types.o obj/nanoisa/nvm_format.o obj/nanoisa/nvm_format_v2.o obj/nanoisa/nvm_v2_cursor.o obj/nanoisa/nvm_v2_constants.o obj/nanoisa/nvm_v2_signatures.o obj/nanoisa/nvm_v2_layouts.o obj/nanoisa/nvm_v2_functions.o obj/nanoisa/nvm_v2_imports.o obj/nanoisa/nvm_v2_module.o obj/nanoisa/nvm_v2_convert.o obj/nanoisa/assembler.o obj/nanoisa/disassembler.o obj/nanoisa/verifier.o obj/nanoisa/nvm2c.o obj/nanoisa/nvm2c_shape.o obj/nanoisa/frontend.o obj/nanoisa/nanoisa_facade.o obj/nanovm/vm_decode.o obj/nanovm/vm_dispatch.o obj/utf8.o -lm -lcrypto -lffi  -rdynamic
cc -Wall -Wextra -Werror -std=c99 -g -O3 -ftree-vectorize -fPIC -Isrc -D_GNU_SOURCE  -Isrc/nanoisa -o obj/test_owned_binary64 tests/nanoisa/test_owned_binary64.c obj/nanovm/value.o obj/nanovm/heap.o obj/nanovm/heap_cycles.o obj/nanovm/vm.o obj/nanovm/vm_callback.o obj/nanovm/vm_ffi.o obj/nanovm/vm_builtins.o obj/nanovm/cop_protocol.o obj/nanovm/vm_ffi_arrays.o obj/runtime/callback_runtime.o obj/nanoisa/managed_array_shapes.o obj/nanoisa/local_bindings.o obj/nanoisa/affine_bytecode.o obj/nanoisa/affine_state.o obj/nanoisa/ownership_contracts.o obj/nanoisa/retained_layouts.o obj/nanoisa/reference_places.o obj/nanoisa/passive.o obj/nanoisa/isa.o obj/nanoisa/verifier_types.o obj/nanoisa/nvm_format.o obj/nanoisa/nvm_format_v2.o obj/nanoisa/nvm_v2_cursor.o obj/nanoisa/nvm_v2_constants.o obj/nanoisa/nvm_v2_signatures.o obj/nanoisa/nvm_v2_layouts.o obj/nanoisa/nvm_v2_functions.o obj/nanoisa/nvm_v2_imports.o obj/nanoisa/nvm_v2_module.o obj/nanoisa/nvm_v2_convert.o obj/nanoisa/assembler.o obj/nanoisa/disassembler.o obj/nanoisa/verifier.o obj/nanoisa/nvm2c.o obj/nanoisa/nvm2c_shape.o obj/nanoisa/frontend.o obj/nanoisa/nanoisa_facade.o obj/nanovm/vm_decode.o obj/nanovm/vm_dispatch.o obj/lexer.o obj/parser.o obj/typechecker.o obj/transpiler.o obj/stdlib_runtime.o obj/env.o obj/builtins_registry.o obj/module.o obj/module_metadata.o obj/cJSON.o obj/toon_output.o obj/module_builder.o obj/resource_tracking.o obj/eval.o obj/eval/eval_hashmap.o obj/eval/eval_math.o obj/eval/eval_string.o obj/eval/eval_io.o obj/interpreter_ffi.o obj/json_diagnostics.o obj/reflection.o obj/nanocore_subset.o obj/nanocore_export.o obj/emit_typed_ast.o obj/type_infer.o obj/effects.o obj/fold_constants.o obj/dce_pass.o obj/par_let_pass.o obj/ptx_backend.o obj/opencl_backend.o obj/tco_pass.o obj/cps_pass.o obj/coroutine.o obj/pgo_pass.o obj/c_backend.o obj/bench.o obj/bench_native.o obj/riscv_backend.o obj/dwarf_info.o obj/docgen_md.o obj/docgen.o obj/fmt.o obj/channel.o obj/bcp47.o obj/locale.o obj/utf8.o obj/diag_id.o obj/catalog.o obj/resource_flow.o obj/nominal_types.o obj/runtime/list_int.o obj/runtime/list_string.o obj/runtime/list_LexerToken.o obj/runtime/list_token.o obj/runtime/list_CompilerDiagnostic.o obj/runtime/list_CompilerSourceLocation.o obj/runtime/list_ASTNumber.o obj/runtime/list_ASTFloat.o obj/runtime/list_ASTString.o obj/runtime/list_ASTBool.o obj/runtime/list_ASTIdentifier.o obj/runtime/list_ASTBinaryOp.o obj/runtime/list_ASTCall.o obj/runtime/list_ASTModuleQualifiedCall.o obj/runtime/list_ASTArrayLiteral.o obj/runtime/list_ASTLet.o obj/runtime/list_ASTSet.o obj/runtime/list_ASTStmtRef.o obj/runtime/list_ASTIf.o obj/runtime/list_ASTWhile.o obj/runtime/list_ASTFor.o obj/runtime/list_ASTReturn.o obj/runtime/list_ASTBlock.o obj/runtime/list_ASTUnsafeBlock.o obj/runtime/list_ASTPrint.o obj/runtime/list_ASTAssert.o obj/runtime/list_ASTFunction.o obj/runtime/list_ASTShadow.o obj/runtime/list_ASTStruct.o obj/runtime/list_ASTStructLiteral.o obj/runtime/list_ASTFieldAccess.o obj/runtime/list_ASTEnum.o obj/runtime/list_ASTUnion.o obj/runtime/list_ASTUnionConstruct.o obj/runtime/list_ASTMatch.o obj/runtime/list_ASTImport.o obj/runtime/list_ASTOpaqueType.o obj/runtime/list_ASTTupleLiteral.o obj/runtime/list_ASTTupleIndex.o obj/runtime/token_helpers.o obj/runtime/gc.o obj/runtime/effect_runtime.o obj/runtime/dyn_array.o obj/runtime/gc_struct.o obj/runtime/nl_string.o obj/runtime/ffi_loader.o obj/runtime/module_build_dir.o obj/runtime/cli.o obj/runtime/regex.o -lm -lcrypto -lffi  -rdynamic
python3 -m unittest -v tests.test_owned_binary64
test_owned_scalar_float_matrix_and_cleanup (tests.test_owned_binary64.OwnedBinary64.test_owned_scalar_float_matrix_and_cleanup) ... ok

----------------------------------------------------------------------
Ran 1 test in 3.770s

OK
case 0 0
case 1 0
case 2 0
case 3 2
case 4 0
1239 owned binary64 checks passed
cc -Wall -Wextra -Werror -std=c99 -g -O3 -ftree-vectorize -fPIC -Isrc -D_GNU_SOURCE  -Isrc/nanoisa -Dcalloc=nested_query_calloc -c src/nanoisa/affine_state.c -o obj/test_nested_result_state.o
cc -Wall -Wextra -Werror -std=c99 -g -O3 -ftree-vectorize -fPIC -Isrc -D_GNU_SOURCE  -Isrc/nanoisa -o obj/test_nested_result_descriptors tests/nanoisa/test_nested_result_descriptors.c obj/test_nested_result_state.o obj/nanoisa/managed_array_shapes.o obj/nanoisa/local_bindings.o obj/nanoisa/affine_bytecode.o obj/nanoisa/ownership_contracts.o obj/nanoisa/retained_layouts.o obj/nanoisa/reference_places.o obj/nanoisa/passive.o obj/nanoisa/isa.o obj/nanoisa/verifier_types.o obj/nanoisa/nvm_format.o obj/nanoisa/nvm_format_v2.o obj/nanoisa/nvm_v2_cursor.o obj/nanoisa/nvm_v2_constants.o obj/nanoisa/nvm_v2_signatures.o obj/nanoisa/nvm_v2_layouts.o obj/nanoisa/nvm_v2_functions.o obj/nanoisa/nvm_v2_imports.o obj/nanoisa/nvm_v2_module.o obj/nanoisa/nvm_v2_convert.o obj/nanoisa/assembler.o obj/nanoisa/disassembler.o obj/nanoisa/verifier.o obj/nanoisa/nvm2c.o obj/nanoisa/nvm2c_shape.o obj/nanoisa/frontend.o obj/nanoisa/nanoisa_facade.o obj/nanovm/vm_decode.o obj/nanovm/vm_dispatch.o obj/utf8.o
./obj/test_nested_result_descriptors
186 nested descriptor DAG/depth/allocation checks passed
cc -Wall -Wextra -Werror -std=c99 -g -O3 -ftree-vectorize -fPIC -Isrc -D_GNU_SOURCE  -Isrc/nanoisa -o obj/test_nested_owned_results tests/nanoisa/test_nested_owned_results.c obj/nanovm/value.o obj/nanovm/heap.o obj/nanovm/heap_cycles.o obj/nanovm/vm.o obj/nanovm/vm_callback.o obj/nanovm/vm_ffi.o obj/nanovm/vm_builtins.o obj/nanovm/cop_protocol.o obj/nanovm/vm_ffi_arrays.o obj/runtime/callback_runtime.o obj/nanoisa/managed_array_shapes.o obj/nanoisa/local_bindings.o obj/nanoisa/affine_bytecode.o obj/nanoisa/affine_state.o obj/nanoisa/ownership_contracts.o obj/nanoisa/retained_layouts.o obj/nanoisa/reference_places.o obj/nanoisa/passive.o obj/nanoisa/isa.o obj/nanoisa/verifier_types.o obj/nanoisa/nvm_format.o obj/nanoisa/nvm_format_v2.o obj/nanoisa/nvm_v2_cursor.o obj/nanoisa/nvm_v2_constants.o obj/nanoisa/nvm_v2_signatures.o obj/nanoisa/nvm_v2_layouts.o obj/nanoisa/nvm_v2_functions.o obj/nanoisa/nvm_v2_imports.o obj/nanoisa/nvm_v2_module.o obj/nanoisa/nvm_v2_convert.o obj/nanoisa/assembler.o obj/nanoisa/disassembler.o obj/nanoisa/verifier.o obj/nanoisa/nvm2c.o obj/nanoisa/nvm2c_shape.o obj/nanoisa/frontend.o obj/nanoisa/nanoisa_facade.o obj/nanovm/vm_decode.o obj/nanovm/vm_dispatch.o obj/lexer.o obj/parser.o obj/typechecker.o obj/transpiler.o obj/stdlib_runtime.o obj/env.o obj/builtins_registry.o obj/module.o obj/module_metadata.o obj/cJSON.o obj/toon_output.o obj/module_builder.o obj/resource_tracking.o obj/eval.o obj/eval/eval_hashmap.o obj/eval/eval_math.o obj/eval/eval_string.o obj/eval/eval_io.o obj/interpreter_ffi.o obj/json_diagnostics.o obj/reflection.o obj/nanocore_subset.o obj/nanocore_export.o obj/emit_typed_ast.o obj/type_infer.o obj/effects.o obj/fold_constants.o obj/dce_pass.o obj/par_let_pass.o obj/ptx_backend.o obj/opencl_backend.o obj/tco_pass.o obj/cps_pass.o obj/coroutine.o obj/pgo_pass.o obj/c_backend.o obj/bench.o obj/bench_native.o obj/riscv_backend.o obj/dwarf_info.o obj/docgen_md.o obj/docgen.o obj/fmt.o obj/channel.o obj/bcp47.o obj/locale.o obj/utf8.o obj/diag_id.o obj/catalog.o obj/resource_flow.o obj/nominal_types.o obj/runtime/list_int.o obj/runtime/list_string.o obj/runtime/list_LexerToken.o obj/runtime/list_token.o obj/runtime/list_CompilerDiagnostic.o obj/runtime/list_CompilerSourceLocation.o obj/runtime/list_ASTNumber.o obj/runtime/list_ASTFloat.o obj/runtime/list_ASTString.o obj/runtime/list_ASTBool.o obj/runtime/list_ASTIdentifier.o obj/runtime/list_ASTBinaryOp.o obj/runtime/list_ASTCall.o obj/runtime/list_ASTModuleQualifiedCall.o obj/runtime/list_ASTArrayLiteral.o obj/runtime/list_ASTLet.o obj/runtime/list_ASTSet.o obj/runtime/list_ASTStmtRef.o obj/runtime/list_ASTIf.o obj/runtime/list_ASTWhile.o obj/runtime/list_ASTFor.o obj/runtime/list_ASTReturn.o obj/runtime/list_ASTBlock.o obj/runtime/list_ASTUnsafeBlock.o obj/runtime/list_ASTPrint.o obj/runtime/list_ASTAssert.o obj/runtime/list_ASTFunction.o obj/runtime/list_ASTShadow.o obj/runtime/list_ASTStruct.o obj/runtime/list_ASTStructLiteral.o obj/runtime/list_ASTFieldAccess.o obj/runtime/list_ASTEnum.o obj/runtime/list_ASTUnion.o obj/runtime/list_ASTUnionConstruct.o obj/runtime/list_ASTMatch.o obj/runtime/list_ASTImport.o obj/runtime/list_ASTOpaqueType.o obj/runtime/list_ASTTupleLiteral.o obj/runtime/list_ASTTupleIndex.o obj/runtime/token_helpers.o obj/runtime/gc.o obj/runtime/effect_runtime.o obj/runtime/dyn_array.o obj/runtime/gc_struct.o obj/runtime/nl_string.o obj/runtime/ffi_loader.o obj/runtime/module_build_dir.o obj/runtime/cli.o obj/runtime/regex.o -lm -lcrypto -lffi  -rdynamic
cc -Wall -Wextra -Werror -std=c99 -g -O3 -ftree-vectorize -fPIC -Isrc -D_GNU_SOURCE  -Dmalloc=result_heap_malloc -Dcalloc=result_heap_calloc -Drealloc=result_heap_realloc -c src/nanovm/heap.c -o obj/test_nested_result_heap.o
cc -Wall -Wextra -Werror -std=c99 -g -O3 -ftree-vectorize -fPIC -Isrc -D_GNU_SOURCE  -Isrc/nanoisa -o obj/test_nested_result_alloc tests/nanoisa/test_nested_result_alloc.c obj/test_nested_result_heap.o obj/nanovm/value.o obj/nanovm/heap_cycles.o obj/nanovm/vm.o obj/nanovm/vm_callback.o obj/nanovm/vm_ffi.o obj/nanovm/vm_builtins.o obj/nanovm/cop_protocol.o obj/nanovm/vm_ffi_arrays.o obj/runtime/callback_runtime.o obj/nanoisa/managed_array_shapes.o obj/nanoisa/local_bindings.o obj/nanoisa/affine_bytecode.o obj/nanoisa/affine_state.o obj/nanoisa/ownership_contracts.o obj/nanoisa/retained_layouts.o obj/nanoisa/reference_places.o obj/nanoisa/passive.o obj/nanoisa/isa.o obj/nanoisa/verifier_types.o obj/nanoisa/nvm_format.o obj/nanoisa/nvm_format_v2.o obj/nanoisa/nvm_v2_cursor.o obj/nanoisa/nvm_v2_constants.o obj/nanoisa/nvm_v2_signatures.o obj/nanoisa/nvm_v2_layouts.o obj/nanoisa/nvm_v2_functions.o obj/nanoisa/nvm_v2_imports.o obj/nanoisa/nvm_v2_module.o obj/nanoisa/nvm_v2_convert.o obj/nanoisa/assembler.o obj/nanoisa/disassembler.o obj/nanoisa/verifier.o obj/nanoisa/nvm2c.o obj/nanoisa/nvm2c_shape.o obj/nanoisa/frontend.o obj/nanoisa/nanoisa_facade.o obj/nanovm/vm_decode.o obj/nanovm/vm_dispatch.o obj/lexer.o obj/parser.o obj/typechecker.o obj/transpiler.o obj/stdlib_runtime.o obj/env.o obj/builtins_registry.o obj/module.o obj/module_metadata.o obj/cJSON.o obj/toon_output.o obj/module_builder.o obj/resource_tracking.o obj/eval.o obj/eval/eval_hashmap.o obj/eval/eval_math.o obj/eval/eval_string.o obj/eval/eval_io.o obj/interpreter_ffi.o obj/json_diagnostics.o obj/reflection.o obj/nanocore_subset.o obj/nanocore_export.o obj/emit_typed_ast.o obj/type_infer.o obj/effects.o obj/fold_constants.o obj/dce_pass.o obj/par_let_pass.o obj/ptx_backend.o obj/opencl_backend.o obj/tco_pass.o obj/cps_pass.o obj/coroutine.o obj/pgo_pass.o obj/c_backend.o obj/bench.o obj/bench_native.o obj/riscv_backend.o obj/dwarf_info.o obj/docgen_md.o obj/docgen.o obj/fmt.o obj/channel.o obj/bcp47.o obj/locale.o obj/utf8.o obj/diag_id.o obj/catalog.o obj/resource_flow.o obj/nominal_types.o obj/runtime/list_int.o obj/runtime/list_string.o obj/runtime/list_LexerToken.o obj/runtime/list_token.o obj/runtime/list_CompilerDiagnostic.o obj/runtime/list_CompilerSourceLocation.o obj/runtime/list_ASTNumber.o obj/runtime/list_ASTFloat.o obj/runtime/list_ASTString.o obj/runtime/list_ASTBool.o obj/runtime/list_ASTIdentifier.o obj/runtime/list_ASTBinaryOp.o obj/runtime/list_ASTCall.o obj/runtime/list_ASTModuleQualifiedCall.o obj/runtime/list_ASTArrayLiteral.o obj/runtime/list_ASTLet.o obj/runtime/list_ASTSet.o obj/runtime/list_ASTStmtRef.o obj/runtime/list_ASTIf.o obj/runtime/list_ASTWhile.o obj/runtime/list_ASTFor.o obj/runtime/list_ASTReturn.o obj/runtime/list_ASTBlock.o obj/runtime/list_ASTUnsafeBlock.o obj/runtime/list_ASTPrint.o obj/runtime/list_ASTAssert.o obj/runtime/list_ASTFunction.o obj/runtime/list_ASTShadow.o obj/runtime/list_ASTStruct.o obj/runtime/list_ASTStructLiteral.o obj/runtime/list_ASTFieldAccess.o obj/runtime/list_ASTEnum.o obj/runtime/list_ASTUnion.o obj/runtime/list_ASTUnionConstruct.o obj/runtime/list_ASTMatch.o obj/runtime/list_ASTImport.o obj/runtime/list_ASTOpaqueType.o obj/runtime/list_ASTTupleLiteral.o obj/runtime/list_ASTTupleIndex.o obj/runtime/token_helpers.o obj/runtime/gc.o obj/runtime/effect_runtime.o obj/runtime/dyn_array.o obj/runtime/gc_struct.o obj/runtime/nl_string.o obj/runtime/ffi_loader.o obj/runtime/module_build_dir.o obj/runtime/cli.o obj/runtime/regex.o -lm -lcrypto -lffi  -rdynamic
./obj/test_nested_result_alloc
nested allocation case=0 api=0 fault=1
nested allocation case=0 api=0 fault=2
nested allocation case=0 api=0 fault=3
nested allocation case=0 api=0 fault=4
nested allocation case=0 api=0 fault=5
nested allocation case=0 api=0 fault=6
nested allocation case=0 api=0 fault=7
nested allocation case=0 api=0 fault=8
nested allocation case=0 api=0 fault=9
nested allocation case=0 api=0 fault=10
nested allocation case=0 api=0 fault=11
nested allocation case=0 api=0 fault=12
nested allocation case=0 api=0 fault=13
nested allocation case=0 api=0 fault=14
nested allocation case=0 api=0 fault=15
nested allocation case=0 api=1 fault=1
nested allocation case=0 api=1 fault=2
nested allocation case=0 api=1 fault=3
nested allocation case=0 api=1 fault=4
nested allocation case=0 api=1 fault=5
nested allocation case=0 api=1 fault=6
nested allocation case=0 api=1 fault=7
nested allocation case=0 api=1 fault=8
nested allocation case=0 api=1 fault=9
nested allocation case=0 api=1 fault=10
nested allocation case=0 api=1 fault=11
nested allocation case=0 api=1 fault=12
nested allocation case=0 api=1 fault=13
nested allocation case=0 api=1 fault=14
nested allocation case=0 api=1 fault=15
nested allocation case=0 api=2 fault=1
nested allocation case=0 api=2 fault=2
nested allocation case=0 api=2 fault=3
nested allocation case=0 api=2 fault=4
nested allocation case=0 api=2 fault=5
nested allocation case=0 api=2 fault=6
nested allocation case=0 api=2 fault=7
nested allocation case=0 api=2 fault=8
nested allocation case=0 api=2 fault=9
nested allocation case=0 api=2 fault=10
nested allocation case=0 api=2 fault=11
nested allocation case=0 api=2 fault=12
nested allocation case=0 api=2 fault=13
nested allocation case=0 api=2 fault=14
nested allocation case=0 api=2 fault=15
nested allocation case=0 api=3 fault=1
nested allocation case=0 api=3 fault=2
nested allocation case=0 api=3 fault=3
nested allocation case=0 api=3 fault=4
nested allocation case=0 api=3 fault=5
nested allocation case=0 api=3 fault=6
nested allocation case=0 api=3 fault=7
nested allocation case=0 api=3 fault=8
nested allocation case=0 api=3 fault=9
nested allocation case=0 api=3 fault=10
nested allocation case=0 api=3 fault=11
nested allocation case=0 api=3 fault=12
nested allocation case=0 api=3 fault=13
nested allocation case=0 api=3 fault=14
nested allocation case=0 api=3 fault=15
nested allocation case=1 api=0 fault=1
nested allocation case=1 api=0 fault=2
nested allocation case=1 api=0 fault=3
nested allocation case=1 api=0 fault=4
nested allocation case=1 api=0 fault=5
nested allocation case=1 api=0 fault=6
nested allocation case=1 api=0 fault=7
nested allocation case=1 api=0 fault=8
nested allocation case=1 api=0 fault=9
nested allocation case=1 api=0 fault=10
nested allocation case=1 api=0 fault=11
nested allocation case=1 api=0 fault=12
nested allocation case=1 api=0 fault=13
nested allocation case=1 api=0 fault=14
nested allocation case=1 api=0 fault=15
nested allocation case=1 api=1 fault=1
nested allocation case=1 api=1 fault=2
nested allocation case=1 api=1 fault=3
nested allocation case=1 api=1 fault=4
nested allocation case=1 api=1 fault=5
nested allocation case=1 api=1 fault=6
nested allocation case=1 api=1 fault=7
nested allocation case=1 api=1 fault=8
nested allocation case=1 api=1 fault=9
nested allocation case=1 api=1 fault=10
nested allocation case=1 api=1 fault=11
nested allocation case=1 api=1 fault=12
nested allocation case=1 api=1 fault=13
nested allocation case=1 api=1 fault=14
nested allocation case=1 api=1 fault=15
nested allocation case=1 api=2 fault=1
nested allocation case=1 api=2 fault=2
nested allocation case=1 api=2 fault=3
nested allocation case=1 api=2 fault=4
nested allocation case=1 api=2 fault=5
nested allocation case=1 api=2 fault=6
nested allocation case=1 api=2 fault=7
nested allocation case=1 api=2 fault=8
nested allocation case=1 api=2 fault=9
nested allocation case=1 api=2 fault=10
nested allocation case=1 api=2 fault=11
nested allocation case=1 api=2 fault=12
nested allocation case=1 api=2 fault=13
nested allocation case=1 api=2 fault=14
nested allocation case=1 api=2 fault=15
nested allocation case=1 api=3 fault=1
nested allocation case=1 api=3 fault=2
nested allocation case=1 api=3 fault=3
nested allocation case=1 api=3 fault=4
nested allocation case=1 api=3 fault=5
nested allocation case=1 api=3 fault=6
nested allocation case=1 api=3 fault=7
nested allocation case=1 api=3 fault=8
nested allocation case=1 api=3 fault=9
nested allocation case=1 api=3 fault=10
nested allocation case=1 api=3 fault=11
nested allocation case=1 api=3 fault=12
nested allocation case=1 api=3 fault=13
nested allocation case=1 api=3 fault=14
nested allocation case=1 api=3 fault=15
nested allocation case=2 api=0 fault=1
nested allocation case=2 api=0 fault=2
nested allocation case=2 api=0 fault=3
nested allocation case=2 api=0 fault=4
nested allocation case=2 api=0 fault=5
nested allocation case=2 api=0 fault=6
nested allocation case=2 api=0 fault=7
nested allocation case=2 api=0 fault=8
nested allocation case=2 api=0 fault=9
nested allocation case=2 api=0 fault=10
nested allocation case=2 api=0 fault=11
nested allocation case=2 api=0 fault=12
nested allocation case=2 api=0 fault=13
nested allocation case=2 api=0 fault=14
nested allocation case=2 api=0 fault=15
nested allocation case=2 api=1 fault=1
nested allocation case=2 api=1 fault=2
nested allocation case=2 api=1 fault=3
nested allocation case=2 api=1 fault=4
nested allocation case=2 api=1 fault=5
nested allocation case=2 api=1 fault=6
nested allocation case=2 api=1 fault=7
nested allocation case=2 api=1 fault=8
nested allocation case=2 api=1 fault=9
nested allocation case=2 api=1 fault=10
nested allocation case=2 api=1 fault=11
nested allocation case=2 api=1 fault=12
nested allocation case=2 api=1 fault=13
nested allocation case=2 api=1 fault=14
nested allocation case=2 api=1 fault=15
nested allocation case=2 api=2 fault=1
nested allocation case=2 api=2 fault=2
nested allocation case=2 api=2 fault=3
nested allocation case=2 api=2 fault=4
nested allocation case=2 api=2 fault=5
nested allocation case=2 api=2 fault=6
nested allocation case=2 api=2 fault=7
nested allocation case=2 api=2 fault=8
nested allocation case=2 api=2 fault=9
nested allocation case=2 api=2 fault=10
nested allocation case=2 api=2 fault=11
nested allocation case=2 api=2 fault=12
nested allocation case=2 api=2 fault=13
nested allocation case=2 api=2 fault=14
nested allocation case=2 api=2 fault=15
nested allocation case=2 api=3 fault=1
nested allocation case=2 api=3 fault=2
nested allocation case=2 api=3 fault=3
nested allocation case=2 api=3 fault=4
nested allocation case=2 api=3 fault=5
nested allocation case=2 api=3 fault=6
nested allocation case=2 api=3 fault=7
nested allocation case=2 api=3 fault=8
nested allocation case=2 api=3 fault=9
nested allocation case=2 api=3 fault=10
nested allocation case=2 api=3 fault=11
nested allocation case=2 api=3 fault=12
nested allocation case=2 api=3 fault=13
nested allocation case=2 api=3 fault=14
nested allocation case=2 api=3 fault=15
nested allocation case=3 api=0 fault=1
nested allocation case=3 api=0 fault=2
nested allocation case=3 api=0 fault=3
nested allocation case=3 api=0 fault=4
nested allocation case=3 api=0 fault=5
nested allocation case=3 api=0 fault=6
nested allocation case=3 api=0 fault=7
nested allocation case=3 api=0 fault=8
nested allocation case=3 api=0 fault=9
nested allocation case=3 api=0 fault=10
nested allocation case=3 api=0 fault=11
nested allocation case=3 api=0 fault=12
nested allocation case=3 api=0 fault=13
nested allocation case=3 api=1 fault=1
nested allocation case=3 api=1 fault=2
nested allocation case=3 api=1 fault=3
nested allocation case=3 api=1 fault=4
nested allocation case=3 api=1 fault=5
nested allocation case=3 api=1 fault=6
nested allocation case=3 api=1 fault=7
nested allocation case=3 api=1 fault=8
nested allocation case=3 api=1 fault=9
nested allocation case=3 api=1 fault=10
nested allocation case=3 api=1 fault=11
nested allocation case=3 api=1 fault=12
nested allocation case=3 api=1 fault=13
nested allocation case=3 api=2 fault=1
nested allocation case=3 api=2 fault=2
nested allocation case=3 api=2 fault=3
nested allocation case=3 api=2 fault=4
nested allocation case=3 api=2 fault=5
nested allocation case=3 api=2 fault=6
nested allocation case=3 api=2 fault=7
nested allocation case=3 api=2 fault=8
nested allocation case=3 api=2 fault=9
nested allocation case=3 api=2 fault=10
nested allocation case=3 api=2 fault=11
nested allocation case=3 api=2 fault=12
nested allocation case=3 api=2 fault=13
nested allocation case=3 api=3 fault=1
nested allocation case=3 api=3 fault=2
nested allocation case=3 api=3 fault=3
nested allocation case=3 api=3 fault=4
nested allocation case=3 api=3 fault=5
nested allocation case=3 api=3 fault=6
nested allocation case=3 api=3 fault=7
nested allocation case=3 api=3 fault=8
nested allocation case=3 api=3 fault=9
nested allocation case=3 api=3 fault=10
nested allocation case=3 api=3 fault=11
nested allocation case=3 api=3 fault=12
nested allocation case=3 api=3 fault=13
nested allocation case=4 api=0 fault=1
nested allocation case=4 api=0 fault=2
nested allocation case=4 api=0 fault=3
nested allocation case=4 api=0 fault=4
nested allocation case=4 api=0 fault=5
nested allocation case=4 api=0 fault=6
nested allocation case=4 api=0 fault=7
nested allocation case=4 api=0 fault=8
nested allocation case=4 api=0 fault=9
nested allocation case=4 api=1 fault=1
nested allocation case=4 api=1 fault=2
nested allocation case=4 api=1 fault=3
nested allocation case=4 api=1 fault=4
nested allocation case=4 api=1 fault=5
nested allocation case=4 api=1 fault=6
nested allocation case=4 api=1 fault=7
nested allocation case=4 api=1 fault=8
nested allocation case=4 api=1 fault=9
nested allocation case=4 api=2 fault=1
nested allocation case=4 api=2 fault=2
nested allocation case=4 api=2 fault=3
nested allocation case=4 api=2 fault=4
nested allocation case=4 api=2 fault=5
nested allocation case=4 api=2 fault=6
nested allocation case=4 api=2 fault=7
nested allocation case=4 api=2 fault=8
nested allocation case=4 api=2 fault=9
nested allocation case=4 api=3 fault=1
nested allocation case=4 api=3 fault=2
nested allocation case=4 api=3 fault=3
nested allocation case=4 api=3 fault=4
nested allocation case=4 api=3 fault=5
nested allocation case=4 api=3 fault=6
nested allocation case=4 api=3 fault=7
nested allocation case=4 api=3 fault=8
nested allocation case=4 api=3 fault=9
nested allocation case=5 api=0 fault=1
nested allocation case=5 api=0 fault=2
nested allocation case=5 api=0 fault=3
nested allocation case=5 api=0 fault=4
nested allocation case=5 api=0 fault=5
nested allocation case=5 api=0 fault=6
nested allocation case=5 api=0 fault=7
nested allocation case=5 api=0 fault=8
nested allocation case=5 api=0 fault=9
nested allocation case=5 api=1 fault=1
nested allocation case=5 api=1 fault=2
nested allocation case=5 api=1 fault=3
nested allocation case=5 api=1 fault=4
nested allocation case=5 api=1 fault=5
nested allocation case=5 api=1 fault=6
nested allocation case=5 api=1 fault=7
nested allocation case=5 api=1 fault=8
nested allocation case=5 api=1 fault=9
nested allocation case=5 api=2 fault=1
nested allocation case=5 api=2 fault=2
nested allocation case=5 api=2 fault=3
nested allocation case=5 api=2 fault=4
nested allocation case=5 api=2 fault=5
nested allocation case=5 api=2 fault=6
nested allocation case=5 api=2 fault=7
nested allocation case=5 api=2 fault=8
nested allocation case=5 api=2 fault=9
nested allocation case=5 api=3 fault=1
nested allocation case=5 api=3 fault=2
nested allocation case=5 api=3 fault=3
nested allocation case=5 api=3 fault=4
nested allocation case=5 api=3 fault=5
nested allocation case=5 api=3 fault=6
nested allocation case=5 api=3 fault=7
nested allocation case=5 api=3 fault=8
nested allocation case=5 api=3 fault=9
3188 nested result allocation checks; 304 budgets, 280 actual failures
python3 -m unittest -v tests.test_nested_owned_results
test_leak_detection_policy_is_compiler_specific (tests.test_nested_owned_results.NestedOwnedResults.test_leak_detection_policy_is_compiler_specific) ... ok
test_nested_owned_results_and_cleanup (tests.test_nested_owned_results.NestedOwnedResults.test_nested_owned_results_and_cleanup) ... ok

----------------------------------------------------------------------
Ran 2 tests in 2.350s

OK
owned-result sanitizer compiler=cc detect_leaks=1
case 0 0 42
case 1 0 42
case 2 0 42
case 3 0 42
case 4 2 42
case 5 2 42
714 nested owned result checks passed
cc -Wall -Wextra -Werror -std=c99 -g -O3 -ftree-vectorize -fPIC -Isrc -D_GNU_SOURCE  -Isrc/nanoisa -o obj/test_owned_value_results tests/nanoisa/test_owned_value_results.c obj/nanovm/value.o obj/nanovm/heap.o obj/nanovm/heap_cycles.o obj/nanovm/vm.o obj/nanovm/vm_callback.o obj/nanovm/vm_ffi.o obj/nanovm/vm_builtins.o obj/nanovm/cop_protocol.o obj/nanovm/vm_ffi_arrays.o obj/runtime/callback_runtime.o obj/nanoisa/managed_array_shapes.o obj/nanoisa/local_bindings.o obj/nanoisa/affine_bytecode.o obj/nanoisa/affine_state.o obj/nanoisa/ownership_contracts.o obj/nanoisa/retained_layouts.o obj/nanoisa/reference_places.o obj/nanoisa/passive.o obj/nanoisa/isa.o obj/nanoisa/verifier_types.o obj/nanoisa/nvm_format.o obj/nanoisa/nvm_format_v2.o obj/nanoisa/nvm_v2_cursor.o obj/nanoisa/nvm_v2_constants.o obj/nanoisa/nvm_v2_signatures.o obj/nanoisa/nvm_v2_layouts.o obj/nanoisa/nvm_v2_functions.o obj/nanoisa/nvm_v2_imports.o obj/nanoisa/nvm_v2_module.o obj/nanoisa/nvm_v2_convert.o obj/nanoisa/assembler.o obj/nanoisa/disassembler.o obj/nanoisa/verifier.o obj/nanoisa/nvm2c.o obj/nanoisa/nvm2c_shape.o obj/nanoisa/frontend.o obj/nanoisa/nanoisa_facade.o obj/nanovm/vm_decode.o obj/nanovm/vm_dispatch.o obj/lexer.o obj/parser.o obj/typechecker.o obj/transpiler.o obj/stdlib_runtime.o obj/env.o obj/builtins_registry.o obj/module.o obj/module_metadata.o obj/cJSON.o obj/toon_output.o obj/module_builder.o obj/resource_tracking.o obj/eval.o obj/eval/eval_hashmap.o obj/eval/eval_math.o obj/eval/eval_string.o obj/eval/eval_io.o obj/interpreter_ffi.o obj/json_diagnostics.o obj/reflection.o obj/nanocore_subset.o obj/nanocore_export.o obj/emit_typed_ast.o obj/type_infer.o obj/effects.o obj/fold_constants.o obj/dce_pass.o obj/par_let_pass.o obj/ptx_backend.o obj/opencl_backend.o obj/tco_pass.o obj/cps_pass.o obj/coroutine.o obj/pgo_pass.o obj/c_backend.o obj/bench.o obj/bench_native.o obj/riscv_backend.o obj/dwarf_info.o obj/docgen_md.o obj/docgen.o obj/fmt.o obj/channel.o obj/bcp47.o obj/locale.o obj/utf8.o obj/diag_id.o obj/catalog.o obj/resource_flow.o obj/nominal_types.o obj/runtime/list_int.o obj/runtime/list_string.o obj/runtime/list_LexerToken.o obj/runtime/list_token.o obj/runtime/list_CompilerDiagnostic.o obj/runtime/list_CompilerSourceLocation.o obj/runtime/list_ASTNumber.o obj/runtime/list_ASTFloat.o obj/runtime/list_ASTString.o obj/runtime/list_ASTBool.o obj/runtime/list_ASTIdentifier.o obj/runtime/list_ASTBinaryOp.o obj/runtime/list_ASTCall.o obj/runtime/list_ASTModuleQualifiedCall.o obj/runtime/list_ASTArrayLiteral.o obj/runtime/list_ASTLet.o obj/runtime/list_ASTSet.o obj/runtime/list_ASTStmtRef.o obj/runtime/list_ASTIf.o obj/runtime/list_ASTWhile.o obj/runtime/list_ASTFor.o obj/runtime/list_ASTReturn.o obj/runtime/list_ASTBlock.o obj/runtime/list_ASTUnsafeBlock.o obj/runtime/list_ASTPrint.o obj/runtime/list_ASTAssert.o obj/runtime/list_ASTFunction.o obj/runtime/list_ASTShadow.o obj/runtime/list_ASTStruct.o obj/runtime/list_ASTStructLiteral.o obj/runtime/list_ASTFieldAccess.o obj/runtime/list_ASTEnum.o obj/runtime/list_ASTUnion.o obj/runtime/list_ASTUnionConstruct.o obj/runtime/list_ASTMatch.o obj/runtime/list_ASTImport.o obj/runtime/list_ASTOpaqueType.o obj/runtime/list_ASTTupleLiteral.o obj/runtime/list_ASTTupleIndex.o obj/runtime/token_helpers.o obj/runtime/gc.o obj/runtime/effect_runtime.o obj/runtime/dyn_array.o obj/runtime/gc_struct.o obj/runtime/nl_string.o obj/runtime/ffi_loader.o obj/runtime/module_build_dir.o obj/runtime/cli.o obj/runtime/regex.o -lm -lcrypto -lffi  -rdynamic
cc -Wall -Wextra -Werror -std=c99 -g -O3 -ftree-vectorize -fPIC -Isrc -D_GNU_SOURCE  -Dmalloc=result_heap_malloc -Dcalloc=result_heap_calloc -Drealloc=result_heap_realloc -c src/nanovm/heap.c -o obj/test_owned_result_heap.o
cc -Wall -Wextra -Werror -std=c99 -g -O3 -ftree-vectorize -fPIC -Isrc -D_GNU_SOURCE  -Isrc/nanoisa -o obj/test_owned_result_alloc tests/nanoisa/test_owned_result_alloc.c obj/test_owned_result_heap.o obj/nanovm/value.o obj/nanovm/heap_cycles.o obj/nanovm/vm.o obj/nanovm/vm_callback.o obj/nanovm/vm_ffi.o obj/nanovm/vm_builtins.o obj/nanovm/cop_protocol.o obj/nanovm/vm_ffi_arrays.o obj/runtime/callback_runtime.o obj/nanoisa/managed_array_shapes.o obj/nanoisa/local_bindings.o obj/nanoisa/affine_bytecode.o obj/nanoisa/affine_state.o obj/nanoisa/ownership_contracts.o obj/nanoisa/retained_layouts.o obj/nanoisa/reference_places.o obj/nanoisa/passive.o obj/nanoisa/isa.o obj/nanoisa/verifier_types.o obj/nanoisa/nvm_format.o obj/nanoisa/nvm_format_v2.o obj/nanoisa/nvm_v2_cursor.o obj/nanoisa/nvm_v2_constants.o obj/nanoisa/nvm_v2_signatures.o obj/nanoisa/nvm_v2_layouts.o obj/nanoisa/nvm_v2_functions.o obj/nanoisa/nvm_v2_imports.o obj/nanoisa/nvm_v2_module.o obj/nanoisa/nvm_v2_convert.o obj/nanoisa/assembler.o obj/nanoisa/disassembler.o obj/nanoisa/verifier.o obj/nanoisa/nvm2c.o obj/nanoisa/nvm2c_shape.o obj/nanoisa/frontend.o obj/nanoisa/nanoisa_facade.o obj/nanovm/vm_decode.o obj/nanovm/vm_dispatch.o obj/lexer.o obj/parser.o obj/typechecker.o obj/transpiler.o obj/stdlib_runtime.o obj/env.o obj/builtins_registry.o obj/module.o obj/module_metadata.o obj/cJSON.o obj/toon_output.o obj/module_builder.o obj/resource_tracking.o obj/eval.o obj/eval/eval_hashmap.o obj/eval/eval_math.o obj/eval/eval_string.o obj/eval/eval_io.o obj/interpreter_ffi.o obj/json_diagnostics.o obj/reflection.o obj/nanocore_subset.o obj/nanocore_export.o obj/emit_typed_ast.o obj/type_infer.o obj/effects.o obj/fold_constants.o obj/dce_pass.o obj/par_let_pass.o obj/ptx_backend.o obj/opencl_backend.o obj/tco_pass.o obj/cps_pass.o obj/coroutine.o obj/pgo_pass.o obj/c_backend.o obj/bench.o obj/bench_native.o obj/riscv_backend.o obj/dwarf_info.o obj/docgen_md.o obj/docgen.o obj/fmt.o obj/channel.o obj/bcp47.o obj/locale.o obj/utf8.o obj/diag_id.o obj/catalog.o obj/resource_flow.o obj/nominal_types.o obj/runtime/list_int.o obj/runtime/list_string.o obj/runtime/list_LexerToken.o obj/runtime/list_token.o obj/runtime/list_CompilerDiagnostic.o obj/runtime/list_CompilerSourceLocation.o obj/runtime/list_ASTNumber.o obj/runtime/list_ASTFloat.o obj/runtime/list_ASTString.o obj/runtime/list_ASTBool.o obj/runtime/list_ASTIdentifier.o obj/runtime/list_ASTBinaryOp.o obj/runtime/list_ASTCall.o obj/runtime/list_ASTModuleQualifiedCall.o obj/runtime/list_ASTArrayLiteral.o obj/runtime/list_ASTLet.o obj/runtime/list_ASTSet.o obj/runtime/list_ASTStmtRef.o obj/runtime/list_ASTIf.o obj/runtime/list_ASTWhile.o obj/runtime/list_ASTFor.o obj/runtime/list_ASTReturn.o obj/runtime/list_ASTBlock.o obj/runtime/list_ASTUnsafeBlock.o obj/runtime/list_ASTPrint.o obj/runtime/list_ASTAssert.o obj/runtime/list_ASTFunction.o obj/runtime/list_ASTShadow.o obj/runtime/list_ASTStruct.o obj/runtime/list_ASTStructLiteral.o obj/runtime/list_ASTFieldAccess.o obj/runtime/list_ASTEnum.o obj/runtime/list_ASTUnion.o obj/runtime/list_ASTUnionConstruct.o obj/runtime/list_ASTMatch.o obj/runtime/list_ASTImport.o obj/runtime/list_ASTOpaqueType.o obj/runtime/list_ASTTupleLiteral.o obj/runtime/list_ASTTupleIndex.o obj/runtime/token_helpers.o obj/runtime/gc.o obj/runtime/effect_runtime.o obj/runtime/dyn_array.o obj/runtime/gc_struct.o obj/runtime/nl_string.o obj/runtime/ffi_loader.o obj/runtime/module_build_dir.o obj/runtime/cli.o obj/runtime/regex.o -lm -lcrypto -lffi  -rdynamic
./obj/test_owned_result_alloc
3485 result allocation checks passed; 312 budgets, 272 actual injected failures
cc -Wall -Wextra -Werror -std=c99 -g -O3 -ftree-vectorize -fPIC -Isrc -D_GNU_SOURCE  -Isrc/nanoisa -o obj/test_owned_result_preflight tests/nanoisa/test_owned_result_preflight.c obj/nanovm/value.o obj/nanovm/heap.o obj/nanovm/heap_cycles.o obj/nanovm/vm_callback.o obj/nanovm/vm_ffi.o obj/nanovm/vm_builtins.o obj/nanovm/cop_protocol.o obj/nanovm/vm_ffi_arrays.o obj/runtime/callback_runtime.o obj/nanoisa/managed_array_shapes.o obj/nanoisa/local_bindings.o obj/nanoisa/affine_bytecode.o obj/nanoisa/affine_state.o obj/nanoisa/ownership_contracts.o obj/nanoisa/retained_layouts.o obj/nanoisa/reference_places.o obj/nanoisa/passive.o obj/nanoisa/isa.o obj/nanoisa/verifier_types.o obj/nanoisa/nvm_format.o obj/nanoisa/nvm_format_v2.o obj/nanoisa/nvm_v2_cursor.o obj/nanoisa/nvm_v2_constants.o obj/nanoisa/nvm_v2_signatures.o obj/nanoisa/nvm_v2_layouts.o obj/nanoisa/nvm_v2_functions.o obj/nanoisa/nvm_v2_imports.o obj/nanoisa/nvm_v2_module.o obj/nanoisa/nvm_v2_convert.o obj/nanoisa/assembler.o obj/nanoisa/disassembler.o obj/nanoisa/verifier.o obj/nanoisa/nvm2c.o obj/nanoisa/nvm2c_shape.o obj/nanoisa/frontend.o obj/nanoisa/nanoisa_facade.o obj/nanovm/vm_decode.o obj/nanovm/vm_dispatch.o obj/lexer.o obj/parser.o obj/typechecker.o obj/transpiler.o obj/stdlib_runtime.o obj/env.o obj/builtins_registry.o obj/module.o obj/module_metadata.o obj/cJSON.o obj/toon_output.o obj/module_builder.o obj/resource_tracking.o obj/eval.o obj/eval/eval_hashmap.o obj/eval/eval_math.o obj/eval/eval_string.o obj/eval/eval_io.o obj/interpreter_ffi.o obj/json_diagnostics.o obj/reflection.o obj/nanocore_subset.o obj/nanocore_export.o obj/emit_typed_ast.o obj/type_infer.o obj/effects.o obj/fold_constants.o obj/dce_pass.o obj/par_let_pass.o obj/ptx_backend.o obj/opencl_backend.o obj/tco_pass.o obj/cps_pass.o obj/coroutine.o obj/pgo_pass.o obj/c_backend.o obj/bench.o obj/bench_native.o obj/riscv_backend.o obj/dwarf_info.o obj/docgen_md.o obj/docgen.o obj/fmt.o obj/channel.o obj/bcp47.o obj/locale.o obj/utf8.o obj/diag_id.o obj/catalog.o obj/resource_flow.o obj/nominal_types.o obj/runtime/list_int.o obj/runtime/list_string.o obj/runtime/list_LexerToken.o obj/runtime/list_token.o obj/runtime/list_CompilerDiagnostic.o obj/runtime/list_CompilerSourceLocation.o obj/runtime/list_ASTNumber.o obj/runtime/list_ASTFloat.o obj/runtime/list_ASTString.o obj/runtime/list_ASTBool.o obj/runtime/list_ASTIdentifier.o obj/runtime/list_ASTBinaryOp.o obj/runtime/list_ASTCall.o obj/runtime/list_ASTModuleQualifiedCall.o obj/runtime/list_ASTArrayLiteral.o obj/runtime/list_ASTLet.o obj/runtime/list_ASTSet.o obj/runtime/list_ASTStmtRef.o obj/runtime/list_ASTIf.o obj/runtime/list_ASTWhile.o obj/runtime/list_ASTFor.o obj/runtime/list_ASTReturn.o obj/runtime/list_ASTBlock.o obj/runtime/list_ASTUnsafeBlock.o obj/runtime/list_ASTPrint.o obj/runtime/list_ASTAssert.o obj/runtime/list_ASTFunction.o obj/runtime/list_ASTShadow.o obj/runtime/list_ASTStruct.o obj/runtime/list_ASTStructLiteral.o obj/runtime/list_ASTFieldAccess.o obj/runtime/list_ASTEnum.o obj/runtime/list_ASTUnion.o obj/runtime/list_ASTUnionConstruct.o obj/runtime/list_ASTMatch.o obj/runtime/list_ASTImport.o obj/runtime/list_ASTOpaqueType.o obj/runtime/list_ASTTupleLiteral.o obj/runtime/list_ASTTupleIndex.o obj/runtime/token_helpers.o obj/runtime/gc.o obj/runtime/effect_runtime.o obj/runtime/dyn_array.o obj/runtime/gc_struct.o obj/runtime/nl_string.o obj/runtime/ffi_loader.o obj/runtime/module_build_dir.o obj/runtime/cli.o obj/runtime/regex.o -lm -lcrypto -lffi  -rdynamic
./obj/test_owned_result_preflight
117 return preflight checks passed
python3 -m unittest -v tests.test_owned_value_results
test_leak_detection_policy_is_compiler_specific (tests.test_owned_value_results.OwnedValueResults.test_leak_detection_policy_is_compiler_specific) ... ok
test_owned_value_results_and_cleanup (tests.test_owned_value_results.OwnedValueResults.test_owned_value_results_and_cleanup) ... ok

----------------------------------------------------------------------
Ran 2 tests in 4.313s

OK
owned-result sanitizer compiler=cc detect_leaks=1
case 0 0 42
case 1 0 42
case 2 0 42
case 3 0 42
case 4 0 42
case 5 0 42
case 6 2 42
case 7 2 42
case 8 2 42
case 9 2 42
1552 owned value result checks passed
