✓ Bootstrap Stage 0: C reference compiler ready

==========================================
Bootstrap Stage 1: Self-Hosted Compiler
==========================================
Compiling nanoc_v06.nano with C compiler...
Warning at line 9, column 1: Unused variable 'parser'
Warning at line 175, column 9: Unused variable 'ignored'
Warning at line 2092, column 9: Unused variable 'rejected'
Warning at line 2213, column 9: Unused variable 'rejected'
Warning at line 2220, column 13: Unused variable 'rejected'
Warning at line 2258, column 9: Unused variable 'rejected'
Warning at line 2262, column 9: Unused variable 'rejected'
Warning at line 2269, column 13: Unused variable 'rejected'
Warning at line 5384, column 17: Unused variable 'imported'
Warning at line 9, column 1: Unused variable 'parser'
Warning at line 9, column 1: Unused variable 'parser'
Warning at line 175, column 9: Unused variable 'ignored'
Warning at line 175, column 9: Unused variable 'ignored'
Warning at line 2092, column 9: Unused variable 'rejected'
Warning at line 2213, column 9: Unused variable 'rejected'
Warning at line 2220, column 13: Unused variable 'rejected'
Warning at line 2258, column 9: Unused variable 'rejected'
Warning at line 2262, column 9: Unused variable 'rejected'
Warning at line 2269, column 13: Unused variable 'rejected'
Warning at line 5384, column 17: Unused variable 'imported'
Warning at line 9, column 1: Unused variable 'parser'
✓ Stage 1 compiler created: bin/nanoc_stage1

Testing stage 1 compiler...
Hello from NanoLang!
✓ Stage 1 compiler works!

==========================================
Bootstrap Stage 2: Recompilation
==========================================
Compiling nanoc_v06.nano with stage 1 compiler...
/var/folders/v0/pxyl2_m512v5j9nhv674pt400000gn/T//nano_native_1789980937_0/program.c:891:40: warning: redefinition of typedef 'List_CompilerDiagnostic' is a C11 feature [-Wtypedef-redefinition]
  891 | typedef struct List_CompilerDiagnostic List_CompilerDiagnostic;
      |                                        ^
/private/tmp/nanolang-record-lists-qualified-1b8/src/generated/compiler_schema.h:145:40: note: previous definition is here
  145 | typedef struct List_CompilerDiagnostic List_CompilerDiagnostic;
      |                                        ^
/var/folders/v0/pxyl2_m512v5j9nhv674pt400000gn/T//nano_native_1789980937_0/program.c:892:32: warning: redefinition of typedef 'List_LexerToken' is a C11 feature [-Wtypedef-redefinition]
  892 | typedef struct List_LexerToken List_LexerToken;
      |                                ^
/private/tmp/nanolang-record-lists-qualified-1b8/src/generated/compiler_schema.h:149:32: note: previous definition is here
  149 | typedef struct List_LexerToken List_LexerToken;
      |                                ^
/var/folders/v0/pxyl2_m512v5j9nhv674pt400000gn/T//nano_native_1789980937_0/program.c:893:31: warning: redefinition of typedef 'List_ASTNumber' is a C11 feature [-Wtypedef-redefinition]
  893 | typedef struct List_ASTNumber List_ASTNumber;
      |                               ^
/private/tmp/nanolang-record-lists-qualified-1b8/src/generated/compiler_schema.h:81:31: note: previous definition is here
   81 | typedef struct List_ASTNumber List_ASTNumber;
      |                               ^
/var/folders/v0/pxyl2_m512v5j9nhv674pt400000gn/T//nano_native_1789980937_0/program.c:894:30: warning: redefinition of typedef 'List_ASTFloat' is a C11 feature [-Wtypedef-redefinition]
  894 | typedef struct List_ASTFloat List_ASTFloat;
      |                              ^
/private/tmp/nanolang-record-lists-qualified-1b8/src/generated/compiler_schema.h:45:30: note: previous definition is here
   45 | typedef struct List_ASTFloat List_ASTFloat;
      |                              ^
/var/folders/v0/pxyl2_m512v5j9nhv674pt400000gn/T//nano_native_1789980937_0/program.c:895:31: warning: redefinition of typedef 'List_ASTString' is a C11 feature [-Wtypedef-redefinition]
  895 | typedef struct List_ASTString List_ASTString;
      |                               ^
/private/tmp/nanolang-record-lists-qualified-1b8/src/generated/compiler_schema.h:109:31: note: previous definition is here
  109 | typedef struct List_ASTString List_ASTString;
      |                               ^
/var/folders/v0/pxyl2_m512v5j9nhv674pt400000gn/T//nano_native_1789980937_0/program.c:896:29: warning: redefinition of typedef 'List_ASTBool' is a C11 feature [-Wtypedef-redefinition]
  896 | typedef struct List_ASTBool List_ASTBool;
      |                             ^
/private/tmp/nanolang-record-lists-qualified-1b8/src/generated/compiler_schema.h:29:29: note: previous definition is here
   29 | typedef struct List_ASTBool List_ASTBool;
      |                             ^
/var/folders/v0/pxyl2_m512v5j9nhv674pt400000gn/T//nano_native_1789980937_0/program.c:897:35: warning: redefinition of typedef 'List_ASTIdentifier' is a C11 feature [-Wtypedef-redefinition]
  897 | typedef struct List_ASTIdentifier List_ASTIdentifier;
      |                                   ^
/private/tmp/nanolang-record-lists-qualified-1b8/src/generated/compiler_schema.h:57:35: note: previous definition is here
   57 | typedef struct List_ASTIdentifier List_ASTIdentifier;
      |                                   ^
/var/folders/v0/pxyl2_m512v5j9nhv674pt400000gn/T//nano_native_1789980937_0/program.c:898:33: warning: redefinition of typedef 'List_ASTBinaryOp' is a C11 feature [-Wtypedef-redefinition]
  898 | typedef struct List_ASTBinaryOp List_ASTBinaryOp;
      |                                 ^
/private/tmp/nanolang-record-lists-qualified-1b8/src/generated/compiler_schema.h:21:33: note: previous definition is here
   21 | typedef struct List_ASTBinaryOp List_ASTBinaryOp;
      |                                 ^
/var/folders/v0/pxyl2_m512v5j9nhv674pt400000gn/T//nano_native_1789980937_0/program.c:899:29: warning: redefinition of typedef 'List_ASTCall' is a C11 feature [-Wtypedef-redefinition]
  899 | typedef struct List_ASTCall List_ASTCall;
      |                             ^
/private/tmp/nanolang-record-lists-qualified-1b8/src/generated/compiler_schema.h:33:29: note: previous definition is here
   33 | typedef struct List_ASTCall List_ASTCall;
      |                             ^
/var/folders/v0/pxyl2_m512v5j9nhv674pt400000gn/T//nano_native_1789980937_0/program.c:900:44: warning: redefinition of typedef 'List_ASTModuleQualifiedCall' is a C11 feature [-Wtypedef-redefinition]
  900 | typedef struct List_ASTModuleQualifiedCall List_ASTModuleQualifiedCall;
      |                                            ^
/private/tmp/nanolang-record-lists-qualified-1b8/src/generated/compiler_schema.h:77:44: note: previous definition is here
   77 | typedef struct List_ASTModuleQualifiedCall List_ASTModuleQualifiedCall;
      |                                            ^
/var/folders/v0/pxyl2_m512v5j9nhv674pt400000gn/T//nano_native_1789980937_0/program.c:901:32: warning: redefinition of typedef 'List_ASTStmtRef' is a C11 feature [-Wtypedef-redefinition]
  901 | typedef struct List_ASTStmtRef List_ASTStmtRef;
      |                                ^
/private/tmp/nanolang-record-lists-qualified-1b8/src/generated/compiler_schema.h:105:32: note: previous definition is here
  105 | typedef struct List_ASTStmtRef List_ASTStmtRef;
      |                                ^
/var/folders/v0/pxyl2_m512v5j9nhv674pt400000gn/T//nano_native_1789980937_0/program.c:902:37: warning: redefinition of typedef 'List_ASTArrayLiteral' is a C11 feature [-Wtypedef-redefinition]
  902 | typedef struct List_ASTArrayLiteral List_ASTArrayLiteral;
      |                                     ^
/private/tmp/nanolang-record-lists-qualified-1b8/src/generated/compiler_schema.h:13:37: note: previous definition is here
   13 | typedef struct List_ASTArrayLiteral List_ASTArrayLiteral;
      |                                     ^
/var/folders/v0/pxyl2_m512v5j9nhv674pt400000gn/T//nano_native_1789980937_0/program.c:903:28: warning: redefinition of typedef 'List_ASTLet' is a C11 feature [-Wtypedef-redefinition]
  903 | typedef struct List_ASTLet List_ASTLet;
      |                            ^
/private/tmp/nanolang-record-lists-qualified-1b8/src/generated/compiler_schema.h:69:28: note: previous definition is here
   69 | typedef struct List_ASTLet List_ASTLet;
      |                            ^
/var/folders/v0/pxyl2_m512v5j9nhv674pt400000gn/T//nano_native_1789980937_0/program.c:904:28: warning: redefinition of typedef 'List_ASTSet' is a C11 feature [-Wtypedef-redefinition]
  904 | typedef struct List_ASTSet List_ASTSet;
      |                            ^
/private/tmp/nanolang-record-lists-qualified-1b8/src/generated/compiler_schema.h:97:28: note: previous definition is here
   97 | typedef struct List_ASTSet List_ASTSet;
      |                            ^
/var/folders/v0/pxyl2_m512v5j9nhv674pt400000gn/T//nano_native_1789980937_0/program.c:905:27: warning: redefinition of typedef 'List_ASTIf' is a C11 feature [-Wtypedef-redefinition]
  905 | typedef struct List_ASTIf List_ASTIf;
      |                           ^
/private/tmp/nanolang-record-lists-qualified-1b8/src/generated/compiler_schema.h:61:27: note: previous definition is here
   61 | typedef struct List_ASTIf List_ASTIf;
      |                           ^
/var/folders/v0/pxyl2_m512v5j9nhv674pt400000gn/T//nano_native_1789980937_0/program.c:906:30: warning: redefinition of typedef 'List_ASTWhile' is a C11 feature [-Wtypedef-redefinition]
  906 | typedef struct List_ASTWhile List_ASTWhile;
      |                              ^
/private/tmp/nanolang-record-lists-qualified-1b8/src/generated/compiler_schema.h:141:30: note: previous definition is here
  141 | typedef struct List_ASTWhile List_ASTWhile;
      |                              ^
/var/folders/v0/pxyl2_m512v5j9nhv674pt400000gn/T//nano_native_1789980937_0/program.c:907:28: warning: redefinition of typedef 'List_ASTFor' is a C11 feature [-Wtypedef-redefinition]
  907 | typedef struct List_ASTFor List_ASTFor;
      |                            ^
/private/tmp/nanolang-record-lists-qualified-1b8/src/generated/compiler_schema.h:49:28: note: previous definition is here
   49 | typedef struct List_ASTFor List_ASTFor;
      |                            ^
/var/folders/v0/pxyl2_m512v5j9nhv674pt400000gn/T//nano_native_1789980937_0/program.c:908:31: warning: redefinition of typedef 'List_ASTReturn' is a C11 feature [-Wtypedef-redefinition]
  908 | typedef struct List_ASTReturn List_ASTReturn;
      |                               ^
/private/tmp/nanolang-record-lists-qualified-1b8/src/generated/compiler_schema.h:93:31: note: previous definition is here
   93 | typedef struct List_ASTReturn List_ASTReturn;
      |                               ^
/var/folders/v0/pxyl2_m512v5j9nhv674pt400000gn/T//nano_native_1789980937_0/program.c:909:30: warning: redefinition of typedef 'List_ASTBlock' is a C11 feature [-Wtypedef-redefinition]
  909 | typedef struct List_ASTBlock List_ASTBlock;
      |                              ^
/private/tmp/nanolang-record-lists-qualified-1b8/src/generated/compiler_schema.h:25:30: note: previous definition is here
   25 | typedef struct List_ASTBlock List_ASTBlock;
      |                              ^
/var/folders/v0/pxyl2_m512v5j9nhv674pt400000gn/T//nano_native_1789980937_0/program.c:910:36: warning: redefinition of typedef 'List_ASTUnsafeBlock' is a C11 feature [-Wtypedef-redefinition]
  910 | typedef struct List_ASTUnsafeBlock List_ASTUnsafeBlock;
      |                                    ^
/private/tmp/nanolang-record-lists-qualified-1b8/src/generated/compiler_schema.h:137:36: note: previous definition is here
  137 | typedef struct List_ASTUnsafeBlock List_ASTUnsafeBlock;
      |                                    ^
/var/folders/v0/pxyl2_m512v5j9nhv674pt400000gn/T//nano_native_1789980937_0/program.c:911:30: warning: redefinition of typedef 'List_ASTPrint' is a C11 feature [-Wtypedef-redefinition]
  911 | typedef struct List_ASTPrint List_ASTPrint;
      |                              ^
/private/tmp/nanolang-record-lists-qualified-1b8/src/generated/compiler_schema.h:89:30: note: previous definition is here
   89 | typedef struct List_ASTPrint List_ASTPrint;
      |                              ^
/var/folders/v0/pxyl2_m512v5j9nhv674pt400000gn/T//nano_native_1789980937_0/program.c:912:31: warning: redefinition of typedef 'List_ASTAssert' is a C11 feature [-Wtypedef-redefinition]
  912 | typedef struct List_ASTAssert List_ASTAssert;
      |                               ^
/private/tmp/nanolang-record-lists-qualified-1b8/src/generated/compiler_schema.h:17:31: note: previous definition is here
   17 | typedef struct List_ASTAssert List_ASTAssert;
      |                               ^
/var/folders/v0/pxyl2_m512v5j9nhv674pt400000gn/T//nano_native_1789980937_0/program.c:913:33: warning: redefinition of typedef 'List_ASTFunction' is a C11 feature [-Wtypedef-redefinition]
  913 | typedef struct List_ASTFunction List_ASTFunction;
      |                                 ^
/private/tmp/nanolang-record-lists-qualified-1b8/src/generated/compiler_schema.h:53:33: note: previous definition is here
   53 | typedef struct List_ASTFunction List_ASTFunction;
      |                                 ^
/var/folders/v0/pxyl2_m512v5j9nhv674pt400000gn/T//nano_native_1789980937_0/program.c:914:31: warning: redefinition of typedef 'List_ASTShadow' is a C11 feature [-Wtypedef-redefinition]
  914 | typedef struct List_ASTShadow List_ASTShadow;
      |                               ^
/private/tmp/nanolang-record-lists-qualified-1b8/src/generated/compiler_schema.h:101:31: note: previous definition is here
  101 | typedef struct List_ASTShadow List_ASTShadow;
      |                               ^
/var/folders/v0/pxyl2_m512v5j9nhv674pt400000gn/T//nano_native_1789980937_0/program.c:915:31: warning: redefinition of typedef 'List_ASTStruct' is a C11 feature [-Wtypedef-redefinition]
  915 | typedef struct List_ASTStruct List_ASTStruct;
      |                               ^
/private/tmp/nanolang-record-lists-qualified-1b8/src/generated/compiler_schema.h:113:31: note: previous definition is here
  113 | typedef struct List_ASTStruct List_ASTStruct;
      |                               ^
/var/folders/v0/pxyl2_m512v5j9nhv674pt400000gn/T//nano_native_1789980937_0/program.c:916:38: warning: redefinition of typedef 'List_ASTStructLiteral' is a C11 feature [-Wtypedef-redefinition]
  916 | typedef struct List_ASTStructLiteral List_ASTStructLiteral;
      |                                      ^
/private/tmp/nanolang-record-lists-qualified-1b8/src/generated/compiler_schema.h:117:38: note: previous definition is here
  117 | typedef struct List_ASTStructLiteral List_ASTStructLiteral;
      |                                      ^
/var/folders/v0/pxyl2_m512v5j9nhv674pt400000gn/T//nano_native_1789980937_0/program.c:917:36: warning: redefinition of typedef 'List_ASTFieldAccess' is a C11 feature [-Wtypedef-redefinition]
  917 | typedef struct List_ASTFieldAccess List_ASTFieldAccess;
      |                                    ^
/private/tmp/nanolang-record-lists-qualified-1b8/src/generated/compiler_schema.h:41:36: note: previous definition is here
   41 | typedef struct List_ASTFieldAccess List_ASTFieldAccess;
      |                                    ^
/var/folders/v0/pxyl2_m512v5j9nhv674pt400000gn/T//nano_native_1789980937_0/program.c:918:29: warning: redefinition of typedef 'List_ASTEnum' is a C11 feature [-Wtypedef-redefinition]
  918 | typedef struct List_ASTEnum List_ASTEnum;
      |                             ^
/private/tmp/nanolang-record-lists-qualified-1b8/src/generated/compiler_schema.h:37:29: note: previous definition is here
   37 | typedef struct List_ASTEnum List_ASTEnum;
      |                             ^
/var/folders/v0/pxyl2_m512v5j9nhv674pt400000gn/T//nano_native_1789980937_0/program.c:919:30: warning: redefinition of typedef 'List_ASTUnion' is a C11 feature [-Wtypedef-redefinition]
  919 | typedef struct List_ASTUnion List_ASTUnion;
      |                              ^
/private/tmp/nanolang-record-lists-qualified-1b8/src/generated/compiler_schema.h:129:30: note: previous definition is here
  129 | typedef struct List_ASTUnion List_ASTUnion;
      |                              ^
/var/folders/v0/pxyl2_m512v5j9nhv674pt400000gn/T//nano_native_1789980937_0/program.c:920:39: warning: redefinition of typedef 'List_ASTUnionConstruct' is a C11 feature [-Wtypedef-redefinition]
  920 | typedef struct List_ASTUnionConstruct List_ASTUnionConstruct;
      |                                       ^
/private/tmp/nanolang-record-lists-qualified-1b8/src/generated/compiler_schema.h:133:39: note: previous definition is here
  133 | typedef struct List_ASTUnionConstruct List_ASTUnionConstruct;
      |                                       ^
/var/folders/v0/pxyl2_m512v5j9nhv674pt400000gn/T//nano_native_1789980937_0/program.c:921:30: warning: redefinition of typedef 'List_ASTMatch' is a C11 feature [-Wtypedef-redefinition]
  921 | typedef struct List_ASTMatch List_ASTMatch;
      |                              ^
/private/tmp/nanolang-record-lists-qualified-1b8/src/generated/compiler_schema.h:73:30: note: previous definition is here
   73 | typedef struct List_ASTMatch List_ASTMatch;
      |                              ^
/var/folders/v0/pxyl2_m512v5j9nhv674pt400000gn/T//nano_native_1789980937_0/program.c:922:31: warning: redefinition of typedef 'List_ASTImport' is a C11 feature [-Wtypedef-redefinition]
  922 | typedef struct List_ASTImport List_ASTImport;
      |                               ^
/private/tmp/nanolang-record-lists-qualified-1b8/src/generated/compiler_schema.h:65:31: note: previous definition is here
   65 | typedef struct List_ASTImport List_ASTImport;
      |                               ^
/var/folders/v0/pxyl2_m512v5j9nhv674pt400000gn/T//nano_native_1789980937_0/program.c:923:35: warning: redefinition of typedef 'List_ASTOpaqueType' is a C11 feature [-Wtypedef-redefinition]
  923 | typedef struct List_ASTOpaqueType List_ASTOpaqueType;
      |                                   ^
/private/tmp/nanolang-record-lists-qualified-1b8/src/generated/compiler_schema.h:85:35: note: previous definition is here
   85 | typedef struct List_ASTOpaqueType List_ASTOpaqueType;
      |                                   ^
/var/folders/v0/pxyl2_m512v5j9nhv674pt400000gn/T//nano_native_1789980937_0/program.c:924:37: warning: redefinition of typedef 'List_ASTTupleLiteral' is a C11 feature [-Wtypedef-redefinition]
  924 | typedef struct List_ASTTupleLiteral List_ASTTupleLiteral;
      |                                     ^
/private/tmp/nanolang-record-lists-qualified-1b8/src/generated/compiler_schema.h:125:37: note: previous definition is here
  125 | typedef struct List_ASTTupleLiteral List_ASTTupleLiteral;
      |                                     ^
/var/folders/v0/pxyl2_m512v5j9nhv674pt400000gn/T//nano_native_1789980937_0/program.c:925:35: warning: redefinition of typedef 'List_ASTTupleIndex' is a C11 feature [-Wtypedef-redefinition]
  925 | typedef struct List_ASTTupleIndex List_ASTTupleIndex;
      |                                   ^
/private/tmp/nanolang-record-lists-qualified-1b8/src/generated/compiler_schema.h:121:35: note: previous definition is here
  121 | typedef struct List_ASTTupleIndex List_ASTTupleIndex;
      |                                   ^
src_nano/nanoc_v06.nano:19885:9: warning: initializing 'typeof ((nl_tc_enclosing_function)._v)' (aka 'char *') with an expression of type 'const char *' discards qualifiers [-Wincompatible-pointer-types-discards-qualifiers]
 19885 |         NL_GUARDED_WRITE(nl_tc_enclosing_function, nl_previous_function);
       |         ^~~~~~~~~~~~~~~~~~~~~~~~~~~~~~~~~~~~~~~~~~~~~~~~~~~~~~~~~~~~~~~~
/private/tmp/nanolang-record-lists-qualified-1b8/src/runtime/nano_dispatch.h:51:28: note: expanded from macro 'NL_GUARDED_WRITE'
   51 |         __typeof__((g)._v) _nl_val = (expr);                                   \
      |                            ^         ~~~~~~
src_nano/nanoc_v06.nano:19886:9: warning: initializing 'typeof ((nl_tc_enclosing_return)._v)' (aka 'char *') with an expression of type 'const char *' discards qualifiers [-Wincompatible-pointer-types-discards-qualifiers]
 19886 |         NL_GUARDED_WRITE(nl_tc_enclosing_return, nl_previous_return);
       |         ^~~~~~~~~~~~~~~~~~~~~~~~~~~~~~~~~~~~~~~~~~~~~~~~~~~~~~~~~~~~
/private/tmp/nanolang-record-lists-qualified-1b8/src/runtime/nano_dispatch.h:51:28: note: expanded from macro 'NL_GUARDED_WRITE'
   51 |         __typeof__((g)._v) _nl_val = (expr);                                   \
      |                            ^         ~~~~~~
src_nano/nanoc_v06.nano:23249:9: warning: initializing 'typeof ((nl_reduce_emission_error)._v)' (aka 'char *') with an expression of type 'const char *' discards qualifiers [-Wincompatible-pointer-types-discards-qualifiers]
 23249 |         NL_GUARDED_WRITE(nl_reduce_emission_error, nl_message);
       |         ^~~~~~~~~~~~~~~~~~~~~~~~~~~~~~~~~~~~~~~~~~~~~~~~~~~~~~
/private/tmp/nanolang-record-lists-qualified-1b8/src/runtime/nano_dispatch.h:51:28: note: expanded from macro 'NL_GUARDED_WRITE'
   51 |         __typeof__((g)._v) _nl_val = (expr);                                   \
      |                            ^         ~~~~~~
src_nano/nanoc_v06.nano:31115:9: warning: initializing 'typeof ((nl_nb_expression_identity)._v)' (aka 'char *') with an expression of type 'const char *' discards qualifiers [-Wincompatible-pointer-types-discards-qualifiers]
 31115 |         NL_GUARDED_WRITE(nl_nb_expression_identity, nl_authoritative);
       |         ^~~~~~~~~~~~~~~~~~~~~~~~~~~~~~~~~~~~~~~~~~~~~~~~~~~~~~~~~~~~~
/private/tmp/nanolang-record-lists-qualified-1b8/src/runtime/nano_dispatch.h:51:28: note: expanded from macro 'NL_GUARDED_WRITE'
   51 |         __typeof__((g)._v) _nl_val = (expr);                                   \
      |                            ^         ~~~~~~
src_nano/nanoc_v06.nano:31160:5: warning: initializing 'typeof ((nl_nb_expression_identity)._v)' (aka 'char *') with an expression of type 'const char *' discards qualifiers [-Wincompatible-pointer-types-discards-qualifiers]
 31160 |     NL_GUARDED_WRITE(nl_nb_expression_identity, nl_authoritative);
       |     ^~~~~~~~~~~~~~~~~~~~~~~~~~~~~~~~~~~~~~~~~~~~~~~~~~~~~~~~~~~~~
/private/tmp/nanolang-record-lists-qualified-1b8/src/runtime/nano_dispatch.h:51:28: note: expanded from macro 'NL_GUARDED_WRITE'
   51 |         __typeof__((g)._v) _nl_val = (expr);                                   \
      |                            ^         ~~~~~~
src_nano/nanoc_v06.nano:31658:17: warning: initializing 'typeof ((nl_nb_loop_top)._v)' (aka 'char *') with an expression of type 'const char *' discards qualifiers [-Wincompatible-pointer-types-discards-qualifiers]
 31658 |                 NL_GUARDED_WRITE(nl_nb_loop_top, nl_top);
       |                 ^~~~~~~~~~~~~~~~~~~~~~~~~~~~~~~~~~~~~~~~
/private/tmp/nanolang-record-lists-qualified-1b8/src/runtime/nano_dispatch.h:51:28: note: expanded from macro 'NL_GUARDED_WRITE'
   51 |         __typeof__((g)._v) _nl_val = (expr);                                   \
      |                            ^         ~~~~~~
src_nano/nanoc_v06.nano:31658:17: warning: initializing 'typeof ((nl_nb_loop_done)._v)' (aka 'char *') with an expression of type 'const char *' discards qualifiers [-Wincompatible-pointer-types-discards-qualifiers]
 31658 |                 NL_GUARDED_WRITE(nl_nb_loop_done, nl_skip);
       |                 ^~~~~~~~~~~~~~~~~~~~~~~~~~~~~~~~~~~~~~~~~~
/private/tmp/nanolang-record-lists-qualified-1b8/src/runtime/nano_dispatch.h:51:28: note: expanded from macro 'NL_GUARDED_WRITE'
   51 |         __typeof__((g)._v) _nl_val = (expr);                                   \
      |                            ^         ~~~~~~
src_nano/nanoc_v06.nano:31665:17: warning: initializing 'typeof ((nl_nb_loop_top)._v)' (aka 'char *') with an expression of type 'const char *' discards qualifiers [-Wincompatible-pointer-types-discards-qualifiers]
 31665 |                 NL_GUARDED_WRITE(nl_nb_loop_top, nl_saved_top);
       |                 ^~~~~~~~~~~~~~~~~~~~~~~~~~~~~~~~~~~~~~~~~~~~~~
/private/tmp/nanolang-record-lists-qualified-1b8/src/runtime/nano_dispatch.h:51:28: note: expanded from macro 'NL_GUARDED_WRITE'
   51 |         __typeof__((g)._v) _nl_val = (expr);                                   \
      |                            ^         ~~~~~~
src_nano/nanoc_v06.nano:31665:17: warning: initializing 'typeof ((nl_nb_loop_done)._v)' (aka 'char *') with an expression of type 'const char *' discards qualifiers [-Wincompatible-pointer-types-discards-qualifiers]
 31665 |                 NL_GUARDED_WRITE(nl_nb_loop_done, nl_saved_done);
       |                 ^~~~~~~~~~~~~~~~~~~~~~~~~~~~~~~~~~~~~~~~~~~~~~~~
/private/tmp/nanolang-record-lists-qualified-1b8/src/runtime/nano_dispatch.h:51:28: note: expanded from macro 'NL_GUARDED_WRITE'
   51 |         __typeof__((g)._v) _nl_val = (expr);                                   \
      |                            ^         ~~~~~~
src_nano/nanoc_v06.nano:33065:9: warning: initializing 'typeof ((nl_nisa_err)._v)' (aka 'char *') with an expression of type 'const char *' discards qualifiers [-Wincompatible-pointer-types-discards-qualifiers]
 33065 |         NL_GUARDED_WRITE(nl_nisa_err, nl_msg);
       |         ^~~~~~~~~~~~~~~~~~~~~~~~~~~~~~~~~~~~~
/private/tmp/nanolang-record-lists-qualified-1b8/src/runtime/nano_dispatch.h:51:28: note: expanded from macro 'NL_GUARDED_WRITE'
   51 |         __typeof__((g)._v) _nl_val = (expr);                                   \
      |                            ^         ~~~~~~
src_nano/nanoc_v06.nano:34636:5: warning: initializing 'typeof ((nl_nisa_ordinary_init)._v)' (aka 'char *') with an expression of type 'const char *' discards qualifiers [-Wincompatible-pointer-types-discards-qualifiers]
 34636 |     NL_GUARDED_WRITE(nl_nisa_ordinary_init, nl___nano_module___25_nisa_ordinary_contract(nl_parser, "void", 0, nl_nisa_types));
       |     ^~~~~~~~~~~~~~~~~~~~~~~~~~~~~~~~~~~~~~~~~~~~~~~~~~~~~~~~~~~~~~~~~~~~~~~~~~~~~~~~~~~~~~~~~~~~~~~~~~~~~~~~~~~~~~~~~~~~~~~~~~
/private/tmp/nanolang-record-lists-qualified-1b8/src/runtime/nano_dispatch.h:51:28: note: expanded from macro 'NL_GUARDED_WRITE'
   51 |         __typeof__((g)._v) _nl_val = (expr);                                   \
      |                            ^         ~~~~~~
src_nano/nanoc_v06.nano:36913:5: warning: initializing 'typeof ((nl_nisa_loop_top)._v)' (aka 'char *') with an expression of type 'const char *' discards qualifiers [-Wincompatible-pointer-types-discards-qualifiers]
 36913 |     NL_GUARDED_WRITE(nl_nisa_loop_top, nl_l_top);
       |     ^~~~~~~~~~~~~~~~~~~~~~~~~~~~~~~~~~~~~~~~~~~~
/private/tmp/nanolang-record-lists-qualified-1b8/src/runtime/nano_dispatch.h:51:28: note: expanded from macro 'NL_GUARDED_WRITE'
   51 |         __typeof__((g)._v) _nl_val = (expr);                                   \
      |                            ^         ~~~~~~
src_nano/nanoc_v06.nano:36914:5: warning: initializing 'typeof ((nl_nisa_loop_end)._v)' (aka 'char *') with an expression of type 'const char *' discards qualifiers [-Wincompatible-pointer-types-discards-qualifiers]
 36914 |     NL_GUARDED_WRITE(nl_nisa_loop_end, nl_l_end);
       |     ^~~~~~~~~~~~~~~~~~~~~~~~~~~~~~~~~~~~~~~~~~~~
/private/tmp/nanolang-record-lists-qualified-1b8/src/runtime/nano_dispatch.h:51:28: note: expanded from macro 'NL_GUARDED_WRITE'
   51 |         __typeof__((g)._v) _nl_val = (expr);                                   \
      |                            ^         ~~~~~~
src_nano/nanoc_v06.nano:36932:5: warning: initializing 'typeof ((nl_nisa_loop_top)._v)' (aka 'char *') with an expression of type 'const char *' discards qualifiers [-Wincompatible-pointer-types-discards-qualifiers]
 36932 |     NL_GUARDED_WRITE(nl_nisa_loop_top, nl_outer_top);
       |     ^~~~~~~~~~~~~~~~~~~~~~~~~~~~~~~~~~~~~~~~~~~~~~~~
/private/tmp/nanolang-record-lists-qualified-1b8/src/runtime/nano_dispatch.h:51:28: note: expanded from macro 'NL_GUARDED_WRITE'
   51 |         __typeof__((g)._v) _nl_val = (expr);                                   \
      |                            ^         ~~~~~~
src_nano/nanoc_v06.nano:36933:5: warning: initializing 'typeof ((nl_nisa_loop_end)._v)' (aka 'char *') with an expression of type 'const char *' discards qualifiers [-Wincompatible-pointer-types-discards-qualifiers]
 36933 |     NL_GUARDED_WRITE(nl_nisa_loop_end, nl_outer_end);
       |     ^~~~~~~~~~~~~~~~~~~~~~~~~~~~~~~~~~~~~~~~~~~~~~~~
/private/tmp/nanolang-record-lists-qualified-1b8/src/runtime/nano_dispatch.h:51:28: note: expanded from macro 'NL_GUARDED_WRITE'
   51 |         __typeof__((g)._v) _nl_val = (expr);                                   \
      |                            ^         ~~~~~~
src_nano/nanoc_v06.nano:36934:5: warning: initializing 'typeof ((nl_nisa_loop_index)._v)' (aka 'char *') with an expression of type 'const char *' discards qualifiers [-Wincompatible-pointer-types-discards-qualifiers]
 36934 |     NL_GUARDED_WRITE(nl_nisa_loop_index, nl_outer_index);
       |     ^~~~~~~~~~~~~~~~~~~~~~~~~~~~~~~~~~~~~~~~~~~~~~~~~~~~
/private/tmp/nanolang-record-lists-qualified-1b8/src/runtime/nano_dispatch.h:51:28: note: expanded from macro 'NL_GUARDED_WRITE'
   51 |         __typeof__((g)._v) _nl_val = (expr);                                   \
      |                            ^         ~~~~~~
src_nano/nanoc_v06.nano:36981:5: warning: initializing 'typeof ((nl_nisa_loop_top)._v)' (aka 'char *') with an expression of type 'const char *' discards qualifiers [-Wincompatible-pointer-types-discards-qualifiers]
 36981 |     NL_GUARDED_WRITE(nl_nisa_loop_top, nl_top);
       |     ^~~~~~~~~~~~~~~~~~~~~~~~~~~~~~~~~~~~~~~~~~
/private/tmp/nanolang-record-lists-qualified-1b8/src/runtime/nano_dispatch.h:51:28: note: expanded from macro 'NL_GUARDED_WRITE'
   51 |         __typeof__((g)._v) _nl_val = (expr);                                   \
      |                            ^         ~~~~~~
src_nano/nanoc_v06.nano:36982:5: warning: initializing 'typeof ((nl_nisa_loop_end)._v)' (aka 'char *') with an expression of type 'const char *' discards qualifiers [-Wincompatible-pointer-types-discards-qualifiers]
 36982 |     NL_GUARDED_WRITE(nl_nisa_loop_end, nl_end);
       |     ^~~~~~~~~~~~~~~~~~~~~~~~~~~~~~~~~~~~~~~~~~
/private/tmp/nanolang-record-lists-qualified-1b8/src/runtime/nano_dispatch.h:51:28: note: expanded from macro 'NL_GUARDED_WRITE'
   51 |         __typeof__((g)._v) _nl_val = (expr);                                   \
      |                            ^         ~~~~~~
src_nano/nanoc_v06.nano:36983:5: warning: initializing 'typeof ((nl_nisa_loop_index)._v)' (aka 'char *') with an expression of type 'const char *' discards qualifiers [-Wincompatible-pointer-types-discards-qualifiers]
 36983 |     NL_GUARDED_WRITE(nl_nisa_loop_index, nl_index_slot);
       |     ^~~~~~~~~~~~~~~~~~~~~~~~~~~~~~~~~~~~~~~~~~~~~~~~~~~
/private/tmp/nanolang-record-lists-qualified-1b8/src/runtime/nano_dispatch.h:51:28: note: expanded from macro 'NL_GUARDED_WRITE'
   51 |         __typeof__((g)._v) _nl_val = (expr);                                   \
      |                            ^         ~~~~~~
src_nano/nanoc_v06.nano:37003:5: warning: initializing 'typeof ((nl_nisa_loop_top)._v)' (aka 'char *') with an expression of type 'const char *' discards qualifiers [-Wincompatible-pointer-types-discards-qualifiers]
 37003 |     NL_GUARDED_WRITE(nl_nisa_loop_top, nl_outer_top);
       |     ^~~~~~~~~~~~~~~~~~~~~~~~~~~~~~~~~~~~~~~~~~~~~~~~
/private/tmp/nanolang-record-lists-qualified-1b8/src/runtime/nano_dispatch.h:51:28: note: expanded from macro 'NL_GUARDED_WRITE'
   51 |         __typeof__((g)._v) _nl_val = (expr);                                   \
      |                            ^         ~~~~~~
src_nano/nanoc_v06.nano:37004:5: warning: initializing 'typeof ((nl_nisa_loop_end)._v)' (aka 'char *') with an expression of type 'const char *' discards qualifiers [-Wincompatible-pointer-types-discards-qualifiers]
 37004 |     NL_GUARDED_WRITE(nl_nisa_loop_end, nl_outer_end);
       |     ^~~~~~~~~~~~~~~~~~~~~~~~~~~~~~~~~~~~~~~~~~~~~~~~
/private/tmp/nanolang-record-lists-qualified-1b8/src/runtime/nano_dispatch.h:51:28: note: expanded from macro 'NL_GUARDED_WRITE'
   51 |         __typeof__((g)._v) _nl_val = (expr);                                   \
      |                            ^         ~~~~~~
src_nano/nanoc_v06.nano:37005:5: warning: initializing 'typeof ((nl_nisa_loop_index)._v)' (aka 'char *') with an expression of type 'const char *' discards qualifiers [-Wincompatible-pointer-types-discards-qualifiers]
 37005 |     NL_GUARDED_WRITE(nl_nisa_loop_index, nl_outer_index);
       |     ^~~~~~~~~~~~~~~~~~~~~~~~~~~~~~~~~~~~~~~~~~~~~~~~~~~~
/private/tmp/nanolang-record-lists-qualified-1b8/src/runtime/nano_dispatch.h:51:28: note: expanded from macro 'NL_GUARDED_WRITE'
   51 |         __typeof__((g)._v) _nl_val = (expr);                                   \
      |                            ^         ~~~~~~
src_nano/nanoc_v06.nano:23260:5: warning: initializing 'typeof ((nl_reduce_emission_error)._v)' (aka 'char *') with an expression of type 'const char *' discards qualifiers [-Wincompatible-pointer-types-discards-qualifiers]
 23260 |     NL_GUARDED_WRITE(nl_reduce_emission_error, nl_saved);
       |     ^~~~~~~~~~~~~~~~~~~~~~~~~~~~~~~~~~~~~~~~~~~~~~~~~~~~
/private/tmp/nanolang-record-lists-qualified-1b8/src/runtime/nano_dispatch.h:51:28: note: expanded from macro 'NL_GUARDED_WRITE'
   51 |         __typeof__((g)._v) _nl_val = (expr);                                   \
      |                            ^         ~~~~~~
src_nano/nanoc_v06.nano:23268:5: warning: initializing 'typeof ((nl_reduce_emission_error)._v)' (aka 'char *') with an expression of type 'const char *' discards qualifiers [-Wincompatible-pointer-types-discards-qualifiers]
 23268 |     NL_GUARDED_WRITE(nl_reduce_emission_error, nl_saved);
       |     ^~~~~~~~~~~~~~~~~~~~~~~~~~~~~~~~~~~~~~~~~~~~~~~~~~~~
/private/tmp/nanolang-record-lists-qualified-1b8/src/runtime/nano_dispatch.h:51:28: note: expanded from macro 'NL_GUARDED_WRITE'
   51 |         __typeof__((g)._v) _nl_val = (expr);                                   \
      |                            ^         ~~~~~~
59 warnings generated.
/private/tmp/nanolang-record-lists-qualified-1b8/modules/std/collections/collections.c:1:9: warning: '_GNU_SOURCE' macro redefined [-Wmacro-redefined]
    1 | #define _GNU_SOURCE
      |         ^
<command line>:1:9: note: previous definition is here
    1 | #define _GNU_SOURCE 1
      |         ^
1 warning generated.
/private/tmp/nanolang-record-lists-qualified-1b8/modules/std/json/json.c:1:9: warning: '_GNU_SOURCE' macro redefined [-Wmacro-redefined]
    1 | #define _GNU_SOURCE
      |         ^
<command line>:1:9: note: previous definition is here
    1 | #define _GNU_SOURCE 1
      |         ^
1 warning generated.
Assertion failed: (arr != NULL && "DynArray: NULL array"), function dyn_array_length, file dyn_array.c, line 472.
-- TYPE MISMATCH ------------------------------------------- test.nano



1| let x: int = "hello"
 | ^


TYPE MISMATCH: I expected a value of type `<expected>`, but found `<found>`.
=== NSType Checking (Count-based) ===
Validating 5 functions
NSType checking complete!
=== NSType Checking (Count-based) ===
Validating 0 functions
Error: No functions found
=== NSType Checking (Count-based) ===
Validating 1 functions
NSType checking complete!
I cannot define a record twice in one module: Handle
I rejected failed shadow execution
I will not publish native output after failed shadows
make: *** [.bootstrap2.built] Error 1
