test_allocation_failure_unwinds_callee_and_preserves_global_owner (tests.test_llvm_managed_strings.ManagedStrings.test_allocation_failure_unwinds_callee_and_preserves_global_owner) ... ok
test_callee_errors_unwind_all_frames_and_preserve_prior_global_writes (tests.test_llvm_managed_strings.ManagedStrings.test_callee_errors_unwind_all_frames_and_preserve_prior_global_writes) ... ok
test_content_aliases_branches_loop_and_nested_calls (tests.test_llvm_managed_strings.ManagedStrings.test_content_aliases_branches_loop_and_nested_calls) ... ok
test_dynamic_return_tag_errors_clean_explicit_and_implicit_frames (tests.test_llvm_managed_strings.ManagedStrings.test_dynamic_return_tag_errors_clean_explicit_and_implicit_frames) ... ok
test_global_ownership_reentry_initializer_and_terminal_disposal (tests.test_llvm_managed_strings.ManagedStrings.test_global_ownership_reentry_initializer_and_terminal_disposal) ... ok
test_managed_profile_preserves_numeric_tags_and_total_boundaries (tests.test_llvm_managed_strings.ManagedStrings.test_managed_profile_preserves_numeric_tags_and_total_boundaries) ... ok
test_native_byte_and_descriptor_allocation_failure_are_recoverable (tests.test_llvm_managed_strings.ManagedStrings.test_native_byte_and_descriptor_allocation_failure_are_recoverable) ... ok
test_substring_allocation_failure_and_type_error_cleanup (tests.test_llvm_managed_strings.ManagedStrings.test_substring_allocation_failure_and_type_error_cleanup) ... ok
test_substring_bytes_indices_aliases_and_reentry (tests.test_llvm_managed_strings.ManagedStrings.test_substring_bytes_indices_aliases_and_reentry) ... ok
test_unsupported_array_shape_and_reserved_entry_refusals_preserve_output (tests.test_llvm_managed_strings.ManagedStrings.test_unsupported_array_shape_and_reserved_entry_refusals_preserve_output) ... ok
test_wasm_memory_cap_failure_cleans_frames_and_reuses_storage (tests.test_llvm_managed_strings.ManagedStrings.test_wasm_memory_cap_failure_cleans_frames_and_reuses_storage) ... ok
test_decimal_bytes_limits_and_dynamic_aliases (tests.test_llvm_managed_decimal.ManagedDecimal.test_decimal_bytes_limits_and_dynamic_aliases) ... ok
test_globals_nonstrings_and_error_cleanup (tests.test_llvm_managed_decimal.ManagedDecimal.test_globals_nonstrings_and_error_cleanup) ... ok
test_allocation_failure_and_allocation_free_identity (tests.test_llvm_managed_format.ManagedFormat.test_allocation_failure_and_allocation_free_identity) ... ok
test_exact_scalar_bytes_and_string_owner_transfer (tests.test_llvm_managed_format.ManagedFormat.test_exact_scalar_bytes_and_string_owner_transfer) ... ok
test_float_instruction_and_signature_publication (tests.test_llvm_managed_format.ManagedFormat.test_float_instruction_and_signature_publication) ... ok
test_emitted_formatting_matches_vm_and_reference (tests.test_managed_binary64_format.Binary64Format.test_emitted_formatting_matches_vm_and_reference) ... ok
test_float_format_allocation_failure_recovers (tests.test_managed_binary64_format.Binary64Format.test_float_format_allocation_failure_recovers) ... FAIL

======================================================================
FAIL: test_float_format_allocation_failure_recovers (tests.test_managed_binary64_format.Binary64Format.test_float_format_allocation_failure_recovers)
----------------------------------------------------------------------
Traceback (most recent call last):
  File "/private/tmp/nanolang-managed-portability-darwin-dwrq2tb1/source/tests/test_managed_binary64_format.py", line 104, in test_float_format_allocation_failure_recovers
    self.native_harness(ir,f'budget={fail};if(nano_try_entry()!=((uint64_t)3<<32)||nms_module_live_objects())return 1;budget=-1;if(nano_try_entry()||nms_module_live_objects())return 2;return nano_dispose();',extra,['-Wl,--wrap=malloc'])
    ~~~~~~~~~~~~~~~~~~~^^^^^^^^^^^^^^^^^^^^^^^^^^^^^^^^^^^^^^^^^^^^^^^^^^^^^^^^^^^^^^^^^^^^^^^^^^^^^^^^^^^^^^^^^^^^^^^^^^^^^^^^^^^^^^^^^^^^^^^^^^^^^^^^^^^^^^^^^^^^^^^^^^^^^^^^^^^^^^^^^^^^^^^^^^^^^^^^^^^^^^^^^^^^^^^^^^^^^^^^^^^^^^^^^^^^^
  File "/private/tmp/nanolang-managed-portability-darwin-dwrq2tb1/source/tests/test_llvm_managed_strings.py", line 70, in native_harness
    self.run_cmd(self.clang+['-O1','-g','-fsanitize=address,undefined','-fno-sanitize-recover=all',
    ~~~~~~~~~~~~^^^^^^^^^^^^^^^^^^^^^^^^^^^^^^^^^^^^^^^^^^^^^^^^^^^^^^^^^^^^^^^^^^^^^^^^^^^^^^^^^^^
                            obj,source,*flags,'-o',exe])
                            ^^^^^^^^^^^^^^^^^^^^^^^^^^^^
  File "/private/tmp/nanolang-managed-portability-darwin-dwrq2tb1/source/tests/test_llvm_managed_strings.py", line 24, in run_cmd
    self.assertEqual(p.returncode == 0, success, str(args)+'\n'+p.stdout+p.stderr)
    ~~~~~~~~~~~~~~~~^^^^^^^^^^^^^^^^^^^^^^^^^^^^^^^^^^^^^^^^^^^^^^^^^^^^^^^^^^^^^^
AssertionError: False != True : ['clang', '-O1', '-g', '-fsanitize=address,undefined', '-fno-sanitize-recover=all', PosixPath('/var/folders/9z/xpmfgw8j09l4g6wwxrxtt97w0000gn/T/nano-managed-emitted-zlmm9sz6/asan.o'), PosixPath('/var/folders/9z/xpmfgw8j09l4g6wwxrxtt97w0000gn/T/nano-managed-emitted-zlmm9sz6/harness.c'), '-Wl,--wrap=malloc', '-o', PosixPath('/var/folders/9z/xpmfgw8j09l4g6wwxrxtt97w0000gn/T/nano-managed-emitted-zlmm9sz6/harness')]
ld: unknown options: --wrap=malloc 
clang: error: linker command failed with exit code 1 (use -v to see invocation)


----------------------------------------------------------------------
Ran 18 tests in 48.679s

FAILED (failures=1)
