TRACE 0 1 0 1 0 2 2 0 0 9 0 0 0,0,0,0,0,0,0 0,0,0,0,0,0,0 OUT17 HOST0/0 
TRACE 1 1 0 1 0 100 6 0 0 28 0 0 0,0,0,0,0,0,0 0,0,0,0,0,0,0 OUT17 HOST0/0 
TRACE 2 1 0 1 0 1000 118 0 0 169 0 0 0,0,0,0,0,0,0 0,0,0,0,0,0,0 OUT4 HOST0/0 
TRACE 3 1 0 1 0 1000 18 0 0 88 0 0 0,0,0,0,0,0,0 0,0,0,0,0,0,0 OUT99 HOST0/0 
TRACE 4 1 0 1 0 9 9 0 1 5 0 0 0,0,0,0,0,0,0 0,0,0,0,0,0,0 OUT11 HOST0/0 F0;F0;
TRACE 5 1 3 1 5 8 8 1 1 5 5 0 0,0,0,0,0,0,0 0,0,0,0,0,0,0 OUT-999 HOST0/0 F0;F0;
TRACE 6 1 3 1 5 0 0 1 2 0 5 0 0,0,0,0,0,0,0 0,0,0,0,0,0,0 OUT-999 HOST0/0 
TRACE 7 1 0 1 0 8 8 0 0 122 0 0 0,0,0,0,0,0,0 0,0,0,0,0,0,0 OUT73 HOST0/0 
TRACE 8 1 3 1 5 7 7 1 0 122 5 0 0,0,0,0,0,0,0 0,0,0,0,0,0,0 OUT-999 HOST0/0 
TRACE 9 1 0 1 0 32 32 0 0 122 0 0 0,0,0,0,0,0,0 0,0,0,0,0,0,0 OUT73 HOST1/1 O1;W1:1:1:255;C0:0;
TRACE 10 1 3 1 5 31 31 1 0 122 5 0 0,0,0,0,0,0,0 0,0,0,0,0,0,0 OUT-999 HOST1/1 O1;W1:1:1:255;C0:0;
TRACE 11 1 0 1 0 56 56 0 0 122 0 0 0,0,0,0,0,0,0 0,0,0,0,0,0,0 OUT73 HOST2/2 O1;W1:1:1:255;C0:0;O1;W1:1:1:255;C0:0;
TRACE 12 1 3 1 5 55 55 1 0 122 5 0 0,0,0,0,0,0,0 0,0,0,0,0,0,0 OUT-999 HOST2/2 O1;W1:1:1:255;C0:0;O1;W1:1:1:255;C0:0;
TRACE 13 1 0 1 0 6200 6200 0 0 122 0 0 0,0,0,0,0,0,0 0,0,0,0,0,0,0 OUT73 HOST258/258 O1;W1:1:1:255;C0:0;O1;W1:1:1:255;C0:0;O1;W1:1:1:255;C0:0;O1;W1:1:1:255;C0:0;O1;W1:1:1:255;C0:0;O1;W1:1:1:255;C0:0;O1;W1:1:1:255;C0:0;O1;W1:1:1:255;C0:0;O1;W1:1:1:255;C0:0;O1;W1:1:1:255;C0:0;O1;W1:1:1:255;C0:0;O1;W1:1:1:255;C0:0;O1;W1:1:1:255;C0:0;O1;W1:1:1:255;C0:0;O1;W1:1:1:255;C0:0;O1;W1:1:1:255;C0:0;O1;W1:1:1:255;C0:0;O1;W1:1:1:255;C0:0;O1;W1:1:1:255;C0:0;O1;W1:1:1:255;C0:0;O1;W1:1:1:255;C0:0;O1;W1:1:1:255;C0:0;O1;W1:1:1:255;C0:0;O1;W1:1:1:255;C0:0;O1;W1:1:1:255;C0:0;O1;W1:1:1:255;C0:0;O1;W1:1:1:255;C0:0;O1;W1:1:1:255;C0:0;O1;W1:1:1:255;C0:0;O1;W1:1:1:255;C0:0;O1;W1:1:1:255;C0:0;O1;W1:1:1:255;C0:0;O1;W1:1:1:255;C0:0;O1;W1:1:1:255;C0:0;O1;W1:1:1:255;C0:0;O1;W1:1:1:255;C0:0;O1;W1:1:1:255;C0:0;O1;W1:1:1:255;C0:0;O1;W1:1:1:255;C0:0;O1;W1:1:1:255;C0:0;O1;W1:1:1:255;C0:0;O1;W1:1:1:255;C0:0;O1;W1:1:1:255;C0:0;O1;W1:1:1:255;C0:0;O1;W1:1:1:255;C0:0;O1;W1:1:1:255;C0:0;O1;W1:1:1:255;C0:0;O1;W1:1:1:255;C0:0;O1;W1:1:1:255;C0:0;O1;W1:1:1:255;C0:0;O1;W1:1:1:255;C0:0;O1;W1:1:1:255;C0:0;O1;W1:1:1:255;C0:0;O1;W1:1:1:255;C0:0;O1;W1:1:1:255;C0:0;O1;W1:1:1:255;C0:0;O1;W1:1:1:255;C0:0;O1;W1:1:1:255;C0:0;O1;W1:1:1:255;C0:0;O1;W1:1:1:255;C0:0;O1;W1:1:1:255;C0:0;O1;W1:1:1:255;C0:0;O1;W1:1:1:255;C0:0;O1;W1:1:1:255;C0:0;O1;W1:1:1:255;C0:0;O1;W1:1:1:255;C0:0;O1;W1:1:1:255;C0:0;O1;W1:1:1:255;C0:0;O1;W1:1:1:255;C0:0;O1;W1:1:1:255;C0:0;O1;W1:1:1:255;C0:0;O1;W1:1:1:255;C0:0;O1;W1:1:1:255;C0:0;O1;W1:1:1:255;C0:0;O1;W1:1:1:255;C0:0;O1;W1:1:1:255;C0:0;O1;W1:1:1:255;C0:0;O1;W1:1:1:255;C0:0;O1;W1:1:1:255;C0:0;O1;W1:1:1:255;C0:0;O1;W1:1:1:255;C0:0;O1;W1:1:1:255;C0:0;O1;W1:1:1:255;C0:0;O1;W1:1:1:255;C0:0;O1;W1:1:1:255;C0:0;O1;W1:1:1:255;C0:0;O1;W1:1:1:255;C0:0;O1;W1:1:1:255;C0:0;O1;W1:1:1:255;C0:0;O1;W1:1:1:255;C0:0;O1;W1:1:1:255;C0:0;O1;W1:1:1:255;C0:0;O1;W1:1:1:255;C0:0;O1;W1:1:1:255;C0:0;O1;W1:1:1:255;C0:0;O1;W1:1:1:255;C0:0;O1;W1:1:1:255;C0:0;O1;W1:1:1:255;C0:0;O1;W1:1:1:255;C0:0;O1;W1:1:1:255;C0:0;O1;W1:1:1:255;C0:0;O1;W1:1:1:255;C0:0;O1;W1:1:1:255;C0:0;O1;W1:1:1:255;C0:0;O1;W1:1:1:255;C0:0;O1;W1:1:1:255;C0:0;O1;W1:1:1:255;C0:0;O1;W1:1:1:255;C0:0;O1;W1:1:1:255;C0:0;O1;W1:1:1:255;C0:0;O1;W1:1:1:255;C0:0;O1;W1:1:1:255;C0:0;O1;W1:1:1:255;C0:0;O1;W1:1:1:255;C0:0;O1;W1:1:1:255;C0:0;O1;W1:1:1:255;C0:0;O1;W1:1:1:255;C0:0;O1;W1:1:1:255;C0:0;O1;W1:1:1:255;C0:0;O1;W1:1:1:255;C0:0;O1;W1:1:1:255;C0:0;O1;W1:1:1:255;C0:0;O1;W1:1:1:255;C0:0;O1;W1:1:1:255;C0:0;O1;W1:1:1:255;C0:0;O1;W1:1:1:255;C0:0;O1;W1:1:1:255;C0:0;O1;W1:1:1:255;C0:0;O1;W1:1:1:255;C0:0;O1;W1:1:1:255;C0:0;O1;W1:1:1:255;C0:0;O1;W1:1:1:255;C0:0;O1;W1:1:1:255;C0:0;O1;W1:1:1:255;C0:0;O1;W1:1:1:255;C0:0;O1;W1:1:1:255;C0:0;O1;W1:1:1:255;C0:0;O1;W1:1:1:255;C0:0;O1;W1:1:1:255;C0:0;O1;W1:1:1:255;C0:0;O1;W1:1:1:255;C0:0;O1;W1:1:1:255;C0:0;O1;W1:1:1:255;C0:0;O1;W1:1:1:255;C0:0;O1;W1:1:1:255;C0:0;O1;W1:1:1:255;C0:0;O1;W1:1:1:255;C0:0;O1;W1:1:1:255;C0:0;O1;W1:1:1:255;C0:0;O1;W1:1:1:255;C0:0;O1;W1:1:1:255;C0:0;O1;W1:1:1:255;C0:0;O1;W1:1:1:255;C0:0;O1;W1:1:1:255;C0:0;O1;W1:1:1:255;C0:0;O1;W1:1:1:255;C0:0;O1;W1:1:1:255;C0:0;O1;W1:1:1:255;C0:0;O1;W1:1:1:255;C0:0;O1;W1:1:1:255;C0:0;O1;W1:1:1:255;C0:0;O1;W1:1:1:255;C0:0;O1;W1:1:1:255;C0:0;O1;W1:1:1:255;C0:0;O1;W1:1:1:255;C0:0;O1;W1:1:1:255;C0:0;O1;W1:1:1:255;C0:0;O1;W1:1:1:255;C0:0;O1;W1:1:1:255;C0:0;O1;W1:1:1:255;C0:0;O1;W1:1:1:255;C0:0;O1;W1:1:1:255;C0:0;O1;W1:1:1:255;C0:0;O1;W1:1:1:255;C0:0;O1;W1:1:1:255;C0:0;O1;W1:1:1:255;C0:0;O1;W1:1:1:255;C0:0;O1;W1:1:1:255;C0:0;O1;W1:1:1:255;C0:0;O1;W1:1:1:255;C0:0;O1;W1:1:1:255;C0:0;O1;W1:1:1:255;C0:0;O1;W1:1:1:255;C0:0;O1;W1:1:1:255;C0:0;O1;W1:1:1:255;C0:0;O1;W1:1:1:255;C0:0;O1;W1:1:1:255;C0:0;O1;W1:1:1:255;C0:0;O1;W1:1:1:255;C0:0;O1;W1:1:1:255;C0:0;O1;W1:1:1:255;C0:0;O1;W1:1:1:255;C0:0;O1;W1:1:1:255;C0:0;O1;W1:1:1:255;C0:0;O1;W1:1:1:255;C0:0;O1;W1:1:1:255;C0:0;O1;W1:1:1:255;C0:0;O1;W1:1:1:255;C0:0;O1;W1:1:1:255;C0:0;O1;W1:1:1:255;C0:0;O1;W1:1:1:255;C0:0;O1;W1:1:1:255;C0:0;O1;W1:1:1:255;C0:0;O1;W1:1:1:255;C0:0;O1;W1:1:1:255;C0:0;O1;W1:1:1:255;C0:0;O1;W1:1:1:255;C0:0;O1;W1:1:1:255;C0:0;O1;W1:1:1:255;C0:0;O1;W1:1:1:255;C0:0;O1;W1:1:1:255;C0:0;O1;W1:1:1:255;C0:0;O1;W1:1:1:255;C0:0;O1;W1:1:1:255;C0:0;O1;W1:1:1:255;C0:0;O1;W1:1:1:255;C0:0;O1;W1:1:1:255;C0:0;O1;W1:1:1:255;C0:0;O1;W1:1:1:255;C0:0;O1;W1:1:1:255;C0:0;O1;W1:1:1:255;C0:0;O1;W1:1:1:255;C0:0;O1;W1:1:1:255;C0:0;O1;W1:1:1:255;C0:0;O1;W1:1:1:255;C0:0;O1;W1:1:1:255;C0:0;O1;W1:1:1:255;C0:0;O1;W1:1:1:255;C0:0;O1;W1:1:1:255;C0:0;O1;W1:1:1:255;C0:0;O1;W1:1:1:255;C0:0;O1;W1:1:1:255;C0:0;O1;W1:1:1:255;C0:0;O1;W1:1:1:255;C0:0;O1;W1:1:1:255;C0:0;O1;W1:1:1:255;C0:0;O1;W1:1:1:255;C0:0;O1;W1:1:1:255;C0:0;O1;W1:1:1:255;C0:0;O1;W1:1:1:255;C0:0;O1;W1:1:1:255;C0:0;O1;W1:1:1:255;C0:0;O1;W1:1:1:255;C0:0;O1;W1:1:1:255;C0:0;O1;W1:1:1:255;C0:0;O1;W1:1:1:255;C0:0;O1;W1:1:1:255;C0:0;O1;W1:1:1:255;C0:0;O1;W1:1:1:255;C0:0;O1;W1:1:1:255;C0:0;O1;W1:1:1:255;C0:0;O1;W1:1:1:255;C0:0;O1;W1:1:1:255;C0:0;O1;W1:1:1:255;C0:0;O1;W1:1:1:255;C0:0;O1;W1:1:1:255;C0:0;O1;W1:1:1:255;C0:0;O1;W1:1:1:255;C0:0;
TRACE 14 1 3 1 5 6199 6199 1 0 122 5 0 0,0,0,0,0,0,0 0,0,0,0,0,0,0 OUT-999 HOST258/258 O1;W1:1:1:255;C0:0;O1;W1:1:1:255;C0:0;O1;W1:1:1:255;C0:0;O1;W1:1:1:255;C0:0;O1;W1:1:1:255;C0:0;O1;W1:1:1:255;C0:0;O1;W1:1:1:255;C0:0;O1;W1:1:1:255;C0:0;O1;W1:1:1:255;C0:0;O1;W1:1:1:255;C0:0;O1;W1:1:1:255;C0:0;O1;W1:1:1:255;C0:0;O1;W1:1:1:255;C0:0;O1;W1:1:1:255;C0:0;O1;W1:1:1:255;C0:0;O1;W1:1:1:255;C0:0;O1;W1:1:1:255;C0:0;O1;W1:1:1:255;C0:0;O1;W1:1:1:255;C0:0;O1;W1:1:1:255;C0:0;O1;W1:1:1:255;C0:0;O1;W1:1:1:255;C0:0;O1;W1:1:1:255;C0:0;O1;W1:1:1:255;C0:0;O1;W1:1:1:255;C0:0;O1;W1:1:1:255;C0:0;O1;W1:1:1:255;C0:0;O1;W1:1:1:255;C0:0;O1;W1:1:1:255;C0:0;O1;W1:1:1:255;C0:0;O1;W1:1:1:255;C0:0;O1;W1:1:1:255;C0:0;O1;W1:1:1:255;C0:0;O1;W1:1:1:255;C0:0;O1;W1:1:1:255;C0:0;O1;W1:1:1:255;C0:0;O1;W1:1:1:255;C0:0;O1;W1:1:1:255;C0:0;O1;W1:1:1:255;C0:0;O1;W1:1:1:255;C0:0;O1;W1:1:1:255;C0:0;O1;W1:1:1:255;C0:0;O1;W1:1:1:255;C0:0;O1;W1:1:1:255;C0:0;O1;W1:1:1:255;C0:0;O1;W1:1:1:255;C0:0;O1;W1:1:1:255;C0:0;O1;W1:1:1:255;C0:0;O1;W1:1:1:255;C0:0;O1;W1:1:1:255;C0:0;O1;W1:1:1:255;C0:0;O1;W1:1:1:255;C0:0;O1;W1:1:1:255;C0:0;O1;W1:1:1:255;C0:0;O1;W1:1:1:255;C0:0;O1;W1:1:1:255;C0:0;O1;W1:1:1:255;C0:0;O1;W1:1:1:255;C0:0;O1;W1:1:1:255;C0:0;O1;W1:1:1:255;C0:0;O1;W1:1:1:255;C0:0;O1;W1:1:1:255;C0:0;O1;W1:1:1:255;C0:0;O1;W1:1:1:255;C0:0;O1;W1:1:1:255;C0:0;O1;W1:1:1:255;C0:0;O1;W1:1:1:255;C0:0;O1;W1:1:1:255;C0:0;O1;W1:1:1:255;C0:0;O1;W1:1:1:255;C0:0;O1;W1:1:1:255;C0:0;O1;W1:1:1:255;C0:0;O1;W1:1:1:255;C0:0;O1;W1:1:1:255;C0:0;O1;W1:1:1:255;C0:0;O1;W1:1:1:255;C0:0;O1;W1:1:1:255;C0:0;O1;W1:1:1:255;C0:0;O1;W1:1:1:255;C0:0;O1;W1:1:1:255;C0:0;O1;W1:1:1:255;C0:0;O1;W1:1:1:255;C0:0;O1;W1:1:1:255;C0:0;O1;W1:1:1:255;C0:0;O1;W1:1:1:255;C0:0;O1;W1:1:1:255;C0:0;O1;W1:1:1:255;C0:0;O1;W1:1:1:255;C0:0;O1;W1:1:1:255;C0:0;O1;W1:1:1:255;C0:0;O1;W1:1:1:255;C0:0;O1;W1:1:1:255;C0:0;O1;W1:1:1:255;C0:0;O1;W1:1:1:255;C0:0;O1;W1:1:1:255;C0:0;O1;W1:1:1:255;C0:0;O1;W1:1:1:255;C0:0;O1;W1:1:1:255;C0:0;O1;W1:1:1:255;C0:0;O1;W1:1:1:255;C0:0;O1;W1:1:1:255;C0:0;O1;W1:1:1:255;C0:0;O1;W1:1:1:255;C0:0;O1;W1:1:1:255;C0:0;O1;W1:1:1:255;C0:0;O1;W1:1:1:255;C0:0;O1;W1:1:1:255;C0:0;O1;W1:1:1:255;C0:0;O1;W1:1:1:255;C0:0;O1;W1:1:1:255;C0:0;O1;W1:1:1:255;C0:0;O1;W1:1:1:255;C0:0;O1;W1:1:1:255;C0:0;O1;W1:1:1:255;C0:0;O1;W1:1:1:255;C0:0;O1;W1:1:1:255;C0:0;O1;W1:1:1:255;C0:0;O1;W1:1:1:255;C0:0;O1;W1:1:1:255;C0:0;O1;W1:1:1:255;C0:0;O1;W1:1:1:255;C0:0;O1;W1:1:1:255;C0:0;O1;W1:1:1:255;C0:0;O1;W1:1:1:255;C0:0;O1;W1:1:1:255;C0:0;O1;W1:1:1:255;C0:0;O1;W1:1:1:255;C0:0;O1;W1:1:1:255;C0:0;O1;W1:1:1:255;C0:0;O1;W1:1:1:255;C0:0;O1;W1:1:1:255;C0:0;O1;W1:1:1:255;C0:0;O1;W1:1:1:255;C0:0;O1;W1:1:1:255;C0:0;O1;W1:1:1:255;C0:0;O1;W1:1:1:255;C0:0;O1;W1:1:1:255;C0:0;O1;W1:1:1:255;C0:0;O1;W1:1:1:255;C0:0;O1;W1:1:1:255;C0:0;O1;W1:1:1:255;C0:0;O1;W1:1:1:255;C0:0;O1;W1:1:1:255;C0:0;O1;W1:1:1:255;C0:0;O1;W1:1:1:255;C0:0;O1;W1:1:1:255;C0:0;O1;W1:1:1:255;C0:0;O1;W1:1:1:255;C0:0;O1;W1:1:1:255;C0:0;O1;W1:1:1:255;C0:0;O1;W1:1:1:255;C0:0;O1;W1:1:1:255;C0:0;O1;W1:1:1:255;C0:0;O1;W1:1:1:255;C0:0;O1;W1:1:1:255;C0:0;O1;W1:1:1:255;C0:0;O1;W1:1:1:255;C0:0;O1;W1:1:1:255;C0:0;O1;W1:1:1:255;C0:0;O1;W1:1:1:255;C0:0;O1;W1:1:1:255;C0:0;O1;W1:1:1:255;C0:0;O1;W1:1:1:255;C0:0;O1;W1:1:1:255;C0:0;O1;W1:1:1:255;C0:0;O1;W1:1:1:255;C0:0;O1;W1:1:1:255;C0:0;O1;W1:1:1:255;C0:0;O1;W1:1:1:255;C0:0;O1;W1:1:1:255;C0:0;O1;W1:1:1:255;C0:0;O1;W1:1:1:255;C0:0;O1;W1:1:1:255;C0:0;O1;W1:1:1:255;C0:0;O1;W1:1:1:255;C0:0;O1;W1:1:1:255;C0:0;O1;W1:1:1:255;C0:0;O1;W1:1:1:255;C0:0;O1;W1:1:1:255;C0:0;O1;W1:1:1:255;C0:0;O1;W1:1:1:255;C0:0;O1;W1:1:1:255;C0:0;O1;W1:1:1:255;C0:0;O1;W1:1:1:255;C0:0;O1;W1:1:1:255;C0:0;O1;W1:1:1:255;C0:0;O1;W1:1:1:255;C0:0;O1;W1:1:1:255;C0:0;O1;W1:1:1:255;C0:0;O1;W1:1:1:255;C0:0;O1;W1:1:1:255;C0:0;O1;W1:1:1:255;C0:0;O1;W1:1:1:255;C0:0;O1;W1:1:1:255;C0:0;O1;W1:1:1:255;C0:0;O1;W1:1:1:255;C0:0;O1;W1:1:1:255;C0:0;O1;W1:1:1:255;C0:0;O1;W1:1:1:255;C0:0;O1;W1:1:1:255;C0:0;O1;W1:1:1:255;C0:0;O1;W1:1:1:255;C0:0;O1;W1:1:1:255;C0:0;O1;W1:1:1:255;C0:0;O1;W1:1:1:255;C0:0;O1;W1:1:1:255;C0:0;O1;W1:1:1:255;C0:0;O1;W1:1:1:255;C0:0;O1;W1:1:1:255;C0:0;O1;W1:1:1:255;C0:0;O1;W1:1:1:255;C0:0;O1;W1:1:1:255;C0:0;O1;W1:1:1:255;C0:0;O1;W1:1:1:255;C0:0;O1;W1:1:1:255;C0:0;O1;W1:1:1:255;C0:0;O1;W1:1:1:255;C0:0;O1;W1:1:1:255;C0:0;O1;W1:1:1:255;C0:0;O1;W1:1:1:255;C0:0;O1;W1:1:1:255;C0:0;O1;W1:1:1:255;C0:0;O1;W1:1:1:255;C0:0;O1;W1:1:1:255;C0:0;O1;W1:1:1:255;C0:0;O1;W1:1:1:255;C0:0;O1;W1:1:1:255;C0:0;O1;W1:1:1:255;C0:0;O1;W1:1:1:255;C0:0;O1;W1:1:1:255;C0:0;O1;W1:1:1:255;C0:0;O1;W1:1:1:255;C0:0;O1;W1:1:1:255;C0:0;O1;W1:1:1:255;C0:0;O1;W1:1:1:255;C0:0;O1;W1:1:1:255;C0:0;O1;W1:1:1:255;C0:0;O1;W1:1:1:255;C0:0;O1;W1:1:1:255;C0:0;O1;W1:1:1:255;C0:0;O1;W1:1:1:255;C0:0;O1;W1:1:1:255;C0:0;O1;W1:1:1:255;C0:0;O1;W1:1:1:255;C0:0;O1;W1:1:1:255;C0:0;O1;W1:1:1:255;C0:0;O1;W1:1:1:255;C0:0;O1;W1:1:1:255;C0:0;O1;W1:1:1:255;C0:0;O1;W1:1:1:255;C0:0;O1;W1:1:1:255;C0:0;O1;W1:1:1:255;C0:0;O1;W1:1:1:255;C0:0;O1;W1:1:1:255;C0:0;O1;W1:1:1:255;C0:0;O1;W1:1:1:255;C0:0;O1;W1:1:1:255;C0:0;O1;W1:1:1:255;C0:0;
TRACE 15 1 0 1 0 8 8 0 0 122 0 0 0,0,0,0,0,0,0 0,0,0,0,0,0,0 OUT73 HOST0/0 
TRACE 16 1 3 1 5 7 7 1 0 122 5 0 0,0,0,0,0,0,0 0,0,0,0,0,0,0 OUT-999 HOST0/0 
TRACE 17 1 0 1 0 32 32 0 0 122 0 0 0,0,0,0,0,0,0 0,0,0,0,0,0,0 OUT73 HOST1/1 O1;W1:1:1:255;C0:0;
TRACE 18 1 3 1 5 31 31 1 0 122 5 0 0,0,0,0,0,0,0 0,0,0,0,0,0,0 OUT-999 HOST1/1 O1;W1:1:1:255;C0:0;
TRACE 19 1 0 1 0 56 56 0 0 122 0 0 0,0,0,0,0,0,0 0,0,0,0,0,0,0 OUT73 HOST2/2 O1;W1:1:1:255;C0:0;O1;W1:1:1:255;C0:0;
TRACE 20 1 3 1 5 55 55 1 0 122 5 0 0,0,0,0,0,0,0 0,0,0,0,0,0,0 OUT-999 HOST2/2 O1;W1:1:1:255;C0:0;O1;W1:1:1:255;C0:0;
TRACE 21 1 0 1 0 6200 6200 0 0 122 0 0 0,0,0,0,0,0,0 0,0,0,0,0,0,0 OUT73 HOST258/258 O1;W1:1:1:255;C0:0;O1;W1:1:1:255;C0:0;O1;W1:1:1:255;C0:0;O1;W1:1:1:255;C0:0;O1;W1:1:1:255;C0:0;O1;W1:1:1:255;C0:0;O1;W1:1:1:255;C0:0;O1;W1:1:1:255;C0:0;O1;W1:1:1:255;C0:0;O1;W1:1:1:255;C0:0;O1;W1:1:1:255;C0:0;O1;W1:1:1:255;C0:0;O1;W1:1:1:255;C0:0;O1;W1:1:1:255;C0:0;O1;W1:1:1:255;C0:0;O1;W1:1:1:255;C0:0;O1;W1:1:1:255;C0:0;O1;W1:1:1:255;C0:0;O1;W1:1:1:255;C0:0;O1;W1:1:1:255;C0:0;O1;W1:1:1:255;C0:0;O1;W1:1:1:255;C0:0;O1;W1:1:1:255;C0:0;O1;W1:1:1:255;C0:0;O1;W1:1:1:255;C0:0;O1;W1:1:1:255;C0:0;O1;W1:1:1:255;C0:0;O1;W1:1:1:255;C0:0;O1;W1:1:1:255;C0:0;O1;W1:1:1:255;C0:0;O1;W1:1:1:255;C0:0;O1;W1:1:1:255;C0:0;O1;W1:1:1:255;C0:0;O1;W1:1:1:255;C0:0;O1;W1:1:1:255;C0:0;O1;W1:1:1:255;C0:0;O1;W1:1:1:255;C0:0;O1;W1:1:1:255;C0:0;O1;W1:1:1:255;C0:0;O1;W1:1:1:255;C0:0;O1;W1:1:1:255;C0:0;O1;W1:1:1:255;C0:0;O1;W1:1:1:255;C0:0;O1;W1:1:1:255;C0:0;O1;W1:1:1:255;C0:0;O1;W1:1:1:255;C0:0;O1;W1:1:1:255;C0:0;O1;W1:1:1:255;C0:0;O1;W1:1:1:255;C0:0;O1;W1:1:1:255;C0:0;O1;W1:1:1:255;C0:0;O1;W1:1:1:255;C0:0;O1;W1:1:1:255;C0:0;O1;W1:1:1:255;C0:0;O1;W1:1:1:255;C0:0;O1;W1:1:1:255;C0:0;O1;W1:1:1:255;C0:0;O1;W1:1:1:255;C0:0;O1;W1:1:1:255;C0:0;O1;W1:1:1:255;C0:0;O1;W1:1:1:255;C0:0;O1;W1:1:1:255;C0:0;O1;W1:1:1:255;C0:0;O1;W1:1:1:255;C0:0;O1;W1:1:1:255;C0:0;O1;W1:1:1:255;C0:0;O1;W1:1:1:255;C0:0;O1;W1:1:1:255;C0:0;O1;W1:1:1:255;C0:0;O1;W1:1:1:255;C0:0;O1;W1:1:1:255;C0:0;O1;W1:1:1:255;C0:0;O1;W1:1:1:255;C0:0;O1;W1:1:1:255;C0:0;O1;W1:1:1:255;C0:0;O1;W1:1:1:255;C0:0;O1;W1:1:1:255;C0:0;O1;W1:1:1:255;C0:0;O1;W1:1:1:255;C0:0;O1;W1:1:1:255;C0:0;O1;W1:1:1:255;C0:0;O1;W1:1:1:255;C0:0;O1;W1:1:1:255;C0:0;O1;W1:1:1:255;C0:0;O1;W1:1:1:255;C0:0;O1;W1:1:1:255;C0:0;O1;W1:1:1:255;C0:0;O1;W1:1:1:255;C0:0;O1;W1:1:1:255;C0:0;O1;W1:1:1:255;C0:0;O1;W1:1:1:255;C0:0;O1;W1:1:1:255;C0:0;O1;W1:1:1:255;C0:0;O1;W1:1:1:255;C0:0;O1;W1:1:1:255;C0:0;O1;W1:1:1:255;C0:0;O1;W1:1:1:255;C0:0;O1;W1:1:1:255;C0:0;O1;W1:1:1:255;C0:0;O1;W1:1:1:255;C0:0;O1;W1:1:1:255;C0:0;O1;W1:1:1:255;C0:0;O1;W1:1:1:255;C0:0;O1;W1:1:1:255;C0:0;O1;W1:1:1:255;C0:0;O1;W1:1:1:255;C0:0;O1;W1:1:1:255;C0:0;O1;W1:1:1:255;C0:0;O1;W1:1:1:255;C0:0;O1;W1:1:1:255;C0:0;O1;W1:1:1:255;C0:0;O1;W1:1:1:255;C0:0;O1;W1:1:1:255;C0:0;O1;W1:1:1:255;C0:0;O1;W1:1:1:255;C0:0;O1;W1:1:1:255;C0:0;O1;W1:1:1:255;C0:0;O1;W1:1:1:255;C0:0;O1;W1:1:1:255;C0:0;O1;W1:1:1:255;C0:0;O1;W1:1:1:255;C0:0;O1;W1:1:1:255;C0:0;O1;W1:1:1:255;C0:0;O1;W1:1:1:255;C0:0;O1;W1:1:1:255;C0:0;O1;W1:1:1:255;C0:0;O1;W1:1:1:255;C0:0;O1;W1:1:1:255;C0:0;O1;W1:1:1:255;C0:0;O1;W1:1:1:255;C0:0;O1;W1:1:1:255;C0:0;O1;W1:1:1:255;C0:0;O1;W1:1:1:255;C0:0;O1;W1:1:1:255;C0:0;O1;W1:1:1:255;C0:0;O1;W1:1:1:255;C0:0;O1;W1:1:1:255;C0:0;O1;W1:1:1:255;C0:0;O1;W1:1:1:255;C0:0;O1;W1:1:1:255;C0:0;O1;W1:1:1:255;C0:0;O1;W1:1:1:255;C0:0;O1;W1:1:1:255;C0:0;O1;W1:1:1:255;C0:0;O1;W1:1:1:255;C0:0;O1;W1:1:1:255;C0:0;O1;W1:1:1:255;C0:0;O1;W1:1:1:255;C0:0;O1;W1:1:1:255;C0:0;O1;W1:1:1:255;C0:0;O1;W1:1:1:255;C0:0;O1;W1:1:1:255;C0:0;O1;W1:1:1:255;C0:0;O1;W1:1:1:255;C0:0;O1;W1:1:1:255;C0:0;O1;W1:1:1:255;C0:0;O1;W1:1:1:255;C0:0;O1;W1:1:1:255;C0:0;O1;W1:1:1:255;C0:0;O1;W1:1:1:255;C0:0;O1;W1:1:1:255;C0:0;O1;W1:1:1:255;C0:0;O1;W1:1:1:255;C0:0;O1;W1:1:1:255;C0:0;O1;W1:1:1:255;C0:0;O1;W1:1:1:255;C0:0;O1;W1:1:1:255;C0:0;O1;W1:1:1:255;C0:0;O1;W1:1:1:255;C0:0;O1;W1:1:1:255;C0:0;O1;W1:1:1:255;C0:0;O1;W1:1:1:255;C0:0;O1;W1:1:1:255;C0:0;O1;W1:1:1:255;C0:0;O1;W1:1:1:255;C0:0;O1;W1:1:1:255;C0:0;O1;W1:1:1:255;C0:0;O1;W1:1:1:255;C0:0;O1;W1:1:1:255;C0:0;O1;W1:1:1:255;C0:0;O1;W1:1:1:255;C0:0;O1;W1:1:1:255;C0:0;O1;W1:1:1:255;C0:0;O1;W1:1:1:255;C0:0;O1;W1:1:1:255;C0:0;O1;W1:1:1:255;C0:0;O1;W1:1:1:255;C0:0;O1;W1:1:1:255;C0:0;O1;W1:1:1:255;C0:0;O1;W1:1:1:255;C0:0;O1;W1:1:1:255;C0:0;O1;W1:1:1:255;C0:0;O1;W1:1:1:255;C0:0;O1;W1:1:1:255;C0:0;O1;W1:1:1:255;C0:0;O1;W1:1:1:255;C0:0;O1;W1:1:1:255;C0:0;O1;W1:1:1:255;C0:0;O1;W1:1:1:255;C0:0;O1;W1:1:1:255;C0:0;O1;W1:1:1:255;C0:0;O1;W1:1:1:255;C0:0;O1;W1:1:1:255;C0:0;O1;W1:1:1:255;C0:0;O1;W1:1:1:255;C0:0;O1;W1:1:1:255;C0:0;O1;W1:1:1:255;C0:0;O1;W1:1:1:255;C0:0;O1;W1:1:1:255;C0:0;O1;W1:1:1:255;C0:0;O1;W1:1:1:255;C0:0;O1;W1:1:1:255;C0:0;O1;W1:1:1:255;C0:0;O1;W1:1:1:255;C0:0;O1;W1:1:1:255;C0:0;O1;W1:1:1:255;C0:0;O1;W1:1:1:255;C0:0;O1;W1:1:1:255;C0:0;O1;W1:1:1:255;C0:0;O1;W1:1:1:255;C0:0;O1;W1:1:1:255;C0:0;O1;W1:1:1:255;C0:0;O1;W1:1:1:255;C0:0;O1;W1:1:1:255;C0:0;O1;W1:1:1:255;C0:0;O1;W1:1:1:255;C0:0;O1;W1:1:1:255;C0:0;O1;W1:1:1:255;C0:0;O1;W1:1:1:255;C0:0;O1;W1:1:1:255;C0:0;O1;W1:1:1:255;C0:0;O1;W1:1:1:255;C0:0;O1;W1:1:1:255;C0:0;O1;W1:1:1:255;C0:0;O1;W1:1:1:255;C0:0;O1;W1:1:1:255;C0:0;O1;W1:1:1:255;C0:0;O1;W1:1:1:255;C0:0;O1;W1:1:1:255;C0:0;O1;W1:1:1:255;C0:0;O1;W1:1:1:255;C0:0;O1;W1:1:1:255;C0:0;O1;W1:1:1:255;C0:0;O1;W1:1:1:255;C0:0;O1;W1:1:1:255;C0:0;O1;W1:1:1:255;C0:0;O1;W1:1:1:255;C0:0;O1;W1:1:1:255;C0:0;O1;W1:1:1:255;C0:0;O1;W1:1:1:255;C0:0;O1;W1:1:1:255;C0:0;O1;W1:1:1:255;C0:0;O1;W1:1:1:255;C0:0;O1;W1:1:1:255;C0:0;O1;W1:1:1:255;C0:0;O1;W1:1:1:255;C0:0;O1;W1:1:1:255;C0:0;O1;W1:1:1:255;C0:0;
TRACE 22 1 3 1 5 6199 6199 1 0 122 5 0 0,0,0,0,0,0,0 0,0,0,0,0,0,0 OUT-999 HOST258/258 O1;W1:1:1:255;C0:0;O1;W1:1:1:255;C0:0;O1;W1:1:1:255;C0:0;O1;W1:1:1:255;C0:0;O1;W1:1:1:255;C0:0;O1;W1:1:1:255;C0:0;O1;W1:1:1:255;C0:0;O1;W1:1:1:255;C0:0;O1;W1:1:1:255;C0:0;O1;W1:1:1:255;C0:0;O1;W1:1:1:255;C0:0;O1;W1:1:1:255;C0:0;O1;W1:1:1:255;C0:0;O1;W1:1:1:255;C0:0;O1;W1:1:1:255;C0:0;O1;W1:1:1:255;C0:0;O1;W1:1:1:255;C0:0;O1;W1:1:1:255;C0:0;O1;W1:1:1:255;C0:0;O1;W1:1:1:255;C0:0;O1;W1:1:1:255;C0:0;O1;W1:1:1:255;C0:0;O1;W1:1:1:255;C0:0;O1;W1:1:1:255;C0:0;O1;W1:1:1:255;C0:0;O1;W1:1:1:255;C0:0;O1;W1:1:1:255;C0:0;O1;W1:1:1:255;C0:0;O1;W1:1:1:255;C0:0;O1;W1:1:1:255;C0:0;O1;W1:1:1:255;C0:0;O1;W1:1:1:255;C0:0;O1;W1:1:1:255;C0:0;O1;W1:1:1:255;C0:0;O1;W1:1:1:255;C0:0;O1;W1:1:1:255;C0:0;O1;W1:1:1:255;C0:0;O1;W1:1:1:255;C0:0;O1;W1:1:1:255;C0:0;O1;W1:1:1:255;C0:0;O1;W1:1:1:255;C0:0;O1;W1:1:1:255;C0:0;O1;W1:1:1:255;C0:0;O1;W1:1:1:255;C0:0;O1;W1:1:1:255;C0:0;O1;W1:1:1:255;C0:0;O1;W1:1:1:255;C0:0;O1;W1:1:1:255;C0:0;O1;W1:1:1:255;C0:0;O1;W1:1:1:255;C0:0;O1;W1:1:1:255;C0:0;O1;W1:1:1:255;C0:0;O1;W1:1:1:255;C0:0;O1;W1:1:1:255;C0:0;O1;W1:1:1:255;C0:0;O1;W1:1:1:255;C0:0;O1;W1:1:1:255;C0:0;O1;W1:1:1:255;C0:0;O1;W1:1:1:255;C0:0;O1;W1:1:1:255;C0:0;O1;W1:1:1:255;C0:0;O1;W1:1:1:255;C0:0;O1;W1:1:1:255;C0:0;O1;W1:1:1:255;C0:0;O1;W1:1:1:255;C0:0;O1;W1:1:1:255;C0:0;O1;W1:1:1:255;C0:0;O1;W1:1:1:255;C0:0;O1;W1:1:1:255;C0:0;O1;W1:1:1:255;C0:0;O1;W1:1:1:255;C0:0;O1;W1:1:1:255;C0:0;O1;W1:1:1:255;C0:0;O1;W1:1:1:255;C0:0;O1;W1:1:1:255;C0:0;O1;W1:1:1:255;C0:0;O1;W1:1:1:255;C0:0;O1;W1:1:1:255;C0:0;O1;W1:1:1:255;C0:0;O1;W1:1:1:255;C0:0;O1;W1:1:1:255;C0:0;O1;W1:1:1:255;C0:0;O1;W1:1:1:255;C0:0;O1;W1:1:1:255;C0:0;O1;W1:1:1:255;C0:0;O1;W1:1:1:255;C0:0;O1;W1:1:1:255;C0:0;O1;W1:1:1:255;C0:0;O1;W1:1:1:255;C0:0;O1;W1:1:1:255;C0:0;O1;W1:1:1:255;C0:0;O1;W1:1:1:255;C0:0;O1;W1:1:1:255;C0:0;O1;W1:1:1:255;C0:0;O1;W1:1:1:255;C0:0;O1;W1:1:1:255;C0:0;O1;W1:1:1:255;C0:0;O1;W1:1:1:255;C0:0;O1;W1:1:1:255;C0:0;O1;W1:1:1:255;C0:0;O1;W1:1:1:255;C0:0;O1;W1:1:1:255;C0:0;O1;W1:1:1:255;C0:0;O1;W1:1:1:255;C0:0;O1;W1:1:1:255;C0:0;O1;W1:1:1:255;C0:0;O1;W1:1:1:255;C0:0;O1;W1:1:1:255;C0:0;O1;W1:1:1:255;C0:0;O1;W1:1:1:255;C0:0;O1;W1:1:1:255;C0:0;O1;W1:1:1:255;C0:0;O1;W1:1:1:255;C0:0;O1;W1:1:1:255;C0:0;O1;W1:1:1:255;C0:0;O1;W1:1:1:255;C0:0;O1;W1:1:1:255;C0:0;O1;W1:1:1:255;C0:0;O1;W1:1:1:255;C0:0;O1;W1:1:1:255;C0:0;O1;W1:1:1:255;C0:0;O1;W1:1:1:255;C0:0;O1;W1:1:1:255;C0:0;O1;W1:1:1:255;C0:0;O1;W1:1:1:255;C0:0;O1;W1:1:1:255;C0:0;O1;W1:1:1:255;C0:0;O1;W1:1:1:255;C0:0;O1;W1:1:1:255;C0:0;O1;W1:1:1:255;C0:0;O1;W1:1:1:255;C0:0;O1;W1:1:1:255;C0:0;O1;W1:1:1:255;C0:0;O1;W1:1:1:255;C0:0;O1;W1:1:1:255;C0:0;O1;W1:1:1:255;C0:0;O1;W1:1:1:255;C0:0;O1;W1:1:1:255;C0:0;O1;W1:1:1:255;C0:0;O1;W1:1:1:255;C0:0;O1;W1:1:1:255;C0:0;O1;W1:1:1:255;C0:0;O1;W1:1:1:255;C0:0;O1;W1:1:1:255;C0:0;O1;W1:1:1:255;C0:0;O1;W1:1:1:255;C0:0;O1;W1:1:1:255;C0:0;O1;W1:1:1:255;C0:0;O1;W1:1:1:255;C0:0;O1;W1:1:1:255;C0:0;O1;W1:1:1:255;C0:0;O1;W1:1:1:255;C0:0;O1;W1:1:1:255;C0:0;O1;W1:1:1:255;C0:0;O1;W1:1:1:255;C0:0;O1;W1:1:1:255;C0:0;O1;W1:1:1:255;C0:0;O1;W1:1:1:255;C0:0;O1;W1:1:1:255;C0:0;O1;W1:1:1:255;C0:0;O1;W1:1:1:255;C0:0;O1;W1:1:1:255;C0:0;O1;W1:1:1:255;C0:0;O1;W1:1:1:255;C0:0;O1;W1:1:1:255;C0:0;O1;W1:1:1:255;C0:0;O1;W1:1:1:255;C0:0;O1;W1:1:1:255;C0:0;O1;W1:1:1:255;C0:0;O1;W1:1:1:255;C0:0;O1;W1:1:1:255;C0:0;O1;W1:1:1:255;C0:0;O1;W1:1:1:255;C0:0;O1;W1:1:1:255;C0:0;O1;W1:1:1:255;C0:0;O1;W1:1:1:255;C0:0;O1;W1:1:1:255;C0:0;O1;W1:1:1:255;C0:0;O1;W1:1:1:255;C0:0;O1;W1:1:1:255;C0:0;O1;W1:1:1:255;C0:0;O1;W1:1:1:255;C0:0;O1;W1:1:1:255;C0:0;O1;W1:1:1:255;C0:0;O1;W1:1:1:255;C0:0;O1;W1:1:1:255;C0:0;O1;W1:1:1:255;C0:0;O1;W1:1:1:255;C0:0;O1;W1:1:1:255;C0:0;O1;W1:1:1:255;C0:0;O1;W1:1:1:255;C0:0;O1;W1:1:1:255;C0:0;O1;W1:1:1:255;C0:0;O1;W1:1:1:255;C0:0;O1;W1:1:1:255;C0:0;O1;W1:1:1:255;C0:0;O1;W1:1:1:255;C0:0;O1;W1:1:1:255;C0:0;O1;W1:1:1:255;C0:0;O1;W1:1:1:255;C0:0;O1;W1:1:1:255;C0:0;O1;W1:1:1:255;C0:0;O1;W1:1:1:255;C0:0;O1;W1:1:1:255;C0:0;O1;W1:1:1:255;C0:0;O1;W1:1:1:255;C0:0;O1;W1:1:1:255;C0:0;O1;W1:1:1:255;C0:0;O1;W1:1:1:255;C0:0;O1;W1:1:1:255;C0:0;O1;W1:1:1:255;C0:0;O1;W1:1:1:255;C0:0;O1;W1:1:1:255;C0:0;O1;W1:1:1:255;C0:0;O1;W1:1:1:255;C0:0;O1;W1:1:1:255;C0:0;O1;W1:1:1:255;C0:0;O1;W1:1:1:255;C0:0;O1;W1:1:1:255;C0:0;O1;W1:1:1:255;C0:0;O1;W1:1:1:255;C0:0;O1;W1:1:1:255;C0:0;O1;W1:1:1:255;C0:0;O1;W1:1:1:255;C0:0;O1;W1:1:1:255;C0:0;O1;W1:1:1:255;C0:0;O1;W1:1:1:255;C0:0;O1;W1:1:1:255;C0:0;O1;W1:1:1:255;C0:0;O1;W1:1:1:255;C0:0;O1;W1:1:1:255;C0:0;O1;W1:1:1:255;C0:0;O1;W1:1:1:255;C0:0;O1;W1:1:1:255;C0:0;O1;W1:1:1:255;C0:0;O1;W1:1:1:255;C0:0;O1;W1:1:1:255;C0:0;O1;W1:1:1:255;C0:0;O1;W1:1:1:255;C0:0;O1;W1:1:1:255;C0:0;O1;W1:1:1:255;C0:0;O1;W1:1:1:255;C0:0;O1;W1:1:1:255;C0:0;O1;W1:1:1:255;C0:0;O1;W1:1:1:255;C0:0;O1;W1:1:1:255;C0:0;O1;W1:1:1:255;C0:0;O1;W1:1:1:255;C0:0;O1;W1:1:1:255;C0:0;O1;W1:1:1:255;C0:0;O1;W1:1:1:255;C0:0;O1;W1:1:1:255;C0:0;O1;W1:1:1:255;C0:0;O1;W1:1:1:255;C0:0;O1;W1:1:1:255;C0:0;O1;W1:1:1:255;C0:0;O1;W1:1:1:255;C0:0;O1;W1:1:1:255;C0:0;
TRACE 23 1 0 1 0 14 14 0 0 53 0 0 0,0,0,0,0,0,0 0,0,0,0,0,0,0 OUT31 HOST2/2 O1;O1;C0:0;C0:0;
TRACE 24 1 0 1 0 9 9 0 0 29 0 0 0,0,0,0,0,0,0 0,0,0,0,0,0,0 OUT37 HOST2/2 O1;O1;F1;C0:0;C0:0;
TRACE 25 1 0 1 0 20 20 0 0 62 0 0 0,0,0,0,0,0,0 0,0,0,0,0,0,0 OUT42 HOST1/1 O1;F1;F2;C0:0;
TRACE 26 1 3 1 5 9 9 1 2 0 5 0 0,0,0,0,0,0,0 0,0,0,0,0,0,0 OUT-999 HOST1/1 O1;F1;F2;C0:0;
TRACE 27 1 0 1 0 45 45 0 0 97 0 0 0,0,0,0,0,0,0 0,0,0,0,0,0,0 OUT29 HOST1/1 O1;C0:0;
TRACE 28 1 3 1 5 43 43 1 0 60 5 0 0,0,0,0,0,0,0 0,0,0,0,0,0,0 OUT-999 HOST1/1 O1;C0:0;
TRACE 29 1 9 1 8 100 11 0 0 44 8 0 0,0,0,0,0,0,0 0,0,0,0,0,0,0 OUT-999 HOST1/1 O1;C0:0;
TRACE 30 1 0 1 0 100 13 0 0 137 0 0 0,0,0,0,0,0,0 0,0,0,0,0,0,0 OUT0 HOST1/0 O0;
TRACE 31 1 10 1 0 14 14 0 0 53 0 2 8,5,0,0,0,1,0 8,28,0,0,0,1,0 OUT-999 HOST2/2 O1;O1;C-1:5;C-1:28;
TRACE 32 1 3 1 5 100 3 0 0 14 5 0 0,0,0,0,0,0,0 0,0,0,0,0,0,0 OUT-999 HOST2/2 O1;O1;C0:0;C0:0;
TRACE 33 1 3 1 5 100 6 0 1 6 5 0 0,0,0,0,0,0,0 0,0,0,0,0,0,0 OUT-999 HOST2/2 O1;O1;F1;C0:0;C0:0;
TRACE 34 1 3 1 5 100 1 0 0 0 5 0 0,0,0,0,0,0,0 0,0,0,0,0,0,0 OUT-999 HOST1/1 O1;C0:0;
TRACE 35 1 0 1 0 1000 19 0 0 30 0 0 0,0,0,0,0,0,0 0,0,0,0,0,0,0 OUT41 HOST0/0 F5;F3;F4;F1;
TRACE 36 1 0 1 0 19 19 0 0 30 0 0 0,0,0,0,0,0,0 0,0,0,0,0,0,0 OUT41 HOST0/0 F5;F3;F4;F1;
TRACE 37 1 3 1 5 0 0 1 0 0 5 0 0,0,0,0,0,0,0 0,0,0,0,0,0,0 OUT-999 HOST0/0 
TRACE 38 1 3 1 5 1 1 1 5 0 5 0 0,0,0,0,0,0,0 0,0,0,0,0,0,0 OUT-999 HOST0/0 F5;
TRACE 39 1 3 1 5 2 2 1 5 2 5 0 0,0,0,0,0,0,0 0,0,0,0,0,0,0 OUT-999 HOST0/0 F5;
TRACE 40 1 3 1 5 3 3 1 5 7 5 0 0,0,0,0,0,0,0 0,0,0,0,0,0,0 OUT-999 HOST0/0 F5;
TRACE 41 1 3 1 5 4 4 1 5 12 5 0 0,0,0,0,0,0,0 0,0,0,0,0,0,0 OUT-999 HOST0/0 F5;
TRACE 42 1 3 1 5 5 5 1 0 5 5 0 0,0,0,0,0,0,0 0,0,0,0,0,0,0 OUT-999 HOST0/0 F5;
TRACE 43 1 3 1 5 6 6 1 3 0 5 0 0,0,0,0,0,0,0 0,0,0,0,0,0,0 OUT-999 HOST0/0 F5;F3;
TRACE 44 1 3 1 5 7 7 1 3 3 5 0 0,0,0,0,0,0,0 0,0,0,0,0,0,0 OUT-999 HOST0/0 F5;F3;
TRACE 45 1 3 1 5 8 8 1 0 10 5 0 0,0,0,0,0,0,0 0,0,0,0,0,0,0 OUT-999 HOST0/0 F5;F3;
TRACE 46 1 3 1 5 9 9 1 0 13 5 0 0,0,0,0,0,0,0 0,0,0,0,0,0,0 OUT-999 HOST0/0 F5;F3;
TRACE 47 1 3 1 5 10 10 1 0 22 5 0 0,0,0,0,0,0,0 0,0,0,0,0,0,0 OUT-999 HOST0/0 F5;F3;
TRACE 48 1 3 1 5 11 11 1 0 25 5 0 0,0,0,0,0,0,0 0,0,0,0,0,0,0 OUT-999 HOST0/0 F5;F3;
TRACE 49 1 3 1 5 12 12 1 4 0 5 0 0,0,0,0,0,0,0 0,0,0,0,0,0,0 OUT-999 HOST0/0 F5;F3;F4;
TRACE 50 1 3 1 5 13 13 1 4 3 5 0 0,0,0,0,0,0,0 0,0,0,0,0,0,0 OUT-999 HOST0/0 F5;F3;F4;
TRACE 51 1 3 1 5 14 14 1 4 6 5 0 0,0,0,0,0,0,0 0,0,0,0,0,0,0 OUT-999 HOST0/0 F5;F3;F4;
TRACE 52 1 3 1 5 15 15 1 1 0 5 0 0,0,0,0,0,0,0 0,0,0,0,0,0,0 OUT-999 HOST0/0 F5;F3;F4;F1;
TRACE 53 1 3 1 5 16 16 1 1 3 5 0 0,0,0,0,0,0,0 0,0,0,0,0,0,0 OUT-999 HOST0/0 F5;F3;F4;F1;
TRACE 54 1 3 1 5 17 17 1 4 11 5 0 0,0,0,0,0,0,0 0,0,0,0,0,0,0 OUT-999 HOST0/0 F5;F3;F4;F1;
TRACE 55 1 3 1 5 18 18 1 0 30 5 0 0,0,0,0,0,0,0 0,0,0,0,0,0,0 OUT-999 HOST0/0 F5;F3;F4;F1;
TRACE 56 1 0 1 0 1000 22 0 0 45 0 0 0,0,0,0,0,0,0 0,0,0,0,0,0,0 OUT41 HOST0/0 F5;F3;F4;F1;
TRACE 57 1 0 1 0 22 22 0 0 45 0 0 0,0,0,0,0,0,0 0,0,0,0,0,0,0 OUT41 HOST0/0 F5;F3;F4;F1;
TRACE 58 1 3 1 5 0 0 1 0 0 5 0 0,0,0,0,0,0,0 0,0,0,0,0,0,0 OUT-999 HOST0/0 
TRACE 59 1 3 1 5 1 1 1 0 5 5 0 0,0,0,0,0,0,0 0,0,0,0,0,0,0 OUT-999 HOST0/0 
TRACE 60 1 3 1 5 2 2 1 5 0 5 0 0,0,0,0,0,0,0 0,0,0,0,0,0,0 OUT-999 HOST0/0 F5;
TRACE 61 1 3 1 5 3 3 1 5 2 5 0 0,0,0,0,0,0,0 0,0,0,0,0,0,0 OUT-999 HOST0/0 F5;
TRACE 62 1 3 1 5 4 4 1 5 7 5 0 0,0,0,0,0,0,0 0,0,0,0,0,0,0 OUT-999 HOST0/0 F5;
TRACE 63 1 3 1 5 5 5 1 5 12 5 0 0,0,0,0,0,0,0 0,0,0,0,0,0,0 OUT-999 HOST0/0 F5;
TRACE 64 1 3 1 5 6 6 1 0 10 5 0 0,0,0,0,0,0,0 0,0,0,0,0,0,0 OUT-999 HOST0/0 F5;
TRACE 65 1 3 1 5 7 7 1 0 15 5 0 0,0,0,0,0,0,0 0,0,0,0,0,0,0 OUT-999 HOST0/0 F5;
TRACE 66 1 3 1 5 8 8 1 3 0 5 0 0,0,0,0,0,0,0 0,0,0,0,0,0,0 OUT-999 HOST0/0 F5;F3;
TRACE 67 1 3 1 5 9 9 1 3 3 5 0 0,0,0,0,0,0,0 0,0,0,0,0,0,0 OUT-999 HOST0/0 F5;F3;
TRACE 68 1 3 1 5 10 10 1 0 20 5 0 0,0,0,0,0,0,0 0,0,0,0,0,0,0 OUT-999 HOST0/0 F5;F3;
TRACE 69 1 3 1 5 11 11 1 0 23 5 0 0,0,0,0,0,0,0 0,0,0,0,0,0,0 OUT-999 HOST0/0 F5;F3;
TRACE 70 1 3 1 5 12 12 1 0 32 5 0 0,0,0,0,0,0,0 0,0,0,0,0,0,0 OUT-999 HOST0/0 F5;F3;
TRACE 71 1 3 1 5 13 13 1 0 35 5 0 0,0,0,0,0,0,0 0,0,0,0,0,0,0 OUT-999 HOST0/0 F5;F3;
TRACE 72 1 3 1 5 14 14 1 0 40 5 0 0,0,0,0,0,0,0 0,0,0,0,0,0,0 OUT-999 HOST0/0 F5;F3;
TRACE 73 1 3 1 5 15 15 1 4 0 5 0 0,0,0,0,0,0,0 0,0,0,0,0,0,0 OUT-999 HOST0/0 F5;F3;F4;
TRACE 74 1 3 1 5 16 16 1 4 3 5 0 0,0,0,0,0,0,0 0,0,0,0,0,0,0 OUT-999 HOST0/0 F5;F3;F4;
TRACE 75 1 3 1 5 17 17 1 4 6 5 0 0,0,0,0,0,0,0 0,0,0,0,0,0,0 OUT-999 HOST0/0 F5;F3;F4;
TRACE 76 1 3 1 5 18 18 1 1 0 5 0 0,0,0,0,0,0,0 0,0,0,0,0,0,0 OUT-999 HOST0/0 F5;F3;F4;F1;
TRACE 77 1 3 1 5 19 19 1 1 3 5 0 0,0,0,0,0,0,0 0,0,0,0,0,0,0 OUT-999 HOST0/0 F5;F3;F4;F1;
TRACE 78 1 3 1 5 20 20 1 4 11 5 0 0,0,0,0,0,0,0 0,0,0,0,0,0,0 OUT-999 HOST0/0 F5;F3;F4;F1;
TRACE 79 1 3 1 5 21 21 1 0 45 5 0 0,0,0,0,0,0,0 0,0,0,0,0,0,0 OUT-999 HOST0/0 F5;F3;F4;F1;
TRACE 80 1 0 1 0 1000 21 0 0 38 0 0 0,0,0,0,0,0,0 0,0,0,0,0,0,0 OUT9 HOST1/1 F5;F3;O1;F4;F1;C0:0;
TRACE 81 1 0 1 0 21 21 0 0 38 0 0 0,0,0,0,0,0,0 0,0,0,0,0,0,0 OUT9 HOST1/1 F5;F3;O1;F4;F1;C0:0;
TRACE 82 1 3 1 5 0 0 1 0 0 5 0 0,0,0,0,0,0,0 0,0,0,0,0,0,0 OUT-999 HOST0/0 
TRACE 83 1 3 1 5 1 1 1 5 0 5 0 0,0,0,0,0,0,0 0,0,0,0,0,0,0 OUT-999 HOST0/0 F5;
TRACE 84 1 3 1 5 2 2 1 5 2 5 0 0,0,0,0,0,0,0 0,0,0,0,0,0,0 OUT-999 HOST0/0 F5;
TRACE 85 1 3 1 5 3 3 1 5 7 5 0 0,0,0,0,0,0,0 0,0,0,0,0,0,0 OUT-999 HOST0/0 F5;
TRACE 86 1 3 1 5 4 4 1 5 12 5 0 0,0,0,0,0,0,0 0,0,0,0,0,0,0 OUT-999 HOST0/0 F5;
TRACE 87 1 3 1 5 5 5 1 0 5 5 0 0,0,0,0,0,0,0 0,0,0,0,0,0,0 OUT-999 HOST0/0 F5;
TRACE 88 1 3 1 5 6 6 1 3 0 5 0 0,0,0,0,0,0,0 0,0,0,0,0,0,0 OUT-999 HOST0/0 F5;F3;
TRACE 89 1 3 1 5 7 7 1 3 3 5 0 0,0,0,0,0,0,0 0,0,0,0,0,0,0 OUT-999 HOST0/0 F5;F3;
TRACE 90 1 3 1 5 8 8 1 0 10 5 0 0,0,0,0,0,0,0 0,0,0,0,0,0,0 OUT-999 HOST0/0 F5;F3;
TRACE 91 1 3 1 5 9 9 1 0 13 5 0 0,0,0,0,0,0,0 0,0,0,0,0,0,0 OUT-999 HOST0/0 F5;F3;
TRACE 92 1 3 1 5 10 10 1 0 20 5 0 0,0,0,0,0,0,0 0,0,0,0,0,0,0 OUT-999 HOST1/1 F5;F3;O1;C0:0;
TRACE 93 1 3 1 5 11 11 1 0 23 5 0 0,0,0,0,0,0,0 0,0,0,0,0,0,0 OUT-999 HOST1/1 F5;F3;O1;C0:0;
TRACE 94 1 3 1 5 12 12 1 4 0 5 0 0,0,0,0,0,0,0 0,0,0,0,0,0,0 OUT-999 HOST1/1 F5;F3;O1;F4;C0:0;
TRACE 95 1 3 1 5 13 13 1 4 3 5 0 0,0,0,0,0,0,0 0,0,0,0,0,0,0 OUT-999 HOST1/1 F5;F3;O1;F4;C0:0;
TRACE 96 1 3 1 5 14 14 1 4 6 5 0 0,0,0,0,0,0,0 0,0,0,0,0,0,0 OUT-999 HOST1/1 F5;F3;O1;F4;C0:0;
TRACE 97 1 3 1 5 15 15 1 1 0 5 0 0,0,0,0,0,0,0 0,0,0,0,0,0,0 OUT-999 HOST1/1 F5;F3;O1;F4;F1;C0:0;
TRACE 98 1 3 1 5 16 16 1 1 3 5 0 0,0,0,0,0,0,0 0,0,0,0,0,0,0 OUT-999 HOST1/1 F5;F3;O1;F4;F1;C0:0;
TRACE 99 1 3 1 5 17 17 1 4 11 5 0 0,0,0,0,0,0,0 0,0,0,0,0,0,0 OUT-999 HOST1/1 F5;F3;O1;F4;F1;C0:0;
TRACE 100 1 3 1 5 18 18 1 0 28 5 0 0,0,0,0,0,0,0 0,0,0,0,0,0,0 OUT-999 HOST1/1 F5;F3;O1;F4;F1;C0:0;
TRACE 101 1 3 1 5 19 19 1 0 29 5 0 0,0,0,0,0,0,0 0,0,0,0,0,0,0 OUT-999 HOST1/1 F5;F3;O1;F4;F1;C0:0;
TRACE 102 1 3 1 5 20 20 1 0 38 5 0 0,0,0,0,0,0,0 0,0,0,0,0,0,0 OUT-999 HOST1/1 F5;F3;O1;F4;F1;C0:0;
TRACE 103 1 0 1 0 1000 24 0 0 53 0 0 0,0,0,0,0,0,0 0,0,0,0,0,0,0 OUT9 HOST1/1 F5;F3;O1;F4;F1;C0:0;
TRACE 104 1 0 1 0 24 24 0 0 53 0 0 0,0,0,0,0,0,0 0,0,0,0,0,0,0 OUT9 HOST1/1 F5;F3;O1;F4;F1;C0:0;
TRACE 105 1 3 1 5 0 0 1 0 0 5 0 0,0,0,0,0,0,0 0,0,0,0,0,0,0 OUT-999 HOST0/0 
TRACE 106 1 3 1 5 1 1 1 0 5 5 0 0,0,0,0,0,0,0 0,0,0,0,0,0,0 OUT-999 HOST0/0 
TRACE 107 1 3 1 5 2 2 1 5 0 5 0 0,0,0,0,0,0,0 0,0,0,0,0,0,0 OUT-999 HOST0/0 F5;
TRACE 108 1 3 1 5 3 3 1 5 2 5 0 0,0,0,0,0,0,0 0,0,0,0,0,0,0 OUT-999 HOST0/0 F5;
TRACE 109 1 3 1 5 4 4 1 5 7 5 0 0,0,0,0,0,0,0 0,0,0,0,0,0,0 OUT-999 HOST0/0 F5;
TRACE 110 1 3 1 5 5 5 1 5 12 5 0 0,0,0,0,0,0,0 0,0,0,0,0,0,0 OUT-999 HOST0/0 F5;
TRACE 111 1 3 1 5 6 6 1 0 10 5 0 0,0,0,0,0,0,0 0,0,0,0,0,0,0 OUT-999 HOST0/0 F5;
TRACE 112 1 3 1 5 7 7 1 0 15 5 0 0,0,0,0,0,0,0 0,0,0,0,0,0,0 OUT-999 HOST0/0 F5;
TRACE 113 1 3 1 5 8 8 1 3 0 5 0 0,0,0,0,0,0,0 0,0,0,0,0,0,0 OUT-999 HOST0/0 F5;F3;
TRACE 114 1 3 1 5 9 9 1 3 3 5 0 0,0,0,0,0,0,0 0,0,0,0,0,0,0 OUT-999 HOST0/0 F5;F3;
TRACE 115 1 3 1 5 10 10 1 0 20 5 0 0,0,0,0,0,0,0 0,0,0,0,0,0,0 OUT-999 HOST0/0 F5;F3;
TRACE 116 1 3 1 5 11 11 1 0 23 5 0 0,0,0,0,0,0,0 0,0,0,0,0,0,0 OUT-999 HOST0/0 F5;F3;
TRACE 117 1 3 1 5 12 12 1 0 30 5 0 0,0,0,0,0,0,0 0,0,0,0,0,0,0 OUT-999 HOST1/1 F5;F3;O1;C0:0;
TRACE 118 1 3 1 5 13 13 1 0 33 5 0 0,0,0,0,0,0,0 0,0,0,0,0,0,0 OUT-999 HOST1/1 F5;F3;O1;C0:0;
TRACE 119 1 3 1 5 14 14 1 0 38 5 0 0,0,0,0,0,0,0 0,0,0,0,0,0,0 OUT-999 HOST1/1 F5;F3;O1;C0:0;
TRACE 120 1 3 1 5 15 15 1 4 0 5 0 0,0,0,0,0,0,0 0,0,0,0,0,0,0 OUT-999 HOST1/1 F5;F3;O1;F4;C0:0;
TRACE 121 1 3 1 5 16 16 1 4 3 5 0 0,0,0,0,0,0,0 0,0,0,0,0,0,0 OUT-999 HOST1/1 F5;F3;O1;F4;C0:0;
TRACE 122 1 3 1 5 17 17 1 4 6 5 0 0,0,0,0,0,0,0 0,0,0,0,0,0,0 OUT-999 HOST1/1 F5;F3;O1;F4;C0:0;
TRACE 123 1 3 1 5 18 18 1 1 0 5 0 0,0,0,0,0,0,0 0,0,0,0,0,0,0 OUT-999 HOST1/1 F5;F3;O1;F4;F1;C0:0;
TRACE 124 1 3 1 5 19 19 1 1 3 5 0 0,0,0,0,0,0,0 0,0,0,0,0,0,0 OUT-999 HOST1/1 F5;F3;O1;F4;F1;C0:0;
TRACE 125 1 3 1 5 20 20 1 4 11 5 0 0,0,0,0,0,0,0 0,0,0,0,0,0,0 OUT-999 HOST1/1 F5;F3;O1;F4;F1;C0:0;
TRACE 126 1 3 1 5 21 21 1 0 43 5 0 0,0,0,0,0,0,0 0,0,0,0,0,0,0 OUT-999 HOST1/1 F5;F3;O1;F4;F1;C0:0;
TRACE 127 1 3 1 5 22 22 1 0 44 5 0 0,0,0,0,0,0,0 0,0,0,0,0,0,0 OUT-999 HOST1/1 F5;F3;O1;F4;F1;C0:0;
TRACE 128 1 3 1 5 23 23 1 0 53 5 0 0,0,0,0,0,0,0 0,0,0,0,0,0,0 OUT-999 HOST1/1 F5;F3;O1;F4;F1;C0:0;
TRACE 129 1 0 1 0 1000 24 0 0 52 0 0 0,0,0,0,0,0,0 0,0,0,0,0,0,0 OUT9 HOST1/1 F5;F3;O1;F4;F1;C0:0;
TRACE 130 1 0 1 0 24 24 0 0 52 0 0 0,0,0,0,0,0,0 0,0,0,0,0,0,0 OUT9 HOST1/1 F5;F3;O1;F4;F1;C0:0;
TRACE 131 1 3 1 5 0 0 1 0 0 5 0 0,0,0,0,0,0,0 0,0,0,0,0,0,0 OUT-999 HOST0/0 
TRACE 132 1 3 1 5 1 1 1 5 0 5 0 0,0,0,0,0,0,0 0,0,0,0,0,0,0 OUT-999 HOST0/0 F5;
TRACE 133 1 3 1 5 2 2 1 5 2 5 0 0,0,0,0,0,0,0 0,0,0,0,0,0,0 OUT-999 HOST0/0 F5;
TRACE 134 1 3 1 5 3 3 1 5 7 5 0 0,0,0,0,0,0,0 0,0,0,0,0,0,0 OUT-999 HOST0/0 F5;
TRACE 135 1 3 1 5 4 4 1 5 12 5 0 0,0,0,0,0,0,0 0,0,0,0,0,0,0 OUT-999 HOST0/0 F5;
TRACE 136 1 3 1 5 5 5 1 0 5 5 0 0,0,0,0,0,0,0 0,0,0,0,0,0,0 OUT-999 HOST0/0 F5;
TRACE 137 1 3 1 5 6 6 1 3 0 5 0 0,0,0,0,0,0,0 0,0,0,0,0,0,0 OUT-999 HOST0/0 F5;F3;
TRACE 138 1 3 1 5 7 7 1 3 3 5 0 0,0,0,0,0,0,0 0,0,0,0,0,0,0 OUT-999 HOST0/0 F5;F3;
TRACE 139 1 3 1 5 8 8 1 0 10 5 0 0,0,0,0,0,0,0 0,0,0,0,0,0,0 OUT-999 HOST0/0 F5;F3;
TRACE 140 1 3 1 5 9 9 1 0 13 5 0 0,0,0,0,0,0,0 0,0,0,0,0,0,0 OUT-999 HOST0/0 F5;F3;
TRACE 141 1 3 1 5 10 10 1 0 20 5 0 0,0,0,0,0,0,0 0,0,0,0,0,0,0 OUT-999 HOST1/1 F5;F3;O1;C0:0;
TRACE 142 1 3 1 5 11 11 1 0 23 5 0 0,0,0,0,0,0,0 0,0,0,0,0,0,0 OUT-999 HOST1/1 F5;F3;O1;C0:0;
TRACE 143 1 3 1 5 12 12 1 0 30 5 0 0,0,0,0,0,0,0 0,0,0,0,0,0,0 OUT-999 HOST1/1 F5;F3;O1;C0:0;
TRACE 144 1 3 1 5 13 13 1 0 34 5 0 0,0,0,0,0,0,0 0,0,0,0,0,0,0 OUT-999 HOST1/1 F5;F3;O1;C0:0;
TRACE 145 1 3 1 5 14 14 1 0 37 5 0 0,0,0,0,0,0,0 0,0,0,0,0,0,0 OUT-999 HOST1/1 F5;F3;O1;C0:0;
TRACE 146 1 3 1 5 15 15 1 4 0 5 0 0,0,0,0,0,0,0 0,0,0,0,0,0,0 OUT-999 HOST1/1 F5;F3;O1;F4;C0:0;
TRACE 147 1 3 1 5 16 16 1 4 3 5 0 0,0,0,0,0,0,0 0,0,0,0,0,0,0 OUT-999 HOST1/1 F5;F3;O1;F4;C0:0;
TRACE 148 1 3 1 5 17 17 1 4 6 5 0 0,0,0,0,0,0,0 0,0,0,0,0,0,0 OUT-999 HOST1/1 F5;F3;O1;F4;C0:0;
TRACE 149 1 3 1 5 18 18 1 1 0 5 0 0,0,0,0,0,0,0 0,0,0,0,0,0,0 OUT-999 HOST1/1 F5;F3;O1;F4;F1;C0:0;
TRACE 150 1 3 1 5 19 19 1 1 3 5 0 0,0,0,0,0,0,0 0,0,0,0,0,0,0 OUT-999 HOST1/1 F5;F3;O1;F4;F1;C0:0;
TRACE 151 1 3 1 5 20 20 1 4 11 5 0 0,0,0,0,0,0,0 0,0,0,0,0,0,0 OUT-999 HOST1/1 F5;F3;O1;F4;F1;C0:0;
TRACE 152 1 3 1 5 21 21 1 0 42 5 0 0,0,0,0,0,0,0 0,0,0,0,0,0,0 OUT-999 HOST1/1 F5;F3;O1;F4;F1;C0:0;
TRACE 153 1 3 1 5 22 22 1 0 43 5 0 0,0,0,0,0,0,0 0,0,0,0,0,0,0 OUT-999 HOST1/1 F5;F3;O1;F4;F1;C0:0;
TRACE 154 1 3 1 5 23 23 1 0 52 5 0 0,0,0,0,0,0,0 0,0,0,0,0,0,0 OUT-999 HOST1/1 F5;F3;O1;F4;F1;C0:0;
TRACE 155 1 0 1 0 1000 27 0 0 67 0 0 0,0,0,0,0,0,0 0,0,0,0,0,0,0 OUT9 HOST1/1 F5;F3;O1;F4;F1;C0:0;
TRACE 156 1 0 1 0 27 27 0 0 67 0 0 0,0,0,0,0,0,0 0,0,0,0,0,0,0 OUT9 HOST1/1 F5;F3;O1;F4;F1;C0:0;
TRACE 157 1 3 1 5 0 0 1 0 0 5 0 0,0,0,0,0,0,0 0,0,0,0,0,0,0 OUT-999 HOST0/0 
TRACE 158 1 3 1 5 1 1 1 0 5 5 0 0,0,0,0,0,0,0 0,0,0,0,0,0,0 OUT-999 HOST0/0 
TRACE 159 1 3 1 5 2 2 1 5 0 5 0 0,0,0,0,0,0,0 0,0,0,0,0,0,0 OUT-999 HOST0/0 F5;
TRACE 160 1 3 1 5 3 3 1 5 2 5 0 0,0,0,0,0,0,0 0,0,0,0,0,0,0 OUT-999 HOST0/0 F5;
TRACE 161 1 3 1 5 4 4 1 5 7 5 0 0,0,0,0,0,0,0 0,0,0,0,0,0,0 OUT-999 HOST0/0 F5;
TRACE 162 1 3 1 5 5 5 1 5 12 5 0 0,0,0,0,0,0,0 0,0,0,0,0,0,0 OUT-999 HOST0/0 F5;
TRACE 163 1 3 1 5 6 6 1 0 10 5 0 0,0,0,0,0,0,0 0,0,0,0,0,0,0 OUT-999 HOST0/0 F5;
TRACE 164 1 3 1 5 7 7 1 0 15 5 0 0,0,0,0,0,0,0 0,0,0,0,0,0,0 OUT-999 HOST0/0 F5;
TRACE 165 1 3 1 5 8 8 1 3 0 5 0 0,0,0,0,0,0,0 0,0,0,0,0,0,0 OUT-999 HOST0/0 F5;F3;
TRACE 166 1 3 1 5 9 9 1 3 3 5 0 0,0,0,0,0,0,0 0,0,0,0,0,0,0 OUT-999 HOST0/0 F5;F3;
TRACE 167 1 3 1 5 10 10 1 0 20 5 0 0,0,0,0,0,0,0 0,0,0,0,0,0,0 OUT-999 HOST0/0 F5;F3;
TRACE 168 1 3 1 5 11 11 1 0 23 5 0 0,0,0,0,0,0,0 0,0,0,0,0,0,0 OUT-999 HOST0/0 F5;F3;
TRACE 169 1 3 1 5 12 12 1 0 30 5 0 0,0,0,0,0,0,0 0,0,0,0,0,0,0 OUT-999 HOST1/1 F5;F3;O1;C0:0;
TRACE 170 1 3 1 5 13 13 1 0 33 5 0 0,0,0,0,0,0,0 0,0,0,0,0,0,0 OUT-999 HOST1/1 F5;F3;O1;C0:0;
TRACE 171 1 3 1 5 14 14 1 0 40 5 0 0,0,0,0,0,0,0 0,0,0,0,0,0,0 OUT-999 HOST1/1 F5;F3;O1;C0:0;
TRACE 172 1 3 1 5 15 15 1 0 44 5 0 0,0,0,0,0,0,0 0,0,0,0,0,0,0 OUT-999 HOST1/1 F5;F3;O1;C0:0;
TRACE 173 1 3 1 5 16 16 1 0 47 5 0 0,0,0,0,0,0,0 0,0,0,0,0,0,0 OUT-999 HOST1/1 F5;F3;O1;C0:0;
TRACE 174 1 3 1 5 17 17 1 0 52 5 0 0,0,0,0,0,0,0 0,0,0,0,0,0,0 OUT-999 HOST1/1 F5;F3;O1;C0:0;
TRACE 175 1 3 1 5 18 18 1 4 0 5 0 0,0,0,0,0,0,0 0,0,0,0,0,0,0 OUT-999 HOST1/1 F5;F3;O1;F4;C0:0;
TRACE 176 1 3 1 5 19 19 1 4 3 5 0 0,0,0,0,0,0,0 0,0,0,0,0,0,0 OUT-999 HOST1/1 F5;F3;O1;F4;C0:0;
TRACE 177 1 3 1 5 20 20 1 4 6 5 0 0,0,0,0,0,0,0 0,0,0,0,0,0,0 OUT-999 HOST1/1 F5;F3;O1;F4;C0:0;
TRACE 178 1 3 1 5 21 21 1 1 0 5 0 0,0,0,0,0,0,0 0,0,0,0,0,0,0 OUT-999 HOST1/1 F5;F3;O1;F4;F1;C0:0;
TRACE 179 1 3 1 5 22 22 1 1 3 5 0 0,0,0,0,0,0,0 0,0,0,0,0,0,0 OUT-999 HOST1/1 F5;F3;O1;F4;F1;C0:0;
TRACE 180 1 3 1 5 23 23 1 4 11 5 0 0,0,0,0,0,0,0 0,0,0,0,0,0,0 OUT-999 HOST1/1 F5;F3;O1;F4;F1;C0:0;
TRACE 181 1 3 1 5 24 24 1 0 57 5 0 0,0,0,0,0,0,0 0,0,0,0,0,0,0 OUT-999 HOST1/1 F5;F3;O1;F4;F1;C0:0;
TRACE 182 1 3 1 5 25 25 1 0 58 5 0 0,0,0,0,0,0,0 0,0,0,0,0,0,0 OUT-999 HOST1/1 F5;F3;O1;F4;F1;C0:0;
TRACE 183 1 3 1 5 26 26 1 0 67 5 0 0,0,0,0,0,0,0 0,0,0,0,0,0,0 OUT-999 HOST1/1 F5;F3;O1;F4;F1;C0:0;
TRACE 184 1 0 1 0 1000 19 0 0 30 0 0 0,0,0,0,0,0,0 0,0,0,0,0,0,0 OUT42 HOST0/0 F5;F3;F4;F2;
TRACE 185 1 0 1 0 19 19 0 0 30 0 0 0,0,0,0,0,0,0 0,0,0,0,0,0,0 OUT42 HOST0/0 F5;F3;F4;F2;
TRACE 186 1 3 1 5 0 0 1 0 0 5 0 0,0,0,0,0,0,0 0,0,0,0,0,0,0 OUT-999 HOST0/0 
TRACE 187 1 3 1 5 1 1 1 5 0 5 0 0,0,0,0,0,0,0 0,0,0,0,0,0,0 OUT-999 HOST0/0 F5;
TRACE 188 1 3 1 5 2 2 1 5 2 5 0 0,0,0,0,0,0,0 0,0,0,0,0,0,0 OUT-999 HOST0/0 F5;
TRACE 189 1 3 1 5 3 3 1 5 13 5 0 0,0,0,0,0,0,0 0,0,0,0,0,0,0 OUT-999 HOST0/0 F5;
TRACE 190 1 3 1 5 4 4 1 5 18 5 0 0,0,0,0,0,0,0 0,0,0,0,0,0,0 OUT-999 HOST0/0 F5;
TRACE 191 1 3 1 5 5 5 1 0 5 5 0 0,0,0,0,0,0,0 0,0,0,0,0,0,0 OUT-999 HOST0/0 F5;
TRACE 192 1 3 1 5 6 6 1 3 0 5 0 0,0,0,0,0,0,0 0,0,0,0,0,0,0 OUT-999 HOST0/0 F5;F3;
TRACE 193 1 3 1 5 7 7 1 3 3 5 0 0,0,0,0,0,0,0 0,0,0,0,0,0,0 OUT-999 HOST0/0 F5;F3;
TRACE 194 1 3 1 5 8 8 1 0 10 5 0 0,0,0,0,0,0,0 0,0,0,0,0,0,0 OUT-999 HOST0/0 F5;F3;
TRACE 195 1 3 1 5 9 9 1 0 13 5 0 0,0,0,0,0,0,0 0,0,0,0,0,0,0 OUT-999 HOST0/0 F5;F3;
TRACE 196 1 3 1 5 10 10 1 0 22 5 0 0,0,0,0,0,0,0 0,0,0,0,0,0,0 OUT-999 HOST0/0 F5;F3;
TRACE 197 1 3 1 5 11 11 1 0 25 5 0 0,0,0,0,0,0,0 0,0,0,0,0,0,0 OUT-999 HOST0/0 F5;F3;
TRACE 198 1 3 1 5 12 12 1 4 0 5 0 0,0,0,0,0,0,0 0,0,0,0,0,0,0 OUT-999 HOST0/0 F5;F3;F4;
TRACE 199 1 3 1 5 13 13 1 4 3 5 0 0,0,0,0,0,0,0 0,0,0,0,0,0,0 OUT-999 HOST0/0 F5;F3;F4;
TRACE 200 1 3 1 5 14 14 1 4 6 5 0 0,0,0,0,0,0,0 0,0,0,0,0,0,0 OUT-999 HOST0/0 F5;F3;F4;
TRACE 201 1 3 1 5 15 15 1 2 0 5 0 0,0,0,0,0,0,0 0,0,0,0,0,0,0 OUT-999 HOST0/0 F5;F3;F4;F2;
TRACE 202 1 3 1 5 16 16 1 2 9 5 0 0,0,0,0,0,0,0 0,0,0,0,0,0,0 OUT-999 HOST0/0 F5;F3;F4;F2;
TRACE 203 1 3 1 5 17 17 1 4 11 5 0 0,0,0,0,0,0,0 0,0,0,0,0,0,0 OUT-999 HOST0/0 F5;F3;F4;F2;
TRACE 204 1 3 1 5 18 18 1 0 30 5 0 0,0,0,0,0,0,0 0,0,0,0,0,0,0 OUT-999 HOST0/0 F5;F3;F4;F2;
TRACE 205 1 0 1 0 1000 22 0 0 45 0 0 0,0,0,0,0,0,0 0,0,0,0,0,0,0 OUT42 HOST0/0 F5;F3;F4;F2;
TRACE 206 1 0 1 0 22 22 0 0 45 0 0 0,0,0,0,0,0,0 0,0,0,0,0,0,0 OUT42 HOST0/0 F5;F3;F4;F2;
TRACE 207 1 3 1 5 0 0 1 0 0 5 0 0,0,0,0,0,0,0 0,0,0,0,0,0,0 OUT-999 HOST0/0 
TRACE 208 1 3 1 5 1 1 1 0 5 5 0 0,0,0,0,0,0,0 0,0,0,0,0,0,0 OUT-999 HOST0/0 
TRACE 209 1 3 1 5 2 2 1 5 0 5 0 0,0,0,0,0,0,0 0,0,0,0,0,0,0 OUT-999 HOST0/0 F5;
TRACE 210 1 3 1 5 3 3 1 5 2 5 0 0,0,0,0,0,0,0 0,0,0,0,0,0,0 OUT-999 HOST0/0 F5;
TRACE 211 1 3 1 5 4 4 1 5 13 5 0 0,0,0,0,0,0,0 0,0,0,0,0,0,0 OUT-999 HOST0/0 F5;
TRACE 212 1 3 1 5 5 5 1 5 18 5 0 0,0,0,0,0,0,0 0,0,0,0,0,0,0 OUT-999 HOST0/0 F5;
TRACE 213 1 3 1 5 6 6 1 0 10 5 0 0,0,0,0,0,0,0 0,0,0,0,0,0,0 OUT-999 HOST0/0 F5;
TRACE 214 1 3 1 5 7 7 1 0 15 5 0 0,0,0,0,0,0,0 0,0,0,0,0,0,0 OUT-999 HOST0/0 F5;
TRACE 215 1 3 1 5 8 8 1 3 0 5 0 0,0,0,0,0,0,0 0,0,0,0,0,0,0 OUT-999 HOST0/0 F5;F3;
TRACE 216 1 3 1 5 9 9 1 3 3 5 0 0,0,0,0,0,0,0 0,0,0,0,0,0,0 OUT-999 HOST0/0 F5;F3;
TRACE 217 1 3 1 5 10 10 1 0 20 5 0 0,0,0,0,0,0,0 0,0,0,0,0,0,0 OUT-999 HOST0/0 F5;F3;
TRACE 218 1 3 1 5 11 11 1 0 23 5 0 0,0,0,0,0,0,0 0,0,0,0,0,0,0 OUT-999 HOST0/0 F5;F3;
TRACE 219 1 3 1 5 12 12 1 0 32 5 0 0,0,0,0,0,0,0 0,0,0,0,0,0,0 OUT-999 HOST0/0 F5;F3;
TRACE 220 1 3 1 5 13 13 1 0 35 5 0 0,0,0,0,0,0,0 0,0,0,0,0,0,0 OUT-999 HOST0/0 F5;F3;
TRACE 221 1 3 1 5 14 14 1 0 40 5 0 0,0,0,0,0,0,0 0,0,0,0,0,0,0 OUT-999 HOST0/0 F5;F3;
TRACE 222 1 3 1 5 15 15 1 4 0 5 0 0,0,0,0,0,0,0 0,0,0,0,0,0,0 OUT-999 HOST0/0 F5;F3;F4;
TRACE 223 1 3 1 5 16 16 1 4 3 5 0 0,0,0,0,0,0,0 0,0,0,0,0,0,0 OUT-999 HOST0/0 F5;F3;F4;
TRACE 224 1 3 1 5 17 17 1 4 6 5 0 0,0,0,0,0,0,0 0,0,0,0,0,0,0 OUT-999 HOST0/0 F5;F3;F4;
TRACE 225 1 3 1 5 18 18 1 2 0 5 0 0,0,0,0,0,0,0 0,0,0,0,0,0,0 OUT-999 HOST0/0 F5;F3;F4;F2;
TRACE 226 1 3 1 5 19 19 1 2 9 5 0 0,0,0,0,0,0,0 0,0,0,0,0,0,0 OUT-999 HOST0/0 F5;F3;F4;F2;
TRACE 227 1 3 1 5 20 20 1 4 11 5 0 0,0,0,0,0,0,0 0,0,0,0,0,0,0 OUT-999 HOST0/0 F5;F3;F4;F2;
TRACE 228 1 3 1 5 21 21 1 0 45 5 0 0,0,0,0,0,0,0 0,0,0,0,0,0,0 OUT-999 HOST0/0 F5;F3;F4;F2;
TRACE 229 1 0 1 0 1000 21 0 0 38 0 0 0,0,0,0,0,0,0 0,0,0,0,0,0,0 OUT9 HOST1/1 F5;F3;O1;F4;F2;C0:0;
TRACE 230 1 0 1 0 21 21 0 0 38 0 0 0,0,0,0,0,0,0 0,0,0,0,0,0,0 OUT9 HOST1/1 F5;F3;O1;F4;F2;C0:0;
TRACE 231 1 3 1 5 0 0 1 0 0 5 0 0,0,0,0,0,0,0 0,0,0,0,0,0,0 OUT-999 HOST0/0 
TRACE 232 1 3 1 5 1 1 1 5 0 5 0 0,0,0,0,0,0,0 0,0,0,0,0,0,0 OUT-999 HOST0/0 F5;
TRACE 233 1 3 1 5 2 2 1 5 2 5 0 0,0,0,0,0,0,0 0,0,0,0,0,0,0 OUT-999 HOST0/0 F5;
TRACE 234 1 3 1 5 3 3 1 5 13 5 0 0,0,0,0,0,0,0 0,0,0,0,0,0,0 OUT-999 HOST0/0 F5;
TRACE 235 1 3 1 5 4 4 1 5 18 5 0 0,0,0,0,0,0,0 0,0,0,0,0,0,0 OUT-999 HOST0/0 F5;
TRACE 236 1 3 1 5 5 5 1 0 5 5 0 0,0,0,0,0,0,0 0,0,0,0,0,0,0 OUT-999 HOST0/0 F5;
TRACE 237 1 3 1 5 6 6 1 3 0 5 0 0,0,0,0,0,0,0 0,0,0,0,0,0,0 OUT-999 HOST0/0 F5;F3;
TRACE 238 1 3 1 5 7 7 1 3 3 5 0 0,0,0,0,0,0,0 0,0,0,0,0,0,0 OUT-999 HOST0/0 F5;F3;
TRACE 239 1 3 1 5 8 8 1 0 10 5 0 0,0,0,0,0,0,0 0,0,0,0,0,0,0 OUT-999 HOST0/0 F5;F3;
TRACE 240 1 3 1 5 9 9 1 0 13 5 0 0,0,0,0,0,0,0 0,0,0,0,0,0,0 OUT-999 HOST0/0 F5;F3;
TRACE 241 1 3 1 5 10 10 1 0 20 5 0 0,0,0,0,0,0,0 0,0,0,0,0,0,0 OUT-999 HOST1/1 F5;F3;O1;C0:0;
TRACE 242 1 3 1 5 11 11 1 0 23 5 0 0,0,0,0,0,0,0 0,0,0,0,0,0,0 OUT-999 HOST1/1 F5;F3;O1;C0:0;
TRACE 243 1 3 1 5 12 12 1 4 0 5 0 0,0,0,0,0,0,0 0,0,0,0,0,0,0 OUT-999 HOST1/1 F5;F3;O1;F4;C0:0;
TRACE 244 1 3 1 5 13 13 1 4 3 5 0 0,0,0,0,0,0,0 0,0,0,0,0,0,0 OUT-999 HOST1/1 F5;F3;O1;F4;C0:0;
TRACE 245 1 3 1 5 14 14 1 4 6 5 0 0,0,0,0,0,0,0 0,0,0,0,0,0,0 OUT-999 HOST1/1 F5;F3;O1;F4;C0:0;
TRACE 246 1 3 1 5 15 15 1 2 0 5 0 0,0,0,0,0,0,0 0,0,0,0,0,0,0 OUT-999 HOST1/1 F5;F3;O1;F4;F2;C0:0;
TRACE 247 1 3 1 5 16 16 1 2 3 5 0 0,0,0,0,0,0,0 0,0,0,0,0,0,0 OUT-999 HOST1/1 F5;F3;O1;F4;F2;C0:0;
TRACE 248 1 3 1 5 17 17 1 4 11 5 0 0,0,0,0,0,0,0 0,0,0,0,0,0,0 OUT-999 HOST1/1 F5;F3;O1;F4;F2;C0:0;
TRACE 249 1 3 1 5 18 18 1 0 28 5 0 0,0,0,0,0,0,0 0,0,0,0,0,0,0 OUT-999 HOST1/1 F5;F3;O1;F4;F2;C0:0;
TRACE 250 1 3 1 5 19 19 1 0 29 5 0 0,0,0,0,0,0,0 0,0,0,0,0,0,0 OUT-999 HOST1/1 F5;F3;O1;F4;F2;C0:0;
TRACE 251 1 3 1 5 20 20 1 0 38 5 0 0,0,0,0,0,0,0 0,0,0,0,0,0,0 OUT-999 HOST1/1 F5;F3;O1;F4;F2;C0:0;
TRACE 252 1 0 1 0 1000 24 0 0 53 0 0 0,0,0,0,0,0,0 0,0,0,0,0,0,0 OUT9 HOST1/1 F5;F3;O1;F4;F2;C0:0;
TRACE 253 1 0 1 0 24 24 0 0 53 0 0 0,0,0,0,0,0,0 0,0,0,0,0,0,0 OUT9 HOST1/1 F5;F3;O1;F4;F2;C0:0;
TRACE 254 1 3 1 5 0 0 1 0 0 5 0 0,0,0,0,0,0,0 0,0,0,0,0,0,0 OUT-999 HOST0/0 
TRACE 255 1 3 1 5 1 1 1 0 5 5 0 0,0,0,0,0,0,0 0,0,0,0,0,0,0 OUT-999 HOST0/0 
TRACE 256 1 3 1 5 2 2 1 5 0 5 0 0,0,0,0,0,0,0 0,0,0,0,0,0,0 OUT-999 HOST0/0 F5;
TRACE 257 1 3 1 5 3 3 1 5 2 5 0 0,0,0,0,0,0,0 0,0,0,0,0,0,0 OUT-999 HOST0/0 F5;
TRACE 258 1 3 1 5 4 4 1 5 13 5 0 0,0,0,0,0,0,0 0,0,0,0,0,0,0 OUT-999 HOST0/0 F5;
TRACE 259 1 3 1 5 5 5 1 5 18 5 0 0,0,0,0,0,0,0 0,0,0,0,0,0,0 OUT-999 HOST0/0 F5;
TRACE 260 1 3 1 5 6 6 1 0 10 5 0 0,0,0,0,0,0,0 0,0,0,0,0,0,0 OUT-999 HOST0/0 F5;
TRACE 261 1 3 1 5 7 7 1 0 15 5 0 0,0,0,0,0,0,0 0,0,0,0,0,0,0 OUT-999 HOST0/0 F5;
TRACE 262 1 3 1 5 8 8 1 3 0 5 0 0,0,0,0,0,0,0 0,0,0,0,0,0,0 OUT-999 HOST0/0 F5;F3;
TRACE 263 1 3 1 5 9 9 1 3 3 5 0 0,0,0,0,0,0,0 0,0,0,0,0,0,0 OUT-999 HOST0/0 F5;F3;
TRACE 264 1 3 1 5 10 10 1 0 20 5 0 0,0,0,0,0,0,0 0,0,0,0,0,0,0 OUT-999 HOST0/0 F5;F3;
TRACE 265 1 3 1 5 11 11 1 0 23 5 0 0,0,0,0,0,0,0 0,0,0,0,0,0,0 OUT-999 HOST0/0 F5;F3;
TRACE 266 1 3 1 5 12 12 1 0 30 5 0 0,0,0,0,0,0,0 0,0,0,0,0,0,0 OUT-999 HOST1/1 F5;F3;O1;C0:0;
TRACE 267 1 3 1 5 13 13 1 0 33 5 0 0,0,0,0,0,0,0 0,0,0,0,0,0,0 OUT-999 HOST1/1 F5;F3;O1;C0:0;
TRACE 268 1 3 1 5 14 14 1 0 38 5 0 0,0,0,0,0,0,0 0,0,0,0,0,0,0 OUT-999 HOST1/1 F5;F3;O1;C0:0;
TRACE 269 1 3 1 5 15 15 1 4 0 5 0 0,0,0,0,0,0,0 0,0,0,0,0,0,0 OUT-999 HOST1/1 F5;F3;O1;F4;C0:0;
TRACE 270 1 3 1 5 16 16 1 4 3 5 0 0,0,0,0,0,0,0 0,0,0,0,0,0,0 OUT-999 HOST1/1 F5;F3;O1;F4;C0:0;
TRACE 271 1 3 1 5 17 17 1 4 6 5 0 0,0,0,0,0,0,0 0,0,0,0,0,0,0 OUT-999 HOST1/1 F5;F3;O1;F4;C0:0;
TRACE 272 1 3 1 5 18 18 1 2 0 5 0 0,0,0,0,0,0,0 0,0,0,0,0,0,0 OUT-999 HOST1/1 F5;F3;O1;F4;F2;C0:0;
TRACE 273 1 3 1 5 19 19 1 2 3 5 0 0,0,0,0,0,0,0 0,0,0,0,0,0,0 OUT-999 HOST1/1 F5;F3;O1;F4;F2;C0:0;
TRACE 274 1 3 1 5 20 20 1 4 11 5 0 0,0,0,0,0,0,0 0,0,0,0,0,0,0 OUT-999 HOST1/1 F5;F3;O1;F4;F2;C0:0;
TRACE 275 1 3 1 5 21 21 1 0 43 5 0 0,0,0,0,0,0,0 0,0,0,0,0,0,0 OUT-999 HOST1/1 F5;F3;O1;F4;F2;C0:0;
TRACE 276 1 3 1 5 22 22 1 0 44 5 0 0,0,0,0,0,0,0 0,0,0,0,0,0,0 OUT-999 HOST1/1 F5;F3;O1;F4;F2;C0:0;
TRACE 277 1 3 1 5 23 23 1 0 53 5 0 0,0,0,0,0,0,0 0,0,0,0,0,0,0 OUT-999 HOST1/1 F5;F3;O1;F4;F2;C0:0;
TRACE 278 1 0 1 0 1000 24 0 0 52 0 0 0,0,0,0,0,0,0 0,0,0,0,0,0,0 OUT9 HOST1/1 F5;F3;O1;F4;F2;C0:0;
TRACE 279 1 0 1 0 24 24 0 0 52 0 0 0,0,0,0,0,0,0 0,0,0,0,0,0,0 OUT9 HOST1/1 F5;F3;O1;F4;F2;C0:0;
TRACE 280 1 3 1 5 0 0 1 0 0 5 0 0,0,0,0,0,0,0 0,0,0,0,0,0,0 OUT-999 HOST0/0 
TRACE 281 1 3 1 5 1 1 1 5 0 5 0 0,0,0,0,0,0,0 0,0,0,0,0,0,0 OUT-999 HOST0/0 F5;
TRACE 282 1 3 1 5 2 2 1 5 2 5 0 0,0,0,0,0,0,0 0,0,0,0,0,0,0 OUT-999 HOST0/0 F5;
TRACE 283 1 3 1 5 3 3 1 5 13 5 0 0,0,0,0,0,0,0 0,0,0,0,0,0,0 OUT-999 HOST0/0 F5;
TRACE 284 1 3 1 5 4 4 1 5 18 5 0 0,0,0,0,0,0,0 0,0,0,0,0,0,0 OUT-999 HOST0/0 F5;
TRACE 285 1 3 1 5 5 5 1 0 5 5 0 0,0,0,0,0,0,0 0,0,0,0,0,0,0 OUT-999 HOST0/0 F5;
TRACE 286 1 3 1 5 6 6 1 3 0 5 0 0,0,0,0,0,0,0 0,0,0,0,0,0,0 OUT-999 HOST0/0 F5;F3;
TRACE 287 1 3 1 5 7 7 1 3 3 5 0 0,0,0,0,0,0,0 0,0,0,0,0,0,0 OUT-999 HOST0/0 F5;F3;
TRACE 288 1 3 1 5 8 8 1 0 10 5 0 0,0,0,0,0,0,0 0,0,0,0,0,0,0 OUT-999 HOST0/0 F5;F3;
TRACE 289 1 3 1 5 9 9 1 0 13 5 0 0,0,0,0,0,0,0 0,0,0,0,0,0,0 OUT-999 HOST0/0 F5;F3;
TRACE 290 1 3 1 5 10 10 1 0 20 5 0 0,0,0,0,0,0,0 0,0,0,0,0,0,0 OUT-999 HOST1/1 F5;F3;O1;C0:0;
TRACE 291 1 3 1 5 11 11 1 0 23 5 0 0,0,0,0,0,0,0 0,0,0,0,0,0,0 OUT-999 HOST1/1 F5;F3;O1;C0:0;
TRACE 292 1 3 1 5 12 12 1 0 30 5 0 0,0,0,0,0,0,0 0,0,0,0,0,0,0 OUT-999 HOST1/1 F5;F3;O1;C0:0;
TRACE 293 1 3 1 5 13 13 1 0 34 5 0 0,0,0,0,0,0,0 0,0,0,0,0,0,0 OUT-999 HOST1/1 F5;F3;O1;C0:0;
TRACE 294 1 3 1 5 14 14 1 0 37 5 0 0,0,0,0,0,0,0 0,0,0,0,0,0,0 OUT-999 HOST1/1 F5;F3;O1;C0:0;
TRACE 295 1 3 1 5 15 15 1 4 0 5 0 0,0,0,0,0,0,0 0,0,0,0,0,0,0 OUT-999 HOST1/1 F5;F3;O1;F4;C0:0;
TRACE 296 1 3 1 5 16 16 1 4 3 5 0 0,0,0,0,0,0,0 0,0,0,0,0,0,0 OUT-999 HOST1/1 F5;F3;O1;F4;C0:0;
TRACE 297 1 3 1 5 17 17 1 4 6 5 0 0,0,0,0,0,0,0 0,0,0,0,0,0,0 OUT-999 HOST1/1 F5;F3;O1;F4;C0:0;
TRACE 298 1 3 1 5 18 18 1 2 0 5 0 0,0,0,0,0,0,0 0,0,0,0,0,0,0 OUT-999 HOST1/1 F5;F3;O1;F4;F2;C0:0;
TRACE 299 1 3 1 5 19 19 1 2 3 5 0 0,0,0,0,0,0,0 0,0,0,0,0,0,0 OUT-999 HOST1/1 F5;F3;O1;F4;F2;C0:0;
TRACE 300 1 3 1 5 20 20 1 4 11 5 0 0,0,0,0,0,0,0 0,0,0,0,0,0,0 OUT-999 HOST1/1 F5;F3;O1;F4;F2;C0:0;
TRACE 301 1 3 1 5 21 21 1 0 42 5 0 0,0,0,0,0,0,0 0,0,0,0,0,0,0 OUT-999 HOST1/1 F5;F3;O1;F4;F2;C0:0;
TRACE 302 1 3 1 5 22 22 1 0 43 5 0 0,0,0,0,0,0,0 0,0,0,0,0,0,0 OUT-999 HOST1/1 F5;F3;O1;F4;F2;C0:0;
TRACE 303 1 3 1 5 23 23 1 0 52 5 0 0,0,0,0,0,0,0 0,0,0,0,0,0,0 OUT-999 HOST1/1 F5;F3;O1;F4;F2;C0:0;
TRACE 304 1 0 1 0 1000 27 0 0 67 0 0 0,0,0,0,0,0,0 0,0,0,0,0,0,0 OUT9 HOST1/1 F5;F3;O1;F4;F2;C0:0;
TRACE 305 1 0 1 0 27 27 0 0 67 0 0 0,0,0,0,0,0,0 0,0,0,0,0,0,0 OUT9 HOST1/1 F5;F3;O1;F4;F2;C0:0;
TRACE 306 1 3 1 5 0 0 1 0 0 5 0 0,0,0,0,0,0,0 0,0,0,0,0,0,0 OUT-999 HOST0/0 
TRACE 307 1 3 1 5 1 1 1 0 5 5 0 0,0,0,0,0,0,0 0,0,0,0,0,0,0 OUT-999 HOST0/0 
TRACE 308 1 3 1 5 2 2 1 5 0 5 0 0,0,0,0,0,0,0 0,0,0,0,0,0,0 OUT-999 HOST0/0 F5;
TRACE 309 1 3 1 5 3 3 1 5 2 5 0 0,0,0,0,0,0,0 0,0,0,0,0,0,0 OUT-999 HOST0/0 F5;
TRACE 310 1 3 1 5 4 4 1 5 13 5 0 0,0,0,0,0,0,0 0,0,0,0,0,0,0 OUT-999 HOST0/0 F5;
TRACE 311 1 3 1 5 5 5 1 5 18 5 0 0,0,0,0,0,0,0 0,0,0,0,0,0,0 OUT-999 HOST0/0 F5;
TRACE 312 1 3 1 5 6 6 1 0 10 5 0 0,0,0,0,0,0,0 0,0,0,0,0,0,0 OUT-999 HOST0/0 F5;
TRACE 313 1 3 1 5 7 7 1 0 15 5 0 0,0,0,0,0,0,0 0,0,0,0,0,0,0 OUT-999 HOST0/0 F5;
TRACE 314 1 3 1 5 8 8 1 3 0 5 0 0,0,0,0,0,0,0 0,0,0,0,0,0,0 OUT-999 HOST0/0 F5;F3;
TRACE 315 1 3 1 5 9 9 1 3 3 5 0 0,0,0,0,0,0,0 0,0,0,0,0,0,0 OUT-999 HOST0/0 F5;F3;
TRACE 316 1 3 1 5 10 10 1 0 20 5 0 0,0,0,0,0,0,0 0,0,0,0,0,0,0 OUT-999 HOST0/0 F5;F3;
TRACE 317 1 3 1 5 11 11 1 0 23 5 0 0,0,0,0,0,0,0 0,0,0,0,0,0,0 OUT-999 HOST0/0 F5;F3;
TRACE 318 1 3 1 5 12 12 1 0 30 5 0 0,0,0,0,0,0,0 0,0,0,0,0,0,0 OUT-999 HOST1/1 F5;F3;O1;C0:0;
TRACE 319 1 3 1 5 13 13 1 0 33 5 0 0,0,0,0,0,0,0 0,0,0,0,0,0,0 OUT-999 HOST1/1 F5;F3;O1;C0:0;
TRACE 320 1 3 1 5 14 14 1 0 40 5 0 0,0,0,0,0,0,0 0,0,0,0,0,0,0 OUT-999 HOST1/1 F5;F3;O1;C0:0;
TRACE 321 1 3 1 5 15 15 1 0 44 5 0 0,0,0,0,0,0,0 0,0,0,0,0,0,0 OUT-999 HOST1/1 F5;F3;O1;C0:0;
TRACE 322 1 3 1 5 16 16 1 0 47 5 0 0,0,0,0,0,0,0 0,0,0,0,0,0,0 OUT-999 HOST1/1 F5;F3;O1;C0:0;
TRACE 323 1 3 1 5 17 17 1 0 52 5 0 0,0,0,0,0,0,0 0,0,0,0,0,0,0 OUT-999 HOST1/1 F5;F3;O1;C0:0;
TRACE 324 1 3 1 5 18 18 1 4 0 5 0 0,0,0,0,0,0,0 0,0,0,0,0,0,0 OUT-999 HOST1/1 F5;F3;O1;F4;C0:0;
TRACE 325 1 3 1 5 19 19 1 4 3 5 0 0,0,0,0,0,0,0 0,0,0,0,0,0,0 OUT-999 HOST1/1 F5;F3;O1;F4;C0:0;
TRACE 326 1 3 1 5 20 20 1 4 6 5 0 0,0,0,0,0,0,0 0,0,0,0,0,0,0 OUT-999 HOST1/1 F5;F3;O1;F4;C0:0;
TRACE 327 1 3 1 5 21 21 1 2 0 5 0 0,0,0,0,0,0,0 0,0,0,0,0,0,0 OUT-999 HOST1/1 F5;F3;O1;F4;F2;C0:0;
TRACE 328 1 3 1 5 22 22 1 2 3 5 0 0,0,0,0,0,0,0 0,0,0,0,0,0,0 OUT-999 HOST1/1 F5;F3;O1;F4;F2;C0:0;
TRACE 329 1 3 1 5 23 23 1 4 11 5 0 0,0,0,0,0,0,0 0,0,0,0,0,0,0 OUT-999 HOST1/1 F5;F3;O1;F4;F2;C0:0;
TRACE 330 1 3 1 5 24 24 1 0 57 5 0 0,0,0,0,0,0,0 0,0,0,0,0,0,0 OUT-999 HOST1/1 F5;F3;O1;F4;F2;C0:0;
TRACE 331 1 3 1 5 25 25 1 0 58 5 0 0,0,0,0,0,0,0 0,0,0,0,0,0,0 OUT-999 HOST1/1 F5;F3;O1;F4;F2;C0:0;
TRACE 332 1 3 1 5 26 26 1 0 67 5 0 0,0,0,0,0,0,0 0,0,0,0,0,0,0 OUT-999 HOST1/1 F5;F3;O1;F4;F2;C0:0;
TRACE 333 1 2 0 0 1000 0 0 4294967295 4294967295 0 0 0,0,0,0,0,0,0 0,0,0,0,0,0,0 OUT-999 HOST0/0 
TRACE 334 1 2 0 0 1000 0 0 4294967295 4294967295 0 0 0,0,0,0,0,0,0 0,0,0,0,0,0,0 OUT-999 HOST0/0 
TRACE 335 1 0 1 0 1000 24 0 0 53 0 0 0,0,0,0,0,0,0 0,0,0,0,0,0,0 OUT9 HOST1/0 F5;F3;O0;F4;F1;
TRACE 336 1 10 1 0 1000 27 0 0 67 0 1 8,5,0,0,0,1,0 0,0,0,0,0,0,0 OUT-999 HOST1/1 F5;F3;O1;F4;F2;C-1:5;
TRACE 337 1 0 1 0 1000 10 0 0 120 0 0 0,0,0,0,0,0,0 0,0,0,0,0,0,0 OUT0 HOST0/0 
TRACE 338 1 0 1 0 10 10 0 0 120 0 0 0,0,0,0,0,0,0 0,0,0,0,0,0,0 OUT0 HOST0/0 
TRACE 339 1 3 1 5 0 0 1 0 0 5 0 0,0,0,0,0,0,0 0,0,0,0,0,0,0 OUT-999 HOST0/0 
TRACE 340 1 3 1 5 1 1 1 0 9 5 0 0,0,0,0,0,0,0 0,0,0,0,0,0,0 OUT-999 HOST0/0 
TRACE 341 1 3 1 5 2 2 1 0 12 5 0 0,0,0,0,0,0,0 0,0,0,0,0,0,0 OUT-999 HOST0/0 
TRACE 342 1 3 1 5 3 3 1 0 21 5 0 0,0,0,0,0,0,0 0,0,0,0,0,0,0 OUT-999 HOST0/0 
TRACE 343 1 3 1 5 4 4 1 0 24 5 0 0,0,0,0,0,0,0 0,0,0,0,0,0,0 OUT-999 HOST0/0 
TRACE 344 1 3 1 5 5 5 1 0 27 5 0 0,0,0,0,0,0,0 0,0,0,0,0,0,0 OUT-999 HOST0/0 
TRACE 345 1 3 1 5 6 6 1 0 36 5 0 0,0,0,0,0,0,0 0,0,0,0,0,0,0 OUT-999 HOST0/0 
TRACE 346 1 3 1 5 7 7 1 0 37 5 0 0,0,0,0,0,0,0 0,0,0,0,0,0,0 OUT-999 HOST0/0 
TRACE 347 1 3 1 5 8 8 1 0 117 5 0 0,0,0,0,0,0,0 0,0,0,0,0,0,0 OUT-999 HOST0/0 
TRACE 348 1 3 1 5 9 9 1 0 120 5 0 0,0,0,0,0,0,0 0,0,0,0,0,0,0 OUT-999 HOST0/0 
TRACE 349 1 0 1 0 1000 108 0 0 120 0 0 0,0,0,0,0,0,0 0,0,0,0,0,0,0 OUT30 HOST0/0 F2;F2;F1;F1;
TRACE 350 1 0 1 0 108 108 0 0 120 0 0 0,0,0,0,0,0,0 0,0,0,0,0,0,0 OUT30 HOST0/0 F2;F2;F1;F1;
TRACE 351 1 3 1 5 0 0 1 0 0 5 0 0,0,0,0,0,0,0 0,0,0,0,0,0,0 OUT-999 HOST0/0 
TRACE 352 1 3 1 5 1 1 1 0 9 5 0 0,0,0,0,0,0,0 0,0,0,0,0,0,0 OUT-999 HOST0/0 
TRACE 353 1 3 1 5 2 2 1 0 12 5 0 0,0,0,0,0,0,0 0,0,0,0,0,0,0 OUT-999 HOST0/0 
TRACE 354 1 3 1 5 3 3 1 0 21 5 0 0,0,0,0,0,0,0 0,0,0,0,0,0,0 OUT-999 HOST0/0 
TRACE 355 1 3 1 5 4 4 1 0 24 5 0 0,0,0,0,0,0,0 0,0,0,0,0,0,0 OUT-999 HOST0/0 
TRACE 356 1 3 1 5 5 5 1 0 27 5 0 0,0,0,0,0,0,0 0,0,0,0,0,0,0 OUT-999 HOST0/0 
TRACE 357 1 3 1 5 6 6 1 0 36 5 0 0,0,0,0,0,0,0 0,0,0,0,0,0,0 OUT-999 HOST0/0 
TRACE 358 1 3 1 5 7 7 1 0 37 5 0 0,0,0,0,0,0,0 0,0,0,0,0,0,0 OUT-999 HOST0/0 
TRACE 359 1 3 1 5 8 8 1 0 42 5 0 0,0,0,0,0,0,0 0,0,0,0,0,0,0 OUT-999 HOST0/0 
TRACE 360 1 3 1 5 9 9 1 0 45 5 0 0,0,0,0,0,0,0 0,0,0,0,0,0,0 OUT-999 HOST0/0 
TRACE 361 1 3 1 5 10 10 1 0 54 5 0 0,0,0,0,0,0,0 0,0,0,0,0,0,0 OUT-999 HOST0/0 
TRACE 362 1 3 1 5 11 11 1 0 55 5 0 0,0,0,0,0,0,0 0,0,0,0,0,0,0 OUT-999 HOST0/0 
TRACE 363 1 3 1 5 12 12 1 0 70 5 0 0,0,0,0,0,0,0 0,0,0,0,0,0,0 OUT-999 HOST0/0 
TRACE 364 1 3 1 5 13 13 1 0 75 5 0 0,0,0,0,0,0,0 0,0,0,0,0,0,0 OUT-999 HOST0/0 
TRACE 365 1 3 1 5 14 14 1 0 78 5 0 0,0,0,0,0,0,0 0,0,0,0,0,0,0 OUT-999 HOST0/0 
TRACE 366 1 3 1 5 15 15 1 0 81 5 0 0,0,0,0,0,0,0 0,0,0,0,0,0,0 OUT-999 HOST0/0 
TRACE 367 1 3 1 5 16 16 1 0 84 5 0 0,0,0,0,0,0,0 0,0,0,0,0,0,0 OUT-999 HOST0/0 
TRACE 368 1 3 1 5 17 17 1 0 87 5 0 0,0,0,0,0,0,0 0,0,0,0,0,0,0 OUT-999 HOST0/0 
TRACE 369 1 3 1 5 18 18 1 2 0 5 0 0,0,0,0,0,0,0 0,0,0,0,0,0,0 OUT-999 HOST0/0 F2;
TRACE 370 1 3 1 5 19 19 1 2 3 5 0 0,0,0,0,0,0,0 0,0,0,0,0,0,0 OUT-999 HOST0/0 F2;
TRACE 371 1 3 1 5 20 20 1 2 12 5 0 0,0,0,0,0,0,0 0,0,0,0,0,0,0 OUT-999 HOST0/0 F2;
TRACE 372 1 3 1 5 21 21 1 2 13 5 0 0,0,0,0,0,0,0 0,0,0,0,0,0,0 OUT-999 HOST0/0 F2;
TRACE 373 1 3 1 5 22 22 1 0 92 5 0 0,0,0,0,0,0,0 0,0,0,0,0,0,0 OUT-999 HOST0/0 F2;
TRACE 374 1 3 1 5 23 23 1 0 93 5 0 0,0,0,0,0,0,0 0,0,0,0,0,0,0 OUT-999 HOST0/0 F2;
TRACE 375 1 3 1 5 24 24 1 0 96 5 0 0,0,0,0,0,0,0 0,0,0,0,0,0,0 OUT-999 HOST0/0 F2;
TRACE 376 1 3 1 5 25 25 1 0 99 5 0 0,0,0,0,0,0,0 0,0,0,0,0,0,0 OUT-999 HOST0/0 F2;
TRACE 377 1 3 1 5 26 26 1 0 108 5 0 0,0,0,0,0,0,0 0,0,0,0,0,0,0 OUT-999 HOST0/0 F2;
TRACE 378 1 3 1 5 27 27 1 0 109 5 0 0,0,0,0,0,0,0 0,0,0,0,0,0,0 OUT-999 HOST0/0 F2;
TRACE 379 1 3 1 5 28 28 1 0 112 5 0 0,0,0,0,0,0,0 0,0,0,0,0,0,0 OUT-999 HOST0/0 F2;
TRACE 380 1 3 1 5 29 29 1 0 24 5 0 0,0,0,0,0,0,0 0,0,0,0,0,0,0 OUT-999 HOST0/0 F2;
TRACE 381 1 3 1 5 30 30 1 0 27 5 0 0,0,0,0,0,0,0 0,0,0,0,0,0,0 OUT-999 HOST0/0 F2;
TRACE 382 1 3 1 5 31 31 1 0 36 5 0 0,0,0,0,0,0,0 0,0,0,0,0,0,0 OUT-999 HOST0/0 F2;
TRACE 383 1 3 1 5 32 32 1 0 37 5 0 0,0,0,0,0,0,0 0,0,0,0,0,0,0 OUT-999 HOST0/0 F2;
TRACE 384 1 3 1 5 33 33 1 0 42 5 0 0,0,0,0,0,0,0 0,0,0,0,0,0,0 OUT-999 HOST0/0 F2;
TRACE 385 1 3 1 5 34 34 1 0 45 5 0 0,0,0,0,0,0,0 0,0,0,0,0,0,0 OUT-999 HOST0/0 F2;
TRACE 386 1 3 1 5 35 35 1 0 54 5 0 0,0,0,0,0,0,0 0,0,0,0,0,0,0 OUT-999 HOST0/0 F2;
TRACE 387 1 3 1 5 36 36 1 0 55 5 0 0,0,0,0,0,0,0 0,0,0,0,0,0,0 OUT-999 HOST0/0 F2;
TRACE 388 1 3 1 5 37 37 1 0 70 5 0 0,0,0,0,0,0,0 0,0,0,0,0,0,0 OUT-999 HOST0/0 F2;
TRACE 389 1 3 1 5 38 38 1 0 75 5 0 0,0,0,0,0,0,0 0,0,0,0,0,0,0 OUT-999 HOST0/0 F2;
TRACE 390 1 3 1 5 39 39 1 0 78 5 0 0,0,0,0,0,0,0 0,0,0,0,0,0,0 OUT-999 HOST0/0 F2;
TRACE 391 1 3 1 5 40 40 1 0 81 5 0 0,0,0,0,0,0,0 0,0,0,0,0,0,0 OUT-999 HOST0/0 F2;
TRACE 392 1 3 1 5 41 41 1 0 84 5 0 0,0,0,0,0,0,0 0,0,0,0,0,0,0 OUT-999 HOST0/0 F2;
TRACE 393 1 3 1 5 42 42 1 0 87 5 0 0,0,0,0,0,0,0 0,0,0,0,0,0,0 OUT-999 HOST0/0 F2;
TRACE 394 1 3 1 5 43 43 1 2 0 5 0 0,0,0,0,0,0,0 0,0,0,0,0,0,0 OUT-999 HOST0/0 F2;F2;
TRACE 395 1 3 1 5 44 44 1 2 3 5 0 0,0,0,0,0,0,0 0,0,0,0,0,0,0 OUT-999 HOST0/0 F2;F2;
TRACE 396 1 3 1 5 45 45 1 2 12 5 0 0,0,0,0,0,0,0 0,0,0,0,0,0,0 OUT-999 HOST0/0 F2;F2;
TRACE 397 1 3 1 5 46 46 1 2 13 5 0 0,0,0,0,0,0,0 0,0,0,0,0,0,0 OUT-999 HOST0/0 F2;F2;
TRACE 398 1 3 1 5 47 47 1 0 92 5 0 0,0,0,0,0,0,0 0,0,0,0,0,0,0 OUT-999 HOST0/0 F2;F2;
TRACE 399 1 3 1 5 48 48 1 0 93 5 0 0,0,0,0,0,0,0 0,0,0,0,0,0,0 OUT-999 HOST0/0 F2;F2;
TRACE 400 1 3 1 5 49 49 1 0 96 5 0 0,0,0,0,0,0,0 0,0,0,0,0,0,0 OUT-999 HOST0/0 F2;F2;
TRACE 401 1 3 1 5 50 50 1 0 99 5 0 0,0,0,0,0,0,0 0,0,0,0,0,0,0 OUT-999 HOST0/0 F2;F2;
TRACE 402 1 3 1 5 51 51 1 0 108 5 0 0,0,0,0,0,0,0 0,0,0,0,0,0,0 OUT-999 HOST0/0 F2;F2;
TRACE 403 1 3 1 5 52 52 1 0 109 5 0 0,0,0,0,0,0,0 0,0,0,0,0,0,0 OUT-999 HOST0/0 F2;F2;
TRACE 404 1 3 1 5 53 53 1 0 112 5 0 0,0,0,0,0,0,0 0,0,0,0,0,0,0 OUT-999 HOST0/0 F2;F2;
TRACE 405 1 3 1 5 54 54 1 0 24 5 0 0,0,0,0,0,0,0 0,0,0,0,0,0,0 OUT-999 HOST0/0 F2;F2;
TRACE 406 1 3 1 5 55 55 1 0 27 5 0 0,0,0,0,0,0,0 0,0,0,0,0,0,0 OUT-999 HOST0/0 F2;F2;
TRACE 407 1 3 1 5 56 56 1 0 36 5 0 0,0,0,0,0,0,0 0,0,0,0,0,0,0 OUT-999 HOST0/0 F2;F2;
TRACE 408 1 3 1 5 57 57 1 0 37 5 0 0,0,0,0,0,0,0 0,0,0,0,0,0,0 OUT-999 HOST0/0 F2;F2;
TRACE 409 1 3 1 5 58 58 1 0 42 5 0 0,0,0,0,0,0,0 0,0,0,0,0,0,0 OUT-999 HOST0/0 F2;F2;
TRACE 410 1 3 1 5 59 59 1 0 45 5 0 0,0,0,0,0,0,0 0,0,0,0,0,0,0 OUT-999 HOST0/0 F2;F2;
TRACE 411 1 3 1 5 60 60 1 0 54 5 0 0,0,0,0,0,0,0 0,0,0,0,0,0,0 OUT-999 HOST0/0 F2;F2;
TRACE 412 1 3 1 5 61 61 1 0 55 5 0 0,0,0,0,0,0,0 0,0,0,0,0,0,0 OUT-999 HOST0/0 F2;F2;
TRACE 413 1 3 1 5 62 62 1 0 60 5 0 0,0,0,0,0,0,0 0,0,0,0,0,0,0 OUT-999 HOST0/0 F2;F2;
TRACE 414 1 3 1 5 63 63 1 0 65 5 0 0,0,0,0,0,0,0 0,0,0,0,0,0,0 OUT-999 HOST0/0 F2;F2;
TRACE 415 1 3 1 5 64 64 1 0 75 5 0 0,0,0,0,0,0,0 0,0,0,0,0,0,0 OUT-999 HOST0/0 F2;F2;
TRACE 416 1 3 1 5 65 65 1 0 78 5 0 0,0,0,0,0,0,0 0,0,0,0,0,0,0 OUT-999 HOST0/0 F2;F2;
TRACE 417 1 3 1 5 66 66 1 0 81 5 0 0,0,0,0,0,0,0 0,0,0,0,0,0,0 OUT-999 HOST0/0 F2;F2;
TRACE 418 1 3 1 5 67 67 1 0 84 5 0 0,0,0,0,0,0,0 0,0,0,0,0,0,0 OUT-999 HOST0/0 F2;F2;
TRACE 419 1 3 1 5 68 68 1 0 87 5 0 0,0,0,0,0,0,0 0,0,0,0,0,0,0 OUT-999 HOST0/0 F2;F2;
TRACE 420 1 3 1 5 69 69 1 1 0 5 0 0,0,0,0,0,0,0 0,0,0,0,0,0,0 OUT-999 HOST0/0 F2;F2;F1;
TRACE 421 1 3 1 5 70 70 1 1 3 5 0 0,0,0,0,0,0,0 0,0,0,0,0,0,0 OUT-999 HOST0/0 F2;F2;F1;
TRACE 422 1 3 1 5 71 71 1 0 92 5 0 0,0,0,0,0,0,0 0,0,0,0,0,0,0 OUT-999 HOST0/0 F2;F2;F1;
TRACE 423 1 3 1 5 72 72 1 0 93 5 0 0,0,0,0,0,0,0 0,0,0,0,0,0,0 OUT-999 HOST0/0 F2;F2;F1;
TRACE 424 1 3 1 5 73 73 1 0 96 5 0 0,0,0,0,0,0,0 0,0,0,0,0,0,0 OUT-999 HOST0/0 F2;F2;F1;
TRACE 425 1 3 1 5 74 74 1 0 99 5 0 0,0,0,0,0,0,0 0,0,0,0,0,0,0 OUT-999 HOST0/0 F2;F2;F1;
TRACE 426 1 3 1 5 75 75 1 0 108 5 0 0,0,0,0,0,0,0 0,0,0,0,0,0,0 OUT-999 HOST0/0 F2;F2;F1;
TRACE 427 1 3 1 5 76 76 1 0 109 5 0 0,0,0,0,0,0,0 0,0,0,0,0,0,0 OUT-999 HOST0/0 F2;F2;F1;
TRACE 428 1 3 1 5 77 77 1 0 112 5 0 0,0,0,0,0,0,0 0,0,0,0,0,0,0 OUT-999 HOST0/0 F2;F2;F1;
TRACE 429 1 3 1 5 78 78 1 0 24 5 0 0,0,0,0,0,0,0 0,0,0,0,0,0,0 OUT-999 HOST0/0 F2;F2;F1;
TRACE 430 1 3 1 5 79 79 1 0 27 5 0 0,0,0,0,0,0,0 0,0,0,0,0,0,0 OUT-999 HOST0/0 F2;F2;F1;
TRACE 431 1 3 1 5 80 80 1 0 36 5 0 0,0,0,0,0,0,0 0,0,0,0,0,0,0 OUT-999 HOST0/0 F2;F2;F1;
TRACE 432 1 3 1 5 81 81 1 0 37 5 0 0,0,0,0,0,0,0 0,0,0,0,0,0,0 OUT-999 HOST0/0 F2;F2;F1;
TRACE 433 1 3 1 5 82 82 1 0 42 5 0 0,0,0,0,0,0,0 0,0,0,0,0,0,0 OUT-999 HOST0/0 F2;F2;F1;
TRACE 434 1 3 1 5 83 83 1 0 45 5 0 0,0,0,0,0,0,0 0,0,0,0,0,0,0 OUT-999 HOST0/0 F2;F2;F1;
TRACE 435 1 3 1 5 84 84 1 0 54 5 0 0,0,0,0,0,0,0 0,0,0,0,0,0,0 OUT-999 HOST0/0 F2;F2;F1;
TRACE 436 1 3 1 5 85 85 1 0 55 5 0 0,0,0,0,0,0,0 0,0,0,0,0,0,0 OUT-999 HOST0/0 F2;F2;F1;
TRACE 437 1 3 1 5 86 86 1 0 60 5 0 0,0,0,0,0,0,0 0,0,0,0,0,0,0 OUT-999 HOST0/0 F2;F2;F1;
TRACE 438 1 3 1 5 87 87 1 0 65 5 0 0,0,0,0,0,0,0 0,0,0,0,0,0,0 OUT-999 HOST0/0 F2;F2;F1;
TRACE 439 1 3 1 5 88 88 1 0 75 5 0 0,0,0,0,0,0,0 0,0,0,0,0,0,0 OUT-999 HOST0/0 F2;F2;F1;
TRACE 440 1 3 1 5 89 89 1 0 78 5 0 0,0,0,0,0,0,0 0,0,0,0,0,0,0 OUT-999 HOST0/0 F2;F2;F1;
TRACE 441 1 3 1 5 90 90 1 0 81 5 0 0,0,0,0,0,0,0 0,0,0,0,0,0,0 OUT-999 HOST0/0 F2;F2;F1;
TRACE 442 1 3 1 5 91 91 1 0 84 5 0 0,0,0,0,0,0,0 0,0,0,0,0,0,0 OUT-999 HOST0/0 F2;F2;F1;
TRACE 443 1 3 1 5 92 92 1 0 87 5 0 0,0,0,0,0,0,0 0,0,0,0,0,0,0 OUT-999 HOST0/0 F2;F2;F1;
TRACE 444 1 3 1 5 93 93 1 1 0 5 0 0,0,0,0,0,0,0 0,0,0,0,0,0,0 OUT-999 HOST0/0 F2;F2;F1;F1;
TRACE 445 1 3 1 5 94 94 1 1 3 5 0 0,0,0,0,0,0,0 0,0,0,0,0,0,0 OUT-999 HOST0/0 F2;F2;F1;F1;
TRACE 446 1 3 1 5 95 95 1 0 92 5 0 0,0,0,0,0,0,0 0,0,0,0,0,0,0 OUT-999 HOST0/0 F2;F2;F1;F1;
TRACE 447 1 3 1 5 96 96 1 0 93 5 0 0,0,0,0,0,0,0 0,0,0,0,0,0,0 OUT-999 HOST0/0 F2;F2;F1;F1;
TRACE 448 1 3 1 5 97 97 1 0 96 5 0 0,0,0,0,0,0,0 0,0,0,0,0,0,0 OUT-999 HOST0/0 F2;F2;F1;F1;
TRACE 449 1 3 1 5 98 98 1 0 99 5 0 0,0,0,0,0,0,0 0,0,0,0,0,0,0 OUT-999 HOST0/0 F2;F2;F1;F1;
TRACE 450 1 3 1 5 99 99 1 0 108 5 0 0,0,0,0,0,0,0 0,0,0,0,0,0,0 OUT-999 HOST0/0 F2;F2;F1;F1;
TRACE 451 1 3 1 5 100 100 1 0 109 5 0 0,0,0,0,0,0,0 0,0,0,0,0,0,0 OUT-999 HOST0/0 F2;F2;F1;F1;
TRACE 452 1 3 1 5 101 101 1 0 112 5 0 0,0,0,0,0,0,0 0,0,0,0,0,0,0 OUT-999 HOST0/0 F2;F2;F1;F1;
TRACE 453 1 3 1 5 102 102 1 0 24 5 0 0,0,0,0,0,0,0 0,0,0,0,0,0,0 OUT-999 HOST0/0 F2;F2;F1;F1;
TRACE 454 1 3 1 5 103 103 1 0 27 5 0 0,0,0,0,0,0,0 0,0,0,0,0,0,0 OUT-999 HOST0/0 F2;F2;F1;F1;
TRACE 455 1 3 1 5 104 104 1 0 36 5 0 0,0,0,0,0,0,0 0,0,0,0,0,0,0 OUT-999 HOST0/0 F2;F2;F1;F1;
TRACE 456 1 3 1 5 105 105 1 0 37 5 0 0,0,0,0,0,0,0 0,0,0,0,0,0,0 OUT-999 HOST0/0 F2;F2;F1;F1;
TRACE 457 1 3 1 5 106 106 1 0 117 5 0 0,0,0,0,0,0,0 0,0,0,0,0,0,0 OUT-999 HOST0/0 F2;F2;F1;F1;
TRACE 458 1 3 1 5 107 107 1 0 120 5 0 0,0,0,0,0,0,0 0,0,0,0,0,0,0 OUT-999 HOST0/0 F2;F2;F1;F1;
TRACE 459 1 0 1 0 1000 11 0 0 42 0 0 0,0,0,0,0,0,0 0,0,0,0,0,0,0 OUT41 HOST0/0 F1;
TRACE 460 1 0 1 0 11 11 0 0 42 0 0 0,0,0,0,0,0,0 0,0,0,0,0,0,0 OUT41 HOST0/0 F1;
TRACE 461 1 3 1 5 0 0 1 0 0 5 0 0,0,0,0,0,0,0 0,0,0,0,0,0,0 OUT-999 HOST0/0 
TRACE 462 1 3 1 5 1 1 1 0 2 5 0 0,0,0,0,0,0,0 0,0,0,0,0,0,0 OUT-999 HOST0/0 
TRACE 463 1 3 1 5 2 2 1 0 7 5 0 0,0,0,0,0,0,0 0,0,0,0,0,0,0 OUT-999 HOST0/0 
TRACE 464 1 3 1 5 3 3 1 0 12 5 0 0,0,0,0,0,0,0 0,0,0,0,0,0,0 OUT-999 HOST0/0 
TRACE 465 1 3 1 5 4 4 1 0 22 5 0 0,0,0,0,0,0,0 0,0,0,0,0,0,0 OUT-999 HOST0/0 
TRACE 466 1 3 1 5 5 5 1 0 25 5 0 0,0,0,0,0,0,0 0,0,0,0,0,0,0 OUT-999 HOST0/0 
TRACE 467 1 3 1 5 6 6 1 0 34 5 0 0,0,0,0,0,0,0 0,0,0,0,0,0,0 OUT-999 HOST0/0 
TRACE 468 1 3 1 5 7 7 1 0 37 5 0 0,0,0,0,0,0,0 0,0,0,0,0,0,0 OUT-999 HOST0/0 
TRACE 469 1 3 1 5 8 8 1 1 0 5 0 0,0,0,0,0,0,0 0,0,0,0,0,0,0 OUT-999 HOST0/0 F1;
TRACE 470 1 3 1 5 9 9 1 1 3 5 0 0,0,0,0,0,0,0 0,0,0,0,0,0,0 OUT-999 HOST0/0 F1;
TRACE 471 1 3 1 5 10 10 1 0 42 5 0 0,0,0,0,0,0,0 0,0,0,0,0,0,0 OUT-999 HOST0/0 F1;
TRACE 472 1 0 1 0 1000 11 0 0 42 0 0 0,0,0,0,0,0,0 0,0,0,0,0,0,0 OUT41 HOST0/0 F1;
TRACE 473 1 0 1 0 11 11 0 0 42 0 0 0,0,0,0,0,0,0 0,0,0,0,0,0,0 OUT41 HOST0/0 F1;
TRACE 474 1 3 1 5 0 0 1 0 0 5 0 0,0,0,0,0,0,0 0,0,0,0,0,0,0 OUT-999 HOST0/0 
TRACE 475 1 3 1 5 1 1 1 0 2 5 0 0,0,0,0,0,0,0 0,0,0,0,0,0,0 OUT-999 HOST0/0 
TRACE 476 1 3 1 5 2 2 1 0 7 5 0 0,0,0,0,0,0,0 0,0,0,0,0,0,0 OUT-999 HOST0/0 
TRACE 477 1 3 1 5 3 3 1 0 12 5 0 0,0,0,0,0,0,0 0,0,0,0,0,0,0 OUT-999 HOST0/0 
TRACE 478 1 3 1 5 4 4 1 0 22 5 0 0,0,0,0,0,0,0 0,0,0,0,0,0,0 OUT-999 HOST0/0 
TRACE 479 1 3 1 5 5 5 1 0 25 5 0 0,0,0,0,0,0,0 0,0,0,0,0,0,0 OUT-999 HOST0/0 
TRACE 480 1 3 1 5 6 6 1 0 34 5 0 0,0,0,0,0,0,0 0,0,0,0,0,0,0 OUT-999 HOST0/0 
TRACE 481 1 3 1 5 7 7 1 0 37 5 0 0,0,0,0,0,0,0 0,0,0,0,0,0,0 OUT-999 HOST0/0 
TRACE 482 1 3 1 5 8 8 1 1 0 5 0 0,0,0,0,0,0,0 0,0,0,0,0,0,0 OUT-999 HOST0/0 F1;
TRACE 483 1 3 1 5 9 9 1 1 3 5 0 0,0,0,0,0,0,0 0,0,0,0,0,0,0 OUT-999 HOST0/0 F1;
TRACE 484 1 3 1 5 10 10 1 0 42 5 0 0,0,0,0,0,0,0 0,0,0,0,0,0,0 OUT-999 HOST0/0 F1;
TRACE 485 1 0 1 0 1000 12 0 0 42 0 0 0,0,0,0,0,0,0 0,0,0,0,0,0,0 OUT41 HOST0/0 F1;
TRACE 486 1 0 1 0 12 12 0 0 42 0 0 0,0,0,0,0,0,0 0,0,0,0,0,0,0 OUT41 HOST0/0 F1;
TRACE 487 1 3 1 5 0 0 1 3 0 5 0 0,0,0,0,0,0,0 0,0,0,0,0,0,0 OUT-999 HOST0/0 
TRACE 488 1 3 1 5 1 1 1 0 0 5 0 0,0,0,0,0,0,0 0,0,0,0,0,0,0 OUT-999 HOST0/0 
TRACE 489 1 3 1 5 2 2 1 0 2 5 0 0,0,0,0,0,0,0 0,0,0,0,0,0,0 OUT-999 HOST0/0 
TRACE 490 1 3 1 5 3 3 1 0 7 5 0 0,0,0,0,0,0,0 0,0,0,0,0,0,0 OUT-999 HOST0/0 
TRACE 491 1 3 1 5 4 4 1 0 12 5 0 0,0,0,0,0,0,0 0,0,0,0,0,0,0 OUT-999 HOST0/0 
TRACE 492 1 3 1 5 5 5 1 0 22 5 0 0,0,0,0,0,0,0 0,0,0,0,0,0,0 OUT-999 HOST0/0 
TRACE 493 1 3 1 5 6 6 1 0 25 5 0 0,0,0,0,0,0,0 0,0,0,0,0,0,0 OUT-999 HOST0/0 
TRACE 494 1 3 1 5 7 7 1 0 34 5 0 0,0,0,0,0,0,0 0,0,0,0,0,0,0 OUT-999 HOST0/0 
TRACE 495 1 3 1 5 8 8 1 0 37 5 0 0,0,0,0,0,0,0 0,0,0,0,0,0,0 OUT-999 HOST0/0 
TRACE 496 1 3 1 5 9 9 1 1 0 5 0 0,0,0,0,0,0,0 0,0,0,0,0,0,0 OUT-999 HOST0/0 F1;
TRACE 497 1 3 1 5 10 10 1 1 3 5 0 0,0,0,0,0,0,0 0,0,0,0,0,0,0 OUT-999 HOST0/0 F1;
TRACE 498 1 3 1 5 11 11 1 0 42 5 0 0,0,0,0,0,0,0 0,0,0,0,0,0,0 OUT-999 HOST0/0 F1;
TRACE 499 1 0 1 0 1000 12 0 0 42 0 0 0,0,0,0,0,0,0 0,0,0,0,0,0,0 OUT41 HOST0/0 F1;
TRACE 500 1 0 1 0 12 12 0 0 42 0 0 0,0,0,0,0,0,0 0,0,0,0,0,0,0 OUT41 HOST0/0 F1;
TRACE 501 1 3 1 5 0 0 1 3 0 5 0 0,0,0,0,0,0,0 0,0,0,0,0,0,0 OUT-999 HOST0/0 
TRACE 502 1 3 1 5 1 1 1 0 0 5 0 0,0,0,0,0,0,0 0,0,0,0,0,0,0 OUT-999 HOST0/0 
TRACE 503 1 3 1 5 2 2 1 0 2 5 0 0,0,0,0,0,0,0 0,0,0,0,0,0,0 OUT-999 HOST0/0 
TRACE 504 1 3 1 5 3 3 1 0 7 5 0 0,0,0,0,0,0,0 0,0,0,0,0,0,0 OUT-999 HOST0/0 
TRACE 505 1 3 1 5 4 4 1 0 12 5 0 0,0,0,0,0,0,0 0,0,0,0,0,0,0 OUT-999 HOST0/0 
TRACE 506 1 3 1 5 5 5 1 0 22 5 0 0,0,0,0,0,0,0 0,0,0,0,0,0,0 OUT-999 HOST0/0 
TRACE 507 1 3 1 5 6 6 1 0 25 5 0 0,0,0,0,0,0,0 0,0,0,0,0,0,0 OUT-999 HOST0/0 
TRACE 508 1 3 1 5 7 7 1 0 34 5 0 0,0,0,0,0,0,0 0,0,0,0,0,0,0 OUT-999 HOST0/0 
TRACE 509 1 3 1 5 8 8 1 0 37 5 0 0,0,0,0,0,0,0 0,0,0,0,0,0,0 OUT-999 HOST0/0 
TRACE 510 1 3 1 5 9 9 1 1 0 5 0 0,0,0,0,0,0,0 0,0,0,0,0,0,0 OUT-999 HOST0/0 F1;
TRACE 511 1 3 1 5 10 10 1 1 3 5 0 0,0,0,0,0,0,0 0,0,0,0,0,0,0 OUT-999 HOST0/0 F1;
TRACE 512 1 3 1 5 11 11 1 0 42 5 0 0,0,0,0,0,0,0 0,0,0,0,0,0,0 OUT-999 HOST0/0 F1;
TRACE 513 1 0 1 0 1000 13 0 0 50 0 0 0,0,0,0,0,0,0 0,0,0,0,0,0,0 OUT9 HOST1/1 O1;F1;C0:0;
TRACE 514 1 0 1 0 13 13 0 0 50 0 0 0,0,0,0,0,0,0 0,0,0,0,0,0,0 OUT9 HOST1/1 O1;F1;C0:0;
TRACE 515 1 3 1 5 0 0 1 0 0 5 0 0,0,0,0,0,0,0 0,0,0,0,0,0,0 OUT-999 HOST0/0 
TRACE 516 1 3 1 5 1 1 1 0 2 5 0 0,0,0,0,0,0,0 0,0,0,0,0,0,0 OUT-999 HOST0/0 
TRACE 517 1 3 1 5 2 2 1 0 7 5 0 0,0,0,0,0,0,0 0,0,0,0,0,0,0 OUT-999 HOST0/0 
TRACE 518 1 3 1 5 3 3 1 0 12 5 0 0,0,0,0,0,0,0 0,0,0,0,0,0,0 OUT-999 HOST0/0 
TRACE 519 1 3 1 5 4 4 1 0 22 5 0 0,0,0,0,0,0,0 0,0,0,0,0,0,0 OUT-999 HOST0/0 
TRACE 520 1 3 1 5 5 5 1 0 25 5 0 0,0,0,0,0,0,0 0,0,0,0,0,0,0 OUT-999 HOST0/0 
TRACE 521 1 3 1 5 6 6 1 0 32 5 0 0,0,0,0,0,0,0 0,0,0,0,0,0,0 OUT-999 HOST1/1 O1;C0:0;
TRACE 522 1 3 1 5 7 7 1 0 35 5 0 0,0,0,0,0,0,0 0,0,0,0,0,0,0 OUT-999 HOST1/1 O1;C0:0;
TRACE 523 1 3 1 5 8 8 1 1 0 5 0 0,0,0,0,0,0,0 0,0,0,0,0,0,0 OUT-999 HOST1/1 O1;F1;C0:0;
TRACE 524 1 3 1 5 9 9 1 1 3 5 0 0,0,0,0,0,0,0 0,0,0,0,0,0,0 OUT-999 HOST1/1 O1;F1;C0:0;
TRACE 525 1 3 1 5 10 10 1 0 40 5 0 0,0,0,0,0,0,0 0,0,0,0,0,0,0 OUT-999 HOST1/1 O1;F1;C0:0;
TRACE 526 1 3 1 5 11 11 1 0 41 5 0 0,0,0,0,0,0,0 0,0,0,0,0,0,0 OUT-999 HOST1/1 O1;F1;C0:0;
TRACE 527 1 3 1 5 12 12 1 0 50 5 0 0,0,0,0,0,0,0 0,0,0,0,0,0,0 OUT-999 HOST1/1 O1;F1;C0:0;
TRACE 528 1 0 1 0 1000 13 0 0 50 0 0 0,0,0,0,0,0,0 0,0,0,0,0,0,0 OUT9 HOST1/1 O1;F1;C0:0;
TRACE 529 1 0 1 0 13 13 0 0 50 0 0 0,0,0,0,0,0,0 0,0,0,0,0,0,0 OUT9 HOST1/1 O1;F1;C0:0;
TRACE 530 1 3 1 5 0 0 1 0 0 5 0 0,0,0,0,0,0,0 0,0,0,0,0,0,0 OUT-999 HOST0/0 
TRACE 531 1 3 1 5 1 1 1 0 2 5 0 0,0,0,0,0,0,0 0,0,0,0,0,0,0 OUT-999 HOST0/0 
TRACE 532 1 3 1 5 2 2 1 0 7 5 0 0,0,0,0,0,0,0 0,0,0,0,0,0,0 OUT-999 HOST0/0 
TRACE 533 1 3 1 5 3 3 1 0 12 5 0 0,0,0,0,0,0,0 0,0,0,0,0,0,0 OUT-999 HOST0/0 
TRACE 534 1 3 1 5 4 4 1 0 22 5 0 0,0,0,0,0,0,0 0,0,0,0,0,0,0 OUT-999 HOST0/0 
TRACE 535 1 3 1 5 5 5 1 0 25 5 0 0,0,0,0,0,0,0 0,0,0,0,0,0,0 OUT-999 HOST0/0 
TRACE 536 1 3 1 5 6 6 1 0 32 5 0 0,0,0,0,0,0,0 0,0,0,0,0,0,0 OUT-999 HOST1/1 O1;C0:0;
TRACE 537 1 3 1 5 7 7 1 0 35 5 0 0,0,0,0,0,0,0 0,0,0,0,0,0,0 OUT-999 HOST1/1 O1;C0:0;
TRACE 538 1 3 1 5 8 8 1 1 0 5 0 0,0,0,0,0,0,0 0,0,0,0,0,0,0 OUT-999 HOST1/1 O1;F1;C0:0;
TRACE 539 1 3 1 5 9 9 1 1 3 5 0 0,0,0,0,0,0,0 0,0,0,0,0,0,0 OUT-999 HOST1/1 O1;F1;C0:0;
TRACE 540 1 3 1 5 10 10 1 0 40 5 0 0,0,0,0,0,0,0 0,0,0,0,0,0,0 OUT-999 HOST1/1 O1;F1;C0:0;
TRACE 541 1 3 1 5 11 11 1 0 41 5 0 0,0,0,0,0,0,0 0,0,0,0,0,0,0 OUT-999 HOST1/1 O1;F1;C0:0;
TRACE 542 1 3 1 5 12 12 1 0 50 5 0 0,0,0,0,0,0,0 0,0,0,0,0,0,0 OUT-999 HOST1/1 O1;F1;C0:0;
TRACE 543 1 0 1 0 1000 14 0 0 50 0 0 0,0,0,0,0,0,0 0,0,0,0,0,0,0 OUT9 HOST1/1 O1;F1;C0:0;
TRACE 544 1 0 1 0 14 14 0 0 50 0 0 0,0,0,0,0,0,0 0,0,0,0,0,0,0 OUT9 HOST1/1 O1;F1;C0:0;
TRACE 545 1 3 1 5 0 0 1 3 0 5 0 0,0,0,0,0,0,0 0,0,0,0,0,0,0 OUT-999 HOST0/0 
TRACE 546 1 3 1 5 1 1 1 0 0 5 0 0,0,0,0,0,0,0 0,0,0,0,0,0,0 OUT-999 HOST0/0 
TRACE 547 1 3 1 5 2 2 1 0 2 5 0 0,0,0,0,0,0,0 0,0,0,0,0,0,0 OUT-999 HOST0/0 
TRACE 548 1 3 1 5 3 3 1 0 7 5 0 0,0,0,0,0,0,0 0,0,0,0,0,0,0 OUT-999 HOST0/0 
TRACE 549 1 3 1 5 4 4 1 0 12 5 0 0,0,0,0,0,0,0 0,0,0,0,0,0,0 OUT-999 HOST0/0 
TRACE 550 1 3 1 5 5 5 1 0 22 5 0 0,0,0,0,0,0,0 0,0,0,0,0,0,0 OUT-999 HOST0/0 
TRACE 551 1 3 1 5 6 6 1 0 25 5 0 0,0,0,0,0,0,0 0,0,0,0,0,0,0 OUT-999 HOST0/0 
TRACE 552 1 3 1 5 7 7 1 0 32 5 0 0,0,0,0,0,0,0 0,0,0,0,0,0,0 OUT-999 HOST1/1 O1;C0:0;
TRACE 553 1 3 1 5 8 8 1 0 35 5 0 0,0,0,0,0,0,0 0,0,0,0,0,0,0 OUT-999 HOST1/1 O1;C0:0;
TRACE 554 1 3 1 5 9 9 1 1 0 5 0 0,0,0,0,0,0,0 0,0,0,0,0,0,0 OUT-999 HOST1/1 O1;F1;C0:0;
TRACE 555 1 3 1 5 10 10 1 1 3 5 0 0,0,0,0,0,0,0 0,0,0,0,0,0,0 OUT-999 HOST1/1 O1;F1;C0:0;
TRACE 556 1 3 1 5 11 11 1 0 40 5 0 0,0,0,0,0,0,0 0,0,0,0,0,0,0 OUT-999 HOST1/1 O1;F1;C0:0;
TRACE 557 1 3 1 5 12 12 1 0 41 5 0 0,0,0,0,0,0,0 0,0,0,0,0,0,0 OUT-999 HOST1/1 O1;F1;C0:0;
TRACE 558 1 3 1 5 13 13 1 0 50 5 0 0,0,0,0,0,0,0 0,0,0,0,0,0,0 OUT-999 HOST1/1 O1;F1;C0:0;
TRACE 559 1 0 1 0 1000 14 0 0 50 0 0 0,0,0,0,0,0,0 0,0,0,0,0,0,0 OUT9 HOST1/1 O1;F1;C0:0;
TRACE 560 1 0 1 0 14 14 0 0 50 0 0 0,0,0,0,0,0,0 0,0,0,0,0,0,0 OUT9 HOST1/1 O1;F1;C0:0;
TRACE 561 1 3 1 5 0 0 1 3 0 5 0 0,0,0,0,0,0,0 0,0,0,0,0,0,0 OUT-999 HOST0/0 
TRACE 562 1 3 1 5 1 1 1 0 0 5 0 0,0,0,0,0,0,0 0,0,0,0,0,0,0 OUT-999 HOST0/0 
TRACE 563 1 3 1 5 2 2 1 0 2 5 0 0,0,0,0,0,0,0 0,0,0,0,0,0,0 OUT-999 HOST0/0 
TRACE 564 1 3 1 5 3 3 1 0 7 5 0 0,0,0,0,0,0,0 0,0,0,0,0,0,0 OUT-999 HOST0/0 
TRACE 565 1 3 1 5 4 4 1 0 12 5 0 0,0,0,0,0,0,0 0,0,0,0,0,0,0 OUT-999 HOST0/0 
TRACE 566 1 3 1 5 5 5 1 0 22 5 0 0,0,0,0,0,0,0 0,0,0,0,0,0,0 OUT-999 HOST0/0 
TRACE 567 1 3 1 5 6 6 1 0 25 5 0 0,0,0,0,0,0,0 0,0,0,0,0,0,0 OUT-999 HOST0/0 
TRACE 568 1 3 1 5 7 7 1 0 32 5 0 0,0,0,0,0,0,0 0,0,0,0,0,0,0 OUT-999 HOST1/1 O1;C0:0;
TRACE 569 1 3 1 5 8 8 1 0 35 5 0 0,0,0,0,0,0,0 0,0,0,0,0,0,0 OUT-999 HOST1/1 O1;C0:0;
TRACE 570 1 3 1 5 9 9 1 1 0 5 0 0,0,0,0,0,0,0 0,0,0,0,0,0,0 OUT-999 HOST1/1 O1;F1;C0:0;
TRACE 571 1 3 1 5 10 10 1 1 3 5 0 0,0,0,0,0,0,0 0,0,0,0,0,0,0 OUT-999 HOST1/1 O1;F1;C0:0;
TRACE 572 1 3 1 5 11 11 1 0 40 5 0 0,0,0,0,0,0,0 0,0,0,0,0,0,0 OUT-999 HOST1/1 O1;F1;C0:0;
TRACE 573 1 3 1 5 12 12 1 0 41 5 0 0,0,0,0,0,0,0 0,0,0,0,0,0,0 OUT-999 HOST1/1 O1;F1;C0:0;
TRACE 574 1 3 1 5 13 13 1 0 50 5 0 0,0,0,0,0,0,0 0,0,0,0,0,0,0 OUT-999 HOST1/1 O1;F1;C0:0;
TRACE 575 1 0 1 0 1000 16 0 0 64 0 0 0,0,0,0,0,0,0 0,0,0,0,0,0,0 OUT9 HOST1/1 O1;F1;C0:0;
TRACE 576 1 0 1 0 16 16 0 0 64 0 0 0,0,0,0,0,0,0 0,0,0,0,0,0,0 OUT9 HOST1/1 O1;F1;C0:0;
TRACE 577 1 3 1 5 0 0 1 0 0 5 0 0,0,0,0,0,0,0 0,0,0,0,0,0,0 OUT-999 HOST0/0 
TRACE 578 1 3 1 5 1 1 1 0 2 5 0 0,0,0,0,0,0,0 0,0,0,0,0,0,0 OUT-999 HOST0/0 
TRACE 579 1 3 1 5 2 2 1 0 7 5 0 0,0,0,0,0,0,0 0,0,0,0,0,0,0 OUT-999 HOST0/0 
TRACE 580 1 3 1 5 3 3 1 0 12 5 0 0,0,0,0,0,0,0 0,0,0,0,0,0,0 OUT-999 HOST0/0 
TRACE 581 1 3 1 5 4 4 1 0 22 5 0 0,0,0,0,0,0,0 0,0,0,0,0,0,0 OUT-999 HOST0/0 
TRACE 582 1 3 1 5 5 5 1 0 25 5 0 0,0,0,0,0,0,0 0,0,0,0,0,0,0 OUT-999 HOST0/0 
TRACE 583 1 3 1 5 6 6 1 0 32 5 0 0,0,0,0,0,0,0 0,0,0,0,0,0,0 OUT-999 HOST1/1 O1;C0:0;
TRACE 584 1 3 1 5 7 7 1 0 35 5 0 0,0,0,0,0,0,0 0,0,0,0,0,0,0 OUT-999 HOST1/1 O1;C0:0;
TRACE 585 1 3 1 5 8 8 1 0 42 5 0 0,0,0,0,0,0,0 0,0,0,0,0,0,0 OUT-999 HOST1/1 O1;C0:0;
TRACE 586 1 3 1 5 9 9 1 0 46 5 0 0,0,0,0,0,0,0 0,0,0,0,0,0,0 OUT-999 HOST1/1 O1;C0:0;
TRACE 587 1 3 1 5 10 10 1 0 49 5 0 0,0,0,0,0,0,0 0,0,0,0,0,0,0 OUT-999 HOST1/1 O1;C0:0;
TRACE 588 1 3 1 5 11 11 1 1 0 5 0 0,0,0,0,0,0,0 0,0,0,0,0,0,0 OUT-999 HOST1/1 O1;F1;C0:0;
TRACE 589 1 3 1 5 12 12 1 1 3 5 0 0,0,0,0,0,0,0 0,0,0,0,0,0,0 OUT-999 HOST1/1 O1;F1;C0:0;
TRACE 590 1 3 1 5 13 13 1 0 54 5 0 0,0,0,0,0,0,0 0,0,0,0,0,0,0 OUT-999 HOST1/1 O1;F1;C0:0;
TRACE 591 1 3 1 5 14 14 1 0 55 5 0 0,0,0,0,0,0,0 0,0,0,0,0,0,0 OUT-999 HOST1/1 O1;F1;C0:0;
TRACE 592 1 3 1 5 15 15 1 0 64 5 0 0,0,0,0,0,0,0 0,0,0,0,0,0,0 OUT-999 HOST1/1 O1;F1;C0:0;
TRACE 593 1 0 1 0 1000 16 0 0 64 0 0 0,0,0,0,0,0,0 0,0,0,0,0,0,0 OUT9 HOST1/1 O1;F1;C0:0;
TRACE 594 1 0 1 0 16 16 0 0 64 0 0 0,0,0,0,0,0,0 0,0,0,0,0,0,0 OUT9 HOST1/1 O1;F1;C0:0;
TRACE 595 1 3 1 5 0 0 1 0 0 5 0 0,0,0,0,0,0,0 0,0,0,0,0,0,0 OUT-999 HOST0/0 
TRACE 596 1 3 1 5 1 1 1 0 2 5 0 0,0,0,0,0,0,0 0,0,0,0,0,0,0 OUT-999 HOST0/0 
TRACE 597 1 3 1 5 2 2 1 0 7 5 0 0,0,0,0,0,0,0 0,0,0,0,0,0,0 OUT-999 HOST0/0 
TRACE 598 1 3 1 5 3 3 1 0 12 5 0 0,0,0,0,0,0,0 0,0,0,0,0,0,0 OUT-999 HOST0/0 
TRACE 599 1 3 1 5 4 4 1 0 22 5 0 0,0,0,0,0,0,0 0,0,0,0,0,0,0 OUT-999 HOST0/0 
TRACE 600 1 3 1 5 5 5 1 0 25 5 0 0,0,0,0,0,0,0 0,0,0,0,0,0,0 OUT-999 HOST0/0 
TRACE 601 1 3 1 5 6 6 1 0 32 5 0 0,0,0,0,0,0,0 0,0,0,0,0,0,0 OUT-999 HOST1/1 O1;C0:0;
TRACE 602 1 3 1 5 7 7 1 0 35 5 0 0,0,0,0,0,0,0 0,0,0,0,0,0,0 OUT-999 HOST1/1 O1;C0:0;
TRACE 603 1 3 1 5 8 8 1 0 42 5 0 0,0,0,0,0,0,0 0,0,0,0,0,0,0 OUT-999 HOST1/1 O1;C0:0;
TRACE 604 1 3 1 5 9 9 1 0 46 5 0 0,0,0,0,0,0,0 0,0,0,0,0,0,0 OUT-999 HOST1/1 O1;C0:0;
TRACE 605 1 3 1 5 10 10 1 0 49 5 0 0,0,0,0,0,0,0 0,0,0,0,0,0,0 OUT-999 HOST1/1 O1;C0:0;
TRACE 606 1 3 1 5 11 11 1 1 0 5 0 0,0,0,0,0,0,0 0,0,0,0,0,0,0 OUT-999 HOST1/1 O1;F1;C0:0;
TRACE 607 1 3 1 5 12 12 1 1 3 5 0 0,0,0,0,0,0,0 0,0,0,0,0,0,0 OUT-999 HOST1/1 O1;F1;C0:0;
TRACE 608 1 3 1 5 13 13 1 0 54 5 0 0,0,0,0,0,0,0 0,0,0,0,0,0,0 OUT-999 HOST1/1 O1;F1;C0:0;
TRACE 609 1 3 1 5 14 14 1 0 55 5 0 0,0,0,0,0,0,0 0,0,0,0,0,0,0 OUT-999 HOST1/1 O1;F1;C0:0;
TRACE 610 1 3 1 5 15 15 1 0 64 5 0 0,0,0,0,0,0,0 0,0,0,0,0,0,0 OUT-999 HOST1/1 O1;F1;C0:0;
TRACE 611 1 0 1 0 1000 17 0 0 64 0 0 0,0,0,0,0,0,0 0,0,0,0,0,0,0 OUT9 HOST1/1 O1;F1;C0:0;
TRACE 612 1 0 1 0 17 17 0 0 64 0 0 0,0,0,0,0,0,0 0,0,0,0,0,0,0 OUT9 HOST1/1 O1;F1;C0:0;
TRACE 613 1 3 1 5 0 0 1 3 0 5 0 0,0,0,0,0,0,0 0,0,0,0,0,0,0 OUT-999 HOST0/0 
TRACE 614 1 3 1 5 1 1 1 0 0 5 0 0,0,0,0,0,0,0 0,0,0,0,0,0,0 OUT-999 HOST0/0 
TRACE 615 1 3 1 5 2 2 1 0 2 5 0 0,0,0,0,0,0,0 0,0,0,0,0,0,0 OUT-999 HOST0/0 
TRACE 616 1 3 1 5 3 3 1 0 7 5 0 0,0,0,0,0,0,0 0,0,0,0,0,0,0 OUT-999 HOST0/0 
TRACE 617 1 3 1 5 4 4 1 0 12 5 0 0,0,0,0,0,0,0 0,0,0,0,0,0,0 OUT-999 HOST0/0 
TRACE 618 1 3 1 5 5 5 1 0 22 5 0 0,0,0,0,0,0,0 0,0,0,0,0,0,0 OUT-999 HOST0/0 
TRACE 619 1 3 1 5 6 6 1 0 25 5 0 0,0,0,0,0,0,0 0,0,0,0,0,0,0 OUT-999 HOST0/0 
TRACE 620 1 3 1 5 7 7 1 0 32 5 0 0,0,0,0,0,0,0 0,0,0,0,0,0,0 OUT-999 HOST1/1 O1;C0:0;
TRACE 621 1 3 1 5 8 8 1 0 35 5 0 0,0,0,0,0,0,0 0,0,0,0,0,0,0 OUT-999 HOST1/1 O1;C0:0;
TRACE 622 1 3 1 5 9 9 1 0 42 5 0 0,0,0,0,0,0,0 0,0,0,0,0,0,0 OUT-999 HOST1/1 O1;C0:0;
TRACE 623 1 3 1 5 10 10 1 0 46 5 0 0,0,0,0,0,0,0 0,0,0,0,0,0,0 OUT-999 HOST1/1 O1;C0:0;
TRACE 624 1 3 1 5 11 11 1 0 49 5 0 0,0,0,0,0,0,0 0,0,0,0,0,0,0 OUT-999 HOST1/1 O1;C0:0;
TRACE 625 1 3 1 5 12 12 1 1 0 5 0 0,0,0,0,0,0,0 0,0,0,0,0,0,0 OUT-999 HOST1/1 O1;F1;C0:0;
TRACE 626 1 3 1 5 13 13 1 1 3 5 0 0,0,0,0,0,0,0 0,0,0,0,0,0,0 OUT-999 HOST1/1 O1;F1;C0:0;
TRACE 627 1 3 1 5 14 14 1 0 54 5 0 0,0,0,0,0,0,0 0,0,0,0,0,0,0 OUT-999 HOST1/1 O1;F1;C0:0;
TRACE 628 1 3 1 5 15 15 1 0 55 5 0 0,0,0,0,0,0,0 0,0,0,0,0,0,0 OUT-999 HOST1/1 O1;F1;C0:0;
TRACE 629 1 3 1 5 16 16 1 0 64 5 0 0,0,0,0,0,0,0 0,0,0,0,0,0,0 OUT-999 HOST1/1 O1;F1;C0:0;
TRACE 630 1 0 1 0 1000 17 0 0 64 0 0 0,0,0,0,0,0,0 0,0,0,0,0,0,0 OUT9 HOST1/1 O1;F1;C0:0;
TRACE 631 1 0 1 0 17 17 0 0 64 0 0 0,0,0,0,0,0,0 0,0,0,0,0,0,0 OUT9 HOST1/1 O1;F1;C0:0;
TRACE 632 1 3 1 5 0 0 1 3 0 5 0 0,0,0,0,0,0,0 0,0,0,0,0,0,0 OUT-999 HOST0/0 
TRACE 633 1 3 1 5 1 1 1 0 0 5 0 0,0,0,0,0,0,0 0,0,0,0,0,0,0 OUT-999 HOST0/0 
TRACE 634 1 3 1 5 2 2 1 0 2 5 0 0,0,0,0,0,0,0 0,0,0,0,0,0,0 OUT-999 HOST0/0 
TRACE 635 1 3 1 5 3 3 1 0 7 5 0 0,0,0,0,0,0,0 0,0,0,0,0,0,0 OUT-999 HOST0/0 
TRACE 636 1 3 1 5 4 4 1 0 12 5 0 0,0,0,0,0,0,0 0,0,0,0,0,0,0 OUT-999 HOST0/0 
TRACE 637 1 3 1 5 5 5 1 0 22 5 0 0,0,0,0,0,0,0 0,0,0,0,0,0,0 OUT-999 HOST0/0 
TRACE 638 1 3 1 5 6 6 1 0 25 5 0 0,0,0,0,0,0,0 0,0,0,0,0,0,0 OUT-999 HOST0/0 
TRACE 639 1 3 1 5 7 7 1 0 32 5 0 0,0,0,0,0,0,0 0,0,0,0,0,0,0 OUT-999 HOST1/1 O1;C0:0;
TRACE 640 1 3 1 5 8 8 1 0 35 5 0 0,0,0,0,0,0,0 0,0,0,0,0,0,0 OUT-999 HOST1/1 O1;C0:0;
TRACE 641 1 3 1 5 9 9 1 0 42 5 0 0,0,0,0,0,0,0 0,0,0,0,0,0,0 OUT-999 HOST1/1 O1;C0:0;
TRACE 642 1 3 1 5 10 10 1 0 46 5 0 0,0,0,0,0,0,0 0,0,0,0,0,0,0 OUT-999 HOST1/1 O1;C0:0;
TRACE 643 1 3 1 5 11 11 1 0 49 5 0 0,0,0,0,0,0,0 0,0,0,0,0,0,0 OUT-999 HOST1/1 O1;C0:0;
TRACE 644 1 3 1 5 12 12 1 1 0 5 0 0,0,0,0,0,0,0 0,0,0,0,0,0,0 OUT-999 HOST1/1 O1;F1;C0:0;
TRACE 645 1 3 1 5 13 13 1 1 3 5 0 0,0,0,0,0,0,0 0,0,0,0,0,0,0 OUT-999 HOST1/1 O1;F1;C0:0;
TRACE 646 1 3 1 5 14 14 1 0 54 5 0 0,0,0,0,0,0,0 0,0,0,0,0,0,0 OUT-999 HOST1/1 O1;F1;C0:0;
TRACE 647 1 3 1 5 15 15 1 0 55 5 0 0,0,0,0,0,0,0 0,0,0,0,0,0,0 OUT-999 HOST1/1 O1;F1;C0:0;
TRACE 648 1 3 1 5 16 16 1 0 64 5 0 0,0,0,0,0,0,0 0,0,0,0,0,0,0 OUT-999 HOST1/1 O1;F1;C0:0;
TRACE 649 1 0 1 0 1000 10 0 0 42 0 0 0,0,0,0,0,0,0 0,0,0,0,0,0,0 OUT42 HOST0/0 F2;
TRACE 650 1 0 1 0 10 10 0 0 42 0 0 0,0,0,0,0,0,0 0,0,0,0,0,0,0 OUT42 HOST0/0 F2;
TRACE 651 1 3 1 5 0 0 1 0 0 5 0 0,0,0,0,0,0,0 0,0,0,0,0,0,0 OUT-999 HOST0/0 
TRACE 652 1 3 1 5 1 1 1 0 2 5 0 0,0,0,0,0,0,0 0,0,0,0,0,0,0 OUT-999 HOST0/0 
TRACE 653 1 3 1 5 2 2 1 0 17 5 0 0,0,0,0,0,0,0 0,0,0,0,0,0,0 OUT-999 HOST0/0 
TRACE 654 1 3 1 5 3 3 1 0 22 5 0 0,0,0,0,0,0,0 0,0,0,0,0,0,0 OUT-999 HOST0/0 
TRACE 655 1 3 1 5 4 4 1 0 25 5 0 0,0,0,0,0,0,0 0,0,0,0,0,0,0 OUT-999 HOST0/0 
TRACE 656 1 3 1 5 5 5 1 0 34 5 0 0,0,0,0,0,0,0 0,0,0,0,0,0,0 OUT-999 HOST0/0 
TRACE 657 1 3 1 5 6 6 1 0 37 5 0 0,0,0,0,0,0,0 0,0,0,0,0,0,0 OUT-999 HOST0/0 
TRACE 658 1 3 1 5 7 7 1 2 0 5 0 0,0,0,0,0,0,0 0,0,0,0,0,0,0 OUT-999 HOST0/0 F2;
TRACE 659 1 3 1 5 8 8 1 2 9 5 0 0,0,0,0,0,0,0 0,0,0,0,0,0,0 OUT-999 HOST0/0 F2;
TRACE 660 1 3 1 5 9 9 1 0 42 5 0 0,0,0,0,0,0,0 0,0,0,0,0,0,0 OUT-999 HOST0/0 F2;
TRACE 661 1 0 1 0 1000 10 0 0 42 0 0 0,0,0,0,0,0,0 0,0,0,0,0,0,0 OUT42 HOST0/0 F2;
TRACE 662 1 0 1 0 10 10 0 0 42 0 0 0,0,0,0,0,0,0 0,0,0,0,0,0,0 OUT42 HOST0/0 F2;
TRACE 663 1 3 1 5 0 0 1 0 0 5 0 0,0,0,0,0,0,0 0,0,0,0,0,0,0 OUT-999 HOST0/0 
TRACE 664 1 3 1 5 1 1 1 0 2 5 0 0,0,0,0,0,0,0 0,0,0,0,0,0,0 OUT-999 HOST0/0 
TRACE 665 1 3 1 5 2 2 1 0 17 5 0 0,0,0,0,0,0,0 0,0,0,0,0,0,0 OUT-999 HOST0/0 
TRACE 666 1 3 1 5 3 3 1 0 22 5 0 0,0,0,0,0,0,0 0,0,0,0,0,0,0 OUT-999 HOST0/0 
TRACE 667 1 3 1 5 4 4 1 0 25 5 0 0,0,0,0,0,0,0 0,0,0,0,0,0,0 OUT-999 HOST0/0 
TRACE 668 1 3 1 5 5 5 1 0 34 5 0 0,0,0,0,0,0,0 0,0,0,0,0,0,0 OUT-999 HOST0/0 
TRACE 669 1 3 1 5 6 6 1 0 37 5 0 0,0,0,0,0,0,0 0,0,0,0,0,0,0 OUT-999 HOST0/0 
TRACE 670 1 3 1 5 7 7 1 2 0 5 0 0,0,0,0,0,0,0 0,0,0,0,0,0,0 OUT-999 HOST0/0 F2;
TRACE 671 1 3 1 5 8 8 1 2 9 5 0 0,0,0,0,0,0,0 0,0,0,0,0,0,0 OUT-999 HOST0/0 F2;
TRACE 672 1 3 1 5 9 9 1 0 42 5 0 0,0,0,0,0,0,0 0,0,0,0,0,0,0 OUT-999 HOST0/0 F2;
TRACE 673 1 0 1 0 1000 11 0 0 42 0 0 0,0,0,0,0,0,0 0,0,0,0,0,0,0 OUT42 HOST0/0 F2;
TRACE 674 1 0 1 0 11 11 0 0 42 0 0 0,0,0,0,0,0,0 0,0,0,0,0,0,0 OUT42 HOST0/0 F2;
TRACE 675 1 3 1 5 0 0 1 3 0 5 0 0,0,0,0,0,0,0 0,0,0,0,0,0,0 OUT-999 HOST0/0 
TRACE 676 1 3 1 5 1 1 1 0 0 5 0 0,0,0,0,0,0,0 0,0,0,0,0,0,0 OUT-999 HOST0/0 
TRACE 677 1 3 1 5 2 2 1 0 2 5 0 0,0,0,0,0,0,0 0,0,0,0,0,0,0 OUT-999 HOST0/0 
TRACE 678 1 3 1 5 3 3 1 0 17 5 0 0,0,0,0,0,0,0 0,0,0,0,0,0,0 OUT-999 HOST0/0 
TRACE 679 1 3 1 5 4 4 1 0 22 5 0 0,0,0,0,0,0,0 0,0,0,0,0,0,0 OUT-999 HOST0/0 
TRACE 680 1 3 1 5 5 5 1 0 25 5 0 0,0,0,0,0,0,0 0,0,0,0,0,0,0 OUT-999 HOST0/0 
TRACE 681 1 3 1 5 6 6 1 0 34 5 0 0,0,0,0,0,0,0 0,0,0,0,0,0,0 OUT-999 HOST0/0 
TRACE 682 1 3 1 5 7 7 1 0 37 5 0 0,0,0,0,0,0,0 0,0,0,0,0,0,0 OUT-999 HOST0/0 
TRACE 683 1 3 1 5 8 8 1 2 0 5 0 0,0,0,0,0,0,0 0,0,0,0,0,0,0 OUT-999 HOST0/0 F2;
TRACE 684 1 3 1 5 9 9 1 2 9 5 0 0,0,0,0,0,0,0 0,0,0,0,0,0,0 OUT-999 HOST0/0 F2;
TRACE 685 1 3 1 5 10 10 1 0 42 5 0 0,0,0,0,0,0,0 0,0,0,0,0,0,0 OUT-999 HOST0/0 F2;
TRACE 686 1 0 1 0 1000 11 0 0 42 0 0 0,0,0,0,0,0,0 0,0,0,0,0,0,0 OUT42 HOST0/0 F2;
TRACE 687 1 0 1 0 11 11 0 0 42 0 0 0,0,0,0,0,0,0 0,0,0,0,0,0,0 OUT42 HOST0/0 F2;
TRACE 688 1 3 1 5 0 0 1 3 0 5 0 0,0,0,0,0,0,0 0,0,0,0,0,0,0 OUT-999 HOST0/0 
TRACE 689 1 3 1 5 1 1 1 0 0 5 0 0,0,0,0,0,0,0 0,0,0,0,0,0,0 OUT-999 HOST0/0 
TRACE 690 1 3 1 5 2 2 1 0 2 5 0 0,0,0,0,0,0,0 0,0,0,0,0,0,0 OUT-999 HOST0/0 
TRACE 691 1 3 1 5 3 3 1 0 17 5 0 0,0,0,0,0,0,0 0,0,0,0,0,0,0 OUT-999 HOST0/0 
TRACE 692 1 3 1 5 4 4 1 0 22 5 0 0,0,0,0,0,0,0 0,0,0,0,0,0,0 OUT-999 HOST0/0 
TRACE 693 1 3 1 5 5 5 1 0 25 5 0 0,0,0,0,0,0,0 0,0,0,0,0,0,0 OUT-999 HOST0/0 
TRACE 694 1 3 1 5 6 6 1 0 34 5 0 0,0,0,0,0,0,0 0,0,0,0,0,0,0 OUT-999 HOST0/0 
TRACE 695 1 3 1 5 7 7 1 0 37 5 0 0,0,0,0,0,0,0 0,0,0,0,0,0,0 OUT-999 HOST0/0 
TRACE 696 1 3 1 5 8 8 1 2 0 5 0 0,0,0,0,0,0,0 0,0,0,0,0,0,0 OUT-999 HOST0/0 F2;
TRACE 697 1 3 1 5 9 9 1 2 9 5 0 0,0,0,0,0,0,0 0,0,0,0,0,0,0 OUT-999 HOST0/0 F2;
TRACE 698 1 3 1 5 10 10 1 0 42 5 0 0,0,0,0,0,0,0 0,0,0,0,0,0,0 OUT-999 HOST0/0 F2;
TRACE 699 1 0 1 0 1000 12 0 0 50 0 0 0,0,0,0,0,0,0 0,0,0,0,0,0,0 OUT9 HOST1/1 O1;F2;C0:0;
TRACE 700 1 0 1 0 12 12 0 0 50 0 0 0,0,0,0,0,0,0 0,0,0,0,0,0,0 OUT9 HOST1/1 O1;F2;C0:0;
TRACE 701 1 3 1 5 0 0 1 0 0 5 0 0,0,0,0,0,0,0 0,0,0,0,0,0,0 OUT-999 HOST0/0 
TRACE 702 1 3 1 5 1 1 1 0 2 5 0 0,0,0,0,0,0,0 0,0,0,0,0,0,0 OUT-999 HOST0/0 
TRACE 703 1 3 1 5 2 2 1 0 17 5 0 0,0,0,0,0,0,0 0,0,0,0,0,0,0 OUT-999 HOST0/0 
TRACE 704 1 3 1 5 3 3 1 0 22 5 0 0,0,0,0,0,0,0 0,0,0,0,0,0,0 OUT-999 HOST0/0 
TRACE 705 1 3 1 5 4 4 1 0 25 5 0 0,0,0,0,0,0,0 0,0,0,0,0,0,0 OUT-999 HOST0/0 
TRACE 706 1 3 1 5 5 5 1 0 32 5 0 0,0,0,0,0,0,0 0,0,0,0,0,0,0 OUT-999 HOST1/1 O1;C0:0;
TRACE 707 1 3 1 5 6 6 1 0 35 5 0 0,0,0,0,0,0,0 0,0,0,0,0,0,0 OUT-999 HOST1/1 O1;C0:0;
TRACE 708 1 3 1 5 7 7 1 2 0 5 0 0,0,0,0,0,0,0 0,0,0,0,0,0,0 OUT-999 HOST1/1 O1;F2;C0:0;
TRACE 709 1 3 1 5 8 8 1 2 3 5 0 0,0,0,0,0,0,0 0,0,0,0,0,0,0 OUT-999 HOST1/1 O1;F2;C0:0;
TRACE 710 1 3 1 5 9 9 1 0 40 5 0 0,0,0,0,0,0,0 0,0,0,0,0,0,0 OUT-999 HOST1/1 O1;F2;C0:0;
TRACE 711 1 3 1 5 10 10 1 0 41 5 0 0,0,0,0,0,0,0 0,0,0,0,0,0,0 OUT-999 HOST1/1 O1;F2;C0:0;
TRACE 712 1 3 1 5 11 11 1 0 50 5 0 0,0,0,0,0,0,0 0,0,0,0,0,0,0 OUT-999 HOST1/1 O1;F2;C0:0;
TRACE 713 1 0 1 0 1000 12 0 0 50 0 0 0,0,0,0,0,0,0 0,0,0,0,0,0,0 OUT9 HOST1/1 O1;F2;C0:0;
TRACE 714 1 0 1 0 12 12 0 0 50 0 0 0,0,0,0,0,0,0 0,0,0,0,0,0,0 OUT9 HOST1/1 O1;F2;C0:0;
TRACE 715 1 3 1 5 0 0 1 0 0 5 0 0,0,0,0,0,0,0 0,0,0,0,0,0,0 OUT-999 HOST0/0 
TRACE 716 1 3 1 5 1 1 1 0 2 5 0 0,0,0,0,0,0,0 0,0,0,0,0,0,0 OUT-999 HOST0/0 
TRACE 717 1 3 1 5 2 2 1 0 17 5 0 0,0,0,0,0,0,0 0,0,0,0,0,0,0 OUT-999 HOST0/0 
TRACE 718 1 3 1 5 3 3 1 0 22 5 0 0,0,0,0,0,0,0 0,0,0,0,0,0,0 OUT-999 HOST0/0 
TRACE 719 1 3 1 5 4 4 1 0 25 5 0 0,0,0,0,0,0,0 0,0,0,0,0,0,0 OUT-999 HOST0/0 
TRACE 720 1 3 1 5 5 5 1 0 32 5 0 0,0,0,0,0,0,0 0,0,0,0,0,0,0 OUT-999 HOST1/1 O1;C0:0;
TRACE 721 1 3 1 5 6 6 1 0 35 5 0 0,0,0,0,0,0,0 0,0,0,0,0,0,0 OUT-999 HOST1/1 O1;C0:0;
TRACE 722 1 3 1 5 7 7 1 2 0 5 0 0,0,0,0,0,0,0 0,0,0,0,0,0,0 OUT-999 HOST1/1 O1;F2;C0:0;
TRACE 723 1 3 1 5 8 8 1 2 3 5 0 0,0,0,0,0,0,0 0,0,0,0,0,0,0 OUT-999 HOST1/1 O1;F2;C0:0;
TRACE 724 1 3 1 5 9 9 1 0 40 5 0 0,0,0,0,0,0,0 0,0,0,0,0,0,0 OUT-999 HOST1/1 O1;F2;C0:0;
TRACE 725 1 3 1 5 10 10 1 0 41 5 0 0,0,0,0,0,0,0 0,0,0,0,0,0,0 OUT-999 HOST1/1 O1;F2;C0:0;
TRACE 726 1 3 1 5 11 11 1 0 50 5 0 0,0,0,0,0,0,0 0,0,0,0,0,0,0 OUT-999 HOST1/1 O1;F2;C0:0;
TRACE 727 1 0 1 0 1000 13 0 0 50 0 0 0,0,0,0,0,0,0 0,0,0,0,0,0,0 OUT9 HOST1/1 O1;F2;C0:0;
TRACE 728 1 0 1 0 13 13 0 0 50 0 0 0,0,0,0,0,0,0 0,0,0,0,0,0,0 OUT9 HOST1/1 O1;F2;C0:0;
TRACE 729 1 3 1 5 0 0 1 3 0 5 0 0,0,0,0,0,0,0 0,0,0,0,0,0,0 OUT-999 HOST0/0 
TRACE 730 1 3 1 5 1 1 1 0 0 5 0 0,0,0,0,0,0,0 0,0,0,0,0,0,0 OUT-999 HOST0/0 
TRACE 731 1 3 1 5 2 2 1 0 2 5 0 0,0,0,0,0,0,0 0,0,0,0,0,0,0 OUT-999 HOST0/0 
TRACE 732 1 3 1 5 3 3 1 0 17 5 0 0,0,0,0,0,0,0 0,0,0,0,0,0,0 OUT-999 HOST0/0 
TRACE 733 1 3 1 5 4 4 1 0 22 5 0 0,0,0,0,0,0,0 0,0,0,0,0,0,0 OUT-999 HOST0/0 
TRACE 734 1 3 1 5 5 5 1 0 25 5 0 0,0,0,0,0,0,0 0,0,0,0,0,0,0 OUT-999 HOST0/0 
TRACE 735 1 3 1 5 6 6 1 0 32 5 0 0,0,0,0,0,0,0 0,0,0,0,0,0,0 OUT-999 HOST1/1 O1;C0:0;
TRACE 736 1 3 1 5 7 7 1 0 35 5 0 0,0,0,0,0,0,0 0,0,0,0,0,0,0 OUT-999 HOST1/1 O1;C0:0;
TRACE 737 1 3 1 5 8 8 1 2 0 5 0 0,0,0,0,0,0,0 0,0,0,0,0,0,0 OUT-999 HOST1/1 O1;F2;C0:0;
TRACE 738 1 3 1 5 9 9 1 2 3 5 0 0,0,0,0,0,0,0 0,0,0,0,0,0,0 OUT-999 HOST1/1 O1;F2;C0:0;
TRACE 739 1 3 1 5 10 10 1 0 40 5 0 0,0,0,0,0,0,0 0,0,0,0,0,0,0 OUT-999 HOST1/1 O1;F2;C0:0;
TRACE 740 1 3 1 5 11 11 1 0 41 5 0 0,0,0,0,0,0,0 0,0,0,0,0,0,0 OUT-999 HOST1/1 O1;F2;C0:0;
TRACE 741 1 3 1 5 12 12 1 0 50 5 0 0,0,0,0,0,0,0 0,0,0,0,0,0,0 OUT-999 HOST1/1 O1;F2;C0:0;
TRACE 742 1 0 1 0 1000 13 0 0 50 0 0 0,0,0,0,0,0,0 0,0,0,0,0,0,0 OUT9 HOST1/1 O1;F2;C0:0;
TRACE 743 1 0 1 0 13 13 0 0 50 0 0 0,0,0,0,0,0,0 0,0,0,0,0,0,0 OUT9 HOST1/1 O1;F2;C0:0;
TRACE 744 1 3 1 5 0 0 1 3 0 5 0 0,0,0,0,0,0,0 0,0,0,0,0,0,0 OUT-999 HOST0/0 
TRACE 745 1 3 1 5 1 1 1 0 0 5 0 0,0,0,0,0,0,0 0,0,0,0,0,0,0 OUT-999 HOST0/0 
TRACE 746 1 3 1 5 2 2 1 0 2 5 0 0,0,0,0,0,0,0 0,0,0,0,0,0,0 OUT-999 HOST0/0 
TRACE 747 1 3 1 5 3 3 1 0 17 5 0 0,0,0,0,0,0,0 0,0,0,0,0,0,0 OUT-999 HOST0/0 
TRACE 748 1 3 1 5 4 4 1 0 22 5 0 0,0,0,0,0,0,0 0,0,0,0,0,0,0 OUT-999 HOST0/0 
TRACE 749 1 3 1 5 5 5 1 0 25 5 0 0,0,0,0,0,0,0 0,0,0,0,0,0,0 OUT-999 HOST0/0 
TRACE 750 1 3 1 5 6 6 1 0 32 5 0 0,0,0,0,0,0,0 0,0,0,0,0,0,0 OUT-999 HOST1/1 O1;C0:0;
TRACE 751 1 3 1 5 7 7 1 0 35 5 0 0,0,0,0,0,0,0 0,0,0,0,0,0,0 OUT-999 HOST1/1 O1;C0:0;
TRACE 752 1 3 1 5 8 8 1 2 0 5 0 0,0,0,0,0,0,0 0,0,0,0,0,0,0 OUT-999 HOST1/1 O1;F2;C0:0;
TRACE 753 1 3 1 5 9 9 1 2 3 5 0 0,0,0,0,0,0,0 0,0,0,0,0,0,0 OUT-999 HOST1/1 O1;F2;C0:0;
TRACE 754 1 3 1 5 10 10 1 0 40 5 0 0,0,0,0,0,0,0 0,0,0,0,0,0,0 OUT-999 HOST1/1 O1;F2;C0:0;
TRACE 755 1 3 1 5 11 11 1 0 41 5 0 0,0,0,0,0,0,0 0,0,0,0,0,0,0 OUT-999 HOST1/1 O1;F2;C0:0;
TRACE 756 1 3 1 5 12 12 1 0 50 5 0 0,0,0,0,0,0,0 0,0,0,0,0,0,0 OUT-999 HOST1/1 O1;F2;C0:0;
TRACE 757 1 0 1 0 1000 15 0 0 64 0 0 0,0,0,0,0,0,0 0,0,0,0,0,0,0 OUT9 HOST1/1 O1;F2;C0:0;
TRACE 758 1 0 1 0 15 15 0 0 64 0 0 0,0,0,0,0,0,0 0,0,0,0,0,0,0 OUT9 HOST1/1 O1;F2;C0:0;
TRACE 759 1 3 1 5 0 0 1 0 0 5 0 0,0,0,0,0,0,0 0,0,0,0,0,0,0 OUT-999 HOST0/0 
TRACE 760 1 3 1 5 1 1 1 0 2 5 0 0,0,0,0,0,0,0 0,0,0,0,0,0,0 OUT-999 HOST0/0 
TRACE 761 1 3 1 5 2 2 1 0 17 5 0 0,0,0,0,0,0,0 0,0,0,0,0,0,0 OUT-999 HOST0/0 
TRACE 762 1 3 1 5 3 3 1 0 22 5 0 0,0,0,0,0,0,0 0,0,0,0,0,0,0 OUT-999 HOST0/0 
TRACE 763 1 3 1 5 4 4 1 0 25 5 0 0,0,0,0,0,0,0 0,0,0,0,0,0,0 OUT-999 HOST0/0 
TRACE 764 1 3 1 5 5 5 1 0 32 5 0 0,0,0,0,0,0,0 0,0,0,0,0,0,0 OUT-999 HOST1/1 O1;C0:0;
TRACE 765 1 3 1 5 6 6 1 0 35 5 0 0,0,0,0,0,0,0 0,0,0,0,0,0,0 OUT-999 HOST1/1 O1;C0:0;
TRACE 766 1 3 1 5 7 7 1 0 42 5 0 0,0,0,0,0,0,0 0,0,0,0,0,0,0 OUT-999 HOST1/1 O1;C0:0;
TRACE 767 1 3 1 5 8 8 1 0 46 5 0 0,0,0,0,0,0,0 0,0,0,0,0,0,0 OUT-999 HOST1/1 O1;C0:0;
TRACE 768 1 3 1 5 9 9 1 0 49 5 0 0,0,0,0,0,0,0 0,0,0,0,0,0,0 OUT-999 HOST1/1 O1;C0:0;
TRACE 769 1 3 1 5 10 10 1 2 0 5 0 0,0,0,0,0,0,0 0,0,0,0,0,0,0 OUT-999 HOST1/1 O1;F2;C0:0;
TRACE 770 1 3 1 5 11 11 1 2 3 5 0 0,0,0,0,0,0,0 0,0,0,0,0,0,0 OUT-999 HOST1/1 O1;F2;C0:0;
TRACE 771 1 3 1 5 12 12 1 0 54 5 0 0,0,0,0,0,0,0 0,0,0,0,0,0,0 OUT-999 HOST1/1 O1;F2;C0:0;
TRACE 772 1 3 1 5 13 13 1 0 55 5 0 0,0,0,0,0,0,0 0,0,0,0,0,0,0 OUT-999 HOST1/1 O1;F2;C0:0;
TRACE 773 1 3 1 5 14 14 1 0 64 5 0 0,0,0,0,0,0,0 0,0,0,0,0,0,0 OUT-999 HOST1/1 O1;F2;C0:0;
TRACE 774 1 0 1 0 1000 15 0 0 64 0 0 0,0,0,0,0,0,0 0,0,0,0,0,0,0 OUT9 HOST1/1 O1;F2;C0:0;
TRACE 775 1 0 1 0 15 15 0 0 64 0 0 0,0,0,0,0,0,0 0,0,0,0,0,0,0 OUT9 HOST1/1 O1;F2;C0:0;
TRACE 776 1 3 1 5 0 0 1 0 0 5 0 0,0,0,0,0,0,0 0,0,0,0,0,0,0 OUT-999 HOST0/0 
TRACE 777 1 3 1 5 1 1 1 0 2 5 0 0,0,0,0,0,0,0 0,0,0,0,0,0,0 OUT-999 HOST0/0 
TRACE 778 1 3 1 5 2 2 1 0 17 5 0 0,0,0,0,0,0,0 0,0,0,0,0,0,0 OUT-999 HOST0/0 
TRACE 779 1 3 1 5 3 3 1 0 22 5 0 0,0,0,0,0,0,0 0,0,0,0,0,0,0 OUT-999 HOST0/0 
TRACE 780 1 3 1 5 4 4 1 0 25 5 0 0,0,0,0,0,0,0 0,0,0,0,0,0,0 OUT-999 HOST0/0 
TRACE 781 1 3 1 5 5 5 1 0 32 5 0 0,0,0,0,0,0,0 0,0,0,0,0,0,0 OUT-999 HOST1/1 O1;C0:0;
TRACE 782 1 3 1 5 6 6 1 0 35 5 0 0,0,0,0,0,0,0 0,0,0,0,0,0,0 OUT-999 HOST1/1 O1;C0:0;
TRACE 783 1 3 1 5 7 7 1 0 42 5 0 0,0,0,0,0,0,0 0,0,0,0,0,0,0 OUT-999 HOST1/1 O1;C0:0;
TRACE 784 1 3 1 5 8 8 1 0 46 5 0 0,0,0,0,0,0,0 0,0,0,0,0,0,0 OUT-999 HOST1/1 O1;C0:0;
TRACE 785 1 3 1 5 9 9 1 0 49 5 0 0,0,0,0,0,0,0 0,0,0,0,0,0,0 OUT-999 HOST1/1 O1;C0:0;
TRACE 786 1 3 1 5 10 10 1 2 0 5 0 0,0,0,0,0,0,0 0,0,0,0,0,0,0 OUT-999 HOST1/1 O1;F2;C0:0;
TRACE 787 1 3 1 5 11 11 1 2 3 5 0 0,0,0,0,0,0,0 0,0,0,0,0,0,0 OUT-999 HOST1/1 O1;F2;C0:0;
TRACE 788 1 3 1 5 12 12 1 0 54 5 0 0,0,0,0,0,0,0 0,0,0,0,0,0,0 OUT-999 HOST1/1 O1;F2;C0:0;
TRACE 789 1 3 1 5 13 13 1 0 55 5 0 0,0,0,0,0,0,0 0,0,0,0,0,0,0 OUT-999 HOST1/1 O1;F2;C0:0;
TRACE 790 1 3 1 5 14 14 1 0 64 5 0 0,0,0,0,0,0,0 0,0,0,0,0,0,0 OUT-999 HOST1/1 O1;F2;C0:0;
TRACE 791 1 0 1 0 1000 16 0 0 64 0 0 0,0,0,0,0,0,0 0,0,0,0,0,0,0 OUT9 HOST1/1 O1;F2;C0:0;
TRACE 792 1 0 1 0 16 16 0 0 64 0 0 0,0,0,0,0,0,0 0,0,0,0,0,0,0 OUT9 HOST1/1 O1;F2;C0:0;
TRACE 793 1 3 1 5 0 0 1 3 0 5 0 0,0,0,0,0,0,0 0,0,0,0,0,0,0 OUT-999 HOST0/0 
TRACE 794 1 3 1 5 1 1 1 0 0 5 0 0,0,0,0,0,0,0 0,0,0,0,0,0,0 OUT-999 HOST0/0 
TRACE 795 1 3 1 5 2 2 1 0 2 5 0 0,0,0,0,0,0,0 0,0,0,0,0,0,0 OUT-999 HOST0/0 
TRACE 796 1 3 1 5 3 3 1 0 17 5 0 0,0,0,0,0,0,0 0,0,0,0,0,0,0 OUT-999 HOST0/0 
TRACE 797 1 3 1 5 4 4 1 0 22 5 0 0,0,0,0,0,0,0 0,0,0,0,0,0,0 OUT-999 HOST0/0 
TRACE 798 1 3 1 5 5 5 1 0 25 5 0 0,0,0,0,0,0,0 0,0,0,0,0,0,0 OUT-999 HOST0/0 
TRACE 799 1 3 1 5 6 6 1 0 32 5 0 0,0,0,0,0,0,0 0,0,0,0,0,0,0 OUT-999 HOST1/1 O1;C0:0;
TRACE 800 1 3 1 5 7 7 1 0 35 5 0 0,0,0,0,0,0,0 0,0,0,0,0,0,0 OUT-999 HOST1/1 O1;C0:0;
TRACE 801 1 3 1 5 8 8 1 0 42 5 0 0,0,0,0,0,0,0 0,0,0,0,0,0,0 OUT-999 HOST1/1 O1;C0:0;
TRACE 802 1 3 1 5 9 9 1 0 46 5 0 0,0,0,0,0,0,0 0,0,0,0,0,0,0 OUT-999 HOST1/1 O1;C0:0;
TRACE 803 1 3 1 5 10 10 1 0 49 5 0 0,0,0,0,0,0,0 0,0,0,0,0,0,0 OUT-999 HOST1/1 O1;C0:0;
TRACE 804 1 3 1 5 11 11 1 2 0 5 0 0,0,0,0,0,0,0 0,0,0,0,0,0,0 OUT-999 HOST1/1 O1;F2;C0:0;
TRACE 805 1 3 1 5 12 12 1 2 3 5 0 0,0,0,0,0,0,0 0,0,0,0,0,0,0 OUT-999 HOST1/1 O1;F2;C0:0;
TRACE 806 1 3 1 5 13 13 1 0 54 5 0 0,0,0,0,0,0,0 0,0,0,0,0,0,0 OUT-999 HOST1/1 O1;F2;C0:0;
TRACE 807 1 3 1 5 14 14 1 0 55 5 0 0,0,0,0,0,0,0 0,0,0,0,0,0,0 OUT-999 HOST1/1 O1;F2;C0:0;
TRACE 808 1 3 1 5 15 15 1 0 64 5 0 0,0,0,0,0,0,0 0,0,0,0,0,0,0 OUT-999 HOST1/1 O1;F2;C0:0;
TRACE 809 1 0 1 0 1000 16 0 0 64 0 0 0,0,0,0,0,0,0 0,0,0,0,0,0,0 OUT9 HOST1/1 O1;F2;C0:0;
TRACE 810 1 0 1 0 16 16 0 0 64 0 0 0,0,0,0,0,0,0 0,0,0,0,0,0,0 OUT9 HOST1/1 O1;F2;C0:0;
TRACE 811 1 3 1 5 0 0 1 3 0 5 0 0,0,0,0,0,0,0 0,0,0,0,0,0,0 OUT-999 HOST0/0 
TRACE 812 1 3 1 5 1 1 1 0 0 5 0 0,0,0,0,0,0,0 0,0,0,0,0,0,0 OUT-999 HOST0/0 
TRACE 813 1 3 1 5 2 2 1 0 2 5 0 0,0,0,0,0,0,0 0,0,0,0,0,0,0 OUT-999 HOST0/0 
TRACE 814 1 3 1 5 3 3 1 0 17 5 0 0,0,0,0,0,0,0 0,0,0,0,0,0,0 OUT-999 HOST0/0 
TRACE 815 1 3 1 5 4 4 1 0 22 5 0 0,0,0,0,0,0,0 0,0,0,0,0,0,0 OUT-999 HOST0/0 
TRACE 816 1 3 1 5 5 5 1 0 25 5 0 0,0,0,0,0,0,0 0,0,0,0,0,0,0 OUT-999 HOST0/0 
TRACE 817 1 3 1 5 6 6 1 0 32 5 0 0,0,0,0,0,0,0 0,0,0,0,0,0,0 OUT-999 HOST1/1 O1;C0:0;
TRACE 818 1 3 1 5 7 7 1 0 35 5 0 0,0,0,0,0,0,0 0,0,0,0,0,0,0 OUT-999 HOST1/1 O1;C0:0;
TRACE 819 1 3 1 5 8 8 1 0 42 5 0 0,0,0,0,0,0,0 0,0,0,0,0,0,0 OUT-999 HOST1/1 O1;C0:0;
TRACE 820 1 3 1 5 9 9 1 0 46 5 0 0,0,0,0,0,0,0 0,0,0,0,0,0,0 OUT-999 HOST1/1 O1;C0:0;
TRACE 821 1 3 1 5 10 10 1 0 49 5 0 0,0,0,0,0,0,0 0,0,0,0,0,0,0 OUT-999 HOST1/1 O1;C0:0;
TRACE 822 1 3 1 5 11 11 1 2 0 5 0 0,0,0,0,0,0,0 0,0,0,0,0,0,0 OUT-999 HOST1/1 O1;F2;C0:0;
TRACE 823 1 3 1 5 12 12 1 2 3 5 0 0,0,0,0,0,0,0 0,0,0,0,0,0,0 OUT-999 HOST1/1 O1;F2;C0:0;
TRACE 824 1 3 1 5 13 13 1 0 54 5 0 0,0,0,0,0,0,0 0,0,0,0,0,0,0 OUT-999 HOST1/1 O1;F2;C0:0;
TRACE 825 1 3 1 5 14 14 1 0 55 5 0 0,0,0,0,0,0,0 0,0,0,0,0,0,0 OUT-999 HOST1/1 O1;F2;C0:0;
TRACE 826 1 3 1 5 15 15 1 0 64 5 0 0,0,0,0,0,0,0 0,0,0,0,0,0,0 OUT-999 HOST1/1 O1;F2;C0:0;
TRACE 827 1 9 1 8 1000 11 0 1 2 8 0 0,0,0,0,0,0,0 0,0,0,0,0,0,0 OUT-999 HOST1/1 O1;F1;C0:0;
TRACE 828 1 9 1 8 1000 14 0 1 2 8 0 0,0,0,0,0,0,0 0,0,0,0,0,0,0 OUT-999 HOST1/1 O1;F1;C0:0;
TRACE 829 1 0 1 0 1000 14 0 0 42 0 0 0,0,0,0,0,0,0 0,0,0,0,0,0,0 OUT42 HOST0/0 F1;F2;
TRACE 830 1 0 1 0 1000 16 0 0 50 0 0 0,0,0,0,0,0,0 0,0,0,0,0,0,0 OUT9 HOST1/1 O1;F1;F2;C0:0;
TRACE 831 1 0 1 0 1000 19 0 0 64 0 0 0,0,0,0,0,0,0 0,0,0,0,0,0,0 OUT9 HOST1/1 O1;F1;F2;C0:0;
TRACE 832 1 0 1 0 1000 13 0 0 50 0 0 0,0,0,0,0,0,0 0,0,0,0,0,0,0 OUT9 HOST1/0 O0;F1;
TRACE 833 1 10 1 0 1000 16 0 0 64 0 1 8,5,0,0,0,1,0 0,0,0,0,0,0,0 OUT-999 HOST1/1 O1;F2;C-1:5;
TRACE 834 1 5 1 8 1000 11 0 0 49 8 0 0,0,0,0,0,0,0 0,0,0,0,0,0,0 OUT-999 HOST1/1 O1;C0:0;
TRACE 835 1 5 1 8 1000 11 0 0 49 8 0 0,0,0,0,0,0,0 0,0,0,0,0,0,0 OUT-999 HOST1/1 O1;C0:0;
TRACE 836 1 5 1 8 1000 11 0 0 49 8 0 0,0,0,0,0,0,0 0,0,0,0,0,0,0 OUT-999 HOST1/1 O1;C0:0;
TRACE 837 1 2 0 0 100 0 0 4294967295 4294967295 0 0 0,0,0,0,0,0,0 0,0,0,0,0,0,0 OUT-999 HOST0/0 
