python3 scripts/embed_binary64_parser.py --check
/opt/homebrew/opt/llvm/bin/clang -Wall -Wextra -Werror -std=c99 -g -O3 -ftree-vectorize -fPIC -Isrc -D_GNU_SOURCE -I'/Applications/Xcode.app/Contents/Developer/Platforms/MacOSX.platform/Developer/SDKs/MacOSX27.0.sdk/usr/include/ffi' -I/opt/homebrew/Cellar/openssl@3/3.6.5/include -o bin/nano_virt obj/nanovirt/codegen.o obj/nanovirt/wrapper_gen.o obj/nanovirt/shadow_runner.o obj/nanovm/value.o obj/nanovm/heap.o obj/nanovm/heap_cycles.o obj/nanovm/vm.o obj/nanovm/vm_callback.o obj/nanovm/vm_ffi.o obj/nanovm/vm_builtins.o obj/nanovm/cop_protocol.o obj/nanovm/vm_ffi_arrays.o obj/runtime/callback_runtime.o obj/nanoisa/file_flow.o obj/nanoisa/service_file_nominal.o obj/nanoisa/service_file_nominal_plan.o obj/nanoisa/service_bindings.o obj/nanoisa/service_bindings_module.o obj/nanoisa/mixed_float_proof.o obj/nanoisa/managed_array_shapes.o obj/nanoisa/local_bindings.o obj/nanoisa/affine_bytecode.o obj/nanoisa/affine_state.o obj/nanoisa/ownership_contracts.o obj/nanoisa/retained_layouts.o obj/nanoisa/reference_places.o obj/nanoisa/passive.o obj/nanoisa/isa.o obj/nanoisa/verifier_types.o obj/nanoisa/nvm_format.o obj/nanoisa/nvm_format_v2.o obj/nanoisa/nvm_v2_cursor.o obj/nanoisa/nvm_v2_constants.o obj/nanoisa/nvm_v2_signatures.o obj/nanoisa/nvm_v2_layouts.o obj/nanoisa/nvm_v2_functions.o obj/nanoisa/nvm_v2_imports.o obj/nanoisa/nvm_v2_module.o obj/nanoisa/nvm_v2_convert.o obj/nanoisa/assembler.o obj/nanoisa/disassembler.o obj/nanoisa/verifier.o obj/nanoisa/nvm2c.o obj/nanoisa/nvm2c_shape.o obj/nanoisa/nvm2c_callables.o obj/nanoisa/frontend.o obj/nanoisa/nanoisa_facade.o obj/nanovm/vm_decode.o obj/nanovm/vm_dispatch.o obj/nsi_file_plan.o \
		obj/lexer.o obj/parser.o obj/typechecker.o obj/transpiler.o obj/stdlib_runtime.o obj/env.o obj/builtins_registry.o obj/module.o obj/module_metadata.o obj/cJSON.o obj/toon_output.o obj/module_builder.o obj/resource_tracking.o obj/eval.o obj/eval/eval_hashmap.o obj/eval/eval_math.o obj/eval/eval_string.o obj/eval/eval_io.o obj/interpreter_ffi.o obj/json_diagnostics.o obj/reflection.o obj/nanocore_subset.o obj/nanocore_export.o obj/emit_typed_ast.o obj/type_infer.o obj/effects.o obj/fold_constants.o obj/dce_pass.o obj/par_let_pass.o obj/ptx_backend.o obj/opencl_backend.o obj/tco_pass.o obj/cps_pass.o obj/coroutine.o obj/pgo_pass.o obj/c_backend.o obj/bench.o obj/bench_native.o obj/riscv_backend.o obj/dwarf_info.o obj/docgen_md.o obj/docgen.o obj/fmt.o obj/channel.o obj/bcp47.o obj/locale.o obj/utf8.o obj/diag_id.o obj/catalog.o obj/resource_flow.o obj/nominal_types.o obj/runtime/list_int.o obj/runtime/list_bool.o obj/runtime/list_string.o obj/runtime/list_LexerToken.o obj/runtime/list_token.o obj/runtime/list_CompilerDiagnostic.o obj/runtime/list_CompilerSourceLocation.o obj/runtime/list_ASTNumber.o obj/runtime/list_ASTFloat.o obj/runtime/list_ASTString.o obj/runtime/list_ASTBool.o obj/runtime/list_ASTIdentifier.o obj/runtime/list_ASTBinaryOp.o obj/runtime/list_ASTCall.o obj/runtime/list_ASTModuleQualifiedCall.o obj/runtime/list_ASTArrayLiteral.o obj/runtime/list_ASTLet.o obj/runtime/list_ASTSet.o obj/runtime/list_ASTStmtRef.o obj/runtime/list_ASTIf.o obj/runtime/list_ASTWhile.o obj/runtime/list_ASTFor.o obj/runtime/list_ASTReturn.o obj/runtime/list_ASTBlock.o obj/runtime/list_ASTUnsafeBlock.o obj/runtime/list_ASTPrint.o obj/runtime/list_ASTAssert.o obj/runtime/list_ASTFunction.o obj/runtime/list_ASTShadow.o obj/runtime/list_ASTStruct.o obj/runtime/list_ASTStructLiteral.o obj/runtime/list_ASTFieldAccess.o obj/runtime/list_ASTEnum.o obj/runtime/list_ASTUnion.o obj/runtime/list_ASTUnionConstruct.o obj/runtime/list_ASTMatch.o obj/runtime/list_ASTImport.o obj/runtime/list_ASTOpaqueType.o obj/runtime/list_ASTServiceDecl.o obj/runtime/list_ASTTupleLiteral.o obj/runtime/list_ASTTupleIndex.o obj/runtime/token_helpers.o obj/runtime/gc.o obj/runtime/effect_runtime.o obj/runtime/dyn_array.o obj/runtime/gc_struct.o obj/runtime/nl_string.o obj/runtime/ffi_loader.o obj/runtime/module_build_dir.o obj/runtime/cli.o obj/runtime/regex.o obj/nanovirt/main.o -lm -lcrypto -lffi -L/opt/homebrew/Cellar/openssl@3/3.6.5/lib
/opt/homebrew/opt/llvm/bin/clang -Wall -Wextra -Werror -std=c99 -g -O3 -ftree-vectorize -fPIC -Isrc -D_GNU_SOURCE -I'/Applications/Xcode.app/Contents/Developer/Platforms/MacOSX.platform/Developer/SDKs/MacOSX27.0.sdk/usr/include/ffi' -I/opt/homebrew/Cellar/openssl@3/3.6.5/include -o bin/nano_vm obj/nanovm/value.o obj/nanovm/heap.o obj/nanovm/heap_cycles.o obj/nanovm/vm.o obj/nanovm/vm_callback.o obj/nanovm/vm_ffi.o obj/nanovm/vm_builtins.o obj/nanovm/cop_protocol.o obj/nanovm/vm_ffi_arrays.o obj/runtime/callback_runtime.o obj/nanoisa/file_flow.o obj/nanoisa/service_file_nominal.o obj/nanoisa/service_file_nominal_plan.o obj/nanoisa/service_bindings.o obj/nanoisa/service_bindings_module.o obj/nanoisa/mixed_float_proof.o obj/nanoisa/managed_array_shapes.o obj/nanoisa/local_bindings.o obj/nanoisa/affine_bytecode.o obj/nanoisa/affine_state.o obj/nanoisa/ownership_contracts.o obj/nanoisa/retained_layouts.o obj/nanoisa/reference_places.o obj/nanoisa/passive.o obj/nanoisa/isa.o obj/nanoisa/verifier_types.o obj/nanoisa/nvm_format.o obj/nanoisa/nvm_format_v2.o obj/nanoisa/nvm_v2_cursor.o obj/nanoisa/nvm_v2_constants.o obj/nanoisa/nvm_v2_signatures.o obj/nanoisa/nvm_v2_layouts.o obj/nanoisa/nvm_v2_functions.o obj/nanoisa/nvm_v2_imports.o obj/nanoisa/nvm_v2_module.o obj/nanoisa/nvm_v2_convert.o obj/nanoisa/assembler.o obj/nanoisa/disassembler.o obj/nanoisa/verifier.o obj/nanoisa/nvm2c.o obj/nanoisa/nvm2c_shape.o obj/nanoisa/nvm2c_callables.o obj/nanoisa/frontend.o obj/nanoisa/nanoisa_facade.o obj/nanovm/vm_decode.o obj/nanovm/vm_dispatch.o obj/nsi_file_plan.o obj/lexer.o obj/parser.o obj/typechecker.o obj/transpiler.o obj/stdlib_runtime.o obj/env.o obj/builtins_registry.o obj/module.o obj/module_metadata.o obj/cJSON.o obj/toon_output.o obj/module_builder.o obj/resource_tracking.o obj/eval.o obj/eval/eval_hashmap.o obj/eval/eval_math.o obj/eval/eval_string.o obj/eval/eval_io.o obj/interpreter_ffi.o obj/json_diagnostics.o obj/reflection.o obj/nanocore_subset.o obj/nanocore_export.o obj/emit_typed_ast.o obj/type_infer.o obj/effects.o obj/fold_constants.o obj/dce_pass.o obj/par_let_pass.o obj/ptx_backend.o obj/opencl_backend.o obj/tco_pass.o obj/cps_pass.o obj/coroutine.o obj/pgo_pass.o obj/c_backend.o obj/bench.o obj/bench_native.o obj/riscv_backend.o obj/dwarf_info.o obj/docgen_md.o obj/docgen.o obj/fmt.o obj/channel.o obj/bcp47.o obj/locale.o obj/utf8.o obj/diag_id.o obj/catalog.o obj/resource_flow.o obj/nominal_types.o obj/runtime/list_int.o obj/runtime/list_bool.o obj/runtime/list_string.o obj/runtime/list_LexerToken.o obj/runtime/list_token.o obj/runtime/list_CompilerDiagnostic.o obj/runtime/list_CompilerSourceLocation.o obj/runtime/list_ASTNumber.o obj/runtime/list_ASTFloat.o obj/runtime/list_ASTString.o obj/runtime/list_ASTBool.o obj/runtime/list_ASTIdentifier.o obj/runtime/list_ASTBinaryOp.o obj/runtime/list_ASTCall.o obj/runtime/list_ASTModuleQualifiedCall.o obj/runtime/list_ASTArrayLiteral.o obj/runtime/list_ASTLet.o obj/runtime/list_ASTSet.o obj/runtime/list_ASTStmtRef.o obj/runtime/list_ASTIf.o obj/runtime/list_ASTWhile.o obj/runtime/list_ASTFor.o obj/runtime/list_ASTReturn.o obj/runtime/list_ASTBlock.o obj/runtime/list_ASTUnsafeBlock.o obj/runtime/list_ASTPrint.o obj/runtime/list_ASTAssert.o obj/runtime/list_ASTFunction.o obj/runtime/list_ASTShadow.o obj/runtime/list_ASTStruct.o obj/runtime/list_ASTStructLiteral.o obj/runtime/list_ASTFieldAccess.o obj/runtime/list_ASTEnum.o obj/runtime/list_ASTUnion.o obj/runtime/list_ASTUnionConstruct.o obj/runtime/list_ASTMatch.o obj/runtime/list_ASTImport.o obj/runtime/list_ASTOpaqueType.o obj/runtime/list_ASTServiceDecl.o obj/runtime/list_ASTTupleLiteral.o obj/runtime/list_ASTTupleIndex.o obj/runtime/token_helpers.o obj/runtime/gc.o obj/runtime/effect_runtime.o obj/runtime/dyn_array.o obj/runtime/gc_struct.o obj/runtime/nl_string.o obj/runtime/ffi_loader.o obj/runtime/module_build_dir.o obj/runtime/cli.o obj/runtime/regex.o \
		obj/nanovm/vmd_protocol.o obj/nanovm/vmd_client.o \
		obj/nanovm/main.o obj/nanoisa/file_cli.o lib/libnano_file_runtime.a -lm -lcrypto -lffi -L/opt/homebrew/Cellar/openssl@3/3.6.5/lib 
python3 -m unittest -v tests.test_owned_union_c_source
test_branch_join_consumes_outer_owner (tests.test_owned_union_c_source.GenericSelectedUnionCSource.test_branch_join_consumes_outer_owner) ... ok
test_conditional_constructor_return (tests.test_owned_union_c_source.GenericSelectedUnionCSource.test_conditional_constructor_return) ... ok
test_declared_constructor_argument (tests.test_owned_union_c_source.GenericSelectedUnionCSource.test_declared_constructor_argument) ... ok
test_declared_constructor_return (tests.test_owned_union_c_source.GenericSelectedUnionCSource.test_declared_constructor_return) ... ok
test_declared_return_and_alias_transfer (tests.test_owned_union_c_source.GenericSelectedUnionCSource.test_declared_return_and_alias_transfer) ... ok
test_drop_selected_field_rejected (tests.test_owned_union_c_source.GenericSelectedUnionCSource.test_drop_selected_field_rejected) ... ok
test_drop_union_rejected (tests.test_owned_union_c_source.GenericSelectedUnionCSource.test_drop_union_rejected) ... ok
test_duplicate_consume_rejected (tests.test_owned_union_c_source.GenericSelectedUnionCSource.test_duplicate_consume_rejected) ... ok
test_empty_arm_has_no_obligation (tests.test_owned_union_c_source.GenericSelectedUnionCSource.test_empty_arm_has_no_obligation) ... ok
test_guarded_generic_match_remains_rejected (tests.test_owned_union_c_source.GenericSelectedUnionCSource.test_guarded_generic_match_remains_rejected) ... ok
test_incomplete_match_rejected (tests.test_owned_union_c_source.GenericSelectedUnionCSource.test_incomplete_match_rejected) ... ok
test_join_mismatch_rejected (tests.test_owned_union_c_source.GenericSelectedUnionCSource.test_join_mismatch_rejected) ... ok
test_match_constructor_return (tests.test_owned_union_c_source.GenericSelectedUnionCSource.test_match_constructor_return) ... ok
test_match_then_reuse_rejected (tests.test_owned_union_c_source.GenericSelectedUnionCSource.test_match_then_reuse_rejected) ... ok
test_nested_generic_transfer (tests.test_owned_union_c_source.GenericSelectedUnionCSource.test_nested_generic_transfer) ... ok
test_ordinary_selected_arm_can_be_ignored (tests.test_owned_union_c_source.GenericSelectedUnionCSource.test_ordinary_selected_arm_can_be_ignored) ... ok
test_partial_move_rejected (tests.test_owned_union_c_source.GenericSelectedUnionCSource.test_partial_move_rejected) ... ok
test_resource_and_ordinary_selected_arms (tests.test_owned_union_c_source.GenericSelectedUnionCSource.test_resource_and_ordinary_selected_arms) ... ok
test_resource_collection_still_rejected (tests.test_owned_union_c_source.GenericSelectedUnionCSource.test_resource_collection_still_rejected) ... ok
test_unresolved_tuple_still_rejected (tests.test_owned_union_c_source.GenericSelectedUnionCSource.test_unresolved_tuple_still_rejected) ... ok
test_compatible_outer_join (tests.test_owned_union_c_source.SelectedUnionCSource.test_compatible_outer_join) ... ok
test_duplicate_selected_field_consumption (tests.test_owned_union_c_source.SelectedUnionCSource.test_duplicate_selected_field_consumption) ... ok
test_guarded_owned_match_remains_rejected (tests.test_owned_union_c_source.SelectedUnionCSource.test_guarded_owned_match_remains_rejected) ... ok
test_ignored_resource_binding (tests.test_owned_union_c_source.SelectedUnionCSource.test_ignored_resource_binding) ... ok
test_ignored_selected_payload (tests.test_owned_union_c_source.SelectedUnionCSource.test_ignored_selected_payload) ... ok
test_incompatible_outer_join (tests.test_owned_union_c_source.SelectedUnionCSource.test_incompatible_outer_join) ... ok
test_loop_cannot_reconsume_outer_scrutinee (tests.test_owned_union_c_source.SelectedUnionCSource.test_loop_cannot_reconsume_outer_scrutinee) ... ok
test_nested_resource_record (tests.test_owned_union_c_source.SelectedUnionCSource.test_nested_resource_record) ... ok
test_ordinary_call_match_expression_and_statement (tests.test_owned_union_c_source.SelectedUnionCSource.test_ordinary_call_match_expression_and_statement) ... ok
test_original_scrutinee_after_match (tests.test_owned_union_c_source.SelectedUnionCSource.test_original_scrutinee_after_match) ... ok
test_partial_resource_field_move (tests.test_owned_union_c_source.SelectedUnionCSource.test_partial_resource_field_move) ... ok
test_scrutinee_call_evaluates_once (tests.test_owned_union_c_source.SelectedUnionCSource.test_scrutinee_call_evaluates_once) ... FAIL
test_two_resources_and_ordinary_sibling_arms (tests.test_owned_union_c_source.SelectedUnionCSource.test_two_resources_and_ordinary_sibling_arms) ... ok
test_unresolved_selected_field (tests.test_owned_union_c_source.SelectedUnionCSource.test_unresolved_selected_field) ... ok
test_use_payload_after_destructure (tests.test_owned_union_c_source.SelectedUnionCSource.test_use_payload_after_destructure) ... ok
test_wildcard_cannot_hide_owned_payload (tests.test_owned_union_c_source.SelectedUnionCSource.test_wildcard_cannot_hide_owned_payload) ... ok

======================================================================
FAIL: test_scrutinee_call_evaluates_once (tests.test_owned_union_c_source.SelectedUnionCSource.test_scrutinee_call_evaluates_once)
----------------------------------------------------------------------
Traceback (most recent call last):
  File "/private/tmp/nanolang-match-guards-20261009/tests/test_selected_variant_ownership.py", line 132, in test_scrutinee_call_evaluates_once
            self.program('''resource struct Handle { fd: int }
            ~~~~~~~~~~~~^^^^^^^^^^^^^^^^^^^^^^^^^^^^^^^^^^^^^^
    union Choice { Some { owner: Handle }, None {} }
    ^^^^^^^^^^^^^^^^^^^^^^^^^^^^^^^^^^^^^^^^^^^^^^^^
    ...<6 lines>...
    shadow main { assert (== (main) 0) }
    ^^^^^^^^^^^^^^^^^^^^^^^^^^^^^^^^^^^^
    ''', True)
    ^^^^^^^^^^
  File "/private/tmp/nanolang-match-guards-20261009/tests/test_owned_union_c_source.py", line 14, in program
    self.source_route(source, accepted, diagnostics)
    ~~~~~~~~~~~~~~~~~^^^^^^^^^^^^^^^^^^^^^^^^^^^^^^^
  File "/private/tmp/nanolang-match-guards-20261009/tests/test_owned_union_c_source.py", line 43, in source_route
    self.assertEqual(result.returncode, 0, messages)
    ~~~~~~~~~~~~~~~~^^^^^^^^^^^^^^^^^^^^^^^^^^^^^^^^
AssertionError: 1 != 0 : Warning at line 6, column 23: Unused variable 'payload'
I could not compile shadows at line 3: I require only resource records, scalar unions, main, one helper and selected shadows in my source borrow profile


----------------------------------------------------------------------
Ran 36 tests in 5.737s

FAILED (failures=1)
make: *** [test-owned-union-c-source] Error 1
