/opt/homebrew/opt/llvm/bin/clang -std=c11 -g -O1 -Isrc -D_GNU_SOURCE -fsanitize=address,undefined -fno-omit-frame-pointer -fno-sanitize-recover=all -I'/Applications/Xcode.app/Contents/Developer/Platforms/MacOSX.platform/Developer/SDKs/MacOSX27.0.sdk/usr/include/ffi' -I/opt/homebrew/Cellar/openssl@3/3.6.5/include -std=c11 -D_DEFAULT_SOURCE -Wall -Wextra -Werror tests/test_nsi_socket.c -o obj/test_nsi_socket_instrumented -fsanitize=address,undefined -lcrypto -lffi -L/opt/homebrew/Cellar/openssl@3/3.6.5/lib
I check real NUL/bidirectional/EOF/would-block and exact Socket identity.
I check rights, interrupted calls and byte output retention.
I check pair atomicity, aliased transfer capacity, generations and reuse.
I check every platform setup step and complete pair rollback.
I inject acquisition step 0/10.
I inject acquisition step 1/10.
I inject acquisition step 2/10.
I inject acquisition step 3/10.
I inject acquisition step 4/10.
I inject acquisition step 5/10.
I inject acquisition step 6/10.
I inject acquisition step 7/10.
I inject acquisition step 8/10.
I inject acquisition step 9/10.
I inject acquisition step 10/10.
I distinguish real close, injected reports and deliberately unclosed fault descriptors.
PASS 5013 Socket checks; real opens=334 closes=334; adapter close attempts=334; harness-only recovery closes=1
/opt/homebrew/opt/llvm/bin/clang -std=c11 -g -O1 -Isrc -D_GNU_SOURCE -fsanitize=address,undefined -fno-omit-frame-pointer -fno-sanitize-recover=all -I'/Applications/Xcode.app/Contents/Developer/Platforms/MacOSX.platform/Developer/SDKs/MacOSX27.0.sdk/usr/include/ffi' -I/opt/homebrew/Cellar/openssl@3/3.6.5/include -std=c11 -D_DEFAULT_SOURCE -Wall -Wextra -Werror tests/test_nsi_socket_linked.c src/nsi_socket.c src/nsi_cap.c -o obj/test_nsi_socket_linked -fsanitize=address,undefined -lcrypto -lffi -L/opt/homebrew/Cellar/openssl@3/3.6.5/lib
PASS ordinary linked Socket NUL/byte/EOF/transfer/close
/opt/homebrew/opt/llvm/bin/clang -std=c11 -g -O1 -Isrc -D_GNU_SOURCE -fsanitize=address,undefined -fno-omit-frame-pointer -fno-sanitize-recover=all -I'/Applications/Xcode.app/Contents/Developer/Platforms/MacOSX.platform/Developer/SDKs/MacOSX27.0.sdk/usr/include/ffi' -I/opt/homebrew/Cellar/openssl@3/3.6.5/include -std=c11 -D_DEFAULT_SOURCE -Wall -Wextra -Werror tests/test_nsi_file.c -o obj/test_nsi_file_instrumented -fsanitize=address,undefined -lcrypto -lffi -L/opt/homebrew/Cellar/openssl@3/3.6.5/lib
PASS 2634 checks; 395 real opens and 395 real closes; 20 allocator calls; no live resources
/opt/homebrew/opt/llvm/bin/clang -std=c11 -g -O1 -Isrc -D_GNU_SOURCE -fsanitize=address,undefined -fno-omit-frame-pointer -fno-sanitize-recover=all -I'/Applications/Xcode.app/Contents/Developer/Platforms/MacOSX.platform/Developer/SDKs/MacOSX27.0.sdk/usr/include/ffi' -I/opt/homebrew/Cellar/openssl@3/3.6.5/include -std=c11 -D_DEFAULT_SOURCE -Wall -Wextra -Werror tests/test_nsi_file_linked.c src/nsi_file.c src/nsi_cap.c -o obj/test_nsi_file_linked -fsanitize=address,undefined -lcrypto -lffi -L/opt/homebrew/Cellar/openssl@3/3.6.5/lib
PASS ordinary linked private local-file adapter
Running NSI capability-runtime tests...
/opt/homebrew/opt/llvm/bin/clang -std=c11 -g -O1 -Isrc -D_GNU_SOURCE -fsanitize=address,undefined -fno-omit-frame-pointer -fno-sanitize-recover=all -I'/Applications/Xcode.app/Contents/Developer/Platforms/MacOSX.platform/Developer/SDKs/MacOSX27.0.sdk/usr/include/ffi' -I/opt/homebrew/Cellar/openssl@3/3.6.5/include -o tests/test_nsi_cap tests/test_nsi_cap.c \
		src/nsi_cap.c
NSI capability runtime tests
  cap: integers and pointers are forged                        PASS
  cap: type, service, rights, delegation, revocation           PASS
  cap: rights attenuate on delegate                            PASS
  cap: transfer requires permission                            PASS
  cap: restart invalidates; generation not reused              PASS
  cap: resource own/consume; Forth cells not pointers          PASS
  cap: audit create, delegate, use, revoke, fail               PASS
7 passed, 0 failed
