/home/jkh/nanolang-qualification/record-lists-833-linux-binary64/fixture/temporary/nano-binary64-arithmetic-lbzj1obj/emit
/* I canonicalize only scalar binary arithmetic results, never transported bits. */
#ifndef NANOLANG_BINARY64_ARITHMETIC_H
#define NANOLANG_BINARY64_ARITHMETIC_H
#include <float.h>
#include <stdint.h>
#include <string.h>

#if defined(__FAST_MATH__) || (defined(__FINITE_MATH_ONLY__) && __FINITE_MATH_ONLY__)
#error "I require ordinary IEEE arithmetic without fast-math."
#endif
#if FLT_RADIX != 2 || DBL_MANT_DIG != 53 || DBL_MAX_EXP != 1024 || DBL_MIN_EXP != -1021
#error "I require binary64 double arithmetic."
#endif
#if !defined(FLT_EVAL_METHOD) || FLT_EVAL_METHOD != 0
#error "I require operations evaluated in their binary64 type."
#endif
/* I retain a compile-time storage check in both C99 and C11 output. */
typedef char nano_rt_binary64_storage_guard[
    sizeof(double) == 8 && sizeof(uint64_t) == 8 ? 1 : -1];

#if defined(__GNUC__) || defined(__clang__)
#define NL_BINARY64_ARITHMETIC_OPTIONAL __attribute__((unused))
#else
#define NL_BINARY64_ARITHMETIC_OPTIONAL
#endif

/* I inspect a rounded result with integer operations, not another FP operation. */
static inline NL_BINARY64_ARITHMETIC_OPTIONAL double nano_rt_f64_arithmetic_result(double value) {
    uint64_t bits;
    memcpy(&bits, &value, sizeof(bits));
    if ((bits & UINT64_C(0x7ff0000000000000)) == UINT64_C(0x7ff0000000000000) &&
        (bits & UINT64_C(0x000fffffffffffff)) != 0) {
        bits = UINT64_C(0x7ff8000000000000);
        memcpy(&value, &bits, sizeof(value));
    }
    return value;
}

/* Each volatile store/load is a binary64 rounding and noncontraction boundary. */
static inline NL_BINARY64_ARITHMETIC_OPTIONAL double nano_rt_f64_add(double a, double b) {
    volatile double rounded = a + b;
    return nano_rt_f64_arithmetic_result(rounded);
}
static inline NL_BINARY64_ARITHMETIC_OPTIONAL double nano_rt_f64_sub(double a, double b) {
    volatile double rounded = a - b;
    return nano_rt_f64_arithmetic_result(rounded);
}
static inline NL_BINARY64_ARITHMETIC_OPTIONAL double nano_rt_f64_mul(double a, double b) {
    volatile double rounded = a * b;
    return nano_rt_f64_arithmetic_result(rounded);
}
static inline NL_BINARY64_ARITHMETIC_OPTIONAL double nano_rt_f64_div(double a, double b) {
    uint64_t divisor;
    memcpy(&divisor, &b, sizeof(divisor));
    /* Either signed zero takes precedence even over a signaling NaN numerator. */
    if ((divisor & UINT64_C(0x7fffffffffffffff)) == 0) return 0.0;
    volatile double rounded = a / b;
    return nano_rt_f64_arithmetic_result(rounded);
}
#undef NL_BINARY64_ARITHMETIC_OPTIONAL
#endif
