test_function_array_aliases_globals_and_missing_elements (tests.test_native_callables.NativeCallables.test_function_array_aliases_globals_and_missing_elements) ... 
  test_function_array_aliases_globals_and_missing_elements (tests.test_native_callables.NativeCallables.test_function_array_aliases_globals_and_missing_elements) (constructor='ARR_NEW 11') ... FAIL
  test_function_array_aliases_globals_and_missing_elements (tests.test_native_callables.NativeCallables.test_function_array_aliases_globals_and_missing_elements) (constructor='ARR_LITERAL 11 0') ... FAIL

======================================================================
FAIL: test_function_array_aliases_globals_and_missing_elements (tests.test_native_callables.NativeCallables.test_function_array_aliases_globals_and_missing_elements) (constructor='ARR_NEW 11')
----------------------------------------------------------------------
Traceback (most recent call last):
  File "/Users/jordanh/Src/nanolang/tests/test_native_callables.py", line 97, in test_function_array_aliases_globals_and_missing_elements
    self.sanitized(source, work / 'program')
    ~~~~~~~~~~~~~~^^^^^^^^^^^^^^^^^^^^^^^^^^
  File "/Users/jordanh/Src/nanolang/tests/test_native_callables.py", line 29, in sanitized
    self.checked([binary], env={**os.environ, 'ASAN_OPTIONS': 'detect_leaks=1'})
    ~~~~~~~~~~~~^^^^^^^^^^^^^^^^^^^^^^^^^^^^^^^^^^^^^^^^^^^^^^^^^^^^^^^^^^^^^^^^
  File "/Users/jordanh/Src/nanolang/tests/test_native_callables.py", line 15, in checked
    self.assertEqual(result.returncode, 0, result.stdout + result.stderr)
    ~~~~~~~~~~~~~~~~^^^^^^^^^^^^^^^^^^^^^^^^^^^^^^^^^^^^^^^^^^^^^^^^^^^^^
AssertionError: -6 != 0 : I stopped at a native invariant in nl_main at generated C line 1205.


======================================================================
FAIL: test_function_array_aliases_globals_and_missing_elements (tests.test_native_callables.NativeCallables.test_function_array_aliases_globals_and_missing_elements) (constructor='ARR_LITERAL 11 0')
----------------------------------------------------------------------
Traceback (most recent call last):
  File "/Users/jordanh/Src/nanolang/tests/test_native_callables.py", line 97, in test_function_array_aliases_globals_and_missing_elements
    self.sanitized(source, work / 'program')
    ~~~~~~~~~~~~~~^^^^^^^^^^^^^^^^^^^^^^^^^^
  File "/Users/jordanh/Src/nanolang/tests/test_native_callables.py", line 29, in sanitized
    self.checked([binary], env={**os.environ, 'ASAN_OPTIONS': 'detect_leaks=1'})
    ~~~~~~~~~~~~^^^^^^^^^^^^^^^^^^^^^^^^^^^^^^^^^^^^^^^^^^^^^^^^^^^^^^^^^^^^^^^^
  File "/Users/jordanh/Src/nanolang/tests/test_native_callables.py", line 15, in checked
    self.assertEqual(result.returncode, 0, result.stdout + result.stderr)
    ~~~~~~~~~~~~~~~~^^^^^^^^^^^^^^^^^^^^^^^^^^^^^^^^^^^^^^^^^^^^^^^^^^^^^
AssertionError: -6 != 0 : I stopped at a native invariant in nl_main at generated C line 1212.


----------------------------------------------------------------------
Ran 1 test in 0.499s

FAILED (failures=2)
