I retain source lowering artifacts at /private/var/folders/9z/xpmfgw8j09l4g6wwxrxtt97w0000gn/T/nano-service-lowering-ajd8ilvx
test_paired_source_bytes (tests.test_mixed_websocket_source.MixedWebSocketLowering.test_paired_source_bytes) ... ok
test_nonexecuting_emission_and_failed_shadow_preserve_output (tests.test_mixed_websocket_source.MixedWebSocketProducts.test_nonexecuting_emission_and_failed_shadow_preserve_output) ... I retain service driver artifacts at /private/var/folders/9z/xpmfgw8j09l4g6wwxrxtt97w0000gn/T/nano-service-drivers-qdued1i3
ok
test_permissions_shadows_and_native_invocation (tests.test_mixed_websocket_source.MixedWebSocketProducts.test_permissions_shadows_and_native_invocation) ... I retain service driver artifacts at /private/var/folders/9z/xpmfgw8j09l4g6wwxrxtt97w0000gn/T/nano-service-drivers-thi00k5c
ok
test_relocated_native_product (tests.test_mixed_websocket_source.MixedWebSocketProducts.test_relocated_native_product) ... I retain service driver artifacts at /private/var/folders/9z/xpmfgw8j09l4g6wwxrxtt97w0000gn/T/nano-service-drivers-9nxspq7y
ok
test_required_live_peer (tests.test_mixed_websocket_source.MixedWebSocketProducts.test_required_live_peer) ... I retain service driver artifacts at /private/var/folders/9z/xpmfgw8j09l4g6wwxrxtt97w0000gn/T/nano-service-drivers-lribqc0v
ERROR

======================================================================
ERROR: test_required_live_peer (tests.test_mixed_websocket_source.MixedWebSocketProducts.test_required_live_peer)
----------------------------------------------------------------------
Traceback (most recent call last):
  File "/Users/jordanh/Src/nanolang/tests/test_mixed_websocket_source.py", line 112, in test_required_live_peer
    self.run_command([driver,source,*flags,*lookup,'--emit-nvm','-o',wire])
              ^^^^^^^^^^^^^
  File "/Users/jordanh/Src/nanolang/tests/test_websocket_dispatch.py", line 42, in server
    listener.bind(("127.0.0.1", 0))
    ~~~~~~~~~~~~~^^^^^^^^^^^^^^^^^^
PermissionError: [Errno 1] Operation not permitted

----------------------------------------------------------------------
Ran 5 tests in 115.608s

FAILED (errors=1)
