Stage 1: Building C reference compiler...
✓ C Compiler: bin/nanoc_c
✓ Bootstrap Stage 0: C reference compiler ready
cc -Wall -Wextra -Werror -std=c99 -g -O3 -ftree-vectorize -fPIC -Isrc -D_GNU_SOURCE -I'/Applications/Xcode.app/Contents/Developer/Platforms/MacOSX.platform/Developer/SDKs/MacOSX27.0.sdk/usr/include/ffi' -I/opt/homebrew/Cellar/openssl@3/3.6.5/include -o bin/nanoisa obj/nanoisa/dump_main.o obj/nanoisa/file_flow.o obj/nanoisa/service_file_nominal.o obj/nanoisa/service_file_nominal_plan.o obj/nanoisa/service_bindings.o obj/nanoisa/service_bindings_module.o obj/nanoisa/mixed_float_proof.o obj/nanoisa/managed_array_shapes.o obj/nanoisa/local_bindings.o obj/nanoisa/affine_bytecode.o obj/nanoisa/affine_state.o obj/nanoisa/ownership_contracts.o obj/nanoisa/retained_layouts.o obj/nanoisa/reference_places.o obj/nanoisa/passive.o obj/nanoisa/isa.o obj/nanoisa/verifier_types.o obj/nanoisa/nvm_format.o obj/nanoisa/nvm_format_v2.o obj/nanoisa/nvm_v2_cursor.o obj/nanoisa/nvm_v2_constants.o obj/nanoisa/nvm_v2_signatures.o obj/nanoisa/nvm_v2_layouts.o obj/nanoisa/nvm_v2_functions.o obj/nanoisa/nvm_v2_imports.o obj/nanoisa/nvm_v2_module.o obj/nanoisa/nvm_v2_convert.o obj/nanoisa/assembler.o obj/nanoisa/disassembler.o obj/nanoisa/verifier.o obj/nanoisa/nvm2c.o obj/nanoisa/nvm2c_shape.o obj/nanoisa/nvm2c_callables.o obj/nanoisa/frontend.o obj/nanoisa/nanoisa_facade.o obj/nanovm/vm_decode.o obj/nanovm/vm_dispatch.o obj/nsi_file_plan.o obj/utf8.o -lm -lcrypto -lffi -L/opt/homebrew/Cellar/openssl@3/3.6.5/lib
cc -Wall -Wextra -Werror -std=c99 -g -O3 -ftree-vectorize -fPIC -Isrc -D_GNU_SOURCE -I'/Applications/Xcode.app/Contents/Developer/Platforms/MacOSX.platform/Developer/SDKs/MacOSX27.0.sdk/usr/include/ffi' -I/opt/homebrew/Cellar/openssl@3/3.6.5/include -o bin/nvm2c obj/nanoisa/nvm2c_main.o obj/nanoisa/file_flow.o obj/nanoisa/service_file_nominal.o obj/nanoisa/service_file_nominal_plan.o obj/nanoisa/service_bindings.o obj/nanoisa/service_bindings_module.o obj/nanoisa/mixed_float_proof.o obj/nanoisa/managed_array_shapes.o obj/nanoisa/local_bindings.o obj/nanoisa/affine_bytecode.o obj/nanoisa/affine_state.o obj/nanoisa/ownership_contracts.o obj/nanoisa/retained_layouts.o obj/nanoisa/reference_places.o obj/nanoisa/passive.o obj/nanoisa/isa.o obj/nanoisa/verifier_types.o obj/nanoisa/nvm_format.o obj/nanoisa/nvm_format_v2.o obj/nanoisa/nvm_v2_cursor.o obj/nanoisa/nvm_v2_constants.o obj/nanoisa/nvm_v2_signatures.o obj/nanoisa/nvm_v2_layouts.o obj/nanoisa/nvm_v2_functions.o obj/nanoisa/nvm_v2_imports.o obj/nanoisa/nvm_v2_module.o obj/nanoisa/nvm_v2_convert.o obj/nanoisa/assembler.o obj/nanoisa/disassembler.o obj/nanoisa/verifier.o obj/nanoisa/nvm2c.o obj/nanoisa/nvm2c_shape.o obj/nanoisa/nvm2c_callables.o obj/nanoisa/frontend.o obj/nanoisa/nanoisa_facade.o obj/nanovm/vm_decode.o obj/nanovm/vm_dispatch.o obj/nsi_file_plan.o obj/utf8.o obj/nanoisa/file_cli.o lib/libnano_file_runtime.a -lm -lcrypto -lffi -L/opt/homebrew/Cellar/openssl@3/3.6.5/lib
cc -r -nostdlib -o bin/nano_aot_runtime.o obj/runtime/dyn_array.o obj/runtime/gc.o obj/runtime/gc_struct.o
python3 scripts/embed_binary64_parser.py --check
I run seed; I retain its log at /private/tmp/nanolang-match-guards-20261009/obj/bootstrap-nanoisa/run-25vxuxpv/00-seed.log.
I run seed-verify; I retain its log at /private/tmp/nanolang-match-guards-20261009/obj/bootstrap-nanoisa/run-25vxuxpv/01-seed-verify.log.
I run stage1; I retain its log at /private/tmp/nanolang-match-guards-20261009/obj/bootstrap-nanoisa/run-25vxuxpv/02-stage1.log.
I run stage1-verify; I retain its log at /private/tmp/nanolang-match-guards-20261009/obj/bootstrap-nanoisa/run-25vxuxpv/03-stage1-verify.log.
I run stage1-translate; I retain its log at /private/tmp/nanolang-match-guards-20261009/obj/bootstrap-nanoisa/run-25vxuxpv/04-stage1-translate.log.
I run stage1-native; I retain its log at /private/tmp/nanolang-match-guards-20261009/obj/bootstrap-nanoisa/run-25vxuxpv/05-stage1-native.log.
I run stage1-hello-compile; I retain its log at /private/tmp/nanolang-match-guards-20261009/obj/bootstrap-nanoisa/run-25vxuxpv/06-stage1-hello-compile.log.
I run stage1-hello-execute; I retain its log at /private/tmp/nanolang-match-guards-20261009/obj/bootstrap-nanoisa/run-25vxuxpv/07-stage1-hello-execute.log.
I run stage2; I retain its log at /private/tmp/nanolang-match-guards-20261009/obj/bootstrap-nanoisa/run-25vxuxpv/08-stage2.log.
I run stage2-verify; I retain its log at /private/tmp/nanolang-match-guards-20261009/obj/bootstrap-nanoisa/run-25vxuxpv/09-stage2-verify.log.
I run stage2-translate; I retain its log at /private/tmp/nanolang-match-guards-20261009/obj/bootstrap-nanoisa/run-25vxuxpv/10-stage2-translate.log.
I run stage2-native; I retain its log at /private/tmp/nanolang-match-guards-20261009/obj/bootstrap-nanoisa/run-25vxuxpv/11-stage2-native.log.
I run stage2-hello-compile; I retain its log at /private/tmp/nanolang-match-guards-20261009/obj/bootstrap-nanoisa/run-25vxuxpv/12-stage2-hello-compile.log.
I run stage2-hello-execute; I retain its log at /private/tmp/nanolang-match-guards-20261009/obj/bootstrap-nanoisa/run-25vxuxpv/13-stage2-hello-execute.log.
I run seed-final-verify; I retain its log at /private/tmp/nanolang-match-guards-20261009/obj/bootstrap-nanoisa/run-25vxuxpv/14-seed-final-verify.log.
I run stage1-final-verify; I retain its log at /private/tmp/nanolang-match-guards-20261009/obj/bootstrap-nanoisa/run-25vxuxpv/15-stage1-final-verify.log.
I run stage2-final-verify; I retain its log at /private/tmp/nanolang-match-guards-20261009/obj/bootstrap-nanoisa/run-25vxuxpv/16-stage2-final-verify.log.
I compared raw Stage 1 and Stage 2 modules: they are byte-identical in this build.
I have not established reproducibility across clean environments or proved compiler semantic correctness.
I installed bin/nanoc from the verified Stage 2 module.
Hello from NanoLang!
ld: warning: ignoring duplicate libraries: '-lm'
🔍 Verifying self-hosted compiler works without bin/nanoc_c...
Hello from NanoLang!
ld: warning: ignoring duplicate libraries: '-lm'
✅ bin/nanoc succeeded with bin/nanoc_c removed

==========================================
✅ TRUE BOOTSTRAP COMPLETE!
==========================================
Bootstrap Status:

  ✅ Stage 0: C reference compiler (bin/nanoc)
  ✅ Stage 1: Self-hosted compiler (bin/nanoc_stage1)
  ✅ Stage 2: Recompiled compiler (bin/nanoc_stage2)
  Stage 3: recorded comparison and installed-compiler smoke checks passed.

  I do not infer compiler correctness or release readiness from this stamp.


✓ Self-hosted compiler installed as bin/nanoc
✓ Stage binaries preserved in bin/ for verification
✓ All future builds will use the self-hosted compiler

