I retain private VM artifacts at /tmp/nano-record-array-vm-ivpcbds_
test_instrumented_private_vm (tests.test_record_array_vm.RecordArrayVm.test_instrumented_private_vm) ... FAIL

======================================================================
FAIL: test_instrumented_private_vm (tests.test_record_array_vm.RecordArrayVm.test_instrumented_private_vm)
----------------------------------------------------------------------
Traceback (most recent call last):
  File "/tmp/nanolang-record-vm-qualified-3115c/tests/test_record_array_vm.py", line 80, in test_instrumented_private_vm
    self.qualify(True)
    ~~~~~~~~~~~~^^^^^^
  File "/tmp/nanolang-record-vm-qualified-3115c/tests/test_record_array_vm.py", line 65, in qualify
    self.command(mode + '-build', [*self.cc, *self.flags, *dispatch,
    ~~~~~~~~~~~~^^^^^^^^^^^^^^^^^^^^^^^^^^^^^^^^^^^^^^^^^^^^^^^^^^^^
        *(['-DVM_RA_WHITEBOX'] if observed else []),
        ^^^^^^^^^^^^^^^^^^^^^^^^^^^^^^^^^^^^^^^^^^^^
        'tests/nanoisa/test_record_array_vm.c', 'tests/nanoisa/record_array_alloc.c',
        ^^^^^^^^^^^^^^^^^^^^^^^^^^^^^^^^^^^^^^^^^^^^^^^^^^^^^^^^^^^^^^^^^^^^^^^^^^^^^
        *products, *self.objects, *self.ldflags, '-o', str(exe)])
        ^^^^^^^^^^^^^^^^^^^^^^^^^^^^^^^^^^^^^^^^^^^^^^^^^^^^^^^^^
  File "/tmp/nanolang-record-vm-qualified-3115c/tests/test_file_cyclic.py", line 86, in command
    self.assertEqual(status["returncode"], 0, status)
    ~~~~~~~~~~~~~~~~^^^^^^^^^^^^^^^^^^^^^^^^^^^^^^^^^
AssertionError: 1 != 0 : {'timeout': False, 'returncode': 1, 'leader_reaped': True, 'group_disappeared': True, 'bound_seconds': 240, 'errors': [], 'cleanup_signals': [], 'launched': True}

----------------------------------------------------------------------
Ran 1 test in 3.248s

FAILED (failures=1)
