I retain native artifacts at /var/folders/v0/pxyl2_m512v5j9nhv674pt400000gn/T/nano-file-public-865p91au
test_cli_staging_faults (tests.test_file_public.FilePublic.test_cli_staging_faults) ... PASS real CLI staging and modeled I/O/allocation failure cleanup
ok
test_instrumented_native_corpus (tests.test_file_public.FilePublic.test_instrumented_native_corpus) ... I retain 436 allocation refusals and 0 recovered complete carriers
PASS 84511 manual private File carrier checks; 64 acquisition attempts, 63 real opens, 63 real closes, 34 I/O attempts, 9 nested refusal observations; no File CODE/frame dispatch
PASS 42381 manual private File frame transfer checks; no opcode dispatcher
private VM allocation refusals=478 recovered=0
PASS 182788 actual private File VM dispatch checks; legacy grant-less File routes remain refused
PASS native emission allocation refusals=334
PASS native capture: 73 exact modules, 71 emitted, 2 refused before host
PASS public VM corpus, shared grant and scalar boundary
I retain 436 allocation refusals and 0 recovered complete carriers
PASS 84509 manual private File carrier checks; 64 acquisition attempts, 63 real opens, 63 real closes, 34 I/O attempts, 9 nested refusal observations; no File CODE/frame dispatch
PASS 42381 manual private File frame transfer checks; no opcode dispatcher
private VM allocation refusals=478 recovered=0
PASS 182075 actual generated-native File dispatch checks; legacy grant-less File routes remain refused
PASS private generated-native replay: 567 calls, unchanged original corpus assertions
PASS public generated-native corpus and shared gate
I retain 436 allocation refusals and 0 recovered complete carriers
PASS 84509 manual private File carrier checks; 64 acquisition attempts, 63 real opens, 63 real closes, 34 I/O attempts, 9 nested refusal observations; no File CODE/frame dispatch
PASS 42381 manual private File frame transfer checks; no opcode dispatcher
private VM allocation refusals=478 recovered=0
PASS 182075 actual generated-native File dispatch checks; legacy grant-less File routes remain refused
PASS private generated-native replay: 567 calls, unchanged original corpus assertions
PASS public generated-native corpus and shared gate
ok
test_linked_native_corpus_and_isolated_refusals (tests.test_file_public.FilePublic.test_linked_native_corpus_and_isolated_refusals) ... FAIL

======================================================================
FAIL: test_linked_native_corpus_and_isolated_refusals (tests.test_file_public.FilePublic.test_linked_native_corpus_and_isolated_refusals)
----------------------------------------------------------------------
Traceback (most recent call last):
  File "/private/tmp/nanolang-file-public-9bac/tests/test_file_public.py", line 438, in test_linked_native_corpus_and_isolated_refusals
    self.qualify('linked', False)
    ~~~~~~~~~~~~^^^^^^^^^^^^^^^^^
  File "/private/tmp/nanolang-file-public-9bac/tests/test_file_public.py", line 198, in qualify
    self.command(name + '-capture-build', [*self.compiler, *self.flags, '-O1', *mode,
    ~~~~~~~~~~~~^^^^^^^^^^^^^^^^^^^^^^^^^^^^^^^^^^^^^^^^^^^^^^^^^^^^^^^^^^^^^^^^^^^^^
                 '-DFILE_NATIVE_CAPTURE', fixture, 'tests/nanoisa/test_file_native_buffer.c', *objects, *self.objects, *self.ldflags, '-o', str(capture)])
                 ^^^^^^^^^^^^^^^^^^^^^^^^^^^^^^^^^^^^^^^^^^^^^^^^^^^^^^^^^^^^^^^^^^^^^^^^^^^^^^^^^^^^^^^^^^^^^^^^^^^^^^^^^^^^^^^^^^^^^^^^^^^^^^^^^^^^^^^^^
  File "/private/tmp/nanolang-file-public-9bac/tests/test_file_public.py", line 111, in command
    self.assertEqual(process.returncode,expected,(args,stdout_text,stderr_text))
    ~~~~~~~~~~~~~~~~^^^^^^^^^^^^^^^^^^^^^^^^^^^^^^^^^^^^^^^^^^^^^^^^^^^^^^^^^^^^
AssertionError: 1 != 0 : (['/opt/homebrew/opt/llvm/bin/clang', '-I/Applications/Xcode.app/Contents/Developer/Platforms/MacOSX.platform/Developer/SDKs/MacOSX26.2.sdk/usr/include/ffi', '-I/opt/homebrew/opt/openssl@3/include', '-std=c11', '-D_DEFAULT_SOURCE', '-DNVM_FILE_VM_PRIVATE', '-DNVM_FILE_NATIVE_PRIVATE', '-DNVM_FILE_PUBLIC_ENGINE', '-g', '-Wall', '-Wextra', '-Werror', '-I.', '-Isrc', '-Isrc/nanoisa', '-pthread', '-O1', '-DFILE_NATIVE_CAPTURE', 'tests/nanoisa/test_file_public.c', 'tests/nanoisa/test_file_native_buffer.c', '/var/folders/v0/pxyl2_m512v5j9nhv674pt400000gn/T/nano-file-public-865p91au/linked-file_flow.o', '/var/folders/v0/pxyl2_m512v5j9nhv674pt400000gn/T/nano-file-public-865p91au/linked-service_file_nominal_plan.o', '/var/folders/v0/pxyl2_m512v5j9nhv674pt400000gn/T/nano-file-public-865p91au/linked-service_bindings_module.o', '/var/folders/v0/pxyl2_m512v5j9nhv674pt400000gn/T/nano-file-public-865p91au/linked-nvm_format.o', '/var/folders/v0/pxyl2_m512v5j9nhv674pt400000gn/T/nano-file-public-865p91au/linked-nvm_v2_constants.o', '/var/folders/v0/pxyl2_m512v5j9nhv674pt400000gn/T/nano-file-public-865p91au/linked-nvm_v2_signatures.o', '/var/folders/v0/pxyl2_m512v5j9nhv674pt400000gn/T/nano-file-public-865p91au/linked-nvm_v2_layouts.o', '/var/folders/v0/pxyl2_m512v5j9nhv674pt400000gn/T/nano-file-public-865p91au/linked-nvm_v2_functions.o', '/var/folders/v0/pxyl2_m512v5j9nhv674pt400000gn/T/nano-file-public-865p91au/linked-nvm_v2_imports.o', '/var/folders/v0/pxyl2_m512v5j9nhv674pt400000gn/T/nano-file-public-865p91au/linked-nvm_v2_module.o', '/var/folders/v0/pxyl2_m512v5j9nhv674pt400000gn/T/nano-file-public-865p91au/linked-nvm_v2_convert.o', '/var/folders/v0/pxyl2_m512v5j9nhv674pt400000gn/T/nano-file-public-865p91au/linked-retained_layouts.o', '/var/folders/v0/pxyl2_m512v5j9nhv674pt400000gn/T/nano-file-public-865p91au/linked-ownership_contracts.o', '/var/folders/v0/pxyl2_m512v5j9nhv674pt400000gn/T/nano-file-public-865p91au/linked-nsi_cap.o', '/var/folders/v0/pxyl2_m512v5j9nhv674pt400000gn/T/nano-file-public-865p91au/linked-nsi_file.o', '/var/folders/v0/pxyl2_m512v5j9nhv674pt400000gn/T/nano-file-public-865p91au/linked-nsi_file_values.o', '/var/folders/v0/pxyl2_m512v5j9nhv674pt400000gn/T/nano-file-public-865p91au/linked-file_runtime.o', '/var/folders/v0/pxyl2_m512v5j9nhv674pt400000gn/T/nano-file-public-865p91au/linked-file_vm_private.o', '/var/folders/v0/pxyl2_m512v5j9nhv674pt400000gn/T/nano-file-public-865p91au/linked-vm_ffi.o', '/var/folders/v0/pxyl2_m512v5j9nhv674pt400000gn/T/nano-file-public-865p91au/linked-nvm2c_file_private.o', '/var/folders/v0/pxyl2_m512v5j9nhv674pt400000gn/T/nano-file-public-865p91au/linked-file_public_native.o', '/var/folders/v0/pxyl2_m512v5j9nhv674pt400000gn/T/nano-file-public-865p91au/linked-file_public_vm.o', '/var/folders/v0/pxyl2_m512v5j9nhv674pt400000gn/T/nano-file-public-865p91au/linked-file_host_grant.o', '/var/folders/v0/pxyl2_m512v5j9nhv674pt400000gn/T/nano-file-public-865p91au/linked-qualified-reference.o', 'obj/nanoisa/service_file_nominal.o', 'obj/nanoisa/service_bindings.o', 'obj/nanoisa/mixed_float_proof.o', 'obj/nanoisa/managed_array_shapes.o', 'obj/nanoisa/local_bindings.o', 'obj/nanoisa/affine_bytecode.o', 'obj/nanoisa/affine_state.o', 'obj/nanoisa/reference_places.o', 'obj/nanoisa/passive.o', 'obj/nanoisa/isa.o', 'obj/nanoisa/verifier_types.o', 'obj/nanoisa/nvm_format_v2.o', 'obj/nanoisa/nvm_v2_cursor.o', 'obj/nanoisa/assembler.o', 'obj/nanoisa/disassembler.o', 'obj/nanoisa/verifier.o', 'obj/nanoisa/nvm2c.o', 'obj/nanoisa/nvm2c_shape.o', 'obj/nanoisa/frontend.o', 'obj/nanoisa/nanoisa_facade.o', 'obj/nanovm/vm_decode.o', 'obj/nanovm/vm_dispatch.o', 'obj/nsi_file_plan.o', 'obj/nanovm/value.o', 'obj/nanovm/heap.o', 'obj/nanovm/heap_cycles.o', 'obj/nanovm/vm.o', 'obj/nanovm/vm_callback.o', 'obj/nanovm/vm_builtins.o', 'obj/nanovm/cop_protocol.o', 'obj/nanovm/vm_ffi_arrays.o', 'obj/runtime/callback_runtime.o', 'obj/lexer.o', 'obj/parser.o', 'obj/typechecker.o', 'obj/transpiler.o', 'obj/stdlib_runtime.o', 'obj/env.o', 'obj/builtins_registry.o', 'obj/module.o', 'obj/module_metadata.o', 'obj/cJSON.o', 'obj/toon_output.o', 'obj/module_builder.o', 'obj/resource_tracking.o', 'obj/eval.o', 'obj/eval/eval_hashmap.o', 'obj/eval/eval_math.o', 'obj/eval/eval_string.o', 'obj/eval/eval_io.o', 'obj/interpreter_ffi.o', 'obj/json_diagnostics.o', 'obj/reflection.o', 'obj/nanocore_subset.o', 'obj/nanocore_export.o', 'obj/emit_typed_ast.o', 'obj/type_infer.o', 'obj/effects.o', 'obj/fold_constants.o', 'obj/dce_pass.o', 'obj/par_let_pass.o', 'obj/ptx_backend.o', 'obj/opencl_backend.o', 'obj/tco_pass.o', 'obj/cps_pass.o', 'obj/coroutine.o', 'obj/pgo_pass.o', 'obj/c_backend.o', 'obj/bench.o', 'obj/bench_native.o', 'obj/riscv_backend.o', 'obj/dwarf_info.o', 'obj/docgen_md.o', 'obj/docgen.o', 'obj/fmt.o', 'obj/channel.o', 'obj/bcp47.o', 'obj/locale.o', 'obj/utf8.o', 'obj/diag_id.o', 'obj/catalog.o', 'obj/resource_flow.o', 'obj/nominal_types.o', 'obj/runtime/list_int.o', 'obj/runtime/list_string.o', 'obj/runtime/list_LexerToken.o', 'obj/runtime/list_token.o', 'obj/runtime/list_CompilerDiagnostic.o', 'obj/runtime/list_CompilerSourceLocation.o', 'obj/runtime/list_ASTNumber.o', 'obj/runtime/list_ASTFloat.o', 'obj/runtime/list_ASTString.o', 'obj/runtime/list_ASTBool.o', 'obj/runtime/list_ASTIdentifier.o', 'obj/runtime/list_ASTBinaryOp.o', 'obj/runtime/list_ASTCall.o', 'obj/runtime/list_ASTModuleQualifiedCall.o', 'obj/runtime/list_ASTArrayLiteral.o', 'obj/runtime/list_ASTLet.o', 'obj/runtime/list_ASTSet.o', 'obj/runtime/list_ASTStmtRef.o', 'obj/runtime/list_ASTIf.o', 'obj/runtime/list_ASTWhile.o', 'obj/runtime/list_ASTFor.o', 'obj/runtime/list_ASTReturn.o', 'obj/runtime/list_ASTBlock.o', 'obj/runtime/list_ASTUnsafeBlock.o', 'obj/runtime/list_ASTPrint.o', 'obj/runtime/list_ASTAssert.o', 'obj/runtime/list_ASTFunction.o', 'obj/runtime/list_ASTShadow.o', 'obj/runtime/list_ASTStruct.o', 'obj/runtime/list_ASTStructLiteral.o', 'obj/runtime/list_ASTFieldAccess.o', 'obj/runtime/list_ASTEnum.o', 'obj/runtime/list_ASTUnion.o', 'obj/runtime/list_ASTUnionConstruct.o', 'obj/runtime/list_ASTMatch.o', 'obj/runtime/list_ASTImport.o', 'obj/runtime/list_ASTOpaqueType.o', 'obj/runtime/list_ASTTupleLiteral.o', 'obj/runtime/list_ASTTupleIndex.o', 'obj/runtime/token_helpers.o', 'obj/runtime/gc.o', 'obj/runtime/effect_runtime.o', 'obj/runtime/dyn_array.o', 'obj/runtime/gc_struct.o', 'obj/runtime/nl_string.o', 'obj/runtime/ffi_loader.o', 'obj/runtime/module_build_dir.o', 'obj/runtime/cli.o', 'obj/runtime/regex.o', 'obj/nsi.o', '-lm', '-lcrypto', '-lffi', '-L/opt/homebrew/opt/openssl@3/lib', '-o', '/var/folders/v0/pxyl2_m512v5j9nhv674pt400000gn/T/nano-file-public-865p91au/linked-capture'], '', "tests/nanoisa/test_file_public.c:20:17: error: variable 'public_reentries' set but not used [-Werror,-Wunused-but-set-global]\n   20 | static unsigned public_reentries;\n      |                 ^\n1 error generated.\n")

----------------------------------------------------------------------
Ran 3 tests in 25.411s

FAILED (failures=1)
