python3 scripts/embed_binary64_parser.py --check
cc -Wall -Wextra -Werror -std=c99 -g -O3 -ftree-vectorize -fPIC -Isrc -D_GNU_SOURCE -I'/Applications/Xcode.app/Contents/Developer/Platforms/MacOSX.platform/Developer/SDKs/MacOSX27.0.sdk/usr/include/ffi' -I/opt/homebrew/opt/openssl@3/include -MMD -MP -Isrc/nanoisa -c src/nanoisa/nvm2c.c -o obj/nanoisa/nvm2c.o
cc -Wall -Wextra -Werror -std=c99 -g -O3 -ftree-vectorize -fPIC -Isrc -D_GNU_SOURCE -I'/Applications/Xcode.app/Contents/Developer/Platforms/MacOSX.platform/Developer/SDKs/MacOSX27.0.sdk/usr/include/ffi' -I/opt/homebrew/opt/openssl@3/include -o bin/nvm2c obj/nanoisa/nvm2c_main.o obj/nanoisa/file_flow.o obj/nanoisa/service_file_nominal.o obj/nanoisa/service_file_nominal_plan.o obj/nanoisa/service_bindings.o obj/nanoisa/service_bindings_module.o obj/nanoisa/mixed_float_proof.o obj/nanoisa/managed_array_shapes.o obj/nanoisa/local_bindings.o obj/nanoisa/affine_bytecode.o obj/nanoisa/affine_state.o obj/nanoisa/ownership_contracts.o obj/nanoisa/retained_layouts.o obj/nanoisa/reference_places.o obj/nanoisa/passive.o obj/nanoisa/isa.o obj/nanoisa/verifier_types.o obj/nanoisa/nvm_format.o obj/nanoisa/nvm_format_v2.o obj/nanoisa/nvm_v2_cursor.o obj/nanoisa/nvm_v2_constants.o obj/nanoisa/nvm_v2_signatures.o obj/nanoisa/nvm_v2_layouts.o obj/nanoisa/nvm_v2_functions.o obj/nanoisa/nvm_v2_imports.o obj/nanoisa/nvm_v2_module.o obj/nanoisa/nvm_v2_convert.o obj/nanoisa/assembler.o obj/nanoisa/disassembler.o obj/nanoisa/verifier.o obj/nanoisa/nvm2c.o obj/nanoisa/nvm2c_shape.o obj/nanoisa/frontend.o obj/nanoisa/nanoisa_facade.o obj/nanovm/vm_decode.o obj/nanovm/vm_dispatch.o obj/nsi_file_plan.o obj/utf8.o obj/nanoisa/file_cli.o lib/libnano_file_runtime.a -lm -lcrypto -lffi -L/opt/homebrew/opt/openssl@3/lib
cc -Wall -Wextra -Werror -std=c99 -g -O3 -ftree-vectorize -fPIC -Isrc -D_GNU_SOURCE -I'/Applications/Xcode.app/Contents/Developer/Platforms/MacOSX.platform/Developer/SDKs/MacOSX27.0.sdk/usr/include/ffi' -I/opt/homebrew/opt/openssl@3/include -Isrc/nanoisa -o obj/test_nvm_pool_alloc tests/nanoisa/test_nvm_pool_alloc.c src/nanoisa/isa.c -lm -lcrypto -lffi -L/opt/homebrew/opt/openssl@3/lib
I passed pool, signature, callback and metadata allocation failure/recovery scenarios.
cc -Wall -Wextra -Werror -std=c99 -g -O3 -ftree-vectorize -fPIC -Isrc -D_GNU_SOURCE -I'/Applications/Xcode.app/Contents/Developer/Platforms/MacOSX.platform/Developer/SDKs/MacOSX27.0.sdk/usr/include/ffi' -I/opt/homebrew/opt/openssl@3/include -Isrc/nanoisa -o obj/test_nvm_callbacks \
		tests/nanoisa/test_nvm_callbacks.c obj/nanoisa/file_flow.o obj/nanoisa/service_file_nominal.o obj/nanoisa/service_file_nominal_plan.o obj/nanoisa/service_bindings.o obj/nanoisa/service_bindings_module.o obj/nanoisa/mixed_float_proof.o obj/nanoisa/managed_array_shapes.o obj/nanoisa/local_bindings.o obj/nanoisa/affine_bytecode.o obj/nanoisa/affine_state.o obj/nanoisa/ownership_contracts.o obj/nanoisa/retained_layouts.o obj/nanoisa/reference_places.o obj/nanoisa/passive.o obj/nanoisa/isa.o obj/nanoisa/verifier_types.o obj/nanoisa/nvm_format.o obj/nanoisa/nvm_format_v2.o obj/nanoisa/nvm_v2_cursor.o obj/nanoisa/nvm_v2_constants.o obj/nanoisa/nvm_v2_signatures.o obj/nanoisa/nvm_v2_layouts.o obj/nanoisa/nvm_v2_functions.o obj/nanoisa/nvm_v2_imports.o obj/nanoisa/nvm_v2_module.o obj/nanoisa/nvm_v2_convert.o obj/nanoisa/assembler.o obj/nanoisa/disassembler.o obj/nanoisa/verifier.o obj/nanoisa/nvm2c.o obj/nanoisa/nvm2c_shape.o obj/nanoisa/frontend.o obj/nanoisa/nanoisa_facade.o obj/nanovm/vm_decode.o obj/nanovm/vm_dispatch.o obj/nsi_file_plan.o obj/utf8.o -lm -lcrypto -lffi -L/opt/homebrew/opt/openssl@3/lib
I passed callback contract round-trip and malformed-input checks.
Running NanoISA v1<->v2 bridge tests...
cc -Wall -Wextra -Werror -std=c99 -g -O3 -ftree-vectorize -fPIC -Isrc -D_GNU_SOURCE -I'/Applications/Xcode.app/Contents/Developer/Platforms/MacOSX.platform/Developer/SDKs/MacOSX27.0.sdk/usr/include/ffi' -I/opt/homebrew/opt/openssl@3/include -Isrc/nanoisa -o tests/nanoisa/test_nvm_v2_convert \
		tests/nanoisa/test_nvm_v2_convert.c obj/nanoisa/file_flow.o obj/nanoisa/service_file_nominal.o obj/nanoisa/service_file_nominal_plan.o obj/nanoisa/service_bindings.o obj/nanoisa/service_bindings_module.o obj/nanoisa/mixed_float_proof.o obj/nanoisa/managed_array_shapes.o obj/nanoisa/local_bindings.o obj/nanoisa/affine_bytecode.o obj/nanoisa/affine_state.o obj/nanoisa/ownership_contracts.o obj/nanoisa/retained_layouts.o obj/nanoisa/reference_places.o obj/nanoisa/passive.o obj/nanoisa/isa.o obj/nanoisa/verifier_types.o obj/nanoisa/nvm_format.o obj/nanoisa/nvm_format_v2.o obj/nanoisa/nvm_v2_cursor.o obj/nanoisa/nvm_v2_constants.o obj/nanoisa/nvm_v2_signatures.o obj/nanoisa/nvm_v2_layouts.o obj/nanoisa/nvm_v2_functions.o obj/nanoisa/nvm_v2_imports.o obj/nanoisa/nvm_v2_module.o obj/nanoisa/nvm_v2_convert.o obj/nanoisa/assembler.o obj/nanoisa/disassembler.o obj/nanoisa/verifier.o obj/nanoisa/nvm2c.o obj/nanoisa/nvm2c_shape.o obj/nanoisa/frontend.o obj/nanoisa/nanoisa_facade.o obj/nanovm/vm_decode.o obj/nanovm/vm_dispatch.o obj/nsi_file_plan.o obj/utf8.o -lm -lcrypto -lffi -L/opt/homebrew/opt/openssl@3/lib

[nvm_v2_convert] NvmModule <-> v2 bridge tests...


=== 913 passed, 0 failed ===
cc -Wall -Wextra -Werror -std=c99 -g -O3 -ftree-vectorize -fPIC -Isrc -D_GNU_SOURCE -I'/Applications/Xcode.app/Contents/Developer/Platforms/MacOSX.platform/Developer/SDKs/MacOSX27.0.sdk/usr/include/ffi' -I/opt/homebrew/opt/openssl@3/include -Isrc/nanoisa -o obj/test_verifier_cleanup tests/nanoisa/test_verifier_cleanup.c obj/nanoisa/file_flow.o obj/nanoisa/service_file_nominal.o obj/nanoisa/service_file_nominal_plan.o obj/nanoisa/service_bindings.o obj/nanoisa/service_bindings_module.o obj/nanoisa/mixed_float_proof.o obj/nanoisa/managed_array_shapes.o obj/nanoisa/local_bindings.o obj/nanoisa/affine_bytecode.o obj/nanoisa/affine_state.o obj/nanoisa/ownership_contracts.o obj/nanoisa/retained_layouts.o obj/nanoisa/reference_places.o obj/nanoisa/passive.o obj/nanoisa/isa.o obj/nanoisa/verifier_types.o obj/nanoisa/nvm_format.o obj/nanoisa/nvm_format_v2.o obj/nanoisa/nvm_v2_cursor.o obj/nanoisa/nvm_v2_constants.o obj/nanoisa/nvm_v2_signatures.o obj/nanoisa/nvm_v2_layouts.o obj/nanoisa/nvm_v2_functions.o obj/nanoisa/nvm_v2_imports.o obj/nanoisa/nvm_v2_module.o obj/nanoisa/nvm_v2_convert.o obj/nanoisa/assembler.o obj/nanoisa/disassembler.o obj/nanoisa/nvm2c.o obj/nanoisa/nvm2c_shape.o obj/nanoisa/frontend.o obj/nanoisa/nanoisa_facade.o obj/nanovm/vm_decode.o obj/nanovm/vm_dispatch.o obj/nsi_file_plan.o obj/utf8.o -lm -lcrypto -lffi -L/opt/homebrew/opt/openssl@3/lib
I released verifier allocations across rejection, allocation failure and success.
Running NVM verifier tests...
cc -Wall -Wextra -Werror -std=c99 -g -O3 -ftree-vectorize -fPIC -Isrc -D_GNU_SOURCE -I'/Applications/Xcode.app/Contents/Developer/Platforms/MacOSX.platform/Developer/SDKs/MacOSX27.0.sdk/usr/include/ffi' -I/opt/homebrew/opt/openssl@3/include -o tests/nanoisa/test_verifier \
		tests/nanoisa/test_verifier.c obj/nanoisa/file_flow.o obj/nanoisa/service_file_nominal.o obj/nanoisa/service_file_nominal_plan.o obj/nanoisa/service_bindings.o obj/nanoisa/service_bindings_module.o obj/nanoisa/mixed_float_proof.o obj/nanoisa/managed_array_shapes.o obj/nanoisa/local_bindings.o obj/nanoisa/affine_bytecode.o obj/nanoisa/affine_state.o obj/nanoisa/ownership_contracts.o obj/nanoisa/retained_layouts.o obj/nanoisa/reference_places.o obj/nanoisa/passive.o obj/nanoisa/isa.o obj/nanoisa/verifier_types.o obj/nanoisa/nvm_format.o obj/nanoisa/nvm_format_v2.o obj/nanoisa/nvm_v2_cursor.o obj/nanoisa/nvm_v2_constants.o obj/nanoisa/nvm_v2_signatures.o obj/nanoisa/nvm_v2_layouts.o obj/nanoisa/nvm_v2_functions.o obj/nanoisa/nvm_v2_imports.o obj/nanoisa/nvm_v2_module.o obj/nanoisa/nvm_v2_convert.o obj/nanoisa/assembler.o obj/nanoisa/disassembler.o obj/nanoisa/verifier.o obj/nanoisa/nvm2c.o obj/nanoisa/nvm2c_shape.o obj/nanoisa/frontend.o obj/nanoisa/nanoisa_facade.o obj/nanovm/vm_decode.o obj/nanovm/vm_dispatch.o obj/nsi_file_plan.o obj/utf8.o -lm -lcrypto -lffi -L/opt/homebrew/opt/openssl@3/lib
  effect handler operands and separately rooted arm stacks     PASS

[verifier] NanoVM bytecode verifier tests...

  nvm_verify: NULL module returns error                        PASS
  nvm_verify: empty module (no functions) ok                   PASS
  nvm_verify: valid function with NOP+RET                      PASS
  nvm_verify: entry_point >= function_count fails              PASS
  nvm_verify: function code_offset > code_size fails           PASS
  nvm_verify: wrapped function code range fails                PASS
  nvm_verify: adjacent function code ranges pass               PASS
  nvm_verify: overlapping function code ranges fail            PASS
  nvm_verify: contained function code range fails              PASS
  nvm_verify: empty function ranges own no bytes               PASS
  ranges: unordered maxima and original error precedence       PASS
  nvm_verify: code_length beyond code_size fails               PASS
  nvm_verify: function name_idx >= string_count fails          PASS
  nvm_verify: invalid function result signature fails          PASS
  nvm_verify: multiple homogeneous results pass                PASS
  nvm_verify: invalid function result tag fails                PASS
  nvm_verify: unknown opcode byte fails                        PASS
  nvm_verify: valid forward JMP passes                         PASS
  nvm_verify: JMP target outside function fails                PASS
  nvm_verify: JMP target negative offset fails                 PASS
  nvm_verify: valid JMP_TRUE passes                            PASS
  nvm_verify: JMP_FALSE target out of bounds fails             PASS
  nvm_verify: JMP target inside operand fails                  PASS
  nvm_verify: MATCH_TAG target inside operand fails            PASS
  nvm_verify: branch past function end fails                   PASS
  nvm_verify: JMP target at function end passes                PASS
  vm_decode: module records instructions and boundaries        PASS
  nvm_verify: OP_CALL to valid function index passes           PASS
  nvm_verify: OP_CALL to invalid function index fails          PASS
  nvm_verify: OP_TAIL_CALL validates target and result signature PASS
  nvm_verify: OP_CALL requires callee arity                    PASS
  nvm_verify: OP_CALL contributes declared result count        PASS
  nvm_verify: OP_PUSH_STR to valid string index passes         PASS
  nvm_verify: OP_PUSH_STR with invalid string index fails      PASS
  nvm_verify: OP_LOAD_LOCAL valid slot passes                  PASS
  nvm_verify: OP_LOAD_LOCAL slot >= local_count fails          PASS
  nvm_verify: OP_STORE_LOCAL slot >= local_count fails         PASS
  nvm_verify: OP_LOAD_UPVALUE valid slot passes                PASS
  nvm_verify: OP_LOAD_UPVALUE index >= upvalue_count fails     PASS
  nvm_verify: flattened upvalue depth must be zero             PASS
  nvm_verify: global index beyond VM table fails               PASS
  nvm_verify: OP_STRUCT_NEW with valid def_idx passes          PASS
  nvm_verify: OP_STRUCT_NEW with def_idx >= struct_count fails PASS
  nvm_verify: OP_STRUCT_NEW with struct_count=0 skips validation PASS
  nvm_verify: OP_ENUM_VAL with def_idx >= enum_count fails     PASS
  nvm_verify: OP_UNION_CONSTRUCT with def_idx >= union_count fails PASS
  nvm_verify: OP_CLOSURE_NEW with invalid fn_idx fails         PASS
  nvm_verify: OP_CLOSURE_NEW with valid fn_idx passes          PASS
  nvm_verify: closure capture count matches callee upvalues    PASS
  nvm_verify: aggregate count requires enough fields           PASS
  nvm_verify: OP_TYPE_CHECK rejects invalid tag                PASS
  nvm_verify: OP_MATCH_TAG target out of bounds fails          PASS
  nvm_verify: null code pointer with code_size > 0 fails       PASS
  nvm_verify: OP_CALL_EXTERN with invalid import index fails   PASS
  nvm_verify: OP_CALL_EXTERN with valid import signature passes PASS
  nvm_verify: import with valid signature tags passes          PASS
  nvm_verify: import with invalid return type tag fails        PASS
  nvm_verify: import with invalid param type tag fails         PASS
  nvm_verify: import with NANO_MAX_FFI_ARGS params verifies    PASS
  nvm_verify: import exceeding NANO_MAX_FFI_ARGS fails         PASS
  nvm_verify: OP_CALL_MODULE is a recognized linked call       PASS
  nvm_verify: arithmetic opcodes pass verification             PASS
  nvm_verify: fixed stack effect detects underflow             PASS
  nvm_verify: incompatible branch stack heights fail           PASS
  nvm_verify: compatible branch stack heights pass             PASS
  nvm_verify: a branch may target code after another return    PASS
  nvm_verify_function: validates incremental function          PASS
  nvm_verify_linked: OP_CALL_MODULE resolves against linked table PASS
  nvm_verify_linked: declared call shape must match the callee PASS
  nvm_verify: the walk does not stop at a portable-ISA opcode  PASS
  nvm_verify_linked: OP_CALL_MODULE module index out of range fails PASS
  nvm_verify_linked: OP_CALL_MODULE NULL linked module fails   PASS
  nvm_verify_linked: OP_CALL_MODULE callee fn index out of range fails PASS
  nvm_verify_linked: OP_CALL_MODULE with empty table verifies structurally PASS
  nvm_verify: OP_ARR_NEW with invalid element type tag fails   PASS
  nvm_verify: OP_HM_NEW with invalid value type tag fails      PASS
  nvm_verify: OP_TYPE_CHECK with invalid expected tag fails    PASS
  nvm_verify: valid type tags on ARR_NEW/HM_NEW/TYPE_CHECK pass PASS
  types: an integer op on a string operand fails               PASS
  types: an integer op on float operands fails                 PASS
  types: the matching float op verifies                        PASS
  types: an unknown operand type is not an error               PASS
  types: a merge of different types widens to unknown          PASS
  ownership: returning while still holding a retain fails      PASS
  ownership: releasing a reference never retained fails        PASS
  ownership: a matched retain/release pair verifies            PASS
  ownership: a balance that depends on the branch taken fails  PASS
  return shape: returning more values than declared fails      PASS
  return shape: returning nothing when a result is declared fails PASS
  return shape: the implicit return at end of code is checked too PASS
  return shape: implicit rejection releases ownership state    PASS
  return shape: a clean implicit return is still legal         PASS
  service classification: mutation, metadata and linked boundaries PASS
  max_stack: a function with no instructions is 0              PASS
  max_stack: reports the deepest reachable height              PASS
  max_stack: an underflowing function reports no depth         PASS
  max_stack: a function index past the table fails             PASS

All 98 tests passed.
