checking build system type... aarch64-unknown-linux-gnu
checking host system type... aarch64-unknown-linux-gnu
checking for a BSD-compatible install... /usr/bin/install -c
checking whether build environment is sane... yes
checking for a race-free mkdir -p... /usr/bin/mkdir -p
checking for gawk... gawk
checking whether make sets $(MAKE)... yes
checking whether make supports nested variables... yes
checking how to create a pax tar archive... gnutar
checking whether make supports nested variables... (cached) yes
checking whether make supports the include directive... yes (GNU style)
checking for gcc... /usr/bin/aarch64-linux-gnu-gcc-13
checking whether the C compiler works... yes
checking for C compiler default output file name... a.out
checking for suffix of executables... 
checking whether we are cross compiling... no
checking for suffix of object files... o
checking whether the compiler supports GNU C... yes
checking whether /usr/bin/aarch64-linux-gnu-gcc-13 accepts -g... yes
checking for /usr/bin/aarch64-linux-gnu-gcc-13 option to enable C11 features... none needed
checking whether /usr/bin/aarch64-linux-gnu-gcc-13 understands -c and -o together... yes
checking dependency style of /usr/bin/aarch64-linux-gnu-gcc-13... gcc3
checking for ar... ar
checking the archiver (ar) interface... ar
checking how to print strings... printf
checking for a sed that does not truncate output... /usr/bin/sed
checking for grep that handles long lines and -e... /usr/bin/grep
checking for egrep... /usr/bin/grep -E
checking for fgrep... /usr/bin/grep -F
checking for ld used by /usr/bin/aarch64-linux-gnu-gcc-13... /usr/bin/ld
checking if the linker (/usr/bin/ld) is GNU ld... yes
checking for BSD- or MS-compatible name lister (nm)... /usr/bin/nm -B
checking the name lister (/usr/bin/nm -B) interface... BSD nm
checking whether ln -s works... yes
checking the maximum length of command line arguments... 1572864
checking how to convert aarch64-unknown-linux-gnu file names to aarch64-unknown-linux-gnu format... func_convert_file_noop
checking how to convert aarch64-unknown-linux-gnu file names to toolchain format... func_convert_file_noop
checking for /usr/bin/ld option to reload object files... -r
checking for file... file
checking for objdump... objdump
checking how to recognize dependent libraries... pass_all
checking for dlltool... no
checking how to associate runtime and link libraries... printf %s\n
checking for archiver @FILE support... @
checking for strip... strip
checking for ranlib... ranlib
checking command to parse /usr/bin/nm -B output from /usr/bin/aarch64-linux-gnu-gcc-13 object... ok
checking for sysroot... no
checking for a working dd... /usr/bin/dd
checking how to truncate binary pipes... /usr/bin/dd bs=4096 count=1
checking for mt... mt
checking if mt is a manifest tool... no
checking for stdio.h... yes
checking for stdlib.h... yes
checking for string.h... yes
checking for inttypes.h... yes
checking for stdint.h... yes
checking for strings.h... yes
checking for sys/stat.h... yes
checking for sys/types.h... yes
checking for unistd.h... yes
checking for dlfcn.h... yes
checking for objdir... .libs
checking if /usr/bin/aarch64-linux-gnu-gcc-13 supports -fno-rtti -fno-exceptions... no
checking for /usr/bin/aarch64-linux-gnu-gcc-13 option to produce PIC... -fPIC -DPIC
checking if /usr/bin/aarch64-linux-gnu-gcc-13 PIC flag -fPIC -DPIC works... yes
checking if /usr/bin/aarch64-linux-gnu-gcc-13 static flag -static works... yes
checking if /usr/bin/aarch64-linux-gnu-gcc-13 supports -c -o file.o... yes
checking if /usr/bin/aarch64-linux-gnu-gcc-13 supports -c -o file.o... (cached) yes
checking whether the /usr/bin/aarch64-linux-gnu-gcc-13 linker (/usr/bin/ld) supports shared libraries... yes
checking whether -lc should be explicitly linked in... no
checking dynamic linker characteristics... GNU/Linux ld.so
checking how to hardcode library paths into programs... immediate
checking whether stripping libraries is possible... yes
checking if libtool supports shared libraries... yes
checking whether to build shared libraries... yes
checking whether to build static libraries... no
checking whether ln -s works... yes
checking for asciidoc... no
checking for a2x... no
checking for xmlto... no
configure: documentation generation disabled
checking for dlopen in -ldl... yes
checking for stdlib.h... (cached) yes
checking for string.h... (cached) yes
checking for CL/opencl.h... no
checking for CL/cl_layer.h... no
checking for inline... inline
checking for size_t... yes
checking for an ANSI C-conforming const... yes
checking whether C compiler accepts -Wno-deprecated-declarations... yes
checking for GNU libc compatible malloc... yes
checking for GNU libc compatible realloc... yes
checking for strstr... yes
configure: using internal copy of OpenCL headers
configure: using the official default vendors directory (/etc/OpenCL/vendors)
configure: using the official default layers directory (/etc/OpenCL/layers)
checking that generated files are newer than configure... done
configure: creating ./config.status
config.status: creating Makefile
config.status: creating doc/Makefile
config.status: creating tests/Makefile
config.status: creating OpenCL.pc
config.status: creating ocl-icd.pc
config.status: creating tests/atlocal
config.status: creating config.h
config.status: executing depfiles commands
config.status: executing libtool commands
config.status: executing tests/atconfig commands
