✓ Bootstrap Stage 0: C reference compiler ready
python3 scripts/embed_binary64_parser.py --check
I run seed; I retain its log at /private/tmp/nanolang-array-types-20261008/obj/bootstrap-nanoisa/run-h0zm4w_u/00-seed.log.
I run seed-verify; I retain its log at /private/tmp/nanolang-array-types-20261008/obj/bootstrap-nanoisa/run-h0zm4w_u/01-seed-verify.log.
I run stage1; I retain its log at /private/tmp/nanolang-array-types-20261008/obj/bootstrap-nanoisa/run-h0zm4w_u/02-stage1.log.
I run stage1-verify; I retain its log at /private/tmp/nanolang-array-types-20261008/obj/bootstrap-nanoisa/run-h0zm4w_u/03-stage1-verify.log.
I run stage1-translate; I retain its log at /private/tmp/nanolang-array-types-20261008/obj/bootstrap-nanoisa/run-h0zm4w_u/04-stage1-translate.log.
I run stage1-native; I retain its log at /private/tmp/nanolang-array-types-20261008/obj/bootstrap-nanoisa/run-h0zm4w_u/05-stage1-native.log.
I run stage1-hello-compile; I retain its log at /private/tmp/nanolang-array-types-20261008/obj/bootstrap-nanoisa/run-h0zm4w_u/06-stage1-hello-compile.log.
I run stage1-hello-execute; I retain its log at /private/tmp/nanolang-array-types-20261008/obj/bootstrap-nanoisa/run-h0zm4w_u/07-stage1-hello-execute.log.
I run stage2; I retain its log at /private/tmp/nanolang-array-types-20261008/obj/bootstrap-nanoisa/run-h0zm4w_u/08-stage2.log.
I run stage2-verify; I retain its log at /private/tmp/nanolang-array-types-20261008/obj/bootstrap-nanoisa/run-h0zm4w_u/09-stage2-verify.log.
I run stage2-translate; I retain its log at /private/tmp/nanolang-array-types-20261008/obj/bootstrap-nanoisa/run-h0zm4w_u/10-stage2-translate.log.
I run stage2-native; I retain its log at /private/tmp/nanolang-array-types-20261008/obj/bootstrap-nanoisa/run-h0zm4w_u/11-stage2-native.log.
I run stage2-hello-compile; I retain its log at /private/tmp/nanolang-array-types-20261008/obj/bootstrap-nanoisa/run-h0zm4w_u/12-stage2-hello-compile.log.
I run stage2-hello-execute; I retain its log at /private/tmp/nanolang-array-types-20261008/obj/bootstrap-nanoisa/run-h0zm4w_u/13-stage2-hello-execute.log.
I run seed-final-verify; I retain its log at /private/tmp/nanolang-array-types-20261008/obj/bootstrap-nanoisa/run-h0zm4w_u/14-seed-final-verify.log.
I run stage1-final-verify; I retain its log at /private/tmp/nanolang-array-types-20261008/obj/bootstrap-nanoisa/run-h0zm4w_u/15-stage1-final-verify.log.
I run stage2-final-verify; I retain its log at /private/tmp/nanolang-array-types-20261008/obj/bootstrap-nanoisa/run-h0zm4w_u/16-stage2-final-verify.log.
I compared raw Stage 1 and Stage 2 modules: they are byte-identical in this build.
I have not established reproducibility across clean environments or proved compiler semantic correctness.
I installed bin/nanoc from the verified Stage 2 module.
Hello from NanoLang!
🔍 Verifying self-hosted compiler works without bin/nanoc_c...
Hello from NanoLang!
✅ bin/nanoc succeeded with bin/nanoc_c removed
ASAN_OPTIONS=detect_leaks=1:halt_on_error=1 python3 -m unittest -v tests.test_selfhost_json_artifacts
I retain Json artifact evidence at /var/folders/9z/xpmfgw8j09l4g6wwxrxtt97w0000gn/T/nano-json-artifacts-gs7h9_12
test_actual_schema_generator_outputs (tests.test_selfhost_json_artifacts.JsonArtifacts.test_actual_schema_generator_outputs) ... ok
test_native_wrong_import_signatures_preserve_output (tests.test_selfhost_json_artifacts.JsonArtifacts.test_native_wrong_import_signatures_preserve_output) ... ok
test_nonzero_integer_cannot_reach_opaque_string_provider (tests.test_selfhost_json_artifacts.JsonArtifacts.test_nonzero_integer_cannot_reach_opaque_string_provider) ... ok
test_nonzero_opaque_returns_are_rejected (tests.test_selfhost_json_artifacts.JsonArtifacts.test_nonzero_opaque_returns_are_rejected) ... ok
test_real_artifact_ownership_vm_and_native (tests.test_selfhost_json_artifacts.JsonArtifacts.test_real_artifact_ownership_vm_and_native) ... ok
test_wrong_artifact_abi_preserves_output (tests.test_selfhost_json_artifacts.JsonArtifacts.test_wrong_artifact_abi_preserves_output) ... ok

----------------------------------------------------------------------
Ran 6 tests in 12.721s

OK
NANO_SERVICE_PARSER_CC="/opt/homebrew/opt/llvm/bin/clang" NANO_SERVICE_PARSER_CFLAGS="-Wall -Wextra -Werror -std=c99 -g -O3 -ftree-vectorize -fPIC -Isrc -D_GNU_SOURCE -I'/Applications/Xcode.app/Contents/Developer/Platforms/MacOSX.platform/Developer/SDKs/MacOSX27.0.sdk/usr/include/ffi' -I/opt/homebrew/Cellar/openssl@3/3.6.4/include" NANO_SERVICE_PARSER_LDFLAGS="-lm -lcrypto -lffi -L/opt/homebrew/Cellar/openssl@3/3.6.4/lib" NANO_SERVICE_PARSER_OBJECTS="obj/bcp47.o obj/bench.o obj/bench_native.o obj/builtins_registry.o obj/cJSON.o obj/c_backend.o obj/catalog.o obj/channel.o obj/coroutine.o obj/cps_pass.o obj/dce_pass.o obj/diag_id.o obj/docgen.o obj/docgen_md.o obj/dwarf_info.o obj/effects.o obj/emit_typed_ast.o obj/eval/eval_hashmap.o obj/eval/eval_io.o obj/eval/eval_math.o obj/eval/eval_string.o obj/fmt.o obj/fold_constants.o obj/interpreter_ffi.o obj/json_diagnostics.o obj/locale.o obj/module.o obj/module_builder.o obj/module_metadata.o obj/nanocore_export.o obj/nanocore_subset.o obj/nanoisa/affine_bytecode.o obj/nanoisa/affine_state.o obj/nanoisa/assembler.o obj/nanoisa/disassembler.o obj/nanoisa/file_flow.o obj/nanoisa/frontend.o obj/nanoisa/isa.o obj/nanoisa/local_bindings.o obj/nanoisa/managed_array_shapes.o obj/nanoisa/mixed_float_proof.o obj/nanoisa/nanoisa_facade.o obj/nanoisa/nvm2c.o obj/nanoisa/nvm2c_callables.o obj/nanoisa/nvm2c_shape.o obj/nanoisa/nvm_format.o obj/nanoisa/nvm_format_v2.o obj/nanoisa/nvm_v2_constants.o obj/nanoisa/nvm_v2_convert.o obj/nanoisa/nvm_v2_cursor.o obj/nanoisa/nvm_v2_functions.o obj/nanoisa/nvm_v2_imports.o obj/nanoisa/nvm_v2_layouts.o obj/nanoisa/nvm_v2_module.o obj/nanoisa/nvm_v2_signatures.o obj/nanoisa/ownership_contracts.o obj/nanoisa/passive.o obj/nanoisa/reference_places.o obj/nanoisa/retained_layouts.o obj/nanoisa/service_bindings.o obj/nanoisa/service_bindings_module.o obj/nanoisa/service_file_nominal.o obj/nanoisa/service_file_nominal_plan.o obj/nanoisa/verifier.o obj/nanoisa/verifier_types.o obj/nanovirt/codegen.o obj/nanovirt/shadow_runner.o obj/nanovirt/wrapper_gen.o obj/nanovm/cop_protocol.o obj/nanovm/heap.o obj/nanovm/heap_cycles.o obj/nanovm/value.o obj/nanovm/vm.o obj/nanovm/vm_builtins.o obj/nanovm/vm_callback.o obj/nanovm/vm_decode.o obj/nanovm/vm_dispatch.o obj/nanovm/vm_ffi.o obj/nanovm/vm_ffi_arrays.o obj/nominal_types.o obj/nsi_file_plan.o obj/opencl_backend.o obj/par_let_pass.o obj/pgo_pass.o obj/ptx_backend.o obj/reflection.o obj/resource_flow.o obj/resource_tracking.o obj/riscv_backend.o obj/runtime/callback_runtime.o obj/runtime/cli.o obj/runtime/dyn_array.o obj/runtime/effect_runtime.o obj/runtime/ffi_loader.o obj/runtime/gc.o obj/runtime/gc_struct.o obj/runtime/list_ASTArrayLiteral.o obj/runtime/list_ASTAssert.o obj/runtime/list_ASTBinaryOp.o obj/runtime/list_ASTBlock.o obj/runtime/list_ASTBool.o obj/runtime/list_ASTCall.o obj/runtime/list_ASTEnum.o obj/runtime/list_ASTFieldAccess.o obj/runtime/list_ASTFloat.o obj/runtime/list_ASTFor.o obj/runtime/list_ASTFunction.o obj/runtime/list_ASTIdentifier.o obj/runtime/list_ASTIf.o obj/runtime/list_ASTImport.o obj/runtime/list_ASTLet.o obj/runtime/list_ASTMatch.o obj/runtime/list_ASTModuleQualifiedCall.o obj/runtime/list_ASTNumber.o obj/runtime/list_ASTOpaqueType.o obj/runtime/list_ASTPrint.o obj/runtime/list_ASTReturn.o obj/runtime/list_ASTServiceDecl.o obj/runtime/list_ASTSet.o obj/runtime/list_ASTShadow.o obj/runtime/list_ASTStmtRef.o obj/runtime/list_ASTString.o obj/runtime/list_ASTStruct.o obj/runtime/list_ASTStructLiteral.o obj/runtime/list_ASTTupleIndex.o obj/runtime/list_ASTTupleLiteral.o obj/runtime/list_ASTUnion.o obj/runtime/list_ASTUnionConstruct.o obj/runtime/list_ASTUnsafeBlock.o obj/runtime/list_ASTWhile.o obj/runtime/list_CompilerDiagnostic.o obj/runtime/list_CompilerSourceLocation.o obj/runtime/list_LexerToken.o obj/runtime/list_bool.o obj/runtime/list_int.o obj/runtime/list_string.o obj/runtime/list_token.o obj/runtime/module_build_dir.o obj/runtime/nl_string.o obj/runtime/regex.o obj/runtime/token_helpers.o obj/stdlib_runtime.o obj/tco_pass.o obj/toon_output.o obj/type_infer.o obj/typechecker.o" python3 -m unittest -f -v tests.test_file_service_parser
I retain parser artifacts at /var/folders/9z/xpmfgw8j09l4g6wwxrxtt97w0000gn/T/nano-file-service-parser-ifh8prbq
test_c_ownership_and_refusal (tests.test_file_service_parser.FileServiceParser.test_c_ownership_and_refusal) ... ok
test_paired_compilers_schema_and_consumers (tests.test_file_service_parser.FileServiceParser.test_paired_compilers_schema_and_consumers) ... ok

----------------------------------------------------------------------
Ran 2 tests in 716.622s

OK
