test_compiler_drivers_isolate_shadow_output (tests.test_native_shadow_emitter.NativeShadowEmitter.test_compiler_drivers_isolate_shadow_output) ... 
  test_compiler_drivers_isolate_shadow_output (tests.test_native_shadow_emitter.NativeShadowEmitter.test_compiler_drivers_isolate_shadow_output) (compiler='nanoc_c') ... FAIL
test_explicit_selection (tests.test_native_shadow_emitter.NativeShadowEmitter.test_explicit_selection) ... ok
test_failing_assertion_with_ndebug (tests.test_native_shadow_emitter.NativeShadowEmitter.test_failing_assertion_with_ndebug) ... ok
test_helper_assertions_are_enabled (tests.test_native_shadow_emitter.NativeShadowEmitter.test_helper_assertions_are_enabled) ... ok
test_invalid_selection_does_not_emit (tests.test_native_shadow_emitter.NativeShadowEmitter.test_invalid_selection_does_not_emit) ... ok
test_local_scopes_and_order (tests.test_native_shadow_emitter.NativeShadowEmitter.test_local_scopes_and_order) ... ok
test_main_is_not_implicitly_a_test (tests.test_native_shadow_emitter.NativeShadowEmitter.test_main_is_not_implicitly_a_test) ... ok
test_main_remains_callable (tests.test_native_shadow_emitter.NativeShadowEmitter.test_main_remains_callable) ... ok
test_opaque_null_arguments_compile (tests.test_native_shadow_emitter.NativeShadowEmitter.test_opaque_null_arguments_compile) ... 
  test_opaque_null_arguments_compile (tests.test_native_shadow_emitter.NativeShadowEmitter.test_opaque_null_arguments_compile) (compiler='nanoc_c') ... FAIL
  test_opaque_null_arguments_compile (tests.test_native_shadow_emitter.NativeShadowEmitter.test_opaque_null_arguments_compile) (compiler='nanoc_stage2') ... FAIL
test_product_does_not_run_shadows (tests.test_native_shadow_emitter.NativeShadowEmitter.test_product_does_not_run_shadows) ... ok
test_record_string_survives_callee_locals (tests.test_native_shadow_emitter.NativeShadowEmitter.test_record_string_survives_callee_locals) ... ok

======================================================================
FAIL: test_compiler_drivers_isolate_shadow_output (tests.test_native_shadow_emitter.NativeShadowEmitter.test_compiler_drivers_isolate_shadow_output) (compiler='nanoc_c')
----------------------------------------------------------------------
Traceback (most recent call last):
  File "/Users/jordanh/Src/nanolang/tests/test_native_shadow_emitter.py", line 88, in test_compiler_drivers_isolate_shadow_output
    self.assertIn("product\n", compiled.stderr)
    ~~~~~~~~~~~~~^^^^^^^^^^^^^^^^^^^^^^^^^^^^^^
AssertionError: 'product\n' not found in ''

======================================================================
FAIL: test_opaque_null_arguments_compile (tests.test_native_shadow_emitter.NativeShadowEmitter.test_opaque_null_arguments_compile) (compiler='nanoc_c')
----------------------------------------------------------------------
Traceback (most recent call last):
  File "/Users/jordanh/Src/nanolang/tests/test_native_shadow_emitter.py", line 53, in check
    self.assertEqual(result.returncode, 0, result.stdout + result.stderr)
    ~~~~~~~~~~~~~~~~^^^^^^^^^^^^^^^^^^^^^^^^^^^^^^^^^^^^^^^^^^^^^^^^^^^^^
AssertionError: 1 != 0 : 

======================================================================
FAIL: test_opaque_null_arguments_compile (tests.test_native_shadow_emitter.NativeShadowEmitter.test_opaque_null_arguments_compile) (compiler='nanoc_stage2')
----------------------------------------------------------------------
Traceback (most recent call last):
  File "/Users/jordanh/Src/nanolang/tests/test_native_shadow_emitter.py", line 53, in check
    self.assertEqual(result.returncode, 0, result.stdout + result.stderr)
    ~~~~~~~~~~~~~~~~^^^^^^^^^^^^^^^^^^^^^^^^^^^^^^^^^^^^^^^^^^^^^^^^^^^^^
AssertionError: 1 != 0 : 

----------------------------------------------------------------------
Ran 11 tests in 109.150s

FAILED (failures=3)
