[ffi_loader] Initialized
[ffi_loader] Loaded 'std' from /private/tmp/nanolang-array-types-20261008/obj/module_cache/v2-a0a36a752f0c4b3ef2175712eeccc0e5684693574b8631147d2b68235a61dd39/.nano-gen-6gC81S/libstd.dylib
[ffi_loader] Loaded 'std_json' from /private/tmp/nanolang-array-types-20261008/obj/module_cache/v2-ce72631ca6dbd308b06be1e124b179847dd6e1a0a8d065b9878e9ffeb9b8adc1/.nano-gen-w1RC2m/libstd_json.dylib
Running shadow tests...
Testing walkdir... PASSED
Testing canonical... PASSED
Testing normalize... PASSED
Testing join... PASSED
Testing basename... PASSED
Testing dirname... PASSED
Testing relpath... PASSED
Testing cwd... PASSED
Testing glob_match_impl... PASSED
Testing glob_match... PASSED
Testing glob... PASSED
Testing read... PASSED
Testing write... PASSED
Testing append... PASSED
Testing exists... PASSED
Testing delete... PASSED
Testing mkdir_p... PASSED
Testing copy_file... PASSED
Testing copy_dir... PASSED
Testing parse... PASSED
Testing free... PASSED
Testing stringify... PASSED
Testing is_null... PASSED
Testing is_bool... PASSED
Testing is_number... PASSED
Testing is_string... PASSED
Testing is_array... PASSED
Testing is_object... PASSED
Testing as_int... PASSED
Testing as_float... PASSED
Testing as_bool... PASSED
Testing as_string... PASSED
Testing get_float... PASSED
Testing get_bool... PASSED
Testing decode_int_array... PASSED
Testing decode_string_array... PASSED
Testing object_has... PASSED
Testing get... PASSED
Testing keys... PASSED
Testing array_size... PASSED
Testing get_index... PASSED
Testing new_object... PASSED
Testing new_array... PASSED
Testing new_string... PASSED
Testing new_int... PASSED
Testing new_bool... PASSED
Testing new_null... PASSED
Testing object_set... PASSED
Testing json_array_push... PASSED
Testing get_string... PASSED
Testing get_int... PASSED
Testing write_if_changed... PASSED
Testing get_token_count... PASSED
Testing schema_index_string... PASSED
Testing gen_nano_schema... PASSED
Testing gen_nano_ast... PASSED
Testing gen_contracts... PASSED
Testing schema_prefix_matches... PASSED
Testing extract_between... PASSED
Testing map_type_to_c... PASSED
Testing schema_name_before... PASSED
Testing schema_insert_name... PASSED
Testing gen_c... PASSED
Testing main... PASSED
All shadow tests passed! (64 tests)
[ffi_loader] Shut down
