['/private/tmp/nanolang-nested-array-driver', '/var/folders/9z/xpmfgw8j09l4g6wwxrxtt97w0000gn/T/nanoisa-slice-foenh92j/record.nano', 'program']
.types 1 0 0
.entry 0

.function main 0 9 0 int 1
  PUSH_I64 7
  AGG_PACK 0 0 0 1
  STORE_LOCAL 0
  PUSH_I64 9
  AGG_PACK 0 0 0 1
  STORE_LOCAL 1
  LOAD_LOCAL 0
  LOAD_LOCAL 1
  ARR_LITERAL 8 2
  STORE_LOCAL 2
  LOAD_LOCAL 2
  STORE_LOCAL 3
  PUSH_I64 1
  STORE_LOCAL 4
  PUSH_I64 1
  STORE_LOCAL 5
  LOAD_LOCAL 3
  ARR_LEN
  STORE_LOCAL 6
  LOAD_LOCAL 4
  PUSH_I64 0
  I64_LT_S
  JMP_FALSE L0
  PUSH_I64 0
  STORE_LOCAL 4
L0:
  LOAD_LOCAL 4
  LOAD_LOCAL 6
  I64_GT_S
  JMP_FALSE L1
  LOAD_LOCAL 6
  STORE_LOCAL 4
L1:
  LOAD_LOCAL 6
  LOAD_LOCAL 4
  I64_SUB
  STORE_LOCAL 6
  LOAD_LOCAL 5
  PUSH_I64 0
  I64_LT_S
  JMP_FALSE L2
  PUSH_I64 0
  STORE_LOCAL 5
L2:
  LOAD_LOCAL 5
  LOAD_LOCAL 6
  I64_GT_S
  JMP_FALSE L3
  LOAD_LOCAL 6
  STORE_LOCAL 5
L3:
  LOAD_LOCAL 3
  LOAD_LOCAL 4
  LOAD_LOCAL 4
  LOAD_LOCAL 5
  I64_ADD
  ARR_SLICE
  STORE_LOCAL 7
  LOAD_LOCAL 7
  PUSH_I64 0
  ARR_GET
  STORE_LOCAL 8
  LOAD_LOCAL 8
  AGG_GET 0
  PUSH_I64 9
  I64_EQ
  ASSERT
  PUSH_I64 0
  RET
.end


