test_compatible_outer_join (tests.test_selected_variant_ownership.SelectedVariantOwnership.test_compatible_outer_join) ... 
  test_compatible_outer_join (tests.test_selected_variant_ownership.SelectedVariantOwnership.test_compatible_outer_join) (compiler='nanoc_stage1') ... FAIL
  test_compatible_outer_join (tests.test_selected_variant_ownership.SelectedVariantOwnership.test_compatible_outer_join) (compiler='nanoc_stage2') ... FAIL
test_duplicate_selected_field_consumption (tests.test_selected_variant_ownership.SelectedVariantOwnership.test_duplicate_selected_field_consumption) ... ok
test_guarded_owned_match_remains_rejected (tests.test_selected_variant_ownership.SelectedVariantOwnership.test_guarded_owned_match_remains_rejected) ... ok
test_ignored_resource_binding (tests.test_selected_variant_ownership.SelectedVariantOwnership.test_ignored_resource_binding) ... ok
test_ignored_selected_payload (tests.test_selected_variant_ownership.SelectedVariantOwnership.test_ignored_selected_payload) ... ok
test_incompatible_outer_join (tests.test_selected_variant_ownership.SelectedVariantOwnership.test_incompatible_outer_join) ... ok
test_loop_cannot_reconsume_outer_scrutinee (tests.test_selected_variant_ownership.SelectedVariantOwnership.test_loop_cannot_reconsume_outer_scrutinee) ... ok
test_nested_resource_record (tests.test_selected_variant_ownership.SelectedVariantOwnership.test_nested_resource_record) ... 
  test_nested_resource_record (tests.test_selected_variant_ownership.SelectedVariantOwnership.test_nested_resource_record) (compiler='nanoc_stage1') ... FAIL
  test_nested_resource_record (tests.test_selected_variant_ownership.SelectedVariantOwnership.test_nested_resource_record) (compiler='nanoc_stage2') ... FAIL
test_ordinary_call_match_expression_and_statement (tests.test_selected_variant_ownership.SelectedVariantOwnership.test_ordinary_call_match_expression_and_statement) ... ok
test_original_scrutinee_after_match (tests.test_selected_variant_ownership.SelectedVariantOwnership.test_original_scrutinee_after_match) ... ok
test_partial_resource_field_move (tests.test_selected_variant_ownership.SelectedVariantOwnership.test_partial_resource_field_move) ... ok
test_scrutinee_call_evaluates_once (tests.test_selected_variant_ownership.SelectedVariantOwnership.test_scrutinee_call_evaluates_once) ... 
  test_scrutinee_call_evaluates_once (tests.test_selected_variant_ownership.SelectedVariantOwnership.test_scrutinee_call_evaluates_once) (compiler='nanoc_stage1') ... FAIL
  test_scrutinee_call_evaluates_once (tests.test_selected_variant_ownership.SelectedVariantOwnership.test_scrutinee_call_evaluates_once) (compiler='nanoc_stage2') ... FAIL
test_two_resources_and_ordinary_sibling_arms (tests.test_selected_variant_ownership.SelectedVariantOwnership.test_two_resources_and_ordinary_sibling_arms) ... 
  test_two_resources_and_ordinary_sibling_arms (tests.test_selected_variant_ownership.SelectedVariantOwnership.test_two_resources_and_ordinary_sibling_arms) (compiler='nanoc_stage1') ... FAIL
  test_two_resources_and_ordinary_sibling_arms (tests.test_selected_variant_ownership.SelectedVariantOwnership.test_two_resources_and_ordinary_sibling_arms) (compiler='nanoc_stage2') ... FAIL
test_unresolved_selected_field (tests.test_selected_variant_ownership.SelectedVariantOwnership.test_unresolved_selected_field) ... ok
test_use_payload_after_destructure (tests.test_selected_variant_ownership.SelectedVariantOwnership.test_use_payload_after_destructure) ... ok
test_wildcard_cannot_hide_owned_payload (tests.test_selected_variant_ownership.SelectedVariantOwnership.test_wildcard_cannot_hide_owned_payload) ... ok
test_branch_join_consumes_outer_owner (tests.test_generic_selected_ownership.GenericSelectedOwnership.test_branch_join_consumes_outer_owner) ... FAIL
test_conditional_constructor_return (tests.test_generic_selected_ownership.GenericSelectedOwnership.test_conditional_constructor_return) ... FAIL
test_declared_constructor_argument (tests.test_generic_selected_ownership.GenericSelectedOwnership.test_declared_constructor_argument) ... FAIL
test_declared_constructor_return (tests.test_generic_selected_ownership.GenericSelectedOwnership.test_declared_constructor_return) ... FAIL
test_declared_return_and_alias_transfer (tests.test_generic_selected_ownership.GenericSelectedOwnership.test_declared_return_and_alias_transfer) ... FAIL
test_drop_selected_field_rejected (tests.test_generic_selected_ownership.GenericSelectedOwnership.test_drop_selected_field_rejected) ... ok
test_drop_union_rejected (tests.test_generic_selected_ownership.GenericSelectedOwnership.test_drop_union_rejected) ... ok
test_duplicate_consume_rejected (tests.test_generic_selected_ownership.GenericSelectedOwnership.test_duplicate_consume_rejected) ... ok
test_empty_arm_has_no_obligation (tests.test_generic_selected_ownership.GenericSelectedOwnership.test_empty_arm_has_no_obligation) ... FAIL
test_guarded_generic_match_remains_rejected (tests.test_generic_selected_ownership.GenericSelectedOwnership.test_guarded_generic_match_remains_rejected) ... ok
test_incomplete_match_rejected (tests.test_generic_selected_ownership.GenericSelectedOwnership.test_incomplete_match_rejected) ... ok
test_join_mismatch_rejected (tests.test_generic_selected_ownership.GenericSelectedOwnership.test_join_mismatch_rejected) ... ok
test_match_constructor_return (tests.test_generic_selected_ownership.GenericSelectedOwnership.test_match_constructor_return) ... FAIL
test_match_then_reuse_rejected (tests.test_generic_selected_ownership.GenericSelectedOwnership.test_match_then_reuse_rejected) ... ok
test_nested_generic_transfer (tests.test_generic_selected_ownership.GenericSelectedOwnership.test_nested_generic_transfer) ... FAIL
test_ordinary_selected_arm_can_be_ignored (tests.test_generic_selected_ownership.GenericSelectedOwnership.test_ordinary_selected_arm_can_be_ignored) ... FAIL
test_partial_move_rejected (tests.test_generic_selected_ownership.GenericSelectedOwnership.test_partial_move_rejected) ... ok
test_resource_and_ordinary_selected_arms (tests.test_generic_selected_ownership.GenericSelectedOwnership.test_resource_and_ordinary_selected_arms) ... FAIL
test_resource_collection_still_rejected (tests.test_generic_selected_ownership.GenericSelectedOwnership.test_resource_collection_still_rejected) ... ok
test_unresolved_tuple_still_rejected (tests.test_generic_selected_ownership.GenericSelectedOwnership.test_unresolved_tuple_still_rejected) ... ok

======================================================================
FAIL: test_compatible_outer_join (tests.test_selected_variant_ownership.SelectedVariantOwnership.test_compatible_outer_join) (compiler='nanoc_stage1')
----------------------------------------------------------------------
Traceback (most recent call last):
  File "/private/tmp/nanolang-match-guards-20261009/tests/test_selected_variant_ownership.py", line 44, in program
    self.assertEqual(result.returncode, 0, result.stdout + result.stderr)
    ~~~~~~~~~~~~~~~~^^^^^^^^^^^^^^^^^^^^^^^^^^^^^^^^^^^^^^^^^^^^^^^^^^^^^
AssertionError: 1 != 0 : I cannot lower this checked program: I require exact concrete scalar union signatures in my source borrow profile


======================================================================
FAIL: test_compatible_outer_join (tests.test_selected_variant_ownership.SelectedVariantOwnership.test_compatible_outer_join) (compiler='nanoc_stage2')
----------------------------------------------------------------------
Traceback (most recent call last):
  File "/private/tmp/nanolang-match-guards-20261009/tests/test_selected_variant_ownership.py", line 44, in program
    self.assertEqual(result.returncode, 0, result.stdout + result.stderr)
    ~~~~~~~~~~~~~~~~^^^^^^^^^^^^^^^^^^^^^^^^^^^^^^^^^^^^^^^^^^^^^^^^^^^^^
AssertionError: 1 != 0 : I cannot lower this checked program: I require exact concrete scalar union signatures in my source borrow profile


======================================================================
FAIL: test_nested_resource_record (tests.test_selected_variant_ownership.SelectedVariantOwnership.test_nested_resource_record) (compiler='nanoc_stage1')
----------------------------------------------------------------------
Traceback (most recent call last):
  File "/private/tmp/nanolang-match-guards-20261009/tests/test_selected_variant_ownership.py", line 44, in program
    self.assertEqual(result.returncode, 0, result.stdout + result.stderr)
    ~~~~~~~~~~~~~~~~^^^^^^^^^^^^^^^^^^^^^^^^^^^^^^^^^^^^^^^^^^^^^^^^^^^^^
AssertionError: 1 != 0 : I cannot lower this checked program: I require exact concrete scalar union signatures in my source borrow profile


======================================================================
FAIL: test_nested_resource_record (tests.test_selected_variant_ownership.SelectedVariantOwnership.test_nested_resource_record) (compiler='nanoc_stage2')
----------------------------------------------------------------------
Traceback (most recent call last):
  File "/private/tmp/nanolang-match-guards-20261009/tests/test_selected_variant_ownership.py", line 44, in program
    self.assertEqual(result.returncode, 0, result.stdout + result.stderr)
    ~~~~~~~~~~~~~~~~^^^^^^^^^^^^^^^^^^^^^^^^^^^^^^^^^^^^^^^^^^^^^^^^^^^^^
AssertionError: 1 != 0 : I cannot lower this checked program: I require exact concrete scalar union signatures in my source borrow profile


======================================================================
FAIL: test_scrutinee_call_evaluates_once (tests.test_selected_variant_ownership.SelectedVariantOwnership.test_scrutinee_call_evaluates_once) (compiler='nanoc_stage1')
----------------------------------------------------------------------
Traceback (most recent call last):
  File "/private/tmp/nanolang-match-guards-20261009/tests/test_selected_variant_ownership.py", line 44, in program
    self.assertEqual(result.returncode, 0, result.stdout + result.stderr)
    ~~~~~~~~~~~~~~~~^^^^^^^^^^^^^^^^^^^^^^^^^^^^^^^^^^^^^^^^^^^^^^^^^^^^^
AssertionError: 1 != 0 : I cannot lower this checked program: I require no global initializers in my source borrow profile


======================================================================
FAIL: test_scrutinee_call_evaluates_once (tests.test_selected_variant_ownership.SelectedVariantOwnership.test_scrutinee_call_evaluates_once) (compiler='nanoc_stage2')
----------------------------------------------------------------------
Traceback (most recent call last):
  File "/private/tmp/nanolang-match-guards-20261009/tests/test_selected_variant_ownership.py", line 44, in program
    self.assertEqual(result.returncode, 0, result.stdout + result.stderr)
    ~~~~~~~~~~~~~~~~^^^^^^^^^^^^^^^^^^^^^^^^^^^^^^^^^^^^^^^^^^^^^^^^^^^^^
AssertionError: 1 != 0 : I cannot lower this checked program: I require no global initializers in my source borrow profile


======================================================================
FAIL: test_two_resources_and_ordinary_sibling_arms (tests.test_selected_variant_ownership.SelectedVariantOwnership.test_two_resources_and_ordinary_sibling_arms) (compiler='nanoc_stage1')
----------------------------------------------------------------------
Traceback (most recent call last):
  File "/private/tmp/nanolang-match-guards-20261009/tests/test_selected_variant_ownership.py", line 44, in program
    self.assertEqual(result.returncode, 0, result.stdout + result.stderr)
    ~~~~~~~~~~~~~~~~^^^^^^^^^^^^^^^^^^^^^^^^^^^^^^^^^^^^^^^^^^^^^^^^^^^^^
AssertionError: 1 != 0 : I cannot lower this checked program: I require exact concrete scalar union signatures in my source borrow profile


======================================================================
FAIL: test_two_resources_and_ordinary_sibling_arms (tests.test_selected_variant_ownership.SelectedVariantOwnership.test_two_resources_and_ordinary_sibling_arms) (compiler='nanoc_stage2')
----------------------------------------------------------------------
Traceback (most recent call last):
  File "/private/tmp/nanolang-match-guards-20261009/tests/test_selected_variant_ownership.py", line 44, in program
    self.assertEqual(result.returncode, 0, result.stdout + result.stderr)
    ~~~~~~~~~~~~~~~~^^^^^^^^^^^^^^^^^^^^^^^^^^^^^^^^^^^^^^^^^^^^^^^^^^^^^
AssertionError: 1 != 0 : I cannot lower this checked program: I require exact concrete scalar union signatures in my source borrow profile


======================================================================
FAIL: test_branch_join_consumes_outer_owner (tests.test_generic_selected_ownership.GenericSelectedOwnership.test_branch_join_consumes_outer_owner)
----------------------------------------------------------------------
Traceback (most recent call last):
  File "/private/tmp/nanolang-match-guards-20261009/tests/test_generic_selected_ownership.py", line 99, in test_branch_join_consumes_outer_owner
            self.check(PREFIX + CONSUME + '''fn joined(value: Result<Handle,string>, other: Handle) -> int { let mut total: int = 0 match value {
            ~~~~~~~~~~^^^^^^^^^^^^^^^^^^^^^^^^^^^^^^^^^^^^^^^^^^^^^^^^^^^^^^^^^^^^^^^^^^^^^^^^^^^^^^^^^^^^^^^^^^^^^^^^^^^^^^^^^^^^^^^^^^^^^^^^^^^
     Ok(payload) => { let Result.Ok { value } = payload set total (+ (close_handle value) (close_handle other)) }
     ^^^^^^^^^^^^^^^^^^^^^^^^^^^^^^^^^^^^^^^^^^^^^^^^^^^^^^^^^^^^^^^^^^^^^^^^^^^^^^^^^^^^^^^^^^^^^^^^^^^^^^^^^^^^
    ...<2 lines>...
    shadow joined { let empty: Result<Handle,string> = Result.Err { error: "empty" } assert (== (joined empty Handle { fd: 7 }) 7) }
    ^^^^^^^^^^^^^^^^^^^^^^^^^^^^^^^^^^^^^^^^^^^^^^^^^^^^^^^^^^^^^^^^^^^^^^^^^^^^^^^^^^^^^^^^^^^^^^^^^^^^^^^^^^^^^^^^^^^^^^^^^^^^^^^^
    ''' + ENDING, True)
    ^^^^^^^^^^^^^^^^^^^
  File "/private/tmp/nanolang-match-guards-20261009/tests/test_generic_selected_ownership.py", line 36, in check
    generic.GenericAffineIdentity().check(source, accepted)
    ~~~~~~~~~~~~~~~~~~~~~~~~~~~~~~~~~~~~~^^^^^^^^^^^^^^^^^^
  File "/private/tmp/nanolang-match-guards-20261009/tests/test_affine_generic_identity.py", line 27, in check
    self.assertEqual(result.returncode, 0, messages)
    ~~~~~~~~~~~~~~~~^^^^^^^^^^^^^^^^^^^^^^^^^^^^^^^^
AssertionError: 1 != 0 : I cannot lower the selected shadows: I require exact concrete scalar union signatures in my source borrow profile


======================================================================
FAIL: test_conditional_constructor_return (tests.test_generic_selected_ownership.GenericSelectedOwnership.test_conditional_constructor_return)
----------------------------------------------------------------------
Traceback (most recent call last):
  File "/private/tmp/nanolang-match-guards-20261009/tests/test_generic_selected_ownership.py", line 72, in test_conditional_constructor_return
            self.check(PREFIX + CONSUME + """fn choose(owner: Handle, keep: bool) -> Result<Handle,string> {
            ~~~~~~~~~~^^^^^^^^^^^^^^^^^^^^^^^^^^^^^^^^^^^^^^^^^^^^^^^^^^^^^^^^^^^^^^^^^^^^^^^^^^^^^^^^^^^^^^
     if keep { return Result.Ok { value: owner } } else { (close_handle owner) return Result.Err { error: "empty" } }
     ^^^^^^^^^^^^^^^^^^^^^^^^^^^^^^^^^^^^^^^^^^^^^^^^^^^^^^^^^^^^^^^^^^^^^^^^^^^^^^^^^^^^^^^^^^^^^^^^^^^^^^^^^^^^^^^^
    ...<3 lines>...
    shadow main { assert (== (main) 0) }
    ^^^^^^^^^^^^^^^^^^^^^^^^^^^^^^^^^^^^
    """, True)
    ^^^^^^^^^^
  File "/private/tmp/nanolang-match-guards-20261009/tests/test_generic_selected_ownership.py", line 36, in check
    generic.GenericAffineIdentity().check(source, accepted)
    ~~~~~~~~~~~~~~~~~~~~~~~~~~~~~~~~~~~~~^^^^^^^^^^^^^^^^^^
  File "/private/tmp/nanolang-match-guards-20261009/tests/test_affine_generic_identity.py", line 27, in check
    self.assertEqual(result.returncode, 0, messages)
    ~~~~~~~~~~~~~~~~^^^^^^^^^^^^^^^^^^^^^^^^^^^^^^^^
AssertionError: 1 != 0 : I cannot lower this checked program: I require exact concrete scalar union signatures in my source borrow profile


======================================================================
FAIL: test_declared_constructor_argument (tests.test_generic_selected_ownership.GenericSelectedOwnership.test_declared_constructor_argument)
----------------------------------------------------------------------
Traceback (most recent call last):
  File "/private/tmp/nanolang-match-guards-20261009/tests/test_generic_selected_ownership.py", line 67, in test_declared_constructor_argument
            self.check(PREFIX + CONSUME + """fn main() -> int { let owner: Handle = Handle { fd: 9 } return (- (consume Result.Ok { value: owner }) 9) }
            ~~~~~~~~~~^^^^^^^^^^^^^^^^^^^^^^^^^^^^^^^^^^^^^^^^^^^^^^^^^^^^^^^^^^^^^^^^^^^^^^^^^^^^^^^^^^^^^^^^^^^^^^^^^^^^^^^^^^^^^^^^^^^^^^^^^^^^^^^^^^
    shadow main { assert (== (main) 0) }
    ^^^^^^^^^^^^^^^^^^^^^^^^^^^^^^^^^^^^
    """, True)
    ^^^^^^^^^^
  File "/private/tmp/nanolang-match-guards-20261009/tests/test_generic_selected_ownership.py", line 36, in check
    generic.GenericAffineIdentity().check(source, accepted)
    ~~~~~~~~~~~~~~~~~~~~~~~~~~~~~~~~~~~~~^^^^^^^^^^^^^^^^^^
  File "/private/tmp/nanolang-match-guards-20261009/tests/test_affine_generic_identity.py", line 27, in check
    self.assertEqual(result.returncode, 0, messages)
    ~~~~~~~~~~~~~~~~^^^^^^^^^^^^^^^^^^^^^^^^^^^^^^^^
AssertionError: 1 != 0 : I cannot lower this checked program: I require exact concrete scalar union signatures in my source borrow profile


======================================================================
FAIL: test_declared_constructor_return (tests.test_generic_selected_ownership.GenericSelectedOwnership.test_declared_constructor_return)
----------------------------------------------------------------------
Traceback (most recent call last):
  File "/private/tmp/nanolang-match-guards-20261009/tests/test_generic_selected_ownership.py", line 60, in test_declared_constructor_return
            self.check(PREFIX + CONSUME + """fn wrap(owner: Handle) -> Result<Handle,string> { return Result.Ok { value: owner } }
            ~~~~~~~~~~^^^^^^^^^^^^^^^^^^^^^^^^^^^^^^^^^^^^^^^^^^^^^^^^^^^^^^^^^^^^^^^^^^^^^^^^^^^^^^^^^^^^^^^^^^^^^^^^^^^^^^^^^^^^
    shadow wrap { assert (== (consume (wrap Handle { fd: 7 })) 7) }
    ^^^^^^^^^^^^^^^^^^^^^^^^^^^^^^^^^^^^^^^^^^^^^^^^^^^^^^^^^^^^^^^
    fn main() -> int { return (- (consume (wrap Handle { fd: 9 })) 9) }
    ^^^^^^^^^^^^^^^^^^^^^^^^^^^^^^^^^^^^^^^^^^^^^^^^^^^^^^^^^^^^^^^^^^^
    shadow main { assert (== (main) 0) }
    ^^^^^^^^^^^^^^^^^^^^^^^^^^^^^^^^^^^^
    """, True)
    ^^^^^^^^^^
  File "/private/tmp/nanolang-match-guards-20261009/tests/test_generic_selected_ownership.py", line 36, in check
    generic.GenericAffineIdentity().check(source, accepted)
    ~~~~~~~~~~~~~~~~~~~~~~~~~~~~~~~~~~~~~^^^^^^^^^^^^^^^^^^
  File "/private/tmp/nanolang-match-guards-20261009/tests/test_affine_generic_identity.py", line 27, in check
    self.assertEqual(result.returncode, 0, messages)
    ~~~~~~~~~~~~~~~~^^^^^^^^^^^^^^^^^^^^^^^^^^^^^^^^
AssertionError: 1 != 0 : I cannot lower this checked program: I require exact concrete scalar union signatures in my source borrow profile


======================================================================
FAIL: test_declared_return_and_alias_transfer (tests.test_generic_selected_ownership.GenericSelectedOwnership.test_declared_return_and_alias_transfer)
----------------------------------------------------------------------
Traceback (most recent call last):
  File "/private/tmp/nanolang-match-guards-20261009/tests/test_generic_selected_ownership.py", line 57, in test_declared_return_and_alias_transfer
    self.check(source, True)
    ~~~~~~~~~~^^^^^^^^^^^^^^
  File "/private/tmp/nanolang-match-guards-20261009/tests/test_generic_selected_ownership.py", line 36, in check
    generic.GenericAffineIdentity().check(source, accepted)
    ~~~~~~~~~~~~~~~~~~~~~~~~~~~~~~~~~~~~~^^^^^^^^^^^^^^^^^^
  File "/private/tmp/nanolang-match-guards-20261009/tests/test_affine_generic_identity.py", line 27, in check
    self.assertEqual(result.returncode, 0, messages)
    ~~~~~~~~~~~~~~~~^^^^^^^^^^^^^^^^^^^^^^^^^^^^^^^^
AssertionError: 1 != 0 : I cannot lower this checked program: I require exact concrete scalar union signatures in my source borrow profile


======================================================================
FAIL: test_empty_arm_has_no_obligation (tests.test_generic_selected_ownership.GenericSelectedOwnership.test_empty_arm_has_no_obligation)
----------------------------------------------------------------------
Traceback (most recent call last):
  File "/private/tmp/nanolang-match-guards-20261009/tests/test_generic_selected_ownership.py", line 46, in test_empty_arm_has_no_obligation
            self.check(PREFIX + '''fn consume(value: Box<Handle>) -> int { match value {
            ~~~~~~~~~~^^^^^^^^^^^^^^^^^^^^^^^^^^^^^^^^^^^^^^^^^^^^^^^^^^^^^^^^^^^^^^^^^^
     Some(payload) => { let Box.Some { value } = payload return (close_handle value) }
     ^^^^^^^^^^^^^^^^^^^^^^^^^^^^^^^^^^^^^^^^^^^^^^^^^^^^^^^^^^^^^^^^^^^^^^^^^^^^^^^^^
    ...<2 lines>...
    shadow consume { let empty: Box<Handle> = Box.None {} assert (== (consume empty) 0) let owner: Handle = Handle { fd: 7 } let value: Box<Handle> = Box.Some { value: owner } assert (== (consume value) 7) }
    ^^^^^^^^^^^^^^^^^^^^^^^^^^^^^^^^^^^^^^^^^^^^^^^^^^^^^^^^^^^^^^^^^^^^^^^^^^^^^^^^^^^^^^^^^^^^^^^^^^^^^^^^^^^^^^^^^^^^^^^^^^^^^^^^^^^^^^^^^^^^^^^^^^^^^^^^^^^^^^^^^^^^^^^^^^^^^^^^^^^^^^^^^^^^^^^^^^^^^^^^^^^
    ''' + ENDING, True)
    ^^^^^^^^^^^^^^^^^^^
  File "/private/tmp/nanolang-match-guards-20261009/tests/test_generic_selected_ownership.py", line 36, in check
    generic.GenericAffineIdentity().check(source, accepted)
    ~~~~~~~~~~~~~~~~~~~~~~~~~~~~~~~~~~~~~^^^^^^^^^^^^^^^^^^
  File "/private/tmp/nanolang-match-guards-20261009/tests/test_affine_generic_identity.py", line 27, in check
    self.assertEqual(result.returncode, 0, messages)
    ~~~~~~~~~~~~~~~~^^^^^^^^^^^^^^^^^^^^^^^^^^^^^^^^
AssertionError: 1 != 0 : I cannot lower the selected shadows: I require exact concrete scalar union signatures in my source borrow profile


======================================================================
FAIL: test_match_constructor_return (tests.test_generic_selected_ownership.GenericSelectedOwnership.test_match_constructor_return)
----------------------------------------------------------------------
Traceback (most recent call last):
  File "/private/tmp/nanolang-match-guards-20261009/tests/test_generic_selected_ownership.py", line 81, in test_match_constructor_return
            self.check(PREFIX + CONSUME + """fn rebuild(boxed: Box<Handle>) -> Result<Handle,string> {
            ~~~~~~~~~~^^^^^^^^^^^^^^^^^^^^^^^^^^^^^^^^^^^^^^^^^^^^^^^^^^^^^^^^^^^^^^^^^^^^^^^^^^^^^^^^
     return match boxed {
     ^^^^^^^^^^^^^^^^^^^^
    ...<4 lines>...
    shadow rebuild { let owner: Handle = Handle { fd: 7 } let boxed: Box<Handle> = Box.Some { value: owner } assert (== (consume (rebuild boxed)) 7) let empty: Box<Handle> = Box.None {} assert (== (consume (rebuild empty)) 0) }
    ^^^^^^^^^^^^^^^^^^^^^^^^^^^^^^^^^^^^^^^^^^^^^^^^^^^^^^^^^^^^^^^^^^^^^^^^^^^^^^^^^^^^^^^^^^^^^^^^^^^^^^^^^^^^^^^^^^^^^^^^^^^^^^^^^^^^^^^^^^^^^^^^^^^^^^^^^^^^^^^^^^^^^^^^^^^^^^^^^^^^^^^^^^^^^^^^^^^^^^^^^^^^^^^^^^^^^^^^^^^^^^^
    """ + ENDING, True)
    ^^^^^^^^^^^^^^^^^^^
  File "/private/tmp/nanolang-match-guards-20261009/tests/test_generic_selected_ownership.py", line 36, in check
    generic.GenericAffineIdentity().check(source, accepted)
    ~~~~~~~~~~~~~~~~~~~~~~~~~~~~~~~~~~~~~^^^^^^^^^^^^^^^^^^
  File "/private/tmp/nanolang-match-guards-20261009/tests/test_affine_generic_identity.py", line 27, in check
    self.assertEqual(result.returncode, 0, messages)
    ~~~~~~~~~~~~~~~~^^^^^^^^^^^^^^^^^^^^^^^^^^^^^^^^
AssertionError: 1 != 0 : I cannot lower the selected shadows: I require exact concrete scalar union signatures in my source borrow profile


======================================================================
FAIL: test_nested_generic_transfer (tests.test_generic_selected_ownership.GenericSelectedOwnership.test_nested_generic_transfer)
----------------------------------------------------------------------
Traceback (most recent call last):
  File "/private/tmp/nanolang-match-guards-20261009/tests/test_generic_selected_ownership.py", line 91, in test_nested_generic_transfer
            self.check(PREFIX + CONSUME + '''fn outer(boxed: Box<Result<Handle,string>>) -> int { match boxed {
            ~~~~~~~~~~^^^^^^^^^^^^^^^^^^^^^^^^^^^^^^^^^^^^^^^^^^^^^^^^^^^^^^^^^^^^^^^^^^^^^^^^^^^^^^^^^^^^^^^^^
     Some(payload) => { let Box.Some { value } = payload return (consume value) }
     ^^^^^^^^^^^^^^^^^^^^^^^^^^^^^^^^^^^^^^^^^^^^^^^^^^^^^^^^^^^^^^^^^^^^^^^^^^^^
    ...<2 lines>...
    shadow outer { let owner: Handle = Handle { fd: 7 } let result: Result<Handle,string> = Result.Ok { value: owner } let boxed: Box<Result<Handle,string>> = Box.Some { value: result } assert (== (outer boxed) 7) }
    ^^^^^^^^^^^^^^^^^^^^^^^^^^^^^^^^^^^^^^^^^^^^^^^^^^^^^^^^^^^^^^^^^^^^^^^^^^^^^^^^^^^^^^^^^^^^^^^^^^^^^^^^^^^^^^^^^^^^^^^^^^^^^^^^^^^^^^^^^^^^^^^^^^^^^^^^^^^^^^^^^^^^^^^^^^^^^^^^^^^^^^^^^^^^^^^^^^^^^^^^^^^^^^^^^^^
    ''' + ENDING, True)
    ^^^^^^^^^^^^^^^^^^^
  File "/private/tmp/nanolang-match-guards-20261009/tests/test_generic_selected_ownership.py", line 36, in check
    generic.GenericAffineIdentity().check(source, accepted)
    ~~~~~~~~~~~~~~~~~~~~~~~~~~~~~~~~~~~~~^^^^^^^^^^^^^^^^^^
  File "/private/tmp/nanolang-match-guards-20261009/tests/test_affine_generic_identity.py", line 27, in check
    self.assertEqual(result.returncode, 0, messages)
    ~~~~~~~~~~~~~~~~^^^^^^^^^^^^^^^^^^^^^^^^^^^^^^^^
AssertionError: 1 != 0 : I cannot lower the selected shadows: I require exact concrete scalar union signatures in my source borrow profile


======================================================================
FAIL: test_ordinary_selected_arm_can_be_ignored (tests.test_generic_selected_ownership.GenericSelectedOwnership.test_ordinary_selected_arm_can_be_ignored)
----------------------------------------------------------------------
Traceback (most recent call last):
  File "/private/tmp/nanolang-match-guards-20261009/tests/test_generic_selected_ownership.py", line 43, in test_ordinary_selected_arm_can_be_ignored
    self.check(source, True)
    ~~~~~~~~~~^^^^^^^^^^^^^^
  File "/private/tmp/nanolang-match-guards-20261009/tests/test_generic_selected_ownership.py", line 36, in check
    generic.GenericAffineIdentity().check(source, accepted)
    ~~~~~~~~~~~~~~~~~~~~~~~~~~~~~~~~~~~~~^^^^^^^^^^^^^^^^^^
  File "/private/tmp/nanolang-match-guards-20261009/tests/test_affine_generic_identity.py", line 27, in check
    self.assertEqual(result.returncode, 0, messages)
    ~~~~~~~~~~~~~~~~^^^^^^^^^^^^^^^^^^^^^^^^^^^^^^^^
AssertionError: 1 != 0 : I cannot lower this checked program: I require exact concrete scalar union signatures in my source borrow profile


======================================================================
FAIL: test_resource_and_ordinary_selected_arms (tests.test_generic_selected_ownership.GenericSelectedOwnership.test_resource_and_ordinary_selected_arms)
----------------------------------------------------------------------
Traceback (most recent call last):
  File "/private/tmp/nanolang-match-guards-20261009/tests/test_generic_selected_ownership.py", line 39, in test_resource_and_ordinary_selected_arms
    self.check(PREFIX + CONSUME + MAIN, True)
    ~~~~~~~~~~^^^^^^^^^^^^^^^^^^^^^^^^^^^^^^^
  File "/private/tmp/nanolang-match-guards-20261009/tests/test_generic_selected_ownership.py", line 36, in check
    generic.GenericAffineIdentity().check(source, accepted)
    ~~~~~~~~~~~~~~~~~~~~~~~~~~~~~~~~~~~~~^^^^^^^^^^^^^^^^^^
  File "/private/tmp/nanolang-match-guards-20261009/tests/test_affine_generic_identity.py", line 27, in check
    self.assertEqual(result.returncode, 0, messages)
    ~~~~~~~~~~~~~~~~^^^^^^^^^^^^^^^^^^^^^^^^^^^^^^^^
AssertionError: 1 != 0 : I cannot lower this checked program: I require exact concrete scalar union signatures in my source borrow profile


----------------------------------------------------------------------
Ran 36 tests in 2.380s

FAILED (failures=18)
