                 U __assert_fail
                 U __errno_location
                 U __isoc23_strtoll
                 U __stack_chk_fail
                 U __stack_chk_guard
                 U _exit
                 U atan2
                 U ceil
                 U chdir
                 U clock_gettime
                 U close
                 U cos
                 U dir_copy
                 U dup2
                 U dyn_array_get_array
                 U dyn_array_get_bool
                 U dyn_array_get_elem_type
                 U dyn_array_get_float
                 U dyn_array_get_int
                 U dyn_array_get_string
                 U dyn_array_get_struct
                 U dyn_array_get_u8
                 U dyn_array_length
                 U dyn_array_new
                 U dyn_array_push_array
                 U dyn_array_push_bool
                 U dyn_array_push_float
                 U dyn_array_push_int
                 U dyn_array_push_string
                 U dyn_array_push_struct
                 U dyn_array_push_u8
                 U exit
                 U fcntl
                 U fflush
                 U fgets
                 U file_copy
                 U file_read
                 U floor
                 U fork
                 U fprintf
                 U fputc
                 U fs_mkdir_p
                 U fwrite
                 U gc_alloc_string
                 U get_argv
                 U getcwd
                 U getenv
                 U kill
                 U malloc
                 U memcpy
                 U memset
                 U mkdir
                 U mkstemp
                 U nanosleep
                 U nl_os_getenv
                 U path_basename
                 U path_dirname
                 U path_join
                 U path_normalize
                 U path_relpath
                 U pclose
                 U pipe
                 U popen
                 U pow
                 U printf
                 U puts
                 U read
                 U round
                 U sin
                 U snprintf
                 U sqrt
                 U stat
                 U stderr
                 U stdout
                 U strchr
                 U strcmp
                 U strcpy
                 U strlen
                 U strnlen
                 U strstr
                 U system
                 U tan
                 U time
                 U waitpid
                 U write
