/home/jkh/nanolang-qualification/native-helper-608-linux-objects/old.c:720:16: warning: ‘nl_get_time_ms’ defined but not used [-Wunused-function]
  720 | static int64_t nl_get_time_ms(void) { return nl_timing_get_microseconds() / 1000LL; }
      |                ^~~~~~~~~~~~~~
/home/jkh/nanolang-qualification/native-helper-608-linux-objects/old.c:700:16: warning: ‘nl_timing_get_nanoseconds’ defined but not used [-Wunused-function]
  700 | static int64_t nl_timing_get_nanoseconds(void) {
      |                ^~~~~~~~~~~~~~~~~~~~~~~~~
/home/jkh/nanolang-qualification/native-helper-608-linux-objects/old.c:670:18: warning: ‘nl_filter_bool’ defined but not used [-Wunused-function]
  670 | static DynArray* nl_filter_bool(DynArray* arr, bool (*fn)(bool)) {
      |                  ^~~~~~~~~~~~~~
/home/jkh/nanolang-qualification/native-helper-608-linux-objects/old.c:660:18: warning: ‘nl_filter_float’ defined but not used [-Wunused-function]
  660 | static DynArray* nl_filter_float(DynArray* arr, bool (*fn)(double)) {
      |                  ^~~~~~~~~~~~~~~
/home/jkh/nanolang-qualification/native-helper-608-linux-objects/old.c:651:15: warning: ‘nano_rt_reduce_float’ defined but not used [-Wunused-function]
  651 | static double nano_rt_reduce_float(DynArray* arr, double initial, double (*fn)(double, double)) {
      |               ^~~~~~~~~~~~~~~~~~~~
/home/jkh/nanolang-qualification/native-helper-608-linux-objects/old.c:642:18: warning: ‘nl_map_float’ defined but not used [-Wunused-function]
  642 | static DynArray* nl_map_float(DynArray* arr, double (*fn)(double)) {
      |                  ^~~~~~~~~~~~
/home/jkh/nanolang-qualification/native-helper-608-linux-objects/old.c:632:18: warning: ‘nl_filter_str’ defined but not used [-Wunused-function]
  632 | static DynArray* nl_filter_str(DynArray* arr, bool (*fn)(const char*)) {
      |                  ^~~~~~~~~~~~~
/home/jkh/nanolang-qualification/native-helper-608-linux-objects/old.c:623:20: warning: ‘nano_rt_reduce_str’ defined but not used [-Wunused-function]
  623 | static const char* nano_rt_reduce_str(DynArray* arr, const char* initial, const char* (*fn)(const char*, const char*)) {
      |                    ^~~~~~~~~~~~~~~~~~
/home/jkh/nanolang-qualification/native-helper-608-linux-objects/old.c:614:18: warning: ‘nl_map_str’ defined but not used [-Wunused-function]
  614 | static DynArray* nl_map_str(DynArray* arr, const char* (*fn)(const char*)) {
      |                  ^~~~~~~~~~
/home/jkh/nanolang-qualification/native-helper-608-linux-objects/old.c:604:18: warning: ‘nl_filter’ defined but not used [-Wunused-function]
  604 | static DynArray* nl_filter(DynArray* arr, bool (*fn)(int64_t)) {
      |                  ^~~~~~~~~
/home/jkh/nanolang-qualification/native-helper-608-linux-objects/old.c:595:16: warning: ‘nano_rt_reduce_int’ defined but not used [-Wunused-function]
  595 | static int64_t nano_rt_reduce_int(DynArray* arr, int64_t initial, int64_t (*fn)(int64_t, int64_t)) {
      |                ^~~~~~~~~~~~~~~~~~
/home/jkh/nanolang-qualification/native-helper-608-linux-objects/old.c:586:18: warning: ‘nl_map’ defined but not used [-Wunused-function]
  586 | static DynArray* nl_map(DynArray* arr, int64_t (*fn)(int64_t)) {
      |                  ^~~~~~
/home/jkh/nanolang-qualification/native-helper-608-linux-objects/old.c:583:20: warning: ‘to_string’ defined but not used [-Wunused-function]
  583 | static const char* to_string(int64_t v) { return nl_int_to_string(v); }
      |                    ^~~~~~~~~
/home/jkh/nanolang-qualification/native-helper-608-linux-objects/old.c:582:20: warning: ‘cast_string’ defined but not used [-Wunused-function]
  582 | static const char* cast_string(int64_t v) { return nl_int_to_string(v); }
      |                    ^~~~~~~~~~~
/home/jkh/nanolang-qualification/native-helper-608-linux-objects/old.c:563:14: warning: ‘nl_os_mktemp_dir’ defined but not used [-Wunused-function]
  563 | static char* nl_os_mktemp_dir(const char* prefix) {
      |              ^~~~~~~~~~~~~~~~
/home/jkh/nanolang-qualification/native-helper-608-linux-objects/old.c:546:14: warning: ‘nl_os_mktemp’ defined but not used [-Wunused-function]
  546 | static char* nl_os_mktemp(const char* prefix) {
      |              ^~~~~~~~~~~~
/home/jkh/nanolang-qualification/native-helper-608-linux-objects/old.c:535:14: warning: ‘nl_os_tmp_dir’ defined but not used [-Wunused-function]
  535 | static char* nl_os_tmp_dir(void) {
      |              ^~~~~~~~~~~~~
/home/jkh/nanolang-qualification/native-helper-608-linux-objects/old.c:530:13: warning: ‘nl_os_file_exists’ defined but not used [-Wunused-function]
  530 | static bool nl_os_file_exists(const char* path) {
      |             ^~~~~~~~~~~~~~~~~
/home/jkh/nanolang-qualification/native-helper-608-linux-objects/old.c:528:16: warning: ‘nl_os_chdir’ defined but not used [-Wunused-function]
  528 | static int64_t nl_os_chdir(const char* path) { return (int64_t)chdir(path); }
      |                ^~~~~~~~~~~
/home/jkh/nanolang-qualification/native-helper-608-linux-objects/old.c:526:13: warning: ‘nl_os_exit’ defined but not used [-Wunused-function]
  526 | static void nl_os_exit(int64_t code) { exit((int)code); }
      |             ^~~~~~~~~~
/home/jkh/nanolang-qualification/native-helper-608-linux-objects/old.c:517:14: warning: ‘nl_os_getcwd’ defined but not used [-Wunused-function]
  517 | static char* nl_os_getcwd(void) {
      |              ^~~~~~~~~~~~
/home/jkh/nanolang-qualification/native-helper-608-linux-objects/old.c:495:20: warning: ‘nl_exec_capture’ defined but not used [-Wunused-function]
  495 | static const char* nl_exec_capture(const char* cmd) {
      |                    ^~~~~~~~~~~~~~~
/home/jkh/nanolang-qualification/native-helper-608-linux-objects/old.c:492:16: warning: ‘nl_exec_shell’ defined but not used [-Wunused-function]
  492 | static int64_t nl_exec_shell(const char* cmd) { return (int64_t)system(cmd); }
      |                ^~~~~~~~~~~~~
/home/jkh/nanolang-qualification/native-helper-608-linux-objects/old.c:489:20: warning: ‘nl_env_get’ defined but not used [-Wunused-function]
  489 | static const char* nl_env_get(const char* name) { return nl_os_getenv(name); }
      |                    ^~~~~~~~~~
/home/jkh/nanolang-qualification/native-helper-608-linux-objects/old.c:488:20: warning: ‘nl_getenv’ defined but not used [-Wunused-function]
  488 | static const char* nl_getenv(const char* name) { return nl_os_getenv(name); }
      |                    ^~~~~~~~~
/home/jkh/nanolang-qualification/native-helper-608-linux-objects/old.c:487:20: warning: ‘nl_get_argv’ defined but not used [-Wunused-function]
  487 | static const char* nl_get_argv(int64_t idx) { return get_argv(idx); }
      |                    ^~~~~~~~~~~
/home/jkh/nanolang-qualification/native-helper-608-linux-objects/old.c:479:16: warning: ‘nl_dir_copy’ defined but not used [-Wunused-function]
  479 | static int64_t nl_dir_copy(const char* s, const char* d) { return dir_copy(s, d); }
      |                ^~~~~~~~~~~
/home/jkh/nanolang-qualification/native-helper-608-linux-objects/old.c:478:16: warning: ‘nl_file_copy’ defined but not used [-Wunused-function]
  478 | static int64_t nl_file_copy(const char* s, const char* d) { return file_copy(s, d); }
      |                ^~~~~~~~~~~~
/home/jkh/nanolang-qualification/native-helper-608-linux-objects/old.c:477:16: warning: ‘nl_fs_mkdir_p’ defined but not used [-Wunused-function]
  477 | static int64_t nl_fs_mkdir_p(const char* p) { return fs_mkdir_p(p); }
      |                ^~~~~~~~~~~~~
/home/jkh/nanolang-qualification/native-helper-608-linux-objects/old.c:475:20: warning: ‘nl_file_read’ defined but not used [-Wunused-function]
  475 | static const char* nl_file_read(const char* p) { return file_read(p); }
      |                    ^~~~~~~~~~~~
/home/jkh/nanolang-qualification/native-helper-608-linux-objects/old.c:474:20: warning: ‘nl_path_relpath’ defined but not used [-Wunused-function]
  474 | static const char* nl_path_relpath(const char* t, const char* b) { return path_relpath(t, b); }
      |                    ^~~~~~~~~~~~~~~
/home/jkh/nanolang-qualification/native-helper-608-linux-objects/old.c:473:20: warning: ‘nl_path_dirname’ defined but not used [-Wunused-function]
  473 | static const char* nl_path_dirname(const char* p) { return path_dirname(p); }
      |                    ^~~~~~~~~~~~~~~
/home/jkh/nanolang-qualification/native-helper-608-linux-objects/old.c:472:20: warning: ‘nl_path_basename’ defined but not used [-Wunused-function]
  472 | static const char* nl_path_basename(const char* p) { return path_basename(p); }
      |                    ^~~~~~~~~~~~~~~~
/home/jkh/nanolang-qualification/native-helper-608-linux-objects/old.c:471:20: warning: ‘nl_path_join’ defined but not used [-Wunused-function]
  471 | static const char* nl_path_join(const char* a, const char* b) { return path_join(a, b); }
      |                    ^~~~~~~~~~~~
/home/jkh/nanolang-qualification/native-helper-608-linux-objects/old.c:470:20: warning: ‘nl_path_normalize’ defined but not used [-Wunused-function]
  470 | static const char* nl_path_normalize(const char* p) { return path_normalize(p); }
      |                    ^~~~~~~~~~~~~~~~~
/home/jkh/nanolang-qualification/native-helper-608-linux-objects/old.c:396:20: warning: ‘nl_string_from_bytes’ defined but not used [-Wunused-function]
  396 | static const char* nl_string_from_bytes(DynArray* bytes) {
      |                    ^~~~~~~~~~~~~~~~~~~~
/home/jkh/nanolang-qualification/native-helper-608-linux-objects/old.c:385:18: warning: ‘nl_bytes_from_string’ defined but not used [-Wunused-function]
  385 | static DynArray* nl_bytes_from_string(const char* s) {
      |                  ^~~~~~~~~~~~~~~~~~~~
/home/jkh/nanolang-qualification/native-helper-608-linux-objects/old.c:240:18: warning: ‘nl_array_slice’ defined but not used [-Wunused-function]
  240 | static DynArray* nl_array_slice(DynArray* arr, int64_t start, int64_t length) {
      |                  ^~~~~~~~~~~~~~
