✗ broken markdown links found:

- docs/EXAMPLE_TIME_FFI.md: evidence/example-time-ffi/seal.json
- docs/ORIGINAL_ACCEPTANCE_RECONCILIATION.md: evidence/original-acceptance-reconciliation/task-clauses.json
- docs/ORIGINAL_ACCEPTANCE_RECONCILIATION.md: evidence/native-full-fixedpoint-host-owned.json
- docs/DARWIN_ARITHMETIC_GRAPHS_732.md: evidence/darwin-arithmetic-graphs-732/sealed-prerequisite-manifest.json
- docs/DARWIN_ARITHMETIC_GRAPHS_732.md: evidence/darwin-arithmetic-graphs-732/qualified-manifest.json
- docs/BORROW_CANONICAL_SETUP.md: evidence/borrow-canonical-setup-measurement.json
- docs/BORROW_CANONICAL_SETUP.md: evidence/borrow-canonical-missing-helper.json
- docs/BORROW_CANONICAL_SETUP.md: evidence/borrow-canonical-missing-helper.log
- docs/BORROW_CANONICAL_SETUP.md: evidence/borrow-canonical-qualified.json
- docs/BORROW_CANONICAL_SETUP.md: evidence/borrow-canonical-qualified.log
- docs/NANOISA_RECONSTRUCT_ROT3.md: evidence/reconstruction-scalar-rot3.json
- docs/ASSEMBLER_CAPTURE_FLAGS.md: evidence/assembler-capture-flags-independent-review.json
- docs/NANOVM_ARRAY_GROWTH_ACCOUNTING.md: evidence/private-owned-array-runtime-graph-first.json
- docs/AFFINE_REMAINING_ACCEPTANCE.md: evidence/affine-module-identity-3c728/README.md
- docs/COMPONENT_SHADOW_INVENTORY.md: evidence/component-shadow-inventory.json
- docs/NANOISA_RECONSTRUCT_COMPARISONS.md: evidence/reconstruction-scalar-comparisons.json
- docs/COMPONENT_ENTRY_ASSERTIONS.md: evidence/component-entry-assertions.json
- docs/NATIVE_COMPILER_SELECTOR.md: evidence/native-compiler-selector/nanolang-native-selector-independent-audit.json
- docs/NATIVE_COMPILER_SELECTOR.md: evidence/native-compiler-selector/seal.json
- docs/NATIVE_COMPILER_SELECTOR.md: evidence/native-compiler-selector/archives.json
- docs/VM_SOURCE_LOCATIONS.md: evidence/vm-source-locations/inventory.json
- docs/ROADMAP.md: evidence/product-acceptance-ece241ba-darwin-corrected.txt
- docs/ROADMAP.md: evidence/sail-rocq-f38b6409-evidence.txt
- docs/ROADMAP.md: evidence/sail-rocq-f38b6409.log
- docs/ROADMAP.md: evidence/ci-sanitizer-partitions/corrected-hosted/README.md
- docs/ROADMAP.md: evidence/ci-sanitizer-partitions/corrected-early-terminals/reports.json
- docs/ROADMAP.md: evidence/verifier-ordered-ranges/README.md
- docs/ROADMAP.md: evidence/pr945-hosted/README.md
- docs/ROADMAP.md: evidence/pr945-make-flags/README.md
- docs/ROADMAP.md: evidence/artifact-native-link-flags/checks.json
- docs/ROADMAP.md: evidence/vm-trapped-callable-teardown/checks.json
- docs/ROADMAP.md: evidence/userguide-source-links/checks.json
- docs/ROADMAP.md: evidence/record-first-tuple-parser/README.md
- docs/ROADMAP.md: evidence/range-arity-parity.json
- docs/ROADMAP.md: evidence/union-metadata-ownership/README.md
- docs/ROADMAP.md: evidence/release-integration-3508bb20.json
- docs/ROADMAP.md: evidence/nested-owned-results-integrated.json
- docs/ROADMAP.md: evidence/owned-string-initialization-joins.json
- docs/ROADMAP.md: evidence/owned-string-fields-source-first.json
- docs/ROADMAP.md: evidence/owned-string-fields-integrated.json
- docs/ROADMAP.md: evidence/mixed-samples-source-linux/manifest.json
- docs/ROADMAP.md: evidence/mixed-samples-source-darwin/manifest.json
- docs/ROADMAP.md: evidence/owned-array-operand-first.json
- docs/ROADMAP.md: evidence/private-owned-array-runtime-first.json
- docs/ROADMAP.md: evidence/private-owned-array-runtime-native-status-first.json
- docs/ROADMAP.md: evidence/private-owned-array-runtime-graph-first.json
- docs/ROADMAP.md: evidence/private-owned-array-runtime-baseline-first.json
- docs/ROADMAP.md: evidence/owned-array-public-compile-first.json
- docs/ROADMAP.md: evidence/owned-array-public-serialization-first.json
- docs/ROADMAP.md: evidence/owned-array-public-sidecars-first.json
- docs/ROADMAP.md: evidence/owned-array-public-callable-first.json
- docs/ROADMAP.md: evidence/owned-array-public-integration-tool-first.json
- docs/ROADMAP.md: evidence/owned-array-public-frozen.json
- docs/ROADMAP.md: evidence/forth-string-output/report-sha256.json
- docs/ROADMAP.md: evidence/shared-match-linux/README.md
- docs/ROADMAP.md: evidence/owned-array-mutation-final/README.md
- docs/ROADMAP.md: evidence/owned-array-mutation-final/README.md
- docs/ROADMAP.md: evidence/pr861-child-reconciliation.json
- docs/ROADMAP.md: evidence/owned-array-overwrite/README.md
- docs/ROADMAP.md: evidence/union-metadata-ownership/README.md
- docs/ROADMAP.md: evidence/owned-managed-bounded-reconciliation.json
- docs/ROADMAP.md: evidence/portable-read-adapter-preflight/preflight-terminal.json
- docs/ROADMAP.md: evidence/file-cyclic-dispatch-restack-910/README.md
- docs/ROADMAP.md: evidence/assembler-capture-flags/summary.json
- docs/ROADMAP.md: evidence/game-of-life-timing/seal.json
- docs/ROADMAP.md: evidence/macos-ci-native-compiler/source-log.json
- docs/ROADMAP.md: evidence/macos-ci-native-compiler/hosted-transport-pass.json
- docs/ROADMAP.md: evidence/example-time-ffi/seal.json
- docs/ROADMAP.md: evidence/c-seed-comparison-grouping/seal.json
- docs/NANOISA_MIXED_SAMPLES_SOURCE.md: evidence/mixed-samples-source-first/manifest.json
- docs/NANOISA_MIXED_SAMPLES_SOURCE.md: evidence/mixed-samples-source-linux/manifest.json
- docs/NANOISA_MIXED_SAMPLES_SOURCE.md: evidence/mixed-samples-source-integration/manifest.json
- docs/NANOISA_MIXED_SAMPLES_SOURCE.md: evidence/mixed-samples-source-provider/manifest.json
- docs/NANOISA_MIXED_SAMPLES_SOURCE.md: evidence/mixed-samples-source-darwin/manifest.json
- docs/NANOISA_MIXED_SAMPLES_SOURCE.md: evidence/mixed-samples-source-authority/manifest.json
- docs/LINKER_INPUT_EVIDENCE.md: evidence/linux-gcc12-ld240-linker.json
- docs/COMPONENT_SHADOW_COMPLETION.md: evidence/component-shadow-completion/manifest.json
- docs/COMPONENT_SHADOW_COMPLETION.md: evidence/component-shadow-completion/trace-comparison.json
- docs/C_SEED_COMPARISON_GROUPING.md: evidence/c-seed-comparison-grouping/seal.json
- docs/RANGE_ARITY_PARITY.md: evidence/range-arity-parity.json
- docs/OWNED_MANAGED_PARENT_ACCEPTANCE_AUDIT.md: evidence/owned-array-overwrite/README.md
- docs/OWNED_MANAGED_PARENT_ACCEPTANCE_AUDIT.md: evidence/owned-array-mutation-final/README.md
- docs/OWNED_MANAGED_PARENT_ACCEPTANCE_AUDIT.md: evidence/mixed-samples-source-linux/manifest.json
- docs/OWNED_MANAGED_PARENT_ACCEPTANCE_AUDIT.md: evidence/mixed-samples-source-darwin/manifest.json
- docs/NATIVE_OPTIONAL_MAP_KEYS.md: evidence/native-optional-map-keys.json
- docs/RAW_CAST_U8_QUALIFICATION.md: evidence/raw-cast-u8/seal.json
- docs/NATIVE_REFERENCED_LABELS.md: evidence/native-referenced-labels.json
- docs/NANOISA_RECONSTRUCT_GENERIC_INTEGER.md: evidence/reconstruction-generic-integer.json
- docs/CANONICAL_COMPONENT_SHADOW_COMPLETION.md: evidence/canonical-component-shadows/selection.json
- docs/CANONICAL_COMPONENT_SHADOW_COMPLETION.md: evidence/canonical-component-shadows/manifest.json
- docs/CANONICAL_COMPONENT_SHADOW_COMPLETION.md: evidence/canonical-component-shadows/qualification.py
- docs/CANONICAL_COMPONENT_SHADOW_COMPLETION.md: evidence/canonical-component-shadows/capture-vm.py
- docs/evidence/product-acceptance-ece241ba.md: product-gates-ece241ba-prefix.json
- docs/evidence/product-acceptance-ece241ba.md: product-gates-ece241ba-complete.json
- docs/evidence/product-acceptance-ece241ba.md: product-acceptance-ece241ba-darwin.txt
- docs/evidence/file-binding-publisher.md: file-binding-publisher/report-sha256.json
- docs/evidence/file-binding-publisher.md: file-binding-publisher/artifact-index.json
- docs/evidence/file-indirect-flow.md: file-indirect-flow/report-sha256.json
- docs/evidence/file-indirect-flow.md: file-indirect-flow-integration.json
- docs/evidence/file-indirect-flow.md: file-indirect-flow-independent-review.json
- docs/evidence/binary64-bit-transport.md: binary64-bit-transport.json
- docs/evidence/reconstruction-f64-transport.md: reconstruction-f64-transport.json
- docs/evidence/legacy-signed-nan-format.md: legacy-signed-nan-format/
- docs/evidence/product-acceptance-e9a5f55f.md: product-quick-e9a5f55f-failed.log
- docs/evidence/product-acceptance-e9a5f55f.md: product-quick-e9a5f55f-failed.json
- docs/evidence/product-acceptance-e9a5f55f.md: product-vm-fixedpoint-e9a5f55f.json
- docs/evidence/product-acceptance-e9a5f55f.md: product-vm-fixedpoint-e9a5f55f-integrity.json
- docs/evidence/product-acceptance-e9a5f55f.md: product-native-fixedpoint-e9a5f55f.json
- docs/evidence/product-acceptance-e9a5f55f.md: product-native-fixedpoint-e9a5f55f-integrity.json
- docs/evidence/product-acceptance-e9a5f55f.md: product-e9a5f55f-installed-darwin-evidence.txt
- docs/evidence/product-acceptance-e9a5f55f.md: product-e9a5f55f-installed-darwin-test-quick.log
- docs/evidence/product-acceptance-e9a5f55f.md: product-e9a5f55f-installed-darwin-bootstrap.log
- docs/evidence/product-acceptance-e9a5f55f.md: product-e9a5f55f-installed-darwin-tools.log
- docs/evidence/managed-forward-records.md: managed-forward-records/report-sha256.json
- docs/evidence/managed-forward-records.md: managed-forward-records/qualification.json
- docs/evidence/token-value-bytes-integration.md: token-value-bytes-integration-identity.json
- docs/evidence/token-value-bytes-integration.md: token-value-bytes-integration/report-sha256.json
- docs/evidence/file-hosted-plan.md: file-hosted-plan/report-sha256.json
- docs/evidence/owned-array-origin-query.md: owned-array-origin-query.json
- docs/evidence/mixed-layout-view.md: mixed-layout-view/manifest.json
- docs/evidence/portable-read-wasm-restack-910.md: portable-read-wasm-restack-910.json
- docs/evidence/managed-native-embedding.md: managed-native-embedding/manifest.json
- docs/evidence/public-c-union-results.md: public-c-union-results.json
- docs/evidence/mixed-samples-linkargs-darwin.md: mixed-samples-linkargs-darwin/manifest.json
- docs/evidence/reconstruction-f64-negation.md: reconstruction-f64-negation.json
- docs/evidence/product-vm-fixedpoint-ae63b248.md: product-vm-fixedpoint-ae63b248.json
- docs/evidence/ownership-declaration-projection.md: ownership-declaration-projection/report-sha256.json
- docs/evidence/ownership-declaration-projection.md: ownership-declaration-projection-root-review.json
- docs/evidence/managed-native-embedding-darwin.md: managed-native-embedding-darwin/environment.json
- docs/evidence/managed-native-embedding-darwin.md: managed-native-embedding-darwin/runner.py
- docs/evidence/managed-native-embedding-darwin.md: managed-native-embedding-darwin/result.json
- docs/evidence/managed-native-embedding-darwin.md: managed-native-embedding-darwin/gate.log
- docs/evidence/managed-native-embedding-darwin.md: managed-native-embedding-darwin/manifest.json
- docs/evidence/managed-native-embedding-darwin.md: managed-native-embedding-darwin/artifacts.tar.gz
- docs/evidence/ordered-inline-owned-construction.md: ordered-inline-owned-construction/evidence-seal.json
- docs/evidence/private-layout.md: private-layout/report-sha256.json
- docs/evidence/private-layout.md: private-layout-independent-review.json
- docs/evidence/public-c-string-equality.md: public-c-string-equality.json
- docs/evidence/layout-private-symbols.md: layout-private-symbols/seal-sha256.json
- docs/evidence/vm-struct-new-allocation.md: vm-struct-new-allocation-artifacts.json
- docs/evidence/private-owned-array-runtime.md: private-owned-array-runtime.json
- docs/evidence/checker-metadata-ownership.md: checker-metadata-ownership/report-sha256.json
- docs/evidence/checker-metadata-ownership.md: checker-metadata-full/report-sha256.json
- docs/evidence/file-nominal-retention.md: file-nominal-retention/report-sha256.json
- docs/evidence/file-nominal-retention.md: file-nominal-retention/artifact-store.json
- docs/evidence/portable-read-wasm-current-integration.md: portable-read-wasm-integration.json
- docs/evidence/portable-read-wasm-current-integration.md: portable-read-wasm-current-integration/report-sha256.json
- docs/evidence/file-binding-plan.md: file-binding-plan/report-sha256.json
- docs/evidence/file-binding-plan.md: file-binding-plan/artifact-index.json
- docs/evidence/file-binding-plan.md: file-binding-plan-integration.json
- docs/evidence/mutation-builtin-identity.md: mutation-builtin-identity/manifest.json
- docs/evidence/product-acceptance-63c26ecd.md: product-gates-63c26ecd-initial.json
- docs/evidence/product-acceptance-63c26ecd.md: product-gates-63c26ecd-initial-focused.log
- docs/evidence/product-acceptance-63c26ecd.md: product-vm-fixedpoint-63c26ecd-manifest.json
- docs/evidence/product-acceptance-63c26ecd.md: product-vm-fixedpoint-63c26ecd-post-run-integrity.json
- docs/evidence/product-acceptance-63c26ecd.md: product-native-fixedpoint-63c26ecd-manifest.json
- docs/evidence/product-acceptance-63c26ecd.md: product-native-fixedpoint-63c26ecd-post-run-integrity.json
- docs/evidence/product-acceptance-63c26ecd.md: product-acceptance-ece241ba-darwin-corrected.txt
- docs/evidence/product-acceptance-63c26ecd.md: sail-rocq-f38b6409-evidence.txt
- docs/evidence/product-acceptance-63c26ecd.md: sail-rocq-f38b6409.log
- docs/evidence/product-acceptance-63c26ecd.md: product-quick-63c26ecd-failed.json
- docs/evidence/product-acceptance-63c26ecd.md: product-quick-63c26ecd-failed.log
- docs/evidence/product-acceptance-63c26ecd.md: product-quick-63c26ecd-post-failure-tools.json
- docs/evidence/product-acceptance-63c26ecd.md: product-63c26ecd-darwin-evidence.txt
- docs/evidence/product-acceptance-63c26ecd.md: product-borrow-qualified-63c26ecd.json
- docs/evidence/product-acceptance-63c26ecd.md: product-borrow-qualified-63c26ecd.log
- docs/evidence/nsi-file-plan.md: nsi-file-plan/report-sha256.json
- docs/evidence/canonical-emitter-setup.md: canonical-emitter-setup-measurement.json
- docs/evidence/owned-array-source-final.md: owned-array-source-final/report-sha256.json
- docs/evidence/owned-array-source-final.md: owned-array-source-final/ready-integration.json
- docs/evidence/ordinary-record-authority.md: ordinary-record-authority-artifacts.json
- docs/evidence/selfhost-native-array-slice.md: selfhost-native-array-slice/reports.sha256.json
- docs/evidence/named-scalar-callbacks.md: named-scalar-callbacks.json
- docs/evidence/file-opcode-encoding.md: file-opcode-encoding/report-sha256.json
- docs/evidence/file-opcode-encoding.md: file-opcode-encoding/artifact-index.json
- docs/evidence/file-opcode-encoding.md: file-opcode-encoding/inventory-pairs.json
- docs/evidence/passive-internal-cfg.md: passive-internal-cfg/report-sha256.json
- docs/evidence/passive-internal-cfg.md: passive-internal-cfg-independent-review.json
- docs/evidence/passive-internal-cfg.md: passive-internal-cfg-integration/summary.json
- docs/evidence/passive-internal-cfg.md: passive-internal-cfg-union-integration/summary.json
- docs/evidence/passive-internal-cfg.md: passive-internal-cfg-integration-review.json
- docs/evidence/passive-internal-cfg.md: passive-internal-cfg-union-integration-review.json
- docs/evidence/nested-owned-results-source.md: nested-owned-results-source.json
- docs/evidence/nested-owned-results-source.md: nested-owned-results-integrated.json
- docs/evidence/public-c-match-payloads.md: public-c-match-payloads.json
- docs/evidence/owned-array-operand-query.md: owned-array-operand-first.json
- docs/evidence/owned-array-operand-query.md: owned-array-operand-query.json
- docs/evidence/owned-array-layout-query.md: owned-array-layout-query.json
- docs/evidence/owned-array-layout-query.md: owned-array-layout-query-integration.json
- docs/evidence/file-private-native.md: file-private-native/report-sha256.json
- docs/evidence/file-private-native.md: file-private-native/artifact-archive.json
- docs/evidence/file-private-native.md: file-private-native-ready-integration.json
- docs/evidence/token-value-bytes.md: token-value-bytes/report-sha256.json
- docs/evidence/token-value-bytes.md: token-value-bytes/audit/acceptance-summary.json
- docs/evidence/token-value-bytes.md: token-value-bytes-independent-review.json
- docs/evidence/aggregate-binary64-policy.md: aggregate-binary64-policy/report-sha256.json
- docs/evidence/mixed-samples-composition.md: mixed-samples-composition/manifest.json
- docs/evidence/source-ledger-reconciliation.md: source-ledger-reconciliation/actual-merge-reconciliation.log
- docs/evidence/source-ledger-reconciliation.md: source-ledger-reconciliation/task-states.json
- docs/evidence/source-ledger-reconciliation.md: mixed-samples-source-linux/manifest.json
- docs/evidence/source-ledger-reconciliation.md: mixed-samples-source-darwin/manifest.json
- docs/evidence/source-ledger-reconciliation.md: mixed-samples-source-authority/manifest.json
- docs/evidence/source-ledger-reconciliation.md: source-ledger-reconciliation/product-evidence-reference.json
- docs/evidence/affine-private-variants.md: affine-private-variants/seal-sha256.json
- docs/evidence/owned-value-results.md: owned-result-lsan-current/report-sha256.json
- docs/evidence/binary64-arithmetic-backends.md: binary64-arithmetic-backends.json
- docs/evidence/forth-arithmetic.md: forth-arithmetic/seal.json
- docs/evidence/forth-arithmetic.md: forth-arithmetic/local-audit.json
- docs/evidence/owned-string-fields-source.md: owned-string-fields-source-first.json
- docs/evidence/owned-string-fields-source.md: owned-string-fields-source.json
- docs/evidence/owned-string-fields-source.md: owned-string-fields-integrated.json
- docs/evidence/emitted-array-binary64.md: emitted-array-binary64/report-sha256.json
- docs/evidence/record-array-origins.md: record-array-origins/seal-sha256.json
- docs/evidence/mixed-samples-runtime.md: mixed-samples-runtime/manifest.json
- docs/evidence/file-runtime-frames.md: file-runtime-frames/report-sha256.json
- docs/evidence/darwin-export-buffer-fixture.md: darwin-export-buffer-fixture/reports.sha256.json
- docs/evidence/opencl-buffer-identity.md: opencl-buffer-identity.json
- docs/evidence/source-transitive-owned-wrappers.md: source-transitive-owned-wrappers.json
- docs/evidence/source-transitive-owned-wrappers.md: source-transitive-owned-wrappers-integrated.json
- docs/evidence/owned-binary64.md: owned-binary64/reports.sha256
- docs/evidence/file-cyclic-public.md: file-cyclic-public/report-sha256.json
- docs/evidence/file-cyclic-public.md: file-cyclic-public-integration/report-sha256.json
- docs/evidence/file-cyclic-public.md: file-cyclic-public-root-audit.json
- docs/evidence/file-cyclic-public.md: file-cyclic-public-integration-root-review.json
- docs/evidence/metadata-current-boundaries.md: metadata-current-boundaries.json
- docs/evidence/owned-array-mutation-darwin.md: owned-array-mutation-darwin.json
- docs/evidence/owned-array-mutation-darwin.md: owned-array-mutation-darwin-ready.json
- docs/evidence/opencl-private-loader.md: opencl-loader-diagnosis/DIAGNOSIS.md
- docs/evidence/opencl-private-loader.md: opencl-private-loader/reports.json
- docs/evidence/opencl-private-loader.md: opencl-private-loader/artifacts.json
- docs/evidence/forth-demo-stack.md: forth-demo-stack/report-sha256.json
- docs/evidence/forth-demo-stack.md: forth-see-provider-closure/demo.log
- docs/evidence/portable-read-adapters.md: portable-read-adapters/report-sha256.json
- docs/evidence/public-c-literal-normalization.md: public-c-literal-normalization.json
- docs/evidence/file-host-grant.md: file-host-grant/report-sha256.json
- docs/evidence/file-host-grant.md: file-host-grant/acyclic-roadmap-reconciliation.json
- docs/evidence/reconstruction-f64-arithmetic.md: reconstruction-f64-arithmetic/report-sha256.json
- docs/evidence/checked-owner-selection.md: checked-owner-selection/reports.sha256
- docs/evidence/checked-owner-selection.md: checked-owner-selection/summary.json
- docs/evidence/canonical-match-guards.md: canonical-match-guards/ready-inputs.json
- docs/evidence/canonical-match-guards.md: canonical-match-guards/report-sha256.json
- docs/evidence/private-owned-array-true-switch.md: private-owned-array-true-switch.json
- docs/evidence/portable-read-query.md: portable-read-query/report-sha256.json
- docs/evidence/file-binding-publisher-restack-910.md: file-binding-publisher-restack-910.json
- docs/evidence/public-c-guarded-matches.md: public-c-guarded-matches.json
- docs/evidence/reference-transport-child-ownership.md: reference-transport-child-ownership/reports.sha256.json
- docs/evidence/file-cyclic-hosted.md: file-cyclic-hosted/report-sha256.json
- docs/evidence/file-cyclic-hosted.md: file-cyclic-hosted/qualification-summary.json
- docs/evidence/file-cyclic-hosted.md: file-cyclic-hosted/artifact-store.json
- docs/evidence/file-cyclic-hosted.md: file-cyclic-hosted/artifact-archive.json
- docs/evidence/file-cyclic-hosted.md: file-cyclic-hosted-integration/report-sha256.json
- docs/evidence/file-cyclic-hosted.md: file-cyclic-hosted-integration/ready-identity.json
- docs/evidence/file-private-vm.md: file-private-vm/report-sha256.json
- docs/evidence/managed-record-storage.md: managed-record-storage-artifacts.json
- docs/evidence/public-c-binary64.md: public-c-binary64.json
- docs/evidence/native-full-fixedpoint-host-owned.md: native-full-fixedpoint-host-owned.json
- docs/evidence/product-formal-ece241ba.md: product-formal-ece241ba.json
- docs/evidence/product-formal-ece241ba.md: product-formal-ece241ba-darwin.txt
- docs/evidence/product-formal-ece241ba.md: product-formal-ece241ba-darwin.log
- docs/evidence/local-file-service.md: local-file-service/report-sha256.json
- docs/evidence/service-admission-final.md: service-admission-final/seal-sha256.json
- docs/evidence/service-admission-final.md: service-admission-final-independent-audit.json
- docs/evidence/owned-array-source-linux.md: owned-array-source-linux/summary.json
- docs/evidence/owned-array-source-linux.md: owned-array-source-linux/report-sha256.json
- docs/evidence/darwin-managed-parser-core.md: darwin-managed-parser-core/reports.sha256.json
- docs/evidence/file-cyclic-query.md: file-cyclic-query/report-sha256.json
- docs/evidence/file-cyclic-query.md: file-cyclic-query/qualification-summary.json
- docs/evidence/file-cyclic-query.md: file-cyclic-query/artifact-store.json
- docs/evidence/file-code-preparation.md: file-code-preparation/report-sha256.json
- docs/evidence/file-code-preparation.md: file-code-preparation/artifact-index.json
- docs/evidence/file-code-preparation.md: file-code-preparation/inventory-pairs.json
- docs/evidence/file-code-preparation.md: file-code-preparation/integrated-artifact-index.json
- docs/evidence/mixed-counted-runtime.md: mixed-counted-runtime/seal-sha256.json
- docs/evidence/mixed-counted-runtime.md: mixed-counted-runtime/summary.json
- docs/evidence/private-socket-lifecycle.md: private-socket-lifecycle.json
- docs/evidence/file-nominal-private.md: file-nominal-private/report-sha256.json
- docs/evidence/token-value-bytes-union-integration.md: token-value-bytes-union-integration-identity.json
- docs/evidence/token-value-bytes-union-integration.md: token-value-bytes-union-integration/report-sha256.json
- docs/evidence/private-gpu-lifecycle.md: private-gpu-lifecycle.json
- docs/evidence/managed-record-field-origins.md: managed-record-field-origins/qualification.json
- docs/evidence/managed-record-field-origins.md: managed-record-field-origins/report-sha256.json
- docs/evidence/file-runtime-carrier.md: file-runtime-carrier/report-sha256.json
- docs/evidence/file-runtime-carrier.md: file-runtime-carrier/qualification-summary.json
- docs/evidence/file-runtime-carrier.md: file-runtime-carrier/artifact-store.json
- docs/evidence/owned-array-mutation-runtime.md: owned-array-mutation-runtime.json
- docs/evidence/reconstruction-feasibility-audit.md: reconstruction-feasibility-audit/original-task.json
- docs/evidence/reconstruction-feasibility-audit.md: reconstruction-feasibility-audit/report-sha256.json
- docs/evidence/native-c-literal-preprocessing.md: native-c-literal-preprocessing.json
- docs/evidence/service-module-retention.md: service-module-retention/report-sha256.json
- docs/evidence/owned-string-fields-runtime.md: owned-string-fields-runtime.json
- docs/evidence/owned-string-fields-runtime.md: owned-string-initialization-joins.json
- docs/evidence/binary64-arithmetic-source.md: binary64-arithmetic-source.json
- docs/evidence/public-c-nonfinite-format.md: public-c-nonfinite-format.json
- docs/evidence/service-bindings-codec.md: service-bindings-codec/report-sha256.json
- docs/evidence/reconstruction-f64-comparisons.md: reconstruction-f64-comparisons.json
- docs/evidence/forward-ordinary-authority.md: forward-ordinary-authority/reports.sha256.json
- docs/evidence/source-owned-string-print.md: source-owned-string-print/
- docs/evidence/managed-record-execution.md: managed-record-execution/report-sha256.json
- docs/evidence/managed-record-execution.md: managed-record-execution/qualification.json
- docs/evidence/nested-owned-results-runtime.md: nested-owned-results-runtime.json
- docs/evidence/public-c-darwin-policy.md: public-c-darwin-policy/
- docs/evidence/file-value-lifetimes.md: file-value-lifetimes/report-sha256.json
- docs/evidence/opencl-bounded-reconciliation.md: opencl-buffer-identity.json
- docs/evidence/mixed-samples-runtime-integration.md: mixed-samples-runtime-integration/manifest.json
- docs/evidence/file-service-parser-final.md: file-service-parser-final/report-sha256.json
- docs/evidence/file-service-parser-final.md: file-service-parser-final/artifact-index.json
- docs/evidence/file-service-parser-final.md: file-service-parser-final/seal-summary.json
- docs/evidence/public-c-concat.md: public-c-concat.json
- docs/evidence/nvm-v2-code-publication.md: nvm-v2-code-publication-linux.json
- docs/evidence/nvm-v2-code-publication.md: nvm-v2-code-publication-darwin.json
- docs/evidence/nvm-v2-code-publication.md: nvm-v2-code-publication-combined-linux.json
- docs/evidence/nvm-v2-code-publication.md: nvm-v2-code-publication-combined-darwin.json
- docs/evidence/file-public-admission.md: file-public-admission/report-sha256.json
- docs/evidence/file-public-admission.md: file-public-admission/qualification-summary.json
- docs/evidence/file-public-admission.md: file-public-admission/artifact-store.json
- docs/evidence/mixed-float-proof.md: mixed-float-proof/manifest.json
- docs/evidence/portable-read-wasm.md: portable-read-wasm/report-sha256.json
- docs/evidence/portable-read-wasm.md: portable-read-wasm/qualification-summary.json
- docs/evidence/portable-read-wasm.md: portable-read-wasm/qualified-inputs.json
- docs/evidence/managed-allocation-portability.md: managed-allocation-portability/
- docs/evidence/forth-string-output.md: forth-string-output/strings.fth
- docs/evidence/forth-string-output.md: forth-string-output/expected.bin
- docs/evidence/forth-string-output.md: forth-string-output/report-sha256.json
- docs/evidence/owned-array-authority-query.md: owned-array-authority-query.json
- docs/evidence/source-owned-temporary-arguments.md: source-owned-temporary-arguments/reports.sha256
- docs/evidence/record-array-execution-plan.md: record-array-execution-plan/seal-sha256.json
- docs/evidence/file-body-transfers.md: file-body-transfers/report-sha256.json
- docs/evidence/managed-string-final-acceptance.md: managed-string-final-acceptance/summary.json
- docs/evidence/managed-string-final-acceptance.md: managed-string-current-integration/summary.json
- docs/evidence/managed-string-final-acceptance.md: managed-string-current-integration/integration-identity.json
- docs/evidence/forth-see-provider-closure.md: forth-see-provider-closure/report-sha256.json
- docs/evidence/owned-array-public-activation.md: owned-array-public-activation.json
- docs/evidence/owned-array-public-activation.md: owned-array-public-compile-first.json
- docs/evidence/owned-array-public-activation.md: owned-array-public-serialization-first.json
- docs/evidence/owned-array-public-activation.md: owned-array-public-sidecars-first.json
- docs/evidence/owned-array-public-activation.md: owned-array-public-callable-first.json
- docs/evidence/owned-array-public-activation.md: owned-array-public-parameter-bounds.json
- docs/evidence/owned-array-public-activation.md: owned-array-public-integration-tool-first.json
- docs/evidence/owned-array-public-activation.md: owned-array-public-frozen.json
- docs/evidence/owned-array-public-activation.md: owned-array-public-ready.json
- docs/evidence/selfhost-source-short-circuit.md: selfhost-source-short-circuit/report-sha256.json
- docs/evidence/nvm-empty-code-append.md: nvm-empty-code-append/manifest.json
- docs/evidence/nvm-empty-code-append.md: nvm-empty-code-append/archive.json
- docs/evidence/mixed-proof-provider-closure.md: mixed-proof-provider-closure.json
- docs/evidence/file-source-descriptive-plan.md: file-source-descriptive-plan/report-sha256.json
- docs/evidence/file-source-descriptive-plan.md: file-source-descriptive-plan-integration/report-sha256.json
- docs/evidence/owned-array-bits-boundaries.md: owned-array-bits-first.json
- docs/evidence/owned-array-bits-boundaries.md: owned-array-bits-linux.json
- docs/evidence/owned-array-bits-boundaries.md: owned-array-bits-darwin.json
- docs/evidence/token-value-bytes-final-closure.md: token-value-bytes-final-closure-identity.json
- docs/evidence/token-value-bytes-final-closure.md: token-value-bytes-final-closure/report-sha256.json
- docs/evidence/token-value-bytes-final-closure.md: token-value-bytes-integrations-independent-review.json
- docs/evidence/original-scalar-callback-acceptance.md: original-scalar-callback-acceptance/original-task-scope.json
- docs/evidence/original-scalar-callback-acceptance.md: original-scalar-callback-acceptance/fresh_named_float_callbacks.nano
- docs/evidence/original-scalar-callback-acceptance.md: original-scalar-callback-acceptance/report-sha256.json
- docs/evidence/ordinary-array-authority.md: ordinary-array-authority-integration/summary.json
- docs/evidence/ordinary-array-authority.md: ordinary-array-passive-integration.json
- docs/evidence/ordinary-array-authority.md: ordinary-array-integration-independent-review.json
- docs/evidence/opencl-unload-attribution.md: opencl-unload-attribution/manifest.json
- docs/evidence/opencl-unload-attribution.md: opencl-loader-diagnosis/DIAGNOSIS.md
- docs/evidence/signed-nan-format.md: signed-nan-format/
- docs/evidence/binary64-arithmetic-helper.md: binary64-arithmetic-helper.json
- docs/evidence/nanovirt-match-binding-scope.md: nanovirt-match-binding-scope.json
- docs/evidence/record-array-execution-plan-integration.md: record-array-execution-plan-integration/seal-sha256.json
- docs/evidence/file-result-flow.md: file-result-flow/report-sha256.json
- docs/evidence/file-result-flow.md: file-result-flow/summary.json
- docs/evidence/product-acceptance-84e04f5d.md: product-vm-fixedpoint-84e04f5d.json
- docs/evidence/product-acceptance-84e04f5d.md: product-vm-fixedpoint-84e04f5d-integrity.json
- docs/evidence/product-acceptance-84e04f5d.md: product-native-fixedpoint-84e04f5d.json
- docs/evidence/product-acceptance-84e04f5d.md: product-native-fixedpoint-84e04f5d-integrity.json
- docs/evidence/managed-record-plan.md: managed-record-plan-artifacts.json
- docs/evidence/selfhost-extern-record-provenance.md: selfhost-extern-record-provenance/report-sha256.json
- docs/evidence/file-indirect-targets.md: file-indirect-targets/report-sha256.json
- docs/evidence/public-c-int-conversion.md: public-c-int-conversion.json
- docs/evidence/product-acceptance-2c2f6f52.md: product-vm-fixedpoint-2c2f6f52.json
- docs/evidence/product-acceptance-2c2f6f52.md: product-native-fixedpoint-2c2f6f52.json
- docs/evidence/file-indirect-hosted.md: file-indirect-hosted/report-sha256.json
- docs/evidence/file-indirect-hosted.md: file-indirect-hosted/artifact-store.json
- docs/evidence/file-indirect-hosted.md: file-indirect-hosted/qualification-summary.json
- docs/evidence/file-indirect-hosted.md: file-indirect-hosted-independent-review.json
- docs/evidence/file-indirect-hosted.md: file-indirect-hosted-integration/summary.json
- docs/evidence/file-indirect-hosted.md: file-indirect-hosted-passive-integration.json
- docs/evidence/file-indirect-hosted.md: file-indirect-hosted-integration-review.json

Total: 383
