Warning at line 175, column 9: Unused variable 'ignored'
Warning at line 2567, column 9: Unused variable 'rejected'
Warning at line 2731, column 9: Unused variable 'rejected'
Warning at line 2735, column 9: Unused variable 'rejected'
Warning at line 2742, column 13: Unused variable 'rejected'
Warning at line 2800, column 9: Unused variable 'rejected'
Warning at line 2804, column 9: Unused variable 'rejected'
Warning at line 2811, column 13: Unused variable 'rejected'
Warning at line 6417, column 17: Unused variable 'imported'
-- E024 UNDEFINED VARIABLE --- /var/folders/9z/xpmfgw8j09l4g6wwxrxtt97w0000gn/T/nano-canonical-match-guards-1gdyyyee/backstop-driver.nano
I cannot find a variable named `nisa_names`.

10|  set nisa_names ["x"]
     ^^^^^^^^^^
Hint: Check spelling or ensure the variable is in scope.
-- E024 UNDEFINED VARIABLE --- /var/folders/9z/xpmfgw8j09l4g6wwxrxtt97w0000gn/T/nano-canonical-match-guards-1gdyyyee/backstop-driver.nano
I cannot find a variable named `nisa_types`.

11|  set nisa_types ["int"]
     ^^^^^^^^^^
Hint: Check spelling or ensure the variable is in scope.
-- E024 UNDEFINED VARIABLE --- /var/folders/9z/xpmfgw8j09l4g6wwxrxtt97w0000gn/T/nano-canonical-match-guards-1gdyyyee/backstop-driver.nano
I cannot find a variable named `nisa_return_type`.

12|  set nisa_return_type "int"
     ^^^^^^^^^^^^^^^^
Hint: Check spelling or ensure the variable is in scope.
-- E024 UNDEFINED VARIABLE --- /var/folders/9z/xpmfgw8j09l4g6wwxrxtt97w0000gn/T/nano-canonical-match-guards-1gdyyyee/backstop-driver.nano
I cannot find a variable named `nisa_ok`.

16|  if (not nisa_ok) { return "" }
             ^^^^^^^
Hint: Check spelling or ensure the variable is in scope.
-- E001 TYPE MISMATCH --- /var/folders/9z/xpmfgw8j09l4g6wwxrxtt97w0000gn/T/nano-canonical-match-guards-1gdyyyee/backstop-driver.nano
`not` requires a bool operand.

16|  if (not nisa_ok) { return "" }
        ^
Hint: Convert the operand to bool before using not.
Warning at line 6, column 2: Unused variable 'reset'
Type checking failed
