test_assertion_drains_live_file (tests.test_service_lowering.ServiceLowering.test_assertion_drains_live_file) ... I finish native compilation in 0.954s
ok
test_failed_selected_shadow_drains_live_file (tests.test_service_lowering.ServiceLowering.test_failed_selected_shadow_drains_live_file) ... I finish native compilation in 0.454s
ok
test_helpers_loops_fields_and_result_values (tests.test_service_lowering.ServiceLowering.test_helpers_loops_fields_and_result_values) ... I finish native compilation in 2.930s
ok
test_limits_and_unimplemented_reference_calls_preserve_outputs (tests.test_service_lowering.ServiceLowering.test_limits_and_unimplemented_reference_calls_preserve_outputs) ... ok
test_nested_argument_borrows_keep_branch_state (tests.test_service_lowering.ServiceLowering.test_nested_argument_borrows_keep_branch_state) ... I finish native compilation in 1.405s
ok
test_qualified_reexported_helper (tests.test_service_lowering.ServiceLowering.test_qualified_reexported_helper) ... I finish native compilation in 0.578s
ok
test_short_circuit_skips_effects (tests.test_service_lowering.ServiceLowering.test_short_circuit_skips_effects) ... I finish native compilation in 0.369s
ok
test_terminal_operands_release_pending_values (tests.test_service_lowering.ServiceLowering.test_terminal_operands_release_pending_values) ... I finish native compilation in 0.702s
I finish native compilation in 0.590s
I finish native compilation in 0.495s
ok
test_unchanged_generated_binding_and_all_shadows (tests.test_service_lowering.ServiceLowering.test_unchanged_generated_binding_and_all_shadows) ... I finish native compilation in 8.300s
I finish native compilation in 8.510s
I finish native compilation in 8.304s
I finish native compilation in 8.381s
I finish native compilation in 8.182s
ok

----------------------------------------------------------------------
Ran 9 tests in 51.822s

OK
