I build independent File lowerer with producer 0.
test_shared_aliases_forwarding_and_loan_release (tests.test_service_lowering_nano.ServiceLoweringNano.test_shared_aliases_forwarding_and_loan_release) ... I finish native compilation in 11.642s
FAIL
test_shared_alias_assertion_cleanup (tests.test_service_lowering_nano.ServiceLoweringNano.test_shared_alias_assertion_cleanup) ... I finish native compilation in 10.153s
ok

======================================================================
FAIL: test_shared_aliases_forwarding_and_loan_release (tests.test_service_lowering_nano.ServiceLoweringNano.test_shared_aliases_forwarding_and_loan_release)
----------------------------------------------------------------------
Traceback (most recent call last):
  File "/Users/jordanh/Src/nanolang/tests/test_service_lowering.py", line 201, in test_shared_aliases_forwarding_and_loan_release
    self.check(fixture,expected=43)
    ~~~~~~~~~~^^^^^^^^^^^^^^^^^^^^^
  File "/Users/jordanh/Src/nanolang/tests/test_service_lowering_nano.py", line 86, in check
    self.assertEqual(re.search(pattern, actual).groups(), (str(status), str(expected)))
    ~~~~~~~~~~~~~~~~^^^^^^^^^^^^^^^^^^^^^^^^^^^^^^^^^^^^^^^^^^^^^^^^^^^^^^^^^^^^^^^^^^^
AssertionError: Tuples differ: ('0', '0') != ('0', '43')

First differing element 1:
'0'
'43'

- ('0', '0')
?        ^

+ ('0', '43')
?        ^^


----------------------------------------------------------------------
Ran 2 tests in 120.740s

FAILED (failures=1)
