test_allocation_failure_unwinds_callee_and_preserves_global_owner (tests.test_llvm_managed_strings.ManagedStrings.test_allocation_failure_unwinds_callee_and_preserves_global_owner) ... ok
test_callee_errors_unwind_all_frames_and_preserve_prior_global_writes (tests.test_llvm_managed_strings.ManagedStrings.test_callee_errors_unwind_all_frames_and_preserve_prior_global_writes) ... ok
test_content_aliases_branches_loop_and_nested_calls (tests.test_llvm_managed_strings.ManagedStrings.test_content_aliases_branches_loop_and_nested_calls) ... ok
test_dynamic_return_tag_errors_clean_explicit_and_implicit_frames (tests.test_llvm_managed_strings.ManagedStrings.test_dynamic_return_tag_errors_clean_explicit_and_implicit_frames) ... ok
test_global_ownership_reentry_initializer_and_terminal_disposal (tests.test_llvm_managed_strings.ManagedStrings.test_global_ownership_reentry_initializer_and_terminal_disposal) ... ok
test_managed_profile_preserves_numeric_tags_and_total_boundaries (tests.test_llvm_managed_strings.ManagedStrings.test_managed_profile_preserves_numeric_tags_and_total_boundaries) ... ok
test_native_byte_and_descriptor_allocation_failure_are_recoverable (tests.test_llvm_managed_strings.ManagedStrings.test_native_byte_and_descriptor_allocation_failure_are_recoverable) ... ok
test_substring_allocation_failure_and_type_error_cleanup (tests.test_llvm_managed_strings.ManagedStrings.test_substring_allocation_failure_and_type_error_cleanup) ... ok
test_substring_bytes_indices_aliases_and_reentry (tests.test_llvm_managed_strings.ManagedStrings.test_substring_bytes_indices_aliases_and_reentry) ... ok
test_unsupported_array_shape_and_reserved_entry_refusals_preserve_output (tests.test_llvm_managed_strings.ManagedStrings.test_unsupported_array_shape_and_reserved_entry_refusals_preserve_output) ... ok
test_wasm_memory_cap_failure_cleans_frames_and_reuses_storage (tests.test_llvm_managed_strings.ManagedStrings.test_wasm_memory_cap_failure_cleans_frames_and_reuses_storage) ... ok
test_decimal_bytes_limits_and_dynamic_aliases (tests.test_llvm_managed_decimal.ManagedDecimal.test_decimal_bytes_limits_and_dynamic_aliases) ... ok
test_globals_nonstrings_and_error_cleanup (tests.test_llvm_managed_decimal.ManagedDecimal.test_globals_nonstrings_and_error_cleanup) ... ok
test_allocation_failure_and_allocation_free_identity (tests.test_llvm_managed_format.ManagedFormat.test_allocation_failure_and_allocation_free_identity) ... ok
test_exact_scalar_bytes_and_string_owner_transfer (tests.test_llvm_managed_format.ManagedFormat.test_exact_scalar_bytes_and_string_owner_transfer) ... ok
test_float_instruction_and_signature_publication (tests.test_llvm_managed_format.ManagedFormat.test_float_instruction_and_signature_publication) ... ok
test_emitted_formatting_matches_vm_and_reference (tests.test_managed_binary64_format.Binary64Format.test_emitted_formatting_matches_vm_and_reference) ... ok
test_float_format_allocation_failure_recovers (tests.test_managed_binary64_format.Binary64Format.test_float_format_allocation_failure_recovers) ... ok
test_portable_core_matches_2077_reference_values (tests.test_managed_binary64_format.Binary64Format.test_portable_core_matches_2077_reference_values) ... FAIL

======================================================================
FAIL: test_portable_core_matches_2077_reference_values (tests.test_managed_binary64_format.Binary64Format.test_portable_core_matches_2077_reference_values)
----------------------------------------------------------------------
Traceback (most recent call last):
  File "/private/tmp/nanolang-managed-portability-darwin-2hf20nc9/source/tests/test_managed_binary64_format.py", line 80, in test_portable_core_matches_2077_reference_values
    self.run_cmd([exe])
    ~~~~~~~~~~~~^^^^^^^
  File "/private/tmp/nanolang-managed-portability-darwin-2hf20nc9/source/tests/test_llvm_managed_strings.py", line 24, in run_cmd
    self.assertEqual(p.returncode == 0, success, str(args)+'\n'+p.stdout+p.stderr)
    ~~~~~~~~~~~~~~~~^^^^^^^^^^^^^^^^^^^^^^^^^^^^^^^^^^^^^^^^^^^^^^^^^^^^^^^^^^^^^^
AssertionError: False != True : [PosixPath('/var/folders/9z/xpmfgw8j09l4g6wwxrxtt97w0000gn/T/nano-managed-emitted-zf5qjofh/core')]
reference failure 20028

=================================================================
==69947==ERROR: LeakSanitizer: detected memory leaks

Direct leak of 432 byte(s) in 1 object(s) allocated from:
    #0 0x000104e1140c in malloc+0x70 (libclang_rt.asan_osx_dynamic.dylib:arm64+0x5540c)
    #1 0x0001045d9370 in backend_allocate managed_strings.c:103
    #2 0x0001045d9370 in allocate managed_strings.c:115
    #3 0x0001045d9370 in publish_slot managed_strings.c:214
    #4 0x0001045dad4c in create_parts managed_strings.c:276
    #5 0x0001045e09ec in nms_create managed_strings.c:353
    #6 0x0001045e09ec in nms_format_binary64 managed_strings.c
    #7 0x0001045e09ec in nms_format_scalar managed_strings.c:860
    #8 0x0001045e862c in run core.c:7
    #9 0x0001045e88f4 in main core.c:17
    #10 0x00018e9804e0 in start+0x1b4c (dyld:arm64e+0x204e0)

Indirect leak of 5 byte(s) in 1 object(s) allocated from:
    #0 0x000104e1140c in malloc+0x70 (libclang_rt.asan_osx_dynamic.dylib:arm64+0x5540c)
    #1 0x0001045dace0 in backend_allocate managed_strings.c:103
    #2 0x0001045dace0 in allocate managed_strings.c:115
    #3 0x0001045dace0 in create_parts managed_strings.c:271
    #4 0x0001045e09ec in nms_create managed_strings.c:353
    #5 0x0001045e09ec in nms_format_binary64 managed_strings.c
    #6 0x0001045e09ec in nms_format_scalar managed_strings.c:860
    #7 0x0001045e862c in run core.c:7
    #8 0x0001045e88f4 in main core.c:17
    #9 0x00018e9804e0 in start+0x1b4c (dyld:arm64e+0x204e0)

SUMMARY: AddressSanitizer: 437 byte(s) leaked in 2 allocation(s).


----------------------------------------------------------------------
Ran 19 tests in 51.587s

FAILED (failures=1)
