___assert_rtn
___chkstk_darwin
___error
___memcpy_chk
___snprintf_chk
___stack_chk_fail
___stack_chk_guard
___stderrp
___stdoutp
___strcpy_chk
__exit
_atan2
_bzero
_chdir
_clock_gettime
_close
_cos
_dir_copy
_dup2
_dyn_array_get_array
_dyn_array_get_bool
_dyn_array_get_elem_type
_dyn_array_get_float
_dyn_array_get_int
_dyn_array_get_string
_dyn_array_get_struct
_dyn_array_get_u8
_dyn_array_length
_dyn_array_new
_dyn_array_push_array
_dyn_array_push_bool
_dyn_array_push_float
_dyn_array_push_int
_dyn_array_push_string
_dyn_array_push_struct
_dyn_array_push_u8
_exit
_fcntl
_fflush
_fgets
_file_copy
_file_read
_fork
_fprintf
_fputc
_fputs
_fs_mkdir_p
_gc_alloc_string
_get_argv
_getcwd
_getenv
_kill
_mach_absolute_time
_mach_timebase_info
_malloc
_memcpy
_mkdir
_mkstemp
_nanosleep
_nl_hashmap_string_int_alloc
_nl_hashmap_string_int_get
_nl_hashmap_string_int_has
_nl_hashmap_string_int_put
_nl_os_getenv
_path_basename
_path_dirname
_path_join
_path_normalize
_path_relpath
_pclose
_pipe
_popen$DARWIN_EXTSN
_pow
_printf
_read
_sin
_stat
_strchr
_strcmp
_strlen
_strnlen
_strstr
_strtoll
_system
_tan
_time
_waitpid
_write
