test_default_components_build_and_execute_nanoisa (tests.test_bootstrap_components.BootstrapComponents.test_default_components_build_and_execute_nanoisa) ... ok
test_failed_component_compile_or_entry_refuses_validation_stamp (tests.test_bootstrap_components.BootstrapComponents.test_failed_component_compile_or_entry_refuses_validation_stamp) ... ok
test_profile_uses_diagnostic_seed_and_propagates_failures (tests.test_bootstrap_components.BootstrapComponents.test_profile_uses_diagnostic_seed_and_propagates_failures) ... ok
test_real_emitter_driver_executes_in_vm_and_sanitized_native (tests.test_bootstrap_components.BootstrapComponents.test_real_emitter_driver_executes_in_vm_and_sanitized_native) ... FAIL

======================================================================
FAIL: test_real_emitter_driver_executes_in_vm_and_sanitized_native (tests.test_bootstrap_components.BootstrapComponents.test_real_emitter_driver_executes_in_vm_and_sanitized_native)
----------------------------------------------------------------------
Traceback (most recent call last):
  File "/private/tmp/nanolang-match-guards-20261009/tests/test_bootstrap_components.py", line 68, in test_real_emitter_driver_executes_in_vm_and_sanitized_native
    self.assertEqual(result.returncode, 0, result.stdout + result.stderr)
    ~~~~~~~~~~~~~~~~^^^^^^^^^^^^^^^^^^^^^^^^^^^^^^^^^^^^^^^^^^^^^^^^^^^^^
AssertionError: 1 != 0 : Warning at line 175, column 9: Unused variable 'ignored'
Warning at line 2567, column 9: Unused variable 'rejected'
Warning at line 2731, column 9: Unused variable 'rejected'
Warning at line 2735, column 9: Unused variable 'rejected'
Warning at line 2742, column 13: Unused variable 'rejected'
Warning at line 2800, column 9: Unused variable 'rejected'
Warning at line 2804, column 9: Unused variable 'rejected'
Warning at line 2811, column 13: Unused variable 'rejected'
Warning at line 6431, column 17: Unused variable 'imported'
Error: Failed to compile module std (fs.c)
I could not build foreign support for /private/tmp/nanolang-match-guards-20261009/modules/std/fs.nano


----------------------------------------------------------------------
Ran 4 tests in 2.173s

FAILED (failures=1)
