test_record_call_results_do_not_accumulate_hidden_stack_copies (tests.test_native_record_locals.NativeRecordLocals.test_record_call_results_do_not_accumulate_hidden_stack_copies) ... ok
test_record_tail_swap_preserves_owned_edges_and_array_aliases (tests.test_native_record_locals.NativeRecordLocals.test_record_tail_swap_preserves_owned_edges_and_array_aliases) ... ok
test_tail_restart_clears_record_locals_without_stack_literals (tests.test_native_record_locals.NativeRecordLocals.test_tail_restart_clears_record_locals_without_stack_literals) ... ok
test_wide_local_frames_preserve_recursive_values_with_small_static_stack (tests.test_native_record_locals.NativeRecordLocals.test_wide_local_frames_preserve_recursive_values_with_small_static_stack) ... ok
test_borrowed_handles_growth_and_escaped_copied_string (tests.test_native_aggregate_retention.NativeAggregateRetention.test_borrowed_handles_growth_and_escaped_copied_string) ... ok
test_caller_global_nested_and_returned_aliases (tests.test_native_aggregate_retention.NativeAggregateRetention.test_caller_global_nested_and_returned_aliases) ... ok
test_dead_aggregate_churn_without_maps_or_allocated_strings (tests.test_native_aggregate_retention.NativeAggregateRetention.test_dead_aggregate_churn_without_maps_or_allocated_strings) ... ok
test_self_tail_moves_two_array_arguments_simultaneously (tests.test_native_aggregate_retention.NativeAggregateRetention.test_self_tail_moves_two_array_arguments_simultaneously) ... ok
test_bad_receiver_and_value_tags (tests.test_native_map_globals.NativeMapGlobals.test_bad_receiver_and_value_tags) ... ok
test_distinct_maps_keep_identity_and_vm_ordering (tests.test_native_map_globals.NativeMapGlobals.test_distinct_maps_keep_identity_and_vm_ordering) ... ok
test_global_local_record_and_operand_roots_survive_collection (tests.test_native_map_globals.NativeMapGlobals.test_global_local_record_and_operand_roots_survive_collection) ... ok
test_initializer_alias_call_return_and_reassignment (tests.test_native_map_globals.NativeMapGlobals.test_initializer_alias_call_return_and_reassignment) ... ok
test_mixed_direct_and_tagged_callers (tests.test_native_map_globals.NativeMapGlobals.test_mixed_direct_and_tagged_callers) ... ok
test_accounting_rejects_wrap_and_underflow (tests.test_native_map_byte_debt.NativeMapByteDebt.test_accounting_rejects_wrap_and_underflow) ... ok
test_combined_string_map_and_record_debt_preserves_aliases (tests.test_native_map_byte_debt.NativeMapByteDebt.test_combined_string_map_and_record_debt_preserves_aliases) ... ok
test_copied_reads_batch_large_live_graph (tests.test_native_map_byte_debt.NativeMapByteDebt.test_copied_reads_batch_large_live_graph) ... ok
test_map_storage_growth_replacement_and_forced_release (tests.test_native_map_byte_debt.NativeMapByteDebt.test_map_storage_growth_replacement_and_forced_release) ... ok
test_small_map_debt_amortizes_over_retained_aggregates (tests.test_native_map_byte_debt.NativeMapByteDebt.test_small_map_debt_amortizes_over_retained_aggregates) ... ok
test_caller_owned_map (tests.test_native_map_lifetimes.NativeMapLifetimes.test_caller_owned_map) ... ok
test_mutable_array_roots_and_backward_conditional (tests.test_native_map_lifetimes.NativeMapLifetimes.test_mutable_array_roots_and_backward_conditional) ... ok
test_non_self_tail_unregisters_root_frame (tests.test_native_map_lifetimes.NativeMapLifetimes.test_non_self_tail_unregisters_root_frame) ... ok
test_reachable_values_and_bounded_churn (tests.test_native_map_lifetimes.NativeMapLifetimes.test_reachable_values_and_bounded_churn) ... ok
test_self_tail_reclamation (tests.test_native_map_lifetimes.NativeMapLifetimes.test_self_tail_reclamation) ... ok
test_call_safepoint_collects_without_backwards_branch (tests.test_native_string_retention.NativeStringRetention.test_call_safepoint_collects_without_backwards_branch) ... ok
test_growing_string_without_maps_has_bounded_retention (tests.test_native_string_retention.NativeStringRetention.test_growing_string_without_maps_has_bounded_retention) ... ok
test_reachable_aliases_across_calls_and_mutable_aggregates (tests.test_native_string_retention.NativeStringRetention.test_reachable_aliases_across_calls_and_mutable_aggregates) ... ok
test_self_tail_simultaneous_string_handoff (tests.test_native_string_retention.NativeStringRetention.test_self_tail_simultaneous_string_handoff) ... ok
test_borrowed_storage_growth_preserves_stack_owner (tests.test_native_record_growth.NativeRecordGrowth.test_borrowed_storage_growth_preserves_stack_owner) ... ok
test_growth_failure_preserves_existing_storage (tests.test_native_record_growth.NativeRecordGrowth.test_growth_failure_preserves_existing_storage) ... ok
test_growth_preserves_owned_strings_through_collection (tests.test_native_record_growth.NativeRecordGrowth.test_growth_preserves_owned_strings_through_collection) ... ok
test_growth_retains_handle_alias_and_values (tests.test_native_record_growth.NativeRecordGrowth.test_growth_retains_handle_alias_and_values) ... ok
test_array_map_and_projected_keys_preserve_aliases (tests.test_native_map_key_storage.NativeMapKeyStorage.test_array_map_and_projected_keys_preserve_aliases) ... ok
test_branch_and_call_keys (tests.test_native_map_key_storage.NativeMapKeyStorage.test_branch_and_call_keys) ... ok
test_known_nonstring_keys_preserve_previous_output (tests.test_native_map_key_storage.NativeMapKeyStorage.test_known_nonstring_keys_preserve_previous_output) ... ok
test_dynamic_or_conflicting_record_array_globals_are_refused (tests.test_native_record_array_globals.NativeRecordArrayGlobals.test_dynamic_or_conflicting_record_array_globals_are_refused) ... ok
test_empty_alias_nested_fields_overwrite_and_collection_match_vm (tests.test_native_record_array_globals.NativeRecordArrayGlobals.test_empty_alias_nested_fields_overwrite_and_collection_match_vm) ... ok

----------------------------------------------------------------------
Ran 36 tests in 65.617s

OK
aggregate_peak_bytes=66056
aggregate_peak_bytes=66056
aggregate_peak_bytes=66056
aggregate_peak_bytes=67016
aggregate_peak_bytes=66064
aggregate_peak_bytes=66056
aggregate_peak_bytes=66192
aggregate_peak_bytes=66192
aggregate_peak_bytes=66056
aggregate_peak_bytes=66056
aggregate_peak_bytes=66056
aggregate_peak_bytes=65928
aggregate_peak_bytes=66184
all families scans=1 visits=10004 retained=2097484 allocated=4196113
scans=0 visits=0 map_peak_bytes=230288
mixed scans=2 visits=20008 retained=2097504 allocated=4195016 peak=2097796
string_peak_bytes=65550
string_peak_bytes=84222
string_peak_bytes=65632
string_peak_bytes=65632
string_peak_bytes=65632
string_peak_bytes=65632
string_peak_bytes=65630
string_peak_bytes=65623
string_peak_bytes=65630
string_peak_bytes=65630
string_peak_bytes=65671
