test_branch_record_fields_survive_later_assignments (tests.test_one_ir_compiler.OneIrCompiler.test_branch_record_fields_survive_later_assignments) ... ok
test_declared_empty_array_returns_reach_native (tests.test_one_ir_compiler.OneIrCompiler.test_declared_empty_array_returns_reach_native) ... ok
test_declared_parameter_resolves_unused_packed_field (tests.test_one_ir_compiler.OneIrCompiler.test_declared_parameter_resolves_unused_packed_field) ... ok
test_declared_parameters_keep_observed_tags (tests.test_one_ir_compiler.OneIrCompiler.test_declared_parameters_keep_observed_tags) ... ok
test_generic_array_parameters_keep_runtime_tags (tests.test_one_ir_compiler.OneIrCompiler.test_generic_array_parameters_keep_runtime_tags) ... ok
test_global_discovery_rebuilds_optional_boolean_join_facts (tests.test_one_ir_compiler.OneIrCompiler.test_global_discovery_rebuilds_optional_boolean_join_facts) ... ok
test_incoming_main_record_shapes_execute (tests.test_one_ir_compiler.OneIrCompiler.test_incoming_main_record_shapes_execute) ... ok
test_integer_array_growth_owns_buffers_and_preserves_aliases (tests.test_one_ir_compiler.OneIrCompiler.test_integer_array_growth_owns_buffers_and_preserves_aliases) ... ok
test_legacy_string_from_char_alias_resolves_in_vm_and_aot (tests.test_one_ir_compiler.OneIrCompiler.test_legacy_string_from_char_alias_resolves_in_vm_and_aot) ... ok
test_module_artifact_adapter_snapshots_borrowed_results (tests.test_one_ir_compiler.OneIrCompiler.test_module_artifact_adapter_snapshots_borrowed_results) ... ok
test_nanoisa_artifact_contracts_remain_exact (tests.test_one_ir_compiler.OneIrCompiler.test_nanoisa_artifact_contracts_remain_exact) ... ok
test_nanoisa_artifact_strings_survive_later_facade_calls (tests.test_one_ir_compiler.OneIrCompiler.test_nanoisa_artifact_strings_survive_later_facade_calls) ... ok
test_nested_optional_returns_reach_native (tests.test_one_ir_compiler.OneIrCompiler.test_nested_optional_returns_reach_native) ... ok
test_nested_record_consumer_constrains_projection (tests.test_one_ir_compiler.OneIrCompiler.test_nested_record_consumer_constrains_projection) ... ok
test_nominal_constructor_scalar_evidence (tests.test_one_ir_compiler.OneIrCompiler.test_nominal_constructor_scalar_evidence) ... ok
test_owned_strings_preserve_escaped_values_and_cleanup (tests.test_one_ir_compiler.OneIrCompiler.test_owned_strings_preserve_escaped_values_and_cleanup) ... ok
test_projected_array_length_uses_runtime_storage_tag (tests.test_one_ir_compiler.OneIrCompiler.test_projected_array_length_uses_runtime_storage_tag) ... ok
test_projected_array_reads_constrain_container (tests.test_one_ir_compiler.OneIrCompiler.test_projected_array_reads_constrain_container) ... 
  test_projected_array_reads_constrain_container (tests.test_one_ir_compiler.OneIrCompiler.test_projected_array_reads_constrain_container) (reverse=False, tag='record') ... FAIL
  test_projected_array_reads_constrain_container (tests.test_one_ir_compiler.OneIrCompiler.test_projected_array_reads_constrain_container) (reverse=True, tag='record') ... FAIL
test_projected_optional_arguments (tests.test_one_ir_compiler.OneIrCompiler.test_projected_optional_arguments) ... ok
test_projected_record_arguments (tests.test_one_ir_compiler.OneIrCompiler.test_projected_record_arguments) ... ok
test_real_std_artifact_uses_host_runtime (tests.test_one_ir_compiler.OneIrCompiler.test_real_std_artifact_uses_host_runtime) ... ok
test_record_local_storage_joins (tests.test_one_ir_compiler.OneIrCompiler.test_record_local_storage_joins) ... ok
test_record_temporaries_have_scoped_heap_storage (tests.test_one_ir_compiler.OneIrCompiler.test_record_temporaries_have_scoped_heap_storage) ... ok
test_recursive_array_results_wait_for_tagged_element_storage (tests.test_one_ir_compiler.OneIrCompiler.test_recursive_array_results_wait_for_tagged_element_storage) ... ok
test_returned_native_values_release_owned_allocations (tests.test_one_ir_compiler.OneIrCompiler.test_returned_native_values_release_owned_allocations) ... ok
test_string_array_growth_owns_buffers_and_preserves_aliases (tests.test_one_ir_compiler.OneIrCompiler.test_string_array_growth_owns_buffers_and_preserves_aliases) ... ok
test_string_consumers_constrain_projected_local (tests.test_one_ir_compiler.OneIrCompiler.test_string_consumers_constrain_projected_local) ... ok
test_typed_i64_consumer_constrains_record_projection (tests.test_one_ir_compiler.OneIrCompiler.test_typed_i64_consumer_constrains_record_projection) ... ok
test_uncalled_functions_are_warning_clean_not_executed (tests.test_one_ir_compiler.OneIrCompiler.test_uncalled_functions_are_warning_clean_not_executed) ... ok
test_unconstrained_scalar_projection_preserves_tags (tests.test_one_ir_compiler.OneIrCompiler.test_unconstrained_scalar_projection_preserves_tags) ... ok
test_void_locals_preserve_tags_through_calls_and_tail_restarts (tests.test_one_ir_compiler.OneIrCompiler.test_void_locals_preserve_tags_through_calls_and_tail_restarts) ... ok
test_growing_aliased_graph_has_bounded_lookup_work (tests.test_native_root_scaling.NativeRootScaling.test_growing_aliased_graph_has_bounded_lookup_work) ... ok
test_allocation_free_loops_and_new_owner_debt (tests.test_native_collection_debt.NativeCollectionDebt.test_allocation_free_loops_and_new_owner_debt) ... ok
test_forced_drops_and_current_mutable_edges (tests.test_native_collection_debt.NativeCollectionDebt.test_forced_drops_and_current_mutable_edges) ... ok
test_accounting_rejects_wrap_and_underflow (tests.test_native_map_byte_debt.NativeMapByteDebt.test_accounting_rejects_wrap_and_underflow) ... ok
test_copied_reads_batch_large_live_graph (tests.test_native_map_byte_debt.NativeMapByteDebt.test_copied_reads_batch_large_live_graph) ... ok
test_map_storage_growth_replacement_and_forced_release (tests.test_native_map_byte_debt.NativeMapByteDebt.test_map_storage_growth_replacement_and_forced_release) ... ok
test_call_safepoint_collects_without_backwards_branch (tests.test_native_string_retention.NativeStringRetention.test_call_safepoint_collects_without_backwards_branch) ... ok
test_growing_string_without_maps_has_bounded_retention (tests.test_native_string_retention.NativeStringRetention.test_growing_string_without_maps_has_bounded_retention) ... ok
test_reachable_aliases_across_calls_and_mutable_aggregates (tests.test_native_string_retention.NativeStringRetention.test_reachable_aliases_across_calls_and_mutable_aggregates) ... ok
test_self_tail_simultaneous_string_handoff (tests.test_native_string_retention.NativeStringRetention.test_self_tail_simultaneous_string_handoff) ... ok
test_argv_environment_copies_without_allocating_string_opcodes (tests.test_native_host_strings.NativeHostStrings.test_argv_environment_copies_without_allocating_string_opcodes) ... ok
test_builtin_file_capture_and_temp_results (tests.test_native_host_strings.NativeHostStrings.test_builtin_file_capture_and_temp_results) ... ok
test_builtin_normalize_churn (tests.test_native_host_strings.NativeHostStrings.test_builtin_normalize_churn) ... ok
test_snapshot_copies_borrowed_facade_and_preserves_literal_artifact (tests.test_native_host_strings.NativeHostStrings.test_snapshot_copies_borrowed_facade_and_preserves_literal_artifact) ... ok
test_borrowed_handles_growth_and_escaped_copied_string (tests.test_native_aggregate_retention.NativeAggregateRetention.test_borrowed_handles_growth_and_escaped_copied_string) ... ok
test_caller_global_nested_and_returned_aliases (tests.test_native_aggregate_retention.NativeAggregateRetention.test_caller_global_nested_and_returned_aliases) ... ok
test_dead_aggregate_churn_without_maps_or_allocated_strings (tests.test_native_aggregate_retention.NativeAggregateRetention.test_dead_aggregate_churn_without_maps_or_allocated_strings) ... ok
test_self_tail_moves_two_array_arguments_simultaneously (tests.test_native_aggregate_retention.NativeAggregateRetention.test_self_tail_moves_two_array_arguments_simultaneously) ... ok
test_borrowed_storage_growth_preserves_stack_owner (tests.test_native_record_growth.NativeRecordGrowth.test_borrowed_storage_growth_preserves_stack_owner) ... ok
test_growth_failure_preserves_existing_storage (tests.test_native_record_growth.NativeRecordGrowth.test_growth_failure_preserves_existing_storage) ... ok
test_growth_preserves_owned_strings_through_collection (tests.test_native_record_growth.NativeRecordGrowth.test_growth_preserves_owned_strings_through_collection) ... ok
test_growth_retains_handle_alias_and_values (tests.test_native_record_growth.NativeRecordGrowth.test_growth_retains_handle_alias_and_values) ... ok
test_record_tail_swap_preserves_owned_edges_and_array_aliases (tests.test_native_record_locals.NativeRecordLocals.test_record_tail_swap_preserves_owned_edges_and_array_aliases) ... ok
test_wide_local_frames_preserve_recursive_values_with_small_static_stack (tests.test_native_record_locals.NativeRecordLocals.test_wide_local_frames_preserve_recursive_values_with_small_static_stack) ... ok
test_caller_owned_map (tests.test_native_map_lifetimes.NativeMapLifetimes.test_caller_owned_map) ... ok
test_mutable_array_roots_and_backward_conditional (tests.test_native_map_lifetimes.NativeMapLifetimes.test_mutable_array_roots_and_backward_conditional) ... ok
test_non_self_tail_unregisters_root_frame (tests.test_native_map_lifetimes.NativeMapLifetimes.test_non_self_tail_unregisters_root_frame) ... ok
test_reachable_values_and_bounded_churn (tests.test_native_map_lifetimes.NativeMapLifetimes.test_reachable_values_and_bounded_churn) ... ok
test_self_tail_reclamation (tests.test_native_map_lifetimes.NativeMapLifetimes.test_self_tail_reclamation) ... ok
test_bad_receiver_and_value_tags (tests.test_native_map_globals.NativeMapGlobals.test_bad_receiver_and_value_tags) ... ok
test_distinct_maps_keep_identity_and_vm_ordering (tests.test_native_map_globals.NativeMapGlobals.test_distinct_maps_keep_identity_and_vm_ordering) ... ok
test_global_local_record_and_operand_roots_survive_collection (tests.test_native_map_globals.NativeMapGlobals.test_global_local_record_and_operand_roots_survive_collection) ... ok
test_initializer_alias_call_return_and_reassignment (tests.test_native_map_globals.NativeMapGlobals.test_initializer_alias_call_return_and_reassignment) ... ok
test_mixed_direct_and_tagged_callers (tests.test_native_map_globals.NativeMapGlobals.test_mixed_direct_and_tagged_callers) ... ok
test_dynamic_or_conflicting_record_array_globals_are_refused (tests.test_native_record_array_globals.NativeRecordArrayGlobals.test_dynamic_or_conflicting_record_array_globals_are_refused) ... ok
test_empty_alias_nested_fields_overwrite_and_collection_match_vm (tests.test_native_record_array_globals.NativeRecordArrayGlobals.test_empty_alias_nested_fields_overwrite_and_collection_match_vm) ... ok
test_backward_widening_remains_explicitly_refused (tests.test_native_string_joins.NativeStringJoins.test_backward_widening_remains_explicitly_refused) ... ok
test_conditional_edge_does_not_rewrite_fallthrough_stack (tests.test_native_string_joins.NativeStringJoins.test_conditional_edge_does_not_rewrite_fallthrough_stack) ... ok
test_direct_and_tagged_boolean_join_preserves_missing_tag (tests.test_native_string_joins.NativeStringJoins.test_direct_and_tagged_boolean_join_preserves_missing_tag) ... ok
test_join_preserves_string_payload_through_return (tests.test_native_string_joins.NativeStringJoins.test_join_preserves_string_payload_through_return) ... ok
test_string_and_missing_branches_preserve_tags_and_roots (tests.test_native_string_joins.NativeStringJoins.test_string_and_missing_branches_preserve_tags_and_roots) ... ok
test_tagged_boolean_short_circuit_preserves_both_edges (tests.test_native_string_joins.NativeStringJoins.test_tagged_boolean_short_circuit_preserves_both_edges) ... ok
test_ambiguous_or_unsupported_invocations (tests.test_nanovm_guest_args.GuestArguments.test_ambiguous_or_unsupported_invocations) ... ok
test_bytecode_emitter_driver (tests.test_nanovm_guest_args.GuestArguments.test_bytecode_emitter_driver) ... ok
test_compiler_flags_and_empty_argument (tests.test_nanovm_guest_args.GuestArguments.test_compiler_flags_and_empty_argument) ... ok
test_no_guest_arguments (tests.test_nanovm_guest_args.GuestArguments.test_no_guest_arguments) ... ok
test_vm_options_are_not_guest_arguments (tests.test_nanovm_guest_args.GuestArguments.test_vm_options_are_not_guest_arguments) ... ok

======================================================================
FAIL: test_projected_array_reads_constrain_container (tests.test_one_ir_compiler.OneIrCompiler.test_projected_array_reads_constrain_container) (reverse=False, tag='record')
----------------------------------------------------------------------
Traceback (most recent call last):
  File "/Users/jordanh/Src/nanolang/tests/test_one_ir_compiler.py", line 947, in test_projected_array_reads_constrain_container
    self.run_checked([ROOT / "bin/nvm2c", module, "-o", source])
    ~~~~~~~~~~~~~~~~^^^^^^^^^^^^^^^^^^^^^^^^^^^^^^^^^^^^^^^^^^^^
  File "/Users/jordanh/Src/nanolang/tests/test_one_ir_compiler.py", line 112, in run_checked
    self.assertEqual(process.returncode, 0,
    ~~~~~~~~~~~~~~~~^^^^^^^^^^^^^^^^^^^^^^^
                     f"I failed {args[0]}\n" + (stdout + stderr).decode(errors="replace")[-6000:])
                     ^^^^^^^^^^^^^^^^^^^^^^^^^^^^^^^^^^^^^^^^^^^^^^^^^^^^^^^^^^^^^^^^^^^^^^^^^^^^^
AssertionError: 1 != 0 : I failed /Users/jordanh/Src/nanolang/bin/nvm2c
I cannot translate '/var/folders/9z/xpmfgw8j09l4g6wwxrxtt97w0000gn/T/nano-array-consumer-hee__jg4/input.nvm': AGG_GET: expected record value


======================================================================
FAIL: test_projected_array_reads_constrain_container (tests.test_one_ir_compiler.OneIrCompiler.test_projected_array_reads_constrain_container) (reverse=True, tag='record')
----------------------------------------------------------------------
Traceback (most recent call last):
  File "/Users/jordanh/Src/nanolang/tests/test_one_ir_compiler.py", line 947, in test_projected_array_reads_constrain_container
    self.run_checked([ROOT / "bin/nvm2c", module, "-o", source])
    ~~~~~~~~~~~~~~~~^^^^^^^^^^^^^^^^^^^^^^^^^^^^^^^^^^^^^^^^^^^^
  File "/Users/jordanh/Src/nanolang/tests/test_one_ir_compiler.py", line 112, in run_checked
    self.assertEqual(process.returncode, 0,
    ~~~~~~~~~~~~~~~~^^^^^^^^^^^^^^^^^^^^^^^
                     f"I failed {args[0]}\n" + (stdout + stderr).decode(errors="replace")[-6000:])
                     ^^^^^^^^^^^^^^^^^^^^^^^^^^^^^^^^^^^^^^^^^^^^^^^^^^^^^^^^^^^^^^^^^^^^^^^^^^^^^
AssertionError: 1 != 0 : I failed /Users/jordanh/Src/nanolang/bin/nvm2c
I cannot translate '/var/folders/9z/xpmfgw8j09l4g6wwxrxtt97w0000gn/T/nano-array-consumer-7q5p1x0r/input.nvm': AGG_GET: expected record value


----------------------------------------------------------------------
Ran 78 tests in 109.374s

FAILED (failures=2)
roots=1024 comparisons=4431 seconds=0.000156
roots=2048 comparisons=8708 seconds=0.000147
roots=4096 comparisons=17693 seconds=0.000299
scans=0 peak=3
scans=3 visits=30012 map_peak_bytes=65838
string_peak_bytes=65550
string_peak_bytes=84222
string_peak_bytes=65632
string_peak_bytes=65632
string_peak_bytes=65632
string_peak_bytes=65632
string_peak_bytes=65632
string_peak_bytes=65632
string_peak_bytes=65632
string_peak_bytes=65632
string_peak_bytes=65671
aggregate_peak_bytes=66056
aggregate_peak_bytes=66056
aggregate_peak_bytes=66056
aggregate_peak_bytes=67016
aggregate_peak_bytes=66064
aggregate_peak_bytes=66056
aggregate_peak_bytes=66192
aggregate_peak_bytes=66192
aggregate_peak_bytes=66056
aggregate_peak_bytes=66056
aggregate_peak_bytes=66056
aggregate_peak_bytes=65928
aggregate_peak_bytes=66184
