.
----------------------------------------------------------------------
Ran 1 test in 0.002s

OK
cc -Wall -Wextra -Werror -std=c99 -g -O3 -ftree-vectorize -fPIC -Isrc -D_GNU_SOURCE -I'/Applications/Xcode.app/Contents/Developer/Platforms/MacOSX.platform/Developer/SDKs/MacOSX27.0.sdk/usr/include/ffi' -I/opt/homebrew/Cellar/openssl@3/3.6.4/include -Isrc/nanoisa -o obj/test_nvm2c_shape \
		tests/nanoisa/test_nvm2c_shape.c src/nanoisa/nvm2c_shape.c
.I verified fresh ASan/UBSan translator and shape objects.
I verified fresh ASan/UBSan translator and shape objects.
.I did not find ASan and UBSan instrumentation in nvm2c.o
I did not find ASan and UBSan instrumentation in nvm2c.o
I did not find ASan and UBSan instrumentation in nvm2c.o
.
----------------------------------------------------------------------
Ran 3 tests in 0.006s

OK
Shape constraints: 1448 passed, 0 failed
Running nvm2c structured-C tests...
cc -Wall -Wextra -Werror -std=c99 -g -O3 -ftree-vectorize -fPIC -Isrc -D_GNU_SOURCE -I'/Applications/Xcode.app/Contents/Developer/Platforms/MacOSX.platform/Developer/SDKs/MacOSX27.0.sdk/usr/include/ffi' -I/opt/homebrew/Cellar/openssl@3/3.6.4/include -Isrc/nanoisa -Imodules/nanoisa -o tests/nanoisa/test_nvm2c \
		tests/nanoisa/test_nvm2c.c obj/nanoisa/file_flow.o obj/nanoisa/service_file_nominal.o obj/nanoisa/service_file_nominal_plan.o obj/nanoisa/service_bindings.o obj/nanoisa/service_bindings_module.o obj/nanoisa/mixed_float_proof.o obj/nanoisa/managed_array_shapes.o obj/nanoisa/local_bindings.o obj/nanoisa/affine_bytecode.o obj/nanoisa/affine_state.o obj/nanoisa/ownership_contracts.o obj/nanoisa/retained_layouts.o obj/nanoisa/reference_places.o obj/nanoisa/passive.o obj/nanoisa/isa.o obj/nanoisa/verifier_types.o obj/nanoisa/nvm_format.o obj/nanoisa/nvm_format_v2.o obj/nanoisa/nvm_v2_cursor.o obj/nanoisa/nvm_v2_constants.o obj/nanoisa/nvm_v2_signatures.o obj/nanoisa/nvm_v2_layouts.o obj/nanoisa/nvm_v2_functions.o obj/nanoisa/nvm_v2_imports.o obj/nanoisa/nvm_v2_module.o obj/nanoisa/nvm_v2_convert.o obj/nanoisa/assembler.o obj/nanoisa/disassembler.o obj/nanoisa/verifier.o obj/nanoisa/nvm2c.o obj/nanoisa/nvm2c_shape.o obj/nanoisa/frontend.o obj/nanoisa/nanoisa_facade.o obj/nanovm/vm_decode.o obj/nanovm/vm_dispatch.o obj/nsi_file_plan.o obj/utf8.o -lm -lcrypto -lffi -L/opt/homebrew/Cellar/openssl@3/3.6.4/lib
I stopped at a native invariant in nvalue_require_string at generated C line 646.
I stopped at a native invariant in nvalue_require_string at generated C line 646.
I stopped at a native invariant in nvalue_require_string at generated C line 646.
I stopped at a native invariant in nvalue_require_string at generated C line 646.
I stopped at a native invariant in nvalue_require_string at generated C line 646.
I stopped at a native invariant in nvalue_require_string at generated C line 646.
I stopped at a native invariant in nvalue_require_string at generated C line 646.
I stopped at a native invariant in nvalue_require_string at generated C line 646.
I stopped at a native invariant in nvalue_require_string at generated C line 646.
I stopped at a native invariant in nvalue_require_string at generated C line 646.
I stopped at a native invariant in nvalue_require_string at generated C line 646.
I stopped at a native invariant in nvalue_require_string at generated C line 646.
I stopped at a native invariant in nvalue_require_string at generated C line 646.
I stopped at a native invariant in nvalue_require_string at generated C line 646.
I stopped at a native invariant in nvalue_require_string at generated C line 646.
I stopped at a native invariant in nvalue_require_string at generated C line 646.
I stopped at a native invariant in nvalue_require_string at generated C line 646.
I stopped at a native invariant in nvalue_require_string at generated C line 646.
I stopped at a native invariant in nvalue_require_string at generated C line 646.
I stopped at a native invariant in nvalue_require_string at generated C line 646.
I stopped at a native invariant in nvalue_require_string at generated C line 646.
I stopped at a native invariant in nvalue_require_string at generated C line 646.
I stopped at a native invariant in nvalue_require_string at generated C line 646.
I stopped at a native invariant in nvalue_require_string at generated C line 646.
I stopped at a native invariant in nvalue_require_bool at generated C line 627.
I stopped at a native invariant in nvalue_require_bool at generated C line 627.
I stopped at a native invariant in nvalue_require_string at generated C line 591.
I stopped at a native invariant in nvalue_require_string at generated C line 591.
I stopped at a native invariant in nvalue_require_string at generated C line 591.
I stopped at a native invariant in nvalue_require_string at generated C line 591.
I stopped at a native invariant in nvalue_require_string at generated C line 591.
I stopped at a native invariant in nvalue_require_string at generated C line 591.
I stopped at a native invariant in nvalue_require_int at generated C line 624.
I stopped at a native invariant in nvalue_require_int at generated C line 624.
I stopped at a native invariant in nvalue_require_int at generated C line 624.
I stopped at a native invariant in nvalue_require_int at generated C line 624.
I stopped at a native invariant in nvalue_require_int at generated C line 624.
I stopped at a native invariant in nvalue_require_int at generated C line 624.
I stopped at a native invariant in nl___init__ at generated C line 103.
I stopped at a native invariant in nl_main at generated C line 917.
I stopped at a native invariant in nl_main at generated C line 917.
I stopped at a native invariant in nl_main at generated C line 917.
I stopped at a native invariant in nl_main at generated C line 941.
I stopped at a native invariant in nl_main at generated C line 941.
I stopped at a native invariant in nl_main at generated C line 941.
I stopped at a native invariant in nl_main at generated C line 963.
I stopped at a native invariant in nl_main at generated C line 963.
I stopped at a native invariant in nl_main at generated C line 963.
I stopped at a native invariant in nl_main at generated C line 949.
I stopped at a native invariant in nvalue_require_int at generated C line 575.
I stopped at a native invariant in nl_main at generated C line 846.
I stopped at a native invariant in nl_main at generated C line 846.
I stopped at a native invariant in nl_main at generated C line 846.
I stopped at a native invariant in nl_main at generated C line 906.
I stopped at a native invariant in nhost_walk_0 at generated C line 742.
I stopped at a native invariant in nhost_walk_0 at generated C line 726.
I stopped at a native invariant in nhost_walk_0 at generated C line 728.
I stopped at a native invariant in nhost_walk_0 at generated C line 731.
I stopped at a native invariant in nvalue_require_int at generated C line 623.
I stopped at a native invariant in nvalue_require_int at generated C line 623.
I stopped at a native invariant in nvalue_require_int at generated C line 623.
I stopped at a native invariant in nl_update at generated C line 926.
I stopped at a native invariant in nl_update at generated C line 926.
I stopped at a native invariant in nvalue_array_len at generated C line 880.
I stopped at a native invariant in nvalue_array_len at generated C line 880.
I stopped at a native invariant in nvalue_array_len at generated C line 880.
I stopped at a native invariant in nvalue_require_int at generated C line 675.
I stopped at a native invariant in nl_prove at generated C line 59.
I stopped at a native invariant in nvalue_array_len at generated C line 800.
I stopped at a native invariant in nl_main at generated C line 898.
I stopped at a native invariant in nvalue_require_int at generated C line 623.
I stopped at a native invariant in nvalue_require_int at generated C line 623.
I stopped at a native invariant in nvalue_require_int at generated C line 623.
I stopped at a native invariant in nvalue_require_int at generated C line 623.
I stopped at a native invariant in nvalue_require_int at generated C line 623.
I stopped at a native invariant in nvalue_require_int at generated C line 623.
I stopped at a native invariant in nvalue_require_int at generated C line 623.
I stopped at a native invariant in nvalue_require_int at generated C line 623.
I stopped at a native invariant in nvalue_require_int at generated C line 623.
I stopped at a native invariant in nvalue_require_int at generated C line 638.
I stopped at a native invariant in nvalue_require_int at generated C line 638.
I stopped at a native invariant in nvalue_require_int at generated C line 638.
I stopped at a native invariant in nvalue_require_int at generated C line 675.
I stopped at a native invariant in nvalue_array_len at generated C line 800.
I stopped at a native invariant in nvalue_array_len at generated C line 800.
I stopped at a native invariant in nvalue_array_set at generated C line 877.
I stopped at a native invariant in nvalue_array_set at generated C line 877.
I stopped at a native invariant in nvalue_array_set at generated C line 877.
I stopped at a native invariant in nvalue_array_set at generated C line 877.
I stopped at a native invariant in nvalue_array_set at generated C line 877.
I stopped at a native invariant in nvalue_array_set at generated C line 877.
I stopped at a native invariant in nvalue_array_set at generated C line 877.
I stopped at a native invariant in nvalue_array_set at generated C line 877.
I stopped at a native invariant in nvalue_array_set at generated C line 877.
I stopped at a native invariant in nvalue_array_set at generated C line 877.
I stopped at a native invariant in nvalue_array_set at generated C line 877.
I stopped at a native invariant in nvalue_array_set at generated C line 877.
I stopped at a native invariant in nvalue_array_set at generated C line 901.
I stopped at a native invariant in nvalue_array_set at generated C line 901.
I stopped at a native invariant in nvalue_array_set at generated C line 901.
I stopped at a native invariant in nvalue_array_set at generated C line 901.
I stopped at a native invariant in nvalue_array_set at generated C line 901.
I stopped at a native invariant in nvalue_array_set at generated C line 901.
I stopped at a native invariant in nvalue_require_int at generated C line 575.
I stopped at a native invariant in nvalue_require_bool at generated C line 579.
I stopped at a native invariant in nvalue_require_string at generated C line 583.
I stopped at a native invariant in nvalue_require_int at generated C line 575.
I stopped at a native invariant in nvalue_require_int at generated C line 575.
I stopped at a native invariant in nvalue_require_string at generated C line 583.
I stopped at a native invariant in nvalue_require_string at generated C line 583.
I stopped at a native invariant in nvalue_require_bool at generated C line 579.
I stopped at a native invariant in nvalue_require_bool at generated C line 579.
I stopped at a native invariant in nvalue_require_bool at generated C line 579.
I stopped at a native invariant in nvalue_require_string at generated C line 599.
I stopped at a native invariant in nvalue_require_string at generated C line 599.
I stopped at a native invariant in nvalue_require_string at generated C line 599.
I stopped at a native invariant in nvalue_require_string at generated C line 636.
I stopped at a native invariant in nvalue_require_string at generated C line 599.
I stopped at a native invariant in nl_main at generated C line 830.
I stopped at a native invariant in nvalue_require_string at generated C line 583.
I stopped at a native invariant in nvalue_require_bool at generated C line 579.
I stopped at a native invariant in nvalue_require_bool at generated C line 579.
I stopped at a native invariant in nvalue_require_bool at generated C line 579.
I stopped at a native invariant in nvalue_require_int at generated C line 575.
I stopped at a native invariant in nl_main at generated C line 865.

[nvm2c] structured C11 from NanoISA...


=== 2431 passed, 0 failed ===
