/opt/homebrew/opt/llvm/bin/clang -Wall -Wextra -Werror -std=c99 -g -O3 -ftree-vectorize -fPIC -Isrc -D_GNU_SOURCE -I'/Applications/Xcode.app/Contents/Developer/Platforms/MacOSX.platform/Developer/SDKs/MacOSX27.0.sdk/usr/include/ffi' -I/opt/homebrew/Cellar/openssl@3/3.6.5/include -o obj/test_service_lowering tests/test_service_lowering.c src/service_lowering.c obj/lexer.o obj/parser.o obj/typechecker.o obj/transpiler.o obj/stdlib_runtime.o obj/env.o obj/builtins_registry.o obj/module.o obj/module_metadata.o obj/cJSON.o obj/toon_output.o obj/module_builder.o obj/resource_tracking.o obj/eval.o obj/eval/eval_hashmap.o obj/eval/eval_math.o obj/eval/eval_string.o obj/eval/eval_io.o obj/interpreter_ffi.o obj/json_diagnostics.o obj/reflection.o obj/nanocore_subset.o obj/nanocore_export.o obj/emit_typed_ast.o obj/type_infer.o obj/effects.o obj/fold_constants.o obj/dce_pass.o obj/par_let_pass.o obj/ptx_backend.o obj/opencl_backend.o obj/tco_pass.o obj/cps_pass.o obj/coroutine.o obj/pgo_pass.o obj/c_backend.o obj/bench.o obj/bench_native.o obj/riscv_backend.o obj/dwarf_info.o obj/docgen_md.o obj/docgen.o obj/fmt.o obj/channel.o obj/bcp47.o obj/locale.o obj/utf8.o obj/diag_id.o obj/catalog.o obj/resource_flow.o obj/nominal_types.o obj/service_namespace.o obj/service_bodies.o obj/service_ownership.o lib/libnano_compiler_inputs.a obj/runtime/list_int.o obj/runtime/list_bool.o obj/runtime/list_string.o obj/runtime/list_LexerToken.o obj/runtime/list_token.o obj/runtime/list_CompilerDiagnostic.o obj/runtime/list_CompilerSourceLocation.o obj/runtime/list_ASTNumber.o obj/runtime/list_ASTFloat.o obj/runtime/list_ASTString.o obj/runtime/list_ASTBool.o obj/runtime/list_ASTIdentifier.o obj/runtime/list_ASTBinaryOp.o obj/runtime/list_ASTCall.o obj/runtime/list_ASTModuleQualifiedCall.o obj/runtime/list_ASTArrayLiteral.o obj/runtime/list_ASTLet.o obj/runtime/list_ASTSet.o obj/runtime/list_ASTStmtRef.o obj/runtime/list_ASTIf.o obj/runtime/list_ASTWhile.o obj/runtime/list_ASTFor.o obj/runtime/list_ASTReturn.o obj/runtime/list_ASTBlock.o obj/runtime/list_ASTUnsafeBlock.o obj/runtime/list_ASTPrint.o obj/runtime/list_ASTAssert.o obj/runtime/list_ASTFunction.o obj/runtime/list_ASTShadow.o obj/runtime/list_ASTStruct.o obj/runtime/list_ASTStructLiteral.o obj/runtime/list_ASTFieldAccess.o obj/runtime/list_ASTEnum.o obj/runtime/list_ASTUnion.o obj/runtime/list_ASTUnionConstruct.o obj/runtime/list_ASTMatch.o obj/runtime/list_ASTImport.o obj/runtime/list_ASTOpaqueType.o obj/runtime/list_ASTServiceDecl.o obj/runtime/list_ASTTupleLiteral.o obj/runtime/list_ASTTupleIndex.o obj/runtime/token_helpers.o obj/runtime/gc.o obj/runtime/effect_runtime.o obj/runtime/dyn_array.o obj/runtime/gc_struct.o obj/runtime/nl_string.o obj/runtime/ffi_loader.o obj/runtime/module_build_dir.o obj/runtime/cli.o obj/runtime/regex.o lib/libnano_file_runtime.a -lm -lcrypto -lffi -L/opt/homebrew/Cellar/openssl@3/3.6.5/lib
python3 -m unittest -v tests.test_service_lowering
test_assertion_drains_live_file (tests.test_service_lowering.ServiceLowering.test_assertion_drains_live_file) ... ok
test_helpers_loops_fields_and_result_values (tests.test_service_lowering.ServiceLowering.test_helpers_loops_fields_and_result_values) ... FAIL
test_qualified_reexported_helper (tests.test_service_lowering.ServiceLowering.test_qualified_reexported_helper) ... ok
test_unchanged_generated_binding_and_all_shadows (tests.test_service_lowering.ServiceLowering.test_unchanged_generated_binding_and_all_shadows) ...
  test_unchanged_generated_binding_and_all_shadows (tests.test_service_lowering.ServiceLowering.test_unchanged_generated_binding_and_all_shadows) (shadow='temp') ... ERROR
  test_unchanged_generated_binding_and_all_shadows (tests.test_service_lowering.ServiceLowering.test_unchanged_generated_binding_and_all_shadows) (shadow='write_byte') ... ERROR
  test_unchanged_generated_binding_and_all_shadows (tests.test_service_lowering.ServiceLowering.test_unchanged_generated_binding_and_all_shadows) (shadow='rewind') ... ERROR
  test_unchanged_generated_binding_and_all_shadows (tests.test_service_lowering.ServiceLowering.test_unchanged_generated_binding_and_all_shadows) (shadow='read_byte') ... ERROR
  test_unchanged_generated_binding_and_all_shadows (tests.test_service_lowering.ServiceLowering.test_unchanged_generated_binding_and_all_shadows) (shadow='close') ... ERROR

======================================================================
ERROR: test_unchanged_generated_binding_and_all_shadows (tests.test_service_lowering.ServiceLowering.test_unchanged_generated_binding_and_all_shadows) (shadow='temp')
----------------------------------------------------------------------
Traceback (most recent call last):
  File "/Users/jordanh/Src/nanolang/tests/test_service_lowering.py", line 62, in test_unchanged_generated_binding_and_all_shadows
    self.check(generated+'\nfn main()->int{return 0}\n',name,complete=True)
    ~~~~~~~~~~^^^^^^^^^^^^^^^^^^^^^^^^^^^^^^^^^^^^^^^^^^^^^^^^^^^^^^^^^^^^^
  File "/Users/jordanh/Src/nanolang/tests/test_service_lowering.py", line 50, in check
    self.command([*self.compiler,'-std=c11','-g','-O1','-fsanitize=address,undefined','-fno-sanitize-recover=all',
    ~~~~~~~~~~~~^^^^^^^^^^^^^^^^^^^^^^^^^^^^^^^^^^^^^^^^^^^^^^^^^^^^^^^^^^^^^^^^^^^^^^^^^^^^^^^^^^^^^^^^^^^^^^^^^^
                  '-I'+str(self.work),'-Isrc',native_c,self.work/'wrapper.c',ROOT/'lib/libnano_file_runtime.a','-o',native,'-lm'])
                  ^^^^^^^^^^^^^^^^^^^^^^^^^^^^^^^^^^^^^^^^^^^^^^^^^^^^^^^^^^^^^^^^^^^^^^^^^^^^^^^^^^^^^^^^^^^^^^^^^^^^^^^^^^^^^^^^
  File "/Users/jordanh/Src/nanolang/tests/test_service_lowering.py", line 42, in command
    run=subprocess.run(list(map(str,args)),cwd=ROOT,capture_output=True,text=True,timeout=120)
  File "/Library/Frameworks/Python.framework/Versions/3.14/lib/python3.14/subprocess.py", line 557, in run
    stdout, stderr = process.communicate(input, timeout=timeout)
                     ~~~~~~~~~~~~~~~~~~~^^^^^^^^^^^^^^^^^^^^^^^^
  File "/Library/Frameworks/Python.framework/Versions/3.14/lib/python3.14/subprocess.py", line 1221, in communicate
    stdout, stderr = self._communicate(input, endtime, timeout)
                     ~~~~~~~~~~~~~~~~~^^^^^^^^^^^^^^^^^^^^^^^^^
  File "/Library/Frameworks/Python.framework/Versions/3.14/lib/python3.14/subprocess.py", line 2154, in _communicate
    self._check_timeout(endtime, orig_timeout, stdout, stderr)
    ~~~~~~~~~~~~~~~~~~~^^^^^^^^^^^^^^^^^^^^^^^^^^^^^^^^^^^^^^^
  File "/Library/Frameworks/Python.framework/Versions/3.14/lib/python3.14/subprocess.py", line 1268, in _check_timeout
    raise TimeoutExpired(
    ...<2 lines>...
            stderr=b''.join(stderr_seq) if stderr_seq else None)
subprocess.TimeoutExpired: Command '['/opt/homebrew/opt/llvm/bin/clang', '-std=c11', '-g', '-O1', '-fsanitize=address,undefined', '-fno-sanitize-recover=all', '-I/private/var/folders/9z/xpmfgw8j09l4g6wwxrxtt97w0000gn/T/nano-service-lowering-2hkujo3o', '-Isrc', '/private/var/folders/9z/xpmfgw8j09l4g6wwxrxtt97w0000gn/T/nano-service-lowering-2hkujo3o/source.c', '/private/var/folders/9z/xpmfgw8j09l4g6wwxrxtt97w0000gn/T/nano-service-lowering-2hkujo3o/wrapper.c', '/Users/jordanh/Src/nanolang/lib/libnano_file_runtime.a', '-o', '/private/var/folders/9z/xpmfgw8j09l4g6wwxrxtt97w0000gn/T/nano-service-lowering-2hkujo3o/source.native', '-lm']' timed out after 120 seconds

======================================================================
ERROR: test_unchanged_generated_binding_and_all_shadows (tests.test_service_lowering.ServiceLowering.test_unchanged_generated_binding_and_all_shadows) (shadow='write_byte')
----------------------------------------------------------------------
Traceback (most recent call last):
  File "/Users/jordanh/Src/nanolang/tests/test_service_lowering.py", line 62, in test_unchanged_generated_binding_and_all_shadows
    self.check(generated+'\nfn main()->int{return 0}\n',name,complete=True)
    ~~~~~~~~~~^^^^^^^^^^^^^^^^^^^^^^^^^^^^^^^^^^^^^^^^^^^^^^^^^^^^^^^^^^^^^
  File "/Users/jordanh/Src/nanolang/tests/test_service_lowering.py", line 50, in check
    self.command([*self.compiler,'-std=c11','-g','-O0','-fsanitize=address,undefined','-fno-sanitize-recover=all',
    ~~~~~~~~~~~~^^^^^^^^^^^^^^^^^^^^^^^^^^^^^^^^^^^^^^^^^^^^^^^^^^^^^^^^^^^^^^^^^^^^^^^^^^^^^^^^^^^^^^^^^^^^^^^^^^
                  '-I'+str(self.work),'-Isrc',native_c,self.work/'wrapper.c',ROOT/'lib/libnano_file_runtime.a','-o',native,'-lm'])
                  ^^^^^^^^^^^^^^^^^^^^^^^^^^^^^^^^^^^^^^^^^^^^^^^^^^^^^^^^^^^^^^^^^^^^^^^^^^^^^^^^^^^^^^^^^^^^^^^^^^^^^^^^^^^^^^^^
  File "/Users/jordanh/Src/nanolang/tests/test_service_lowering.py", line 42, in command
    run=subprocess.run(list(map(str,args)),cwd=ROOT,capture_output=True,text=True,timeout=120)
  File "/Library/Frameworks/Python.framework/Versions/3.14/lib/python3.14/subprocess.py", line 557, in run
    stdout, stderr = process.communicate(input, timeout=timeout)
                     ~~~~~~~~~~~~~~~~~~~^^^^^^^^^^^^^^^^^^^^^^^^
  File "/Library/Frameworks/Python.framework/Versions/3.14/lib/python3.14/subprocess.py", line 1221, in communicate
    stdout, stderr = self._communicate(input, endtime, timeout)
                     ~~~~~~~~~~~~~~~~~^^^^^^^^^^^^^^^^^^^^^^^^^
  File "/Library/Frameworks/Python.framework/Versions/3.14/lib/python3.14/subprocess.py", line 2154, in _communicate
    self._check_timeout(endtime, orig_timeout, stdout, stderr)
    ~~~~~~~~~~~~~~~~~~~^^^^^^^^^^^^^^^^^^^^^^^^^^^^^^^^^^^^^^^
  File "/Library/Frameworks/Python.framework/Versions/3.14/lib/python3.14/subprocess.py", line 1268, in _check_timeout
    raise TimeoutExpired(
    ...<2 lines>...
            stderr=b''.join(stderr_seq) if stderr_seq else None)
subprocess.TimeoutExpired: Command '['/opt/homebrew/opt/llvm/bin/clang', '-std=c11', '-g', '-O1', '-fsanitize=address,undefined', '-fno-sanitize-recover=all', '-I/private/var/folders/9z/xpmfgw8j09l4g6wwxrxtt97w0000gn/T/nano-service-lowering-2hkujo3o', '-Isrc', '/private/var/folders/9z/xpmfgw8j09l4g6wwxrxtt97w0000gn/T/nano-service-lowering-2hkujo3o/source.c', '/private/var/folders/9z/xpmfgw8j09l4g6wwxrxtt97w0000gn/T/nano-service-lowering-2hkujo3o/wrapper.c', '/Users/jordanh/Src/nanolang/lib/libnano_file_runtime.a', '-o', '/private/var/folders/9z/xpmfgw8j09l4g6wwxrxtt97w0000gn/T/nano-service-lowering-2hkujo3o/source.native', '-lm']' timed out after 120 seconds

======================================================================
ERROR: test_unchanged_generated_binding_and_all_shadows (tests.test_service_lowering.ServiceLowering.test_unchanged_generated_binding_and_all_shadows) (shadow='rewind')
----------------------------------------------------------------------
Traceback (most recent call last):
  File "/Users/jordanh/Src/nanolang/tests/test_service_lowering.py", line 62, in test_unchanged_generated_binding_and_all_shadows
    pattern=r'EXEC (\d+) VALUE (-?\d+)'
            ^^^^^^^^^^^^^^^^^^^^^^^^^^^
  File "/Users/jordanh/Src/nanolang/tests/test_service_lowering.py", line 50, in check
    process.communicate(timeout=10)
    raise
  File "/Users/jordanh/Src/nanolang/tests/test_service_lowering.py", line 42, in command
    def command(args):
            ^^^^^^^^^^
  File "/Library/Frameworks/Python.framework/Versions/3.14/lib/python3.14/subprocess.py", line 557, in run
    stdout, stderr = process.communicate(input, timeout=timeout)
                     ~~~~~~~~~~~~~~~~~~~^^^^^^^^^^^^^^^^^^^^^^^^
  File "/Library/Frameworks/Python.framework/Versions/3.14/lib/python3.14/subprocess.py", line 1221, in communicate
    stdout, stderr = self._communicate(input, endtime, timeout)
                     ~~~~~~~~~~~~~~~~~^^^^^^^^^^^^^^^^^^^^^^^^^
  File "/Library/Frameworks/Python.framework/Versions/3.14/lib/python3.14/subprocess.py", line 2154, in _communicate
    self._check_timeout(endtime, orig_timeout, stdout, stderr)
    ~~~~~~~~~~~~~~~~~~~^^^^^^^^^^^^^^^^^^^^^^^^^^^^^^^^^^^^^^^
  File "/Library/Frameworks/Python.framework/Versions/3.14/lib/python3.14/subprocess.py", line 1268, in _check_timeout
    raise TimeoutExpired(
    ...<2 lines>...
            stderr=b''.join(stderr_seq) if stderr_seq else None)
subprocess.TimeoutExpired: Command '['/opt/homebrew/opt/llvm/bin/clang', '-std=c11', '-g', '-O1', '-fsanitize=address,undefined', '-fno-sanitize-recover=all', '-I/private/var/folders/9z/xpmfgw8j09l4g6wwxrxtt97w0000gn/T/nano-service-lowering-2hkujo3o', '-Isrc', '/private/var/folders/9z/xpmfgw8j09l4g6wwxrxtt97w0000gn/T/nano-service-lowering-2hkujo3o/source.c', '/private/var/folders/9z/xpmfgw8j09l4g6wwxrxtt97w0000gn/T/nano-service-lowering-2hkujo3o/wrapper.c', '/Users/jordanh/Src/nanolang/lib/libnano_file_runtime.a', '-o', '/private/var/folders/9z/xpmfgw8j09l4g6wwxrxtt97w0000gn/T/nano-service-lowering-2hkujo3o/source.native', '-lm']' timed out after 120 seconds

======================================================================
ERROR: test_unchanged_generated_binding_and_all_shadows (tests.test_service_lowering.ServiceLowering.test_unchanged_generated_binding_and_all_shadows) (shadow='read_byte')
----------------------------------------------------------------------
Traceback (most recent call last):
  File "/Users/jordanh/Src/nanolang/tests/test_service_lowering.py", line 62, in test_unchanged_generated_binding_and_all_shadows
    pattern=r'EXEC (\d+) VALUE (-?\d+)'
            ^^^^^^^^^^^^^^^^^^^^^^^^^^^
  File "/Users/jordanh/Src/nanolang/tests/test_service_lowering.py", line 50, in check
    process.communicate(timeout=10)
    raise
  File "/Users/jordanh/Src/nanolang/tests/test_service_lowering.py", line 42, in command
    def command(args):
            ^^^^^^^^^^
  File "/Library/Frameworks/Python.framework/Versions/3.14/lib/python3.14/subprocess.py", line 557, in run
    stdout, stderr = process.communicate(input, timeout=timeout)
                     ~~~~~~~~~~~~~~~~~~~^^^^^^^^^^^^^^^^^^^^^^^^
  File "/Library/Frameworks/Python.framework/Versions/3.14/lib/python3.14/subprocess.py", line 1221, in communicate
    stdout, stderr = self._communicate(input, endtime, timeout)
                     ~~~~~~~~~~~~~~~~~^^^^^^^^^^^^^^^^^^^^^^^^^
  File "/Library/Frameworks/Python.framework/Versions/3.14/lib/python3.14/subprocess.py", line 2154, in _communicate
    self._check_timeout(endtime, orig_timeout, stdout, stderr)
    ~~~~~~~~~~~~~~~~~~~^^^^^^^^^^^^^^^^^^^^^^^^^^^^^^^^^^^^^^^
  File "/Library/Frameworks/Python.framework/Versions/3.14/lib/python3.14/subprocess.py", line 1268, in _check_timeout
    raise TimeoutExpired(
    ...<2 lines>...
            stderr=b''.join(stderr_seq) if stderr_seq else None)
subprocess.TimeoutExpired: Command '['/opt/homebrew/opt/llvm/bin/clang', '-std=c11', '-g', '-O1', '-fsanitize=address,undefined', '-fno-sanitize-recover=all', '-I/private/var/folders/9z/xpmfgw8j09l4g6wwxrxtt97w0000gn/T/nano-service-lowering-2hkujo3o', '-Isrc', '/private/var/folders/9z/xpmfgw8j09l4g6wwxrxtt97w0000gn/T/nano-service-lowering-2hkujo3o/source.c', '/private/var/folders/9z/xpmfgw8j09l4g6wwxrxtt97w0000gn/T/nano-service-lowering-2hkujo3o/wrapper.c', '/Users/jordanh/Src/nanolang/lib/libnano_file_runtime.a', '-o', '/private/var/folders/9z/xpmfgw8j09l4g6wwxrxtt97w0000gn/T/nano-service-lowering-2hkujo3o/source.native', '-lm']' timed out after 120 seconds

======================================================================
ERROR: test_unchanged_generated_binding_and_all_shadows (tests.test_service_lowering.ServiceLowering.test_unchanged_generated_binding_and_all_shadows) (shadow='close')
----------------------------------------------------------------------
Traceback (most recent call last):
  File "/Users/jordanh/Src/nanolang/tests/test_service_lowering.py", line 62, in test_unchanged_generated_binding_and_all_shadows
    def check(self,body,selection='main',expected=0,status=0,complete=False):
                ^^^^^^^^^^^^^^^^^^^^^^^^^^^^^^^^^^^^^^^^^^^^^^^^^^^^^^^^^^^^^
  File "/Users/jordanh/Src/nanolang/tests/test_service_lowering.py", line 50, in check
    process=subprocess.Popen(list(map(str,args)),cwd=ROOT,stdout=subprocess.PIPE,
                             stderr=subprocess.PIPE,text=True,start_new_session=True)
  File "/Users/jordanh/Src/nanolang/tests/test_service_lowering.py", line 42, in command
    (cls.work/'interface.nsi.json').write_bytes((ROOT/'tests/fixtures/nsi_file_plan.json').read_bytes())
        ^^^^^^^^^^^^^^^^^^^^^^^^^^^^^^^^^^^^^^^^^^^^^^^^^^^^^^^^^^^^^^^^^^^^^^^^^^^^^^^^^^^^^^
  File "/Library/Frameworks/Python.framework/Versions/3.14/lib/python3.14/subprocess.py", line 557, in run
    stdout, stderr = process.communicate(input, timeout=timeout)
                     ~~~~~~~~~~~~~~~~~~~^^^^^^^^^^^^^^^^^^^^^^^^
  File "/Library/Frameworks/Python.framework/Versions/3.14/lib/python3.14/subprocess.py", line 1221, in communicate
    stdout, stderr = self._communicate(input, endtime, timeout)
                     ~~~~~~~~~~~~~~~~~^^^^^^^^^^^^^^^^^^^^^^^^^
  File "/Library/Frameworks/Python.framework/Versions/3.14/lib/python3.14/subprocess.py", line 2154, in _communicate
    self._check_timeout(endtime, orig_timeout, stdout, stderr)
    ~~~~~~~~~~~~~~~~~~~^^^^^^^^^^^^^^^^^^^^^^^^^^^^^^^^^^^^^^^
  File "/Library/Frameworks/Python.framework/Versions/3.14/lib/python3.14/subprocess.py", line 1268, in _check_timeout
    raise TimeoutExpired(
    ...<2 lines>...
            stderr=b''.join(stderr_seq) if stderr_seq else None)
subprocess.TimeoutExpired: Command '['/opt/homebrew/opt/llvm/bin/clang', '-std=c11', '-g', '-O1', '-fsanitize=address,undefined', '-fno-sanitize-recover=all', '-I/private/var/folders/9z/xpmfgw8j09l4g6wwxrxtt97w0000gn/T/nano-service-lowering-2hkujo3o', '-Isrc', '/private/var/folders/9z/xpmfgw8j09l4g6wwxrxtt97w0000gn/T/nano-service-lowering-2hkujo3o/source.c', '/private/var/folders/9z/xpmfgw8j09l4g6wwxrxtt97w0000gn/T/nano-service-lowering-2hkujo3o/wrapper.c', '/Users/jordanh/Src/nanolang/lib/libnano_file_runtime.a', '-o', '/private/var/folders/9z/xpmfgw8j09l4g6wwxrxtt97w0000gn/T/nano-service-lowering-2hkujo3o/source.native', '-lm']' timed out after 120 seconds

======================================================================
FAIL: test_helpers_loops_fields_and_result_values (tests.test_service_lowering.ServiceLowering.test_helpers_loops_fields_and_result_values)
----------------------------------------------------------------------
Traceback (most recent call last):
  File "/Users/jordanh/Src/nanolang/tests/test_service_lowering.py", line 65, in test_helpers_loops_fields_and_result_values
            self.check('''
            ~~~~~~~~~~^^^^
    fn pass(file:File)->File {return file}
    ^^^^^^^^^^^^^^^^^^^^^^^^^^^^^^^^^^^^^^
    ...<22 lines>...
    }
    ^
    ''',expected=10)
    ^^^^^^^^^^^^^^^^
  File "/Users/jordanh/Src/nanolang/tests/test_service_lowering.py", line 49, in check
    vm=self.command([os.environ.get('NANO_SERVICE_LOWERING_RUNNER',ROOT/'obj/test_service_lowering'),path,selection,native_c,status])
  File "/Users/jordanh/Src/nanolang/tests/test_service_lowering.py", line 43, in command
    if run.returncode:raise AssertionError(f'{args}\n{run.returncode}\n{run.stdout}\n{run.stderr}')
                      ^^^^^^^^^^^^^^^^^^^^^^^^^^^^^^^^^^^^^^^^^^^^^^^^^^^^^^^^^^^^^^^^^^^^^^^^^^^^^
AssertionError: [PosixPath('/Users/jordanh/Src/nanolang/obj/test_service_lowering'), PosixPath('/private/var/folders/9z/xpmfgw8j09l4g6wwxrxtt97w0000gn/T/nano-service-lowering-2hkujo3o/source.nano'), 'main', PosixPath('/private/var/folders/9z/xpmfgw8j09l4g6wwxrxtt97w0000gn/T/nano-service-lowering-2hkujo3o/source.c'), 0]
-6

Error at line 4, column 25: Expected parameter name
Error at line 4, column 29: Expected import, struct, enum, union, extern, function, constant or shadow-test definition
Error at line 4, column 30: Expected import, struct, enum, union, extern, function, constant or shadow-test definition
Error at line 4, column 33: Expected import, struct, enum, union, extern, function, constant or shadow-test definition
Error at line 4, column 34: Expected import, struct, enum, union, extern, function, constant or shadow-test definition
Error at line 4, column 36: Expected import, struct, enum, union, extern, function, constant or shadow-test definition
Error at line 4, column 48: Expected import, struct, enum, union, extern, function, constant or shadow-test definition
Error at line 4, column 49: Expected import, struct, enum, union, extern, function, constant or shadow-test definition
Error at line 4, column 56: Expected import, struct, enum, union, extern, function, constant or shadow-test definition
Error at line 4, column 57: Expected import, struct, enum, union, extern, function, constant or shadow-test definition
Error at line 4, column 68: Expected import, struct, enum, union, extern, function, constant or shadow-test definition
Error at line 4, column 69: Expected import, struct, enum, union, extern, function, constant or shadow-test definition
Error at line 4, column 73: Expected import, struct, enum, union, extern, function, constant or shadow-test definition
Error at line 4, column 78: Expected import, struct, enum, union, extern, function, constant or shadow-test definition
Error at line 4, column 82: Expected import, struct, enum, union, extern, function, constant or shadow-test definition
Error at line 4, column 83: Expected import, struct, enum, union, extern, function, constant or shadow-test definition
Error at line 20, column 34: Expected binding variable in match pattern
Error at line 20, column 34: Expected '}' after match arms (got TYPE_U8)
Error at line 20, column 18: Failed to parse expression after '('
Error at line 20, column 34: Unexpected token in expression: TYPE_U8 (type=51)
... stopping after 20 errors
Assertion failed: (root), function main, file test_service_lowering.c, line 17.


----------------------------------------------------------------------
Ran 4 tests in 604.559s

FAILED (failures=1, errors=5)
make: *** [test-service-lowering] Error 1
