mkdir -p obj-checker-gcc/build_bootstrap
mkdir -p obj-checker-gcc
mkdir -p obj-checker-gcc/runtime
[schema] Generating compiler schema artifacts...
mkdir -p obj-checker-gcc/eval
[schema] Using Python version (bootstrap)...
/tmp/nanolang-checker-owner-f7c-gates/gcc-retain -Wall -Wextra -Werror -std=c99 -g -O0 -fPIC -Isrc -D_GNU_SOURCE -fsanitize=address,undefined -fno-omit-frame-pointer -fno-sanitize-recover=all  -MMD -MP -c src/lexer.c -o obj-checker-gcc/lexer.o
/tmp/nanolang-checker-owner-f7c-gates/gcc-retain -Wall -Wextra -Werror -std=c99 -g -O0 -fPIC -Isrc -D_GNU_SOURCE -fsanitize=address,undefined -fno-omit-frame-pointer -fno-sanitize-recover=all  -MMD -MP -c src/parser.c -o obj-checker-gcc/parser.o
/tmp/nanolang-checker-owner-f7c-gates/gcc-retain -Wall -Wextra -Werror -std=c99 -g -O0 -fPIC -Isrc -D_GNU_SOURCE -fsanitize=address,undefined -fno-omit-frame-pointer -fno-sanitize-recover=all  -MMD -MP -c src/typechecker.c -o obj-checker-gcc/typechecker.o
/tmp/nanolang-checker-owner-f7c-gates/gcc-retain -Wall -Wextra -Werror -std=c99 -g -O0 -fPIC -Isrc -D_GNU_SOURCE -fsanitize=address,undefined -fno-omit-frame-pointer -fno-sanitize-recover=all  -MMD -MP -c src/transpiler.c -o obj-checker-gcc/transpiler.o
/tmp/nanolang-checker-owner-f7c-gates/gcc-retain -Wall -Wextra -Werror -std=c99 -g -O0 -fPIC -Isrc -D_GNU_SOURCE -fsanitize=address,undefined -fno-omit-frame-pointer -fno-sanitize-recover=all  -MMD -MP -c src/stdlib_runtime.c -o obj-checker-gcc/stdlib_runtime.o
/tmp/nanolang-checker-owner-f7c-gates/gcc-retain -Wall -Wextra -Werror -std=c99 -g -O0 -fPIC -Isrc -D_GNU_SOURCE -fsanitize=address,undefined -fno-omit-frame-pointer -fno-sanitize-recover=all  -MMD -MP -c src/env.c -o obj-checker-gcc/env.o
/tmp/nanolang-checker-owner-f7c-gates/gcc-retain -Wall -Wextra -Werror -std=c99 -g -O0 -fPIC -Isrc -D_GNU_SOURCE -fsanitize=address,undefined -fno-omit-frame-pointer -fno-sanitize-recover=all  -MMD -MP -c src/builtins_registry.c -o obj-checker-gcc/builtins_registry.o
/tmp/nanolang-checker-owner-f7c-gates/gcc-retain -Wall -Wextra -Werror -std=c99 -g -O0 -fPIC -Isrc -D_GNU_SOURCE -fsanitize=address,undefined -fno-omit-frame-pointer -fno-sanitize-recover=all  -MMD -MP -c src/module.c -o obj-checker-gcc/module.o
/tmp/nanolang-checker-owner-f7c-gates/gcc-retain -Wall -Wextra -Werror -std=c99 -g -O0 -fPIC -Isrc -D_GNU_SOURCE -fsanitize=address,undefined -fno-omit-frame-pointer -fno-sanitize-recover=all  -MMD -MP -c src/module_metadata.c -o obj-checker-gcc/module_metadata.o
/tmp/nanolang-checker-owner-f7c-gates/gcc-retain -Wall -Wextra -Werror -std=c99 -g -O0 -fPIC -Isrc -D_GNU_SOURCE -fsanitize=address,undefined -fno-omit-frame-pointer -fno-sanitize-recover=all  -MMD -MP -c src/cJSON.c -o obj-checker-gcc/cJSON.o
/tmp/nanolang-checker-owner-f7c-gates/gcc-retain -Wall -Wextra -Werror -std=c99 -g -O0 -fPIC -Isrc -D_GNU_SOURCE -fsanitize=address,undefined -fno-omit-frame-pointer -fno-sanitize-recover=all  -MMD -MP -c src/toon_output.c -o obj-checker-gcc/toon_output.o
/tmp/nanolang-checker-owner-f7c-gates/gcc-retain -Wall -Wextra -Werror -std=c99 -g -O0 -fPIC -Isrc -D_GNU_SOURCE -fsanitize=address,undefined -fno-omit-frame-pointer -fno-sanitize-recover=all  -MMD -MP -c src/module_builder.c -o obj-checker-gcc/module_builder.o
/tmp/nanolang-checker-owner-f7c-gates/gcc-retain -Wall -Wextra -Werror -std=c99 -g -O0 -fPIC -Isrc -D_GNU_SOURCE -fsanitize=address,undefined -fno-omit-frame-pointer -fno-sanitize-recover=all  -MMD -MP -c src/resource_tracking.c -o obj-checker-gcc/resource_tracking.o
/tmp/nanolang-checker-owner-f7c-gates/gcc-retain -Wall -Wextra -Werror -std=c99 -g -O0 -fPIC -Isrc -D_GNU_SOURCE -fsanitize=address,undefined -fno-omit-frame-pointer -fno-sanitize-recover=all  -MMD -MP -ffp-contract=off -fno-fast-math -c src/eval.c -o obj-checker-gcc/eval.o
/tmp/nanolang-checker-owner-f7c-gates/gcc-retain -Wall -Wextra -Werror -std=c99 -g -O0 -fPIC -Isrc -D_GNU_SOURCE -fsanitize=address,undefined -fno-omit-frame-pointer -fno-sanitize-recover=all  -MMD -MP -c src/eval/eval_hashmap.c -o obj-checker-gcc/eval/eval_hashmap.o
/tmp/nanolang-checker-owner-f7c-gates/gcc-retain -Wall -Wextra -Werror -std=c99 -g -O0 -fPIC -Isrc -D_GNU_SOURCE -fsanitize=address,undefined -fno-omit-frame-pointer -fno-sanitize-recover=all  -MMD -MP -c src/eval/eval_math.c -o obj-checker-gcc/eval/eval_math.o
/tmp/nanolang-checker-owner-f7c-gates/gcc-retain -Wall -Wextra -Werror -std=c99 -g -O0 -fPIC -Isrc -D_GNU_SOURCE -fsanitize=address,undefined -fno-omit-frame-pointer -fno-sanitize-recover=all  -MMD -MP -c src/eval/eval_string.c -o obj-checker-gcc/eval/eval_string.o
/tmp/nanolang-checker-owner-f7c-gates/gcc-retain -Wall -Wextra -Werror -std=c99 -g -O0 -fPIC -Isrc -D_GNU_SOURCE -fsanitize=address,undefined -fno-omit-frame-pointer -fno-sanitize-recover=all  -MMD -MP -c src/eval/eval_io.c -o obj-checker-gcc/eval/eval_io.o
/tmp/nanolang-checker-owner-f7c-gates/gcc-retain -Wall -Wextra -Werror -std=c99 -g -O0 -fPIC -Isrc -D_GNU_SOURCE -fsanitize=address,undefined -fno-omit-frame-pointer -fno-sanitize-recover=all  -MMD -MP -c src/interpreter_ffi.c -o obj-checker-gcc/interpreter_ffi.o
/tmp/nanolang-checker-owner-f7c-gates/gcc-retain -Wall -Wextra -Werror -std=c99 -g -O0 -fPIC -Isrc -D_GNU_SOURCE -fsanitize=address,undefined -fno-omit-frame-pointer -fno-sanitize-recover=all  -MMD -MP -c src/json_diagnostics.c -o obj-checker-gcc/json_diagnostics.o
/tmp/nanolang-checker-owner-f7c-gates/gcc-retain -Wall -Wextra -Werror -std=c99 -g -O0 -fPIC -Isrc -D_GNU_SOURCE -fsanitize=address,undefined -fno-omit-frame-pointer -fno-sanitize-recover=all  -MMD -MP -c src/reflection.c -o obj-checker-gcc/reflection.o
/tmp/nanolang-checker-owner-f7c-gates/gcc-retain -Wall -Wextra -Werror -std=c99 -g -O0 -fPIC -Isrc -D_GNU_SOURCE -fsanitize=address,undefined -fno-omit-frame-pointer -fno-sanitize-recover=all  -MMD -MP -c src/nanocore_subset.c -o obj-checker-gcc/nanocore_subset.o
/tmp/nanolang-checker-owner-f7c-gates/gcc-retain -Wall -Wextra -Werror -std=c99 -g -O0 -fPIC -Isrc -D_GNU_SOURCE -fsanitize=address,undefined -fno-omit-frame-pointer -fno-sanitize-recover=all  -MMD -MP -c src/nanocore_export.c -o obj-checker-gcc/nanocore_export.o
/tmp/nanolang-checker-owner-f7c-gates/gcc-retain -Wall -Wextra -Werror -std=c99 -g -O0 -fPIC -Isrc -D_GNU_SOURCE -fsanitize=address,undefined -fno-omit-frame-pointer -fno-sanitize-recover=all  -MMD -MP -c src/emit_typed_ast.c -o obj-checker-gcc/emit_typed_ast.o
/tmp/nanolang-checker-owner-f7c-gates/gcc-retain -Wall -Wextra -Werror -std=c99 -g -O0 -fPIC -Isrc -D_GNU_SOURCE -fsanitize=address,undefined -fno-omit-frame-pointer -fno-sanitize-recover=all  -MMD -MP -c src/type_infer.c -o obj-checker-gcc/type_infer.o
/tmp/nanolang-checker-owner-f7c-gates/gcc-retain -Wall -Wextra -Werror -std=c99 -g -O0 -fPIC -Isrc -D_GNU_SOURCE -fsanitize=address,undefined -fno-omit-frame-pointer -fno-sanitize-recover=all  -MMD -MP -c src/effects.c -o obj-checker-gcc/effects.o
/tmp/nanolang-checker-owner-f7c-gates/gcc-retain -Wall -Wextra -Werror -std=c99 -g -O0 -fPIC -Isrc -D_GNU_SOURCE -fsanitize=address,undefined -fno-omit-frame-pointer -fno-sanitize-recover=all  -MMD -MP -c src/fold_constants.c -o obj-checker-gcc/fold_constants.o
/tmp/nanolang-checker-owner-f7c-gates/gcc-retain -Wall -Wextra -Werror -std=c99 -g -O0 -fPIC -Isrc -D_GNU_SOURCE -fsanitize=address,undefined -fno-omit-frame-pointer -fno-sanitize-recover=all  -MMD -MP -c src/dce_pass.c -o obj-checker-gcc/dce_pass.o
/tmp/nanolang-checker-owner-f7c-gates/gcc-retain -Wall -Wextra -Werror -std=c99 -g -O0 -fPIC -Isrc -D_GNU_SOURCE -fsanitize=address,undefined -fno-omit-frame-pointer -fno-sanitize-recover=all  -MMD -MP -c src/par_let_pass.c -o obj-checker-gcc/par_let_pass.o
/tmp/nanolang-checker-owner-f7c-gates/gcc-retain -Wall -Wextra -Werror -std=c99 -g -O0 -fPIC -Isrc -D_GNU_SOURCE -fsanitize=address,undefined -fno-omit-frame-pointer -fno-sanitize-recover=all  -MMD -MP -c src/ptx_backend.c -o obj-checker-gcc/ptx_backend.o
/tmp/nanolang-checker-owner-f7c-gates/gcc-retain -Wall -Wextra -Werror -std=c99 -g -O0 -fPIC -Isrc -D_GNU_SOURCE -fsanitize=address,undefined -fno-omit-frame-pointer -fno-sanitize-recover=all  -MMD -MP -c src/opencl_backend.c -o obj-checker-gcc/opencl_backend.o
/tmp/nanolang-checker-owner-f7c-gates/gcc-retain -Wall -Wextra -Werror -std=c99 -g -O0 -fPIC -Isrc -D_GNU_SOURCE -fsanitize=address,undefined -fno-omit-frame-pointer -fno-sanitize-recover=all  -MMD -MP -c src/tco_pass.c -o obj-checker-gcc/tco_pass.o
/tmp/nanolang-checker-owner-f7c-gates/gcc-retain -Wall -Wextra -Werror -std=c99 -g -O0 -fPIC -Isrc -D_GNU_SOURCE -fsanitize=address,undefined -fno-omit-frame-pointer -fno-sanitize-recover=all  -MMD -MP -c src/cps_pass.c -o obj-checker-gcc/cps_pass.o
/tmp/nanolang-checker-owner-f7c-gates/gcc-retain -Wall -Wextra -Werror -std=c99 -g -O0 -fPIC -Isrc -D_GNU_SOURCE -fsanitize=address,undefined -fno-omit-frame-pointer -fno-sanitize-recover=all  -MMD -MP -c src/coroutine.c -o obj-checker-gcc/coroutine.o
/tmp/nanolang-checker-owner-f7c-gates/gcc-retain -Wall -Wextra -Werror -std=c99 -g -O0 -fPIC -Isrc -D_GNU_SOURCE -fsanitize=address,undefined -fno-omit-frame-pointer -fno-sanitize-recover=all  -MMD -MP -c src/pgo_pass.c -o obj-checker-gcc/pgo_pass.o
/tmp/nanolang-checker-owner-f7c-gates/gcc-retain -Wall -Wextra -Werror -std=c99 -g -O0 -fPIC -Isrc -D_GNU_SOURCE -fsanitize=address,undefined -fno-omit-frame-pointer -fno-sanitize-recover=all  -MMD -MP -c src/c_backend.c -o obj-checker-gcc/c_backend.o
/tmp/nanolang-checker-owner-f7c-gates/gcc-retain -Wall -Wextra -Werror -std=c99 -g -O0 -fPIC -Isrc -D_GNU_SOURCE -fsanitize=address,undefined -fno-omit-frame-pointer -fno-sanitize-recover=all  -MMD -MP -c src/bench.c -o obj-checker-gcc/bench.o
/tmp/nanolang-checker-owner-f7c-gates/gcc-retain -Wall -Wextra -Werror -std=c99 -g -O0 -fPIC -Isrc -D_GNU_SOURCE -fsanitize=address,undefined -fno-omit-frame-pointer -fno-sanitize-recover=all  -MMD -MP -c src/bench_native.c -o obj-checker-gcc/bench_native.o
/tmp/nanolang-checker-owner-f7c-gates/gcc-retain -Wall -Wextra -Werror -std=c99 -g -O0 -fPIC -Isrc -D_GNU_SOURCE -fsanitize=address,undefined -fno-omit-frame-pointer -fno-sanitize-recover=all  -MMD -MP -c src/riscv_backend.c -o obj-checker-gcc/riscv_backend.o
/tmp/nanolang-checker-owner-f7c-gates/gcc-retain -Wall -Wextra -Werror -std=c99 -g -O0 -fPIC -Isrc -D_GNU_SOURCE -fsanitize=address,undefined -fno-omit-frame-pointer -fno-sanitize-recover=all  -MMD -MP -c src/dwarf_info.c -o obj-checker-gcc/dwarf_info.o
/tmp/nanolang-checker-owner-f7c-gates/gcc-retain -Wall -Wextra -Werror -std=c99 -g -O0 -fPIC -Isrc -D_GNU_SOURCE -fsanitize=address,undefined -fno-omit-frame-pointer -fno-sanitize-recover=all  -MMD -MP -c src/docgen_md.c -o obj-checker-gcc/docgen_md.o
/tmp/nanolang-checker-owner-f7c-gates/gcc-retain -Wall -Wextra -Werror -std=c99 -g -O0 -fPIC -Isrc -D_GNU_SOURCE -fsanitize=address,undefined -fno-omit-frame-pointer -fno-sanitize-recover=all  -MMD -MP -c src/docgen.c -o obj-checker-gcc/docgen.o
/tmp/nanolang-checker-owner-f7c-gates/gcc-retain -Wall -Wextra -Werror -std=c99 -g -O0 -fPIC -Isrc -D_GNU_SOURCE -fsanitize=address,undefined -fno-omit-frame-pointer -fno-sanitize-recover=all  -MMD -MP -c src/fmt.c -o obj-checker-gcc/fmt.o
/tmp/nanolang-checker-owner-f7c-gates/gcc-retain -Wall -Wextra -Werror -std=c99 -g -O0 -fPIC -Isrc -D_GNU_SOURCE -fsanitize=address,undefined -fno-omit-frame-pointer -fno-sanitize-recover=all  -MMD -MP -c src/channel.c -o obj-checker-gcc/channel.o
/tmp/nanolang-checker-owner-f7c-gates/gcc-retain -Wall -Wextra -Werror -std=c99 -g -O0 -fPIC -Isrc -D_GNU_SOURCE -fsanitize=address,undefined -fno-omit-frame-pointer -fno-sanitize-recover=all  -MMD -MP -c src/bcp47.c -o obj-checker-gcc/bcp47.o
/tmp/nanolang-checker-owner-f7c-gates/gcc-retain -Wall -Wextra -Werror -std=c99 -g -O0 -fPIC -Isrc -D_GNU_SOURCE -fsanitize=address,undefined -fno-omit-frame-pointer -fno-sanitize-recover=all  -MMD -MP -c src/locale.c -o obj-checker-gcc/locale.o
/tmp/nanolang-checker-owner-f7c-gates/gcc-retain -Wall -Wextra -Werror -std=c99 -g -O0 -fPIC -Isrc -D_GNU_SOURCE -fsanitize=address,undefined -fno-omit-frame-pointer -fno-sanitize-recover=all  -MMD -MP -c src/utf8.c -o obj-checker-gcc/utf8.o
/tmp/nanolang-checker-owner-f7c-gates/gcc-retain -Wall -Wextra -Werror -std=c99 -g -O0 -fPIC -Isrc -D_GNU_SOURCE -fsanitize=address,undefined -fno-omit-frame-pointer -fno-sanitize-recover=all  -MMD -MP -c src/diag_id.c -o obj-checker-gcc/diag_id.o
/tmp/nanolang-checker-owner-f7c-gates/gcc-retain -Wall -Wextra -Werror -std=c99 -g -O0 -fPIC -Isrc -D_GNU_SOURCE -fsanitize=address,undefined -fno-omit-frame-pointer -fno-sanitize-recover=all  -MMD -MP -c src/catalog.c -o obj-checker-gcc/catalog.o
/tmp/nanolang-checker-owner-f7c-gates/gcc-retain -Wall -Wextra -Werror -std=c99 -g -O0 -fPIC -Isrc -D_GNU_SOURCE -fsanitize=address,undefined -fno-omit-frame-pointer -fno-sanitize-recover=all  -MMD -MP -c src/resource_flow.c -o obj-checker-gcc/resource_flow.o
/tmp/nanolang-checker-owner-f7c-gates/gcc-retain -Wall -Wextra -Werror -std=c99 -g -O0 -fPIC -Isrc -D_GNU_SOURCE -fsanitize=address,undefined -fno-omit-frame-pointer -fno-sanitize-recover=all  -MMD -MP -c src/nominal_types.c -o obj-checker-gcc/nominal_types.o
/tmp/nanolang-checker-owner-f7c-gates/gcc-retain -Wall -Wextra -Werror -std=c99 -g -O0 -fPIC -Isrc -D_GNU_SOURCE -fsanitize=address,undefined -fno-omit-frame-pointer -fno-sanitize-recover=all  -MMD -MP -c src/runtime/list_int.c -o obj-checker-gcc/runtime/list_int.o
/tmp/nanolang-checker-owner-f7c-gates/gcc-retain -Wall -Wextra -Werror -std=c99 -g -O0 -fPIC -Isrc -D_GNU_SOURCE -fsanitize=address,undefined -fno-omit-frame-pointer -fno-sanitize-recover=all  -MMD -MP -c src/runtime/list_string.c -o obj-checker-gcc/runtime/list_string.o
/tmp/nanolang-checker-owner-f7c-gates/gcc-retain -Wall -Wextra -Werror -std=c99 -g -O0 -fPIC -Isrc -D_GNU_SOURCE -fsanitize=address,undefined -fno-omit-frame-pointer -fno-sanitize-recover=all  -MMD -MP -c src/runtime/list_LexerToken.c -o obj-checker-gcc/runtime/list_LexerToken.o
/tmp/nanolang-checker-owner-f7c-gates/gcc-retain -Wall -Wextra -Werror -std=c99 -g -O0 -fPIC -Isrc -D_GNU_SOURCE -fsanitize=address,undefined -fno-omit-frame-pointer -fno-sanitize-recover=all  -MMD -MP -c src/runtime/list_token.c -o obj-checker-gcc/runtime/list_token.o
/tmp/nanolang-checker-owner-f7c-gates/gcc-retain -Wall -Wextra -Werror -std=c99 -g -O0 -fPIC -Isrc -D_GNU_SOURCE -fsanitize=address,undefined -fno-omit-frame-pointer -fno-sanitize-recover=all  -MMD -MP -c src/runtime/list_CompilerDiagnostic.c -o obj-checker-gcc/runtime/list_CompilerDiagnostic.o
/tmp/nanolang-checker-owner-f7c-gates/gcc-retain -Wall -Wextra -Werror -std=c99 -g -O0 -fPIC -Isrc -D_GNU_SOURCE -fsanitize=address,undefined -fno-omit-frame-pointer -fno-sanitize-recover=all  -MMD -MP -c src/runtime/list_CompilerSourceLocation.c -o obj-checker-gcc/runtime/list_CompilerSourceLocation.o
/tmp/nanolang-checker-owner-f7c-gates/gcc-retain -Wall -Wextra -Werror -std=c99 -g -O0 -fPIC -Isrc -D_GNU_SOURCE -fsanitize=address,undefined -fno-omit-frame-pointer -fno-sanitize-recover=all  -MMD -MP -c src/runtime/list_ASTNumber.c -o obj-checker-gcc/runtime/list_ASTNumber.o
/tmp/nanolang-checker-owner-f7c-gates/gcc-retain -Wall -Wextra -Werror -std=c99 -g -O0 -fPIC -Isrc -D_GNU_SOURCE -fsanitize=address,undefined -fno-omit-frame-pointer -fno-sanitize-recover=all  -MMD -MP -c src/runtime/list_ASTFloat.c -o obj-checker-gcc/runtime/list_ASTFloat.o
/tmp/nanolang-checker-owner-f7c-gates/gcc-retain -Wall -Wextra -Werror -std=c99 -g -O0 -fPIC -Isrc -D_GNU_SOURCE -fsanitize=address,undefined -fno-omit-frame-pointer -fno-sanitize-recover=all  -MMD -MP -c src/runtime/list_ASTString.c -o obj-checker-gcc/runtime/list_ASTString.o
/tmp/nanolang-checker-owner-f7c-gates/gcc-retain -Wall -Wextra -Werror -std=c99 -g -O0 -fPIC -Isrc -D_GNU_SOURCE -fsanitize=address,undefined -fno-omit-frame-pointer -fno-sanitize-recover=all  -MMD -MP -c src/runtime/list_ASTBool.c -o obj-checker-gcc/runtime/list_ASTBool.o
/tmp/nanolang-checker-owner-f7c-gates/gcc-retain -Wall -Wextra -Werror -std=c99 -g -O0 -fPIC -Isrc -D_GNU_SOURCE -fsanitize=address,undefined -fno-omit-frame-pointer -fno-sanitize-recover=all  -MMD -MP -c src/runtime/list_ASTIdentifier.c -o obj-checker-gcc/runtime/list_ASTIdentifier.o
/tmp/nanolang-checker-owner-f7c-gates/gcc-retain -Wall -Wextra -Werror -std=c99 -g -O0 -fPIC -Isrc -D_GNU_SOURCE -fsanitize=address,undefined -fno-omit-frame-pointer -fno-sanitize-recover=all  -MMD -MP -c src/runtime/list_ASTBinaryOp.c -o obj-checker-gcc/runtime/list_ASTBinaryOp.o
/tmp/nanolang-checker-owner-f7c-gates/gcc-retain -Wall -Wextra -Werror -std=c99 -g -O0 -fPIC -Isrc -D_GNU_SOURCE -fsanitize=address,undefined -fno-omit-frame-pointer -fno-sanitize-recover=all  -MMD -MP -c src/runtime/list_ASTCall.c -o obj-checker-gcc/runtime/list_ASTCall.o
/tmp/nanolang-checker-owner-f7c-gates/gcc-retain -Wall -Wextra -Werror -std=c99 -g -O0 -fPIC -Isrc -D_GNU_SOURCE -fsanitize=address,undefined -fno-omit-frame-pointer -fno-sanitize-recover=all  -MMD -MP -c src/runtime/list_ASTModuleQualifiedCall.c -o obj-checker-gcc/runtime/list_ASTModuleQualifiedCall.o
/tmp/nanolang-checker-owner-f7c-gates/gcc-retain -Wall -Wextra -Werror -std=c99 -g -O0 -fPIC -Isrc -D_GNU_SOURCE -fsanitize=address,undefined -fno-omit-frame-pointer -fno-sanitize-recover=all  -MMD -MP -c src/runtime/list_ASTArrayLiteral.c -o obj-checker-gcc/runtime/list_ASTArrayLiteral.o
/tmp/nanolang-checker-owner-f7c-gates/gcc-retain -Wall -Wextra -Werror -std=c99 -g -O0 -fPIC -Isrc -D_GNU_SOURCE -fsanitize=address,undefined -fno-omit-frame-pointer -fno-sanitize-recover=all  -MMD -MP -c src/runtime/list_ASTLet.c -o obj-checker-gcc/runtime/list_ASTLet.o
/tmp/nanolang-checker-owner-f7c-gates/gcc-retain -Wall -Wextra -Werror -std=c99 -g -O0 -fPIC -Isrc -D_GNU_SOURCE -fsanitize=address,undefined -fno-omit-frame-pointer -fno-sanitize-recover=all  -MMD -MP -c src/runtime/list_ASTSet.c -o obj-checker-gcc/runtime/list_ASTSet.o
/tmp/nanolang-checker-owner-f7c-gates/gcc-retain -Wall -Wextra -Werror -std=c99 -g -O0 -fPIC -Isrc -D_GNU_SOURCE -fsanitize=address,undefined -fno-omit-frame-pointer -fno-sanitize-recover=all  -MMD -MP -c src/runtime/list_ASTStmtRef.c -o obj-checker-gcc/runtime/list_ASTStmtRef.o
/tmp/nanolang-checker-owner-f7c-gates/gcc-retain -Wall -Wextra -Werror -std=c99 -g -O0 -fPIC -Isrc -D_GNU_SOURCE -fsanitize=address,undefined -fno-omit-frame-pointer -fno-sanitize-recover=all  -MMD -MP -c src/runtime/list_ASTIf.c -o obj-checker-gcc/runtime/list_ASTIf.o
/tmp/nanolang-checker-owner-f7c-gates/gcc-retain -Wall -Wextra -Werror -std=c99 -g -O0 -fPIC -Isrc -D_GNU_SOURCE -fsanitize=address,undefined -fno-omit-frame-pointer -fno-sanitize-recover=all  -MMD -MP -c src/runtime/list_ASTWhile.c -o obj-checker-gcc/runtime/list_ASTWhile.o
/tmp/nanolang-checker-owner-f7c-gates/gcc-retain -Wall -Wextra -Werror -std=c99 -g -O0 -fPIC -Isrc -D_GNU_SOURCE -fsanitize=address,undefined -fno-omit-frame-pointer -fno-sanitize-recover=all  -MMD -MP -c src/runtime/list_ASTFor.c -o obj-checker-gcc/runtime/list_ASTFor.o
/tmp/nanolang-checker-owner-f7c-gates/gcc-retain -Wall -Wextra -Werror -std=c99 -g -O0 -fPIC -Isrc -D_GNU_SOURCE -fsanitize=address,undefined -fno-omit-frame-pointer -fno-sanitize-recover=all  -MMD -MP -c src/runtime/list_ASTReturn.c -o obj-checker-gcc/runtime/list_ASTReturn.o
/tmp/nanolang-checker-owner-f7c-gates/gcc-retain -Wall -Wextra -Werror -std=c99 -g -O0 -fPIC -Isrc -D_GNU_SOURCE -fsanitize=address,undefined -fno-omit-frame-pointer -fno-sanitize-recover=all  -MMD -MP -c src/runtime/list_ASTBlock.c -o obj-checker-gcc/runtime/list_ASTBlock.o
/tmp/nanolang-checker-owner-f7c-gates/gcc-retain -Wall -Wextra -Werror -std=c99 -g -O0 -fPIC -Isrc -D_GNU_SOURCE -fsanitize=address,undefined -fno-omit-frame-pointer -fno-sanitize-recover=all  -MMD -MP -c src/runtime/list_ASTUnsafeBlock.c -o obj-checker-gcc/runtime/list_ASTUnsafeBlock.o
/tmp/nanolang-checker-owner-f7c-gates/gcc-retain -Wall -Wextra -Werror -std=c99 -g -O0 -fPIC -Isrc -D_GNU_SOURCE -fsanitize=address,undefined -fno-omit-frame-pointer -fno-sanitize-recover=all  -MMD -MP -c src/runtime/list_ASTPrint.c -o obj-checker-gcc/runtime/list_ASTPrint.o
/tmp/nanolang-checker-owner-f7c-gates/gcc-retain -Wall -Wextra -Werror -std=c99 -g -O0 -fPIC -Isrc -D_GNU_SOURCE -fsanitize=address,undefined -fno-omit-frame-pointer -fno-sanitize-recover=all  -MMD -MP -c src/runtime/list_ASTAssert.c -o obj-checker-gcc/runtime/list_ASTAssert.o
/tmp/nanolang-checker-owner-f7c-gates/gcc-retain -Wall -Wextra -Werror -std=c99 -g -O0 -fPIC -Isrc -D_GNU_SOURCE -fsanitize=address,undefined -fno-omit-frame-pointer -fno-sanitize-recover=all  -MMD -MP -c src/runtime/list_ASTFunction.c -o obj-checker-gcc/runtime/list_ASTFunction.o
/tmp/nanolang-checker-owner-f7c-gates/gcc-retain -Wall -Wextra -Werror -std=c99 -g -O0 -fPIC -Isrc -D_GNU_SOURCE -fsanitize=address,undefined -fno-omit-frame-pointer -fno-sanitize-recover=all  -MMD -MP -c src/runtime/list_ASTShadow.c -o obj-checker-gcc/runtime/list_ASTShadow.o
/tmp/nanolang-checker-owner-f7c-gates/gcc-retain -Wall -Wextra -Werror -std=c99 -g -O0 -fPIC -Isrc -D_GNU_SOURCE -fsanitize=address,undefined -fno-omit-frame-pointer -fno-sanitize-recover=all  -MMD -MP -c src/runtime/list_ASTStruct.c -o obj-checker-gcc/runtime/list_ASTStruct.o
/tmp/nanolang-checker-owner-f7c-gates/gcc-retain -Wall -Wextra -Werror -std=c99 -g -O0 -fPIC -Isrc -D_GNU_SOURCE -fsanitize=address,undefined -fno-omit-frame-pointer -fno-sanitize-recover=all  -MMD -MP -c src/runtime/list_ASTStructLiteral.c -o obj-checker-gcc/runtime/list_ASTStructLiteral.o
/tmp/nanolang-checker-owner-f7c-gates/gcc-retain -Wall -Wextra -Werror -std=c99 -g -O0 -fPIC -Isrc -D_GNU_SOURCE -fsanitize=address,undefined -fno-omit-frame-pointer -fno-sanitize-recover=all  -MMD -MP -c src/runtime/list_ASTFieldAccess.c -o obj-checker-gcc/runtime/list_ASTFieldAccess.o
/tmp/nanolang-checker-owner-f7c-gates/gcc-retain -Wall -Wextra -Werror -std=c99 -g -O0 -fPIC -Isrc -D_GNU_SOURCE -fsanitize=address,undefined -fno-omit-frame-pointer -fno-sanitize-recover=all  -MMD -MP -c src/runtime/list_ASTEnum.c -o obj-checker-gcc/runtime/list_ASTEnum.o
/tmp/nanolang-checker-owner-f7c-gates/gcc-retain -Wall -Wextra -Werror -std=c99 -g -O0 -fPIC -Isrc -D_GNU_SOURCE -fsanitize=address,undefined -fno-omit-frame-pointer -fno-sanitize-recover=all  -MMD -MP -c src/runtime/list_ASTUnion.c -o obj-checker-gcc/runtime/list_ASTUnion.o
/tmp/nanolang-checker-owner-f7c-gates/gcc-retain -Wall -Wextra -Werror -std=c99 -g -O0 -fPIC -Isrc -D_GNU_SOURCE -fsanitize=address,undefined -fno-omit-frame-pointer -fno-sanitize-recover=all  -MMD -MP -c src/runtime/list_ASTUnionConstruct.c -o obj-checker-gcc/runtime/list_ASTUnionConstruct.o
/tmp/nanolang-checker-owner-f7c-gates/gcc-retain -Wall -Wextra -Werror -std=c99 -g -O0 -fPIC -Isrc -D_GNU_SOURCE -fsanitize=address,undefined -fno-omit-frame-pointer -fno-sanitize-recover=all  -MMD -MP -c src/runtime/list_ASTMatch.c -o obj-checker-gcc/runtime/list_ASTMatch.o
/tmp/nanolang-checker-owner-f7c-gates/gcc-retain -Wall -Wextra -Werror -std=c99 -g -O0 -fPIC -Isrc -D_GNU_SOURCE -fsanitize=address,undefined -fno-omit-frame-pointer -fno-sanitize-recover=all  -MMD -MP -c src/runtime/list_ASTImport.c -o obj-checker-gcc/runtime/list_ASTImport.o
/tmp/nanolang-checker-owner-f7c-gates/gcc-retain -Wall -Wextra -Werror -std=c99 -g -O0 -fPIC -Isrc -D_GNU_SOURCE -fsanitize=address,undefined -fno-omit-frame-pointer -fno-sanitize-recover=all  -MMD -MP -c src/runtime/list_ASTOpaqueType.c -o obj-checker-gcc/runtime/list_ASTOpaqueType.o
/tmp/nanolang-checker-owner-f7c-gates/gcc-retain -Wall -Wextra -Werror -std=c99 -g -O0 -fPIC -Isrc -D_GNU_SOURCE -fsanitize=address,undefined -fno-omit-frame-pointer -fno-sanitize-recover=all  -MMD -MP -c src/runtime/list_ASTTupleLiteral.c -o obj-checker-gcc/runtime/list_ASTTupleLiteral.o
/tmp/nanolang-checker-owner-f7c-gates/gcc-retain -Wall -Wextra -Werror -std=c99 -g -O0 -fPIC -Isrc -D_GNU_SOURCE -fsanitize=address,undefined -fno-omit-frame-pointer -fno-sanitize-recover=all  -MMD -MP -c src/runtime/list_ASTTupleIndex.c -o obj-checker-gcc/runtime/list_ASTTupleIndex.o
/tmp/nanolang-checker-owner-f7c-gates/gcc-retain -Wall -Wextra -Werror -std=c99 -g -O0 -fPIC -Isrc -D_GNU_SOURCE -fsanitize=address,undefined -fno-omit-frame-pointer -fno-sanitize-recover=all  -MMD -MP -c src/runtime/token_helpers.c -o obj-checker-gcc/runtime/token_helpers.o
/tmp/nanolang-checker-owner-f7c-gates/gcc-retain -Wall -Wextra -Werror -std=c99 -g -O0 -fPIC -Isrc -D_GNU_SOURCE -fsanitize=address,undefined -fno-omit-frame-pointer -fno-sanitize-recover=all  -MMD -MP -c src/runtime/gc.c -o obj-checker-gcc/runtime/gc.o
/tmp/nanolang-checker-owner-f7c-gates/gcc-retain -Wall -Wextra -Werror -std=c99 -g -O0 -fPIC -Isrc -D_GNU_SOURCE -fsanitize=address,undefined -fno-omit-frame-pointer -fno-sanitize-recover=all  -MMD -MP -c src/runtime/effect_runtime.c -o obj-checker-gcc/runtime/effect_runtime.o
/tmp/nanolang-checker-owner-f7c-gates/gcc-retain -Wall -Wextra -Werror -std=c99 -g -O0 -fPIC -Isrc -D_GNU_SOURCE -fsanitize=address,undefined -fno-omit-frame-pointer -fno-sanitize-recover=all  -MMD -MP -c src/runtime/dyn_array.c -o obj-checker-gcc/runtime/dyn_array.o
/tmp/nanolang-checker-owner-f7c-gates/gcc-retain -Wall -Wextra -Werror -std=c99 -g -O0 -fPIC -Isrc -D_GNU_SOURCE -fsanitize=address,undefined -fno-omit-frame-pointer -fno-sanitize-recover=all  -MMD -MP -c src/runtime/gc_struct.c -o obj-checker-gcc/runtime/gc_struct.o
/tmp/nanolang-checker-owner-f7c-gates/gcc-retain -Wall -Wextra -Werror -std=c99 -g -O0 -fPIC -Isrc -D_GNU_SOURCE -fsanitize=address,undefined -fno-omit-frame-pointer -fno-sanitize-recover=all  -MMD -MP -c src/runtime/nl_string.c -o obj-checker-gcc/runtime/nl_string.o
/tmp/nanolang-checker-owner-f7c-gates/gcc-retain -Wall -Wextra -Werror -std=c99 -g -O0 -fPIC -Isrc -D_GNU_SOURCE -fsanitize=address,undefined -fno-omit-frame-pointer -fno-sanitize-recover=all  -MMD -MP -c src/runtime/ffi_loader.c -o obj-checker-gcc/runtime/ffi_loader.o
/tmp/nanolang-checker-owner-f7c-gates/gcc-retain -Wall -Wextra -Werror -std=c99 -g -O0 -fPIC -Isrc -D_GNU_SOURCE -fsanitize=address,undefined -fno-omit-frame-pointer -fno-sanitize-recover=all  -MMD -MP -c src/runtime/module_build_dir.c -o obj-checker-gcc/runtime/module_build_dir.o
/tmp/nanolang-checker-owner-f7c-gates/gcc-retain -Wall -Wextra -Werror -std=c99 -g -O0 -fPIC -Isrc -D_GNU_SOURCE -fsanitize=address,undefined -fno-omit-frame-pointer -fno-sanitize-recover=all  -MMD -MP -c src/runtime/cli.c -o obj-checker-gcc/runtime/cli.o
/tmp/nanolang-checker-owner-f7c-gates/gcc-retain -Wall -Wextra -Werror -std=c99 -g -O0 -fPIC -Isrc -D_GNU_SOURCE -fsanitize=address,undefined -fno-omit-frame-pointer -fno-sanitize-recover=all  -MMD -MP -c src/runtime/regex.c -o obj-checker-gcc/runtime/regex.o
/tmp/nanolang-checker-owner-f7c-gates/gcc-retain -Wall -Wextra -Werror -std=c99 -g -O0 -fPIC -Isrc -D_GNU_SOURCE -fsanitize=address,undefined -fno-omit-frame-pointer -fno-sanitize-recover=all  -o obj-checker-gcc/test_checker_metadata_ownership tests/test_checker_metadata_ownership.c obj-checker-gcc/lexer.o obj-checker-gcc/parser.o obj-checker-gcc/typechecker.o obj-checker-gcc/transpiler.o obj-checker-gcc/stdlib_runtime.o obj-checker-gcc/env.o obj-checker-gcc/builtins_registry.o obj-checker-gcc/module.o obj-checker-gcc/module_metadata.o obj-checker-gcc/cJSON.o obj-checker-gcc/toon_output.o obj-checker-gcc/module_builder.o obj-checker-gcc/resource_tracking.o obj-checker-gcc/eval.o obj-checker-gcc/eval/eval_hashmap.o obj-checker-gcc/eval/eval_math.o obj-checker-gcc/eval/eval_string.o obj-checker-gcc/eval/eval_io.o obj-checker-gcc/interpreter_ffi.o obj-checker-gcc/json_diagnostics.o obj-checker-gcc/reflection.o obj-checker-gcc/nanocore_subset.o obj-checker-gcc/nanocore_export.o obj-checker-gcc/emit_typed_ast.o obj-checker-gcc/type_infer.o obj-checker-gcc/effects.o obj-checker-gcc/fold_constants.o obj-checker-gcc/dce_pass.o obj-checker-gcc/par_let_pass.o obj-checker-gcc/ptx_backend.o obj-checker-gcc/opencl_backend.o obj-checker-gcc/tco_pass.o obj-checker-gcc/cps_pass.o obj-checker-gcc/coroutine.o obj-checker-gcc/pgo_pass.o obj-checker-gcc/c_backend.o obj-checker-gcc/bench.o obj-checker-gcc/bench_native.o obj-checker-gcc/riscv_backend.o obj-checker-gcc/dwarf_info.o obj-checker-gcc/docgen_md.o obj-checker-gcc/docgen.o obj-checker-gcc/fmt.o obj-checker-gcc/channel.o obj-checker-gcc/bcp47.o obj-checker-gcc/locale.o obj-checker-gcc/utf8.o obj-checker-gcc/diag_id.o obj-checker-gcc/catalog.o obj-checker-gcc/resource_flow.o obj-checker-gcc/nominal_types.o obj-checker-gcc/runtime/list_int.o obj-checker-gcc/runtime/list_string.o obj-checker-gcc/runtime/list_LexerToken.o obj-checker-gcc/runtime/list_token.o obj-checker-gcc/runtime/list_CompilerDiagnostic.o obj-checker-gcc/runtime/list_CompilerSourceLocation.o obj-checker-gcc/runtime/list_ASTNumber.o obj-checker-gcc/runtime/list_ASTFloat.o obj-checker-gcc/runtime/list_ASTString.o obj-checker-gcc/runtime/list_ASTBool.o obj-checker-gcc/runtime/list_ASTIdentifier.o obj-checker-gcc/runtime/list_ASTBinaryOp.o obj-checker-gcc/runtime/list_ASTCall.o obj-checker-gcc/runtime/list_ASTModuleQualifiedCall.o obj-checker-gcc/runtime/list_ASTArrayLiteral.o obj-checker-gcc/runtime/list_ASTLet.o obj-checker-gcc/runtime/list_ASTSet.o obj-checker-gcc/runtime/list_ASTStmtRef.o obj-checker-gcc/runtime/list_ASTIf.o obj-checker-gcc/runtime/list_ASTWhile.o obj-checker-gcc/runtime/list_ASTFor.o obj-checker-gcc/runtime/list_ASTReturn.o obj-checker-gcc/runtime/list_ASTBlock.o obj-checker-gcc/runtime/list_ASTUnsafeBlock.o obj-checker-gcc/runtime/list_ASTPrint.o obj-checker-gcc/runtime/list_ASTAssert.o obj-checker-gcc/runtime/list_ASTFunction.o obj-checker-gcc/runtime/list_ASTShadow.o obj-checker-gcc/runtime/list_ASTStruct.o obj-checker-gcc/runtime/list_ASTStructLiteral.o obj-checker-gcc/runtime/list_ASTFieldAccess.o obj-checker-gcc/runtime/list_ASTEnum.o obj-checker-gcc/runtime/list_ASTUnion.o obj-checker-gcc/runtime/list_ASTUnionConstruct.o obj-checker-gcc/runtime/list_ASTMatch.o obj-checker-gcc/runtime/list_ASTImport.o obj-checker-gcc/runtime/list_ASTOpaqueType.o obj-checker-gcc/runtime/list_ASTTupleLiteral.o obj-checker-gcc/runtime/list_ASTTupleIndex.o obj-checker-gcc/runtime/token_helpers.o obj-checker-gcc/runtime/gc.o obj-checker-gcc/runtime/effect_runtime.o obj-checker-gcc/runtime/dyn_array.o obj-checker-gcc/runtime/gc_struct.o obj-checker-gcc/runtime/nl_string.o obj-checker-gcc/runtime/ffi_loader.o obj-checker-gcc/runtime/module_build_dir.o obj-checker-gcc/runtime/cli.o obj-checker-gcc/runtime/regex.o -lm -fsanitize=address,undefined -lcrypto -lffi  -rdynamic
Warning: Function 'transform' is missing a shadow test
Warning: Function 'invoke' is missing a shadow test
Warning: Function 'factory' is missing a shadow test
  Testing function_metadata_lifetime... ✓
Checker ownership: original parsed lifecycle, eight orders/slot controls, borrowed metadata/runtime array PASS
