mkdir -p obj/build_bootstrap
mkdir -p obj
mkdir -p obj/runtime
[schema] Generating compiler schema artifacts...
mkdir -p obj/eval
[schema] Using Python version (bootstrap)...
/tmp/nanolang-checker-owner-f7c-gates/gcc-retain -Wall -Wextra -Werror -std=c99 -g -O3 -ftree-vectorize -fPIC -Isrc -D_GNU_SOURCE  -MMD -MP -c src/lexer.c -o obj/lexer.o
/tmp/nanolang-checker-owner-f7c-gates/gcc-retain -Wall -Wextra -Werror -std=c99 -g -O3 -ftree-vectorize -fPIC -Isrc -D_GNU_SOURCE  -MMD -MP -c src/parser.c -o obj/parser.o
/tmp/nanolang-checker-owner-f7c-gates/gcc-retain -Wall -Wextra -Werror -std=c99 -g -O3 -ftree-vectorize -fPIC -Isrc -D_GNU_SOURCE  -MMD -MP -c src/typechecker.c -o obj/typechecker.o
/tmp/nanolang-checker-owner-f7c-gates/gcc-retain -Wall -Wextra -Werror -std=c99 -g -O3 -ftree-vectorize -fPIC -Isrc -D_GNU_SOURCE  -MMD -MP -c src/transpiler.c -o obj/transpiler.o
/tmp/nanolang-checker-owner-f7c-gates/gcc-retain -Wall -Wextra -Werror -std=c99 -g -O3 -ftree-vectorize -fPIC -Isrc -D_GNU_SOURCE  -MMD -MP -c src/stdlib_runtime.c -o obj/stdlib_runtime.o
/tmp/nanolang-checker-owner-f7c-gates/gcc-retain -Wall -Wextra -Werror -std=c99 -g -O3 -ftree-vectorize -fPIC -Isrc -D_GNU_SOURCE  -MMD -MP -c src/env.c -o obj/env.o
/tmp/nanolang-checker-owner-f7c-gates/gcc-retain -Wall -Wextra -Werror -std=c99 -g -O3 -ftree-vectorize -fPIC -Isrc -D_GNU_SOURCE  -MMD -MP -c src/builtins_registry.c -o obj/builtins_registry.o
/tmp/nanolang-checker-owner-f7c-gates/gcc-retain -Wall -Wextra -Werror -std=c99 -g -O3 -ftree-vectorize -fPIC -Isrc -D_GNU_SOURCE  -MMD -MP -c src/module.c -o obj/module.o
/tmp/nanolang-checker-owner-f7c-gates/gcc-retain -Wall -Wextra -Werror -std=c99 -g -O3 -ftree-vectorize -fPIC -Isrc -D_GNU_SOURCE  -MMD -MP -c src/module_metadata.c -o obj/module_metadata.o
/tmp/nanolang-checker-owner-f7c-gates/gcc-retain -Wall -Wextra -Werror -std=c99 -g -O3 -ftree-vectorize -fPIC -Isrc -D_GNU_SOURCE  -MMD -MP -c src/cJSON.c -o obj/cJSON.o
/tmp/nanolang-checker-owner-f7c-gates/gcc-retain -Wall -Wextra -Werror -std=c99 -g -O3 -ftree-vectorize -fPIC -Isrc -D_GNU_SOURCE  -MMD -MP -c src/toon_output.c -o obj/toon_output.o
/tmp/nanolang-checker-owner-f7c-gates/gcc-retain -Wall -Wextra -Werror -std=c99 -g -O3 -ftree-vectorize -fPIC -Isrc -D_GNU_SOURCE  -MMD -MP -c src/module_builder.c -o obj/module_builder.o
/tmp/nanolang-checker-owner-f7c-gates/gcc-retain -Wall -Wextra -Werror -std=c99 -g -O3 -ftree-vectorize -fPIC -Isrc -D_GNU_SOURCE  -MMD -MP -c src/resource_tracking.c -o obj/resource_tracking.o
/tmp/nanolang-checker-owner-f7c-gates/gcc-retain -Wall -Wextra -Werror -std=c99 -g -O3 -ftree-vectorize -fPIC -Isrc -D_GNU_SOURCE  -MMD -MP -ffp-contract=off -fno-fast-math -c src/eval.c -o obj/eval.o
/tmp/nanolang-checker-owner-f7c-gates/gcc-retain -Wall -Wextra -Werror -std=c99 -g -O3 -ftree-vectorize -fPIC -Isrc -D_GNU_SOURCE  -MMD -MP -c src/eval/eval_hashmap.c -o obj/eval/eval_hashmap.o
/tmp/nanolang-checker-owner-f7c-gates/gcc-retain -Wall -Wextra -Werror -std=c99 -g -O3 -ftree-vectorize -fPIC -Isrc -D_GNU_SOURCE  -MMD -MP -c src/eval/eval_math.c -o obj/eval/eval_math.o
/tmp/nanolang-checker-owner-f7c-gates/gcc-retain -Wall -Wextra -Werror -std=c99 -g -O3 -ftree-vectorize -fPIC -Isrc -D_GNU_SOURCE  -MMD -MP -c src/eval/eval_string.c -o obj/eval/eval_string.o
/tmp/nanolang-checker-owner-f7c-gates/gcc-retain -Wall -Wextra -Werror -std=c99 -g -O3 -ftree-vectorize -fPIC -Isrc -D_GNU_SOURCE  -MMD -MP -c src/eval/eval_io.c -o obj/eval/eval_io.o
/tmp/nanolang-checker-owner-f7c-gates/gcc-retain -Wall -Wextra -Werror -std=c99 -g -O3 -ftree-vectorize -fPIC -Isrc -D_GNU_SOURCE  -MMD -MP -c src/interpreter_ffi.c -o obj/interpreter_ffi.o
/tmp/nanolang-checker-owner-f7c-gates/gcc-retain -Wall -Wextra -Werror -std=c99 -g -O3 -ftree-vectorize -fPIC -Isrc -D_GNU_SOURCE  -MMD -MP -c src/json_diagnostics.c -o obj/json_diagnostics.o
/tmp/nanolang-checker-owner-f7c-gates/gcc-retain -Wall -Wextra -Werror -std=c99 -g -O3 -ftree-vectorize -fPIC -Isrc -D_GNU_SOURCE  -MMD -MP -c src/reflection.c -o obj/reflection.o
/tmp/nanolang-checker-owner-f7c-gates/gcc-retain -Wall -Wextra -Werror -std=c99 -g -O3 -ftree-vectorize -fPIC -Isrc -D_GNU_SOURCE  -MMD -MP -c src/nanocore_subset.c -o obj/nanocore_subset.o
/tmp/nanolang-checker-owner-f7c-gates/gcc-retain -Wall -Wextra -Werror -std=c99 -g -O3 -ftree-vectorize -fPIC -Isrc -D_GNU_SOURCE  -MMD -MP -c src/nanocore_export.c -o obj/nanocore_export.o
/tmp/nanolang-checker-owner-f7c-gates/gcc-retain -Wall -Wextra -Werror -std=c99 -g -O3 -ftree-vectorize -fPIC -Isrc -D_GNU_SOURCE  -MMD -MP -c src/emit_typed_ast.c -o obj/emit_typed_ast.o
/tmp/nanolang-checker-owner-f7c-gates/gcc-retain -Wall -Wextra -Werror -std=c99 -g -O3 -ftree-vectorize -fPIC -Isrc -D_GNU_SOURCE  -MMD -MP -c src/type_infer.c -o obj/type_infer.o
/tmp/nanolang-checker-owner-f7c-gates/gcc-retain -Wall -Wextra -Werror -std=c99 -g -O3 -ftree-vectorize -fPIC -Isrc -D_GNU_SOURCE  -MMD -MP -c src/effects.c -o obj/effects.o
/tmp/nanolang-checker-owner-f7c-gates/gcc-retain -Wall -Wextra -Werror -std=c99 -g -O3 -ftree-vectorize -fPIC -Isrc -D_GNU_SOURCE  -MMD -MP -c src/fold_constants.c -o obj/fold_constants.o
/tmp/nanolang-checker-owner-f7c-gates/gcc-retain -Wall -Wextra -Werror -std=c99 -g -O3 -ftree-vectorize -fPIC -Isrc -D_GNU_SOURCE  -MMD -MP -c src/dce_pass.c -o obj/dce_pass.o
/tmp/nanolang-checker-owner-f7c-gates/gcc-retain -Wall -Wextra -Werror -std=c99 -g -O3 -ftree-vectorize -fPIC -Isrc -D_GNU_SOURCE  -MMD -MP -c src/par_let_pass.c -o obj/par_let_pass.o
/tmp/nanolang-checker-owner-f7c-gates/gcc-retain -Wall -Wextra -Werror -std=c99 -g -O3 -ftree-vectorize -fPIC -Isrc -D_GNU_SOURCE  -MMD -MP -c src/ptx_backend.c -o obj/ptx_backend.o
/tmp/nanolang-checker-owner-f7c-gates/gcc-retain -Wall -Wextra -Werror -std=c99 -g -O3 -ftree-vectorize -fPIC -Isrc -D_GNU_SOURCE  -MMD -MP -c src/opencl_backend.c -o obj/opencl_backend.o
/tmp/nanolang-checker-owner-f7c-gates/gcc-retain -Wall -Wextra -Werror -std=c99 -g -O3 -ftree-vectorize -fPIC -Isrc -D_GNU_SOURCE  -MMD -MP -c src/tco_pass.c -o obj/tco_pass.o
/tmp/nanolang-checker-owner-f7c-gates/gcc-retain -Wall -Wextra -Werror -std=c99 -g -O3 -ftree-vectorize -fPIC -Isrc -D_GNU_SOURCE  -MMD -MP -c src/cps_pass.c -o obj/cps_pass.o
/tmp/nanolang-checker-owner-f7c-gates/gcc-retain -Wall -Wextra -Werror -std=c99 -g -O3 -ftree-vectorize -fPIC -Isrc -D_GNU_SOURCE  -MMD -MP -c src/coroutine.c -o obj/coroutine.o
/tmp/nanolang-checker-owner-f7c-gates/gcc-retain -Wall -Wextra -Werror -std=c99 -g -O3 -ftree-vectorize -fPIC -Isrc -D_GNU_SOURCE  -MMD -MP -c src/pgo_pass.c -o obj/pgo_pass.o
/tmp/nanolang-checker-owner-f7c-gates/gcc-retain -Wall -Wextra -Werror -std=c99 -g -O3 -ftree-vectorize -fPIC -Isrc -D_GNU_SOURCE  -MMD -MP -c src/c_backend.c -o obj/c_backend.o
/tmp/nanolang-checker-owner-f7c-gates/gcc-retain -Wall -Wextra -Werror -std=c99 -g -O3 -ftree-vectorize -fPIC -Isrc -D_GNU_SOURCE  -MMD -MP -c src/bench.c -o obj/bench.o
/tmp/nanolang-checker-owner-f7c-gates/gcc-retain -Wall -Wextra -Werror -std=c99 -g -O3 -ftree-vectorize -fPIC -Isrc -D_GNU_SOURCE  -MMD -MP -c src/bench_native.c -o obj/bench_native.o
/tmp/nanolang-checker-owner-f7c-gates/gcc-retain -Wall -Wextra -Werror -std=c99 -g -O3 -ftree-vectorize -fPIC -Isrc -D_GNU_SOURCE  -MMD -MP -c src/riscv_backend.c -o obj/riscv_backend.o
/tmp/nanolang-checker-owner-f7c-gates/gcc-retain -Wall -Wextra -Werror -std=c99 -g -O3 -ftree-vectorize -fPIC -Isrc -D_GNU_SOURCE  -MMD -MP -c src/dwarf_info.c -o obj/dwarf_info.o
/tmp/nanolang-checker-owner-f7c-gates/gcc-retain -Wall -Wextra -Werror -std=c99 -g -O3 -ftree-vectorize -fPIC -Isrc -D_GNU_SOURCE  -MMD -MP -c src/docgen_md.c -o obj/docgen_md.o
/tmp/nanolang-checker-owner-f7c-gates/gcc-retain -Wall -Wextra -Werror -std=c99 -g -O3 -ftree-vectorize -fPIC -Isrc -D_GNU_SOURCE  -MMD -MP -c src/docgen.c -o obj/docgen.o
/tmp/nanolang-checker-owner-f7c-gates/gcc-retain -Wall -Wextra -Werror -std=c99 -g -O3 -ftree-vectorize -fPIC -Isrc -D_GNU_SOURCE  -MMD -MP -c src/fmt.c -o obj/fmt.o
/tmp/nanolang-checker-owner-f7c-gates/gcc-retain -Wall -Wextra -Werror -std=c99 -g -O3 -ftree-vectorize -fPIC -Isrc -D_GNU_SOURCE  -MMD -MP -c src/channel.c -o obj/channel.o
/tmp/nanolang-checker-owner-f7c-gates/gcc-retain -Wall -Wextra -Werror -std=c99 -g -O3 -ftree-vectorize -fPIC -Isrc -D_GNU_SOURCE  -MMD -MP -c src/bcp47.c -o obj/bcp47.o
/tmp/nanolang-checker-owner-f7c-gates/gcc-retain -Wall -Wextra -Werror -std=c99 -g -O3 -ftree-vectorize -fPIC -Isrc -D_GNU_SOURCE  -MMD -MP -c src/locale.c -o obj/locale.o
/tmp/nanolang-checker-owner-f7c-gates/gcc-retain -Wall -Wextra -Werror -std=c99 -g -O3 -ftree-vectorize -fPIC -Isrc -D_GNU_SOURCE  -MMD -MP -c src/utf8.c -o obj/utf8.o
/tmp/nanolang-checker-owner-f7c-gates/gcc-retain -Wall -Wextra -Werror -std=c99 -g -O3 -ftree-vectorize -fPIC -Isrc -D_GNU_SOURCE  -MMD -MP -c src/diag_id.c -o obj/diag_id.o
/tmp/nanolang-checker-owner-f7c-gates/gcc-retain -Wall -Wextra -Werror -std=c99 -g -O3 -ftree-vectorize -fPIC -Isrc -D_GNU_SOURCE  -MMD -MP -c src/catalog.c -o obj/catalog.o
/tmp/nanolang-checker-owner-f7c-gates/gcc-retain -Wall -Wextra -Werror -std=c99 -g -O3 -ftree-vectorize -fPIC -Isrc -D_GNU_SOURCE  -MMD -MP -c src/resource_flow.c -o obj/resource_flow.o
/tmp/nanolang-checker-owner-f7c-gates/gcc-retain -Wall -Wextra -Werror -std=c99 -g -O3 -ftree-vectorize -fPIC -Isrc -D_GNU_SOURCE  -MMD -MP -c src/nominal_types.c -o obj/nominal_types.o
/tmp/nanolang-checker-owner-f7c-gates/gcc-retain -Wall -Wextra -Werror -std=c99 -g -O3 -ftree-vectorize -fPIC -Isrc -D_GNU_SOURCE  -MMD -MP -c src/runtime/list_int.c -o obj/runtime/list_int.o
/tmp/nanolang-checker-owner-f7c-gates/gcc-retain -Wall -Wextra -Werror -std=c99 -g -O3 -ftree-vectorize -fPIC -Isrc -D_GNU_SOURCE  -MMD -MP -c src/runtime/list_string.c -o obj/runtime/list_string.o
/tmp/nanolang-checker-owner-f7c-gates/gcc-retain -Wall -Wextra -Werror -std=c99 -g -O3 -ftree-vectorize -fPIC -Isrc -D_GNU_SOURCE  -MMD -MP -c src/runtime/list_LexerToken.c -o obj/runtime/list_LexerToken.o
/tmp/nanolang-checker-owner-f7c-gates/gcc-retain -Wall -Wextra -Werror -std=c99 -g -O3 -ftree-vectorize -fPIC -Isrc -D_GNU_SOURCE  -MMD -MP -c src/runtime/list_token.c -o obj/runtime/list_token.o
/tmp/nanolang-checker-owner-f7c-gates/gcc-retain -Wall -Wextra -Werror -std=c99 -g -O3 -ftree-vectorize -fPIC -Isrc -D_GNU_SOURCE  -MMD -MP -c src/runtime/list_CompilerDiagnostic.c -o obj/runtime/list_CompilerDiagnostic.o
/tmp/nanolang-checker-owner-f7c-gates/gcc-retain -Wall -Wextra -Werror -std=c99 -g -O3 -ftree-vectorize -fPIC -Isrc -D_GNU_SOURCE  -MMD -MP -c src/runtime/list_CompilerSourceLocation.c -o obj/runtime/list_CompilerSourceLocation.o
/tmp/nanolang-checker-owner-f7c-gates/gcc-retain -Wall -Wextra -Werror -std=c99 -g -O3 -ftree-vectorize -fPIC -Isrc -D_GNU_SOURCE  -MMD -MP -c src/runtime/list_ASTNumber.c -o obj/runtime/list_ASTNumber.o
/tmp/nanolang-checker-owner-f7c-gates/gcc-retain -Wall -Wextra -Werror -std=c99 -g -O3 -ftree-vectorize -fPIC -Isrc -D_GNU_SOURCE  -MMD -MP -c src/runtime/list_ASTFloat.c -o obj/runtime/list_ASTFloat.o
/tmp/nanolang-checker-owner-f7c-gates/gcc-retain -Wall -Wextra -Werror -std=c99 -g -O3 -ftree-vectorize -fPIC -Isrc -D_GNU_SOURCE  -MMD -MP -c src/runtime/list_ASTString.c -o obj/runtime/list_ASTString.o
/tmp/nanolang-checker-owner-f7c-gates/gcc-retain -Wall -Wextra -Werror -std=c99 -g -O3 -ftree-vectorize -fPIC -Isrc -D_GNU_SOURCE  -MMD -MP -c src/runtime/list_ASTBool.c -o obj/runtime/list_ASTBool.o
/tmp/nanolang-checker-owner-f7c-gates/gcc-retain -Wall -Wextra -Werror -std=c99 -g -O3 -ftree-vectorize -fPIC -Isrc -D_GNU_SOURCE  -MMD -MP -c src/runtime/list_ASTIdentifier.c -o obj/runtime/list_ASTIdentifier.o
/tmp/nanolang-checker-owner-f7c-gates/gcc-retain -Wall -Wextra -Werror -std=c99 -g -O3 -ftree-vectorize -fPIC -Isrc -D_GNU_SOURCE  -MMD -MP -c src/runtime/list_ASTBinaryOp.c -o obj/runtime/list_ASTBinaryOp.o
/tmp/nanolang-checker-owner-f7c-gates/gcc-retain -Wall -Wextra -Werror -std=c99 -g -O3 -ftree-vectorize -fPIC -Isrc -D_GNU_SOURCE  -MMD -MP -c src/runtime/list_ASTCall.c -o obj/runtime/list_ASTCall.o
/tmp/nanolang-checker-owner-f7c-gates/gcc-retain -Wall -Wextra -Werror -std=c99 -g -O3 -ftree-vectorize -fPIC -Isrc -D_GNU_SOURCE  -MMD -MP -c src/runtime/list_ASTModuleQualifiedCall.c -o obj/runtime/list_ASTModuleQualifiedCall.o
/tmp/nanolang-checker-owner-f7c-gates/gcc-retain -Wall -Wextra -Werror -std=c99 -g -O3 -ftree-vectorize -fPIC -Isrc -D_GNU_SOURCE  -MMD -MP -c src/runtime/list_ASTArrayLiteral.c -o obj/runtime/list_ASTArrayLiteral.o
/tmp/nanolang-checker-owner-f7c-gates/gcc-retain -Wall -Wextra -Werror -std=c99 -g -O3 -ftree-vectorize -fPIC -Isrc -D_GNU_SOURCE  -MMD -MP -c src/runtime/list_ASTLet.c -o obj/runtime/list_ASTLet.o
/tmp/nanolang-checker-owner-f7c-gates/gcc-retain -Wall -Wextra -Werror -std=c99 -g -O3 -ftree-vectorize -fPIC -Isrc -D_GNU_SOURCE  -MMD -MP -c src/runtime/list_ASTSet.c -o obj/runtime/list_ASTSet.o
/tmp/nanolang-checker-owner-f7c-gates/gcc-retain -Wall -Wextra -Werror -std=c99 -g -O3 -ftree-vectorize -fPIC -Isrc -D_GNU_SOURCE  -MMD -MP -c src/runtime/list_ASTStmtRef.c -o obj/runtime/list_ASTStmtRef.o
/tmp/nanolang-checker-owner-f7c-gates/gcc-retain -Wall -Wextra -Werror -std=c99 -g -O3 -ftree-vectorize -fPIC -Isrc -D_GNU_SOURCE  -MMD -MP -c src/runtime/list_ASTIf.c -o obj/runtime/list_ASTIf.o
/tmp/nanolang-checker-owner-f7c-gates/gcc-retain -Wall -Wextra -Werror -std=c99 -g -O3 -ftree-vectorize -fPIC -Isrc -D_GNU_SOURCE  -MMD -MP -c src/runtime/list_ASTWhile.c -o obj/runtime/list_ASTWhile.o
/tmp/nanolang-checker-owner-f7c-gates/gcc-retain -Wall -Wextra -Werror -std=c99 -g -O3 -ftree-vectorize -fPIC -Isrc -D_GNU_SOURCE  -MMD -MP -c src/runtime/list_ASTFor.c -o obj/runtime/list_ASTFor.o
/tmp/nanolang-checker-owner-f7c-gates/gcc-retain -Wall -Wextra -Werror -std=c99 -g -O3 -ftree-vectorize -fPIC -Isrc -D_GNU_SOURCE  -MMD -MP -c src/runtime/list_ASTReturn.c -o obj/runtime/list_ASTReturn.o
/tmp/nanolang-checker-owner-f7c-gates/gcc-retain -Wall -Wextra -Werror -std=c99 -g -O3 -ftree-vectorize -fPIC -Isrc -D_GNU_SOURCE  -MMD -MP -c src/runtime/list_ASTBlock.c -o obj/runtime/list_ASTBlock.o
/tmp/nanolang-checker-owner-f7c-gates/gcc-retain -Wall -Wextra -Werror -std=c99 -g -O3 -ftree-vectorize -fPIC -Isrc -D_GNU_SOURCE  -MMD -MP -c src/runtime/list_ASTUnsafeBlock.c -o obj/runtime/list_ASTUnsafeBlock.o
/tmp/nanolang-checker-owner-f7c-gates/gcc-retain -Wall -Wextra -Werror -std=c99 -g -O3 -ftree-vectorize -fPIC -Isrc -D_GNU_SOURCE  -MMD -MP -c src/runtime/list_ASTPrint.c -o obj/runtime/list_ASTPrint.o
/tmp/nanolang-checker-owner-f7c-gates/gcc-retain -Wall -Wextra -Werror -std=c99 -g -O3 -ftree-vectorize -fPIC -Isrc -D_GNU_SOURCE  -MMD -MP -c src/runtime/list_ASTAssert.c -o obj/runtime/list_ASTAssert.o
/tmp/nanolang-checker-owner-f7c-gates/gcc-retain -Wall -Wextra -Werror -std=c99 -g -O3 -ftree-vectorize -fPIC -Isrc -D_GNU_SOURCE  -MMD -MP -c src/runtime/list_ASTFunction.c -o obj/runtime/list_ASTFunction.o
/tmp/nanolang-checker-owner-f7c-gates/gcc-retain -Wall -Wextra -Werror -std=c99 -g -O3 -ftree-vectorize -fPIC -Isrc -D_GNU_SOURCE  -MMD -MP -c src/runtime/list_ASTShadow.c -o obj/runtime/list_ASTShadow.o
/tmp/nanolang-checker-owner-f7c-gates/gcc-retain -Wall -Wextra -Werror -std=c99 -g -O3 -ftree-vectorize -fPIC -Isrc -D_GNU_SOURCE  -MMD -MP -c src/runtime/list_ASTStruct.c -o obj/runtime/list_ASTStruct.o
/tmp/nanolang-checker-owner-f7c-gates/gcc-retain -Wall -Wextra -Werror -std=c99 -g -O3 -ftree-vectorize -fPIC -Isrc -D_GNU_SOURCE  -MMD -MP -c src/runtime/list_ASTStructLiteral.c -o obj/runtime/list_ASTStructLiteral.o
/tmp/nanolang-checker-owner-f7c-gates/gcc-retain -Wall -Wextra -Werror -std=c99 -g -O3 -ftree-vectorize -fPIC -Isrc -D_GNU_SOURCE  -MMD -MP -c src/runtime/list_ASTFieldAccess.c -o obj/runtime/list_ASTFieldAccess.o
/tmp/nanolang-checker-owner-f7c-gates/gcc-retain -Wall -Wextra -Werror -std=c99 -g -O3 -ftree-vectorize -fPIC -Isrc -D_GNU_SOURCE  -MMD -MP -c src/runtime/list_ASTEnum.c -o obj/runtime/list_ASTEnum.o
/tmp/nanolang-checker-owner-f7c-gates/gcc-retain -Wall -Wextra -Werror -std=c99 -g -O3 -ftree-vectorize -fPIC -Isrc -D_GNU_SOURCE  -MMD -MP -c src/runtime/list_ASTUnion.c -o obj/runtime/list_ASTUnion.o
/tmp/nanolang-checker-owner-f7c-gates/gcc-retain -Wall -Wextra -Werror -std=c99 -g -O3 -ftree-vectorize -fPIC -Isrc -D_GNU_SOURCE  -MMD -MP -c src/runtime/list_ASTUnionConstruct.c -o obj/runtime/list_ASTUnionConstruct.o
/tmp/nanolang-checker-owner-f7c-gates/gcc-retain -Wall -Wextra -Werror -std=c99 -g -O3 -ftree-vectorize -fPIC -Isrc -D_GNU_SOURCE  -MMD -MP -c src/runtime/list_ASTMatch.c -o obj/runtime/list_ASTMatch.o
/tmp/nanolang-checker-owner-f7c-gates/gcc-retain -Wall -Wextra -Werror -std=c99 -g -O3 -ftree-vectorize -fPIC -Isrc -D_GNU_SOURCE  -MMD -MP -c src/runtime/list_ASTImport.c -o obj/runtime/list_ASTImport.o
/tmp/nanolang-checker-owner-f7c-gates/gcc-retain -Wall -Wextra -Werror -std=c99 -g -O3 -ftree-vectorize -fPIC -Isrc -D_GNU_SOURCE  -MMD -MP -c src/runtime/list_ASTOpaqueType.c -o obj/runtime/list_ASTOpaqueType.o
/tmp/nanolang-checker-owner-f7c-gates/gcc-retain -Wall -Wextra -Werror -std=c99 -g -O3 -ftree-vectorize -fPIC -Isrc -D_GNU_SOURCE  -MMD -MP -c src/runtime/list_ASTTupleLiteral.c -o obj/runtime/list_ASTTupleLiteral.o
/tmp/nanolang-checker-owner-f7c-gates/gcc-retain -Wall -Wextra -Werror -std=c99 -g -O3 -ftree-vectorize -fPIC -Isrc -D_GNU_SOURCE  -MMD -MP -c src/runtime/list_ASTTupleIndex.c -o obj/runtime/list_ASTTupleIndex.o
/tmp/nanolang-checker-owner-f7c-gates/gcc-retain -Wall -Wextra -Werror -std=c99 -g -O3 -ftree-vectorize -fPIC -Isrc -D_GNU_SOURCE  -MMD -MP -c src/runtime/token_helpers.c -o obj/runtime/token_helpers.o
/tmp/nanolang-checker-owner-f7c-gates/gcc-retain -Wall -Wextra -Werror -std=c99 -g -O3 -ftree-vectorize -fPIC -Isrc -D_GNU_SOURCE  -MMD -MP -c src/runtime/gc.c -o obj/runtime/gc.o
/tmp/nanolang-checker-owner-f7c-gates/gcc-retain -Wall -Wextra -Werror -std=c99 -g -O3 -ftree-vectorize -fPIC -Isrc -D_GNU_SOURCE  -MMD -MP -c src/runtime/effect_runtime.c -o obj/runtime/effect_runtime.o
/tmp/nanolang-checker-owner-f7c-gates/gcc-retain -Wall -Wextra -Werror -std=c99 -g -O3 -ftree-vectorize -fPIC -Isrc -D_GNU_SOURCE  -MMD -MP -c src/runtime/dyn_array.c -o obj/runtime/dyn_array.o
/tmp/nanolang-checker-owner-f7c-gates/gcc-retain -Wall -Wextra -Werror -std=c99 -g -O3 -ftree-vectorize -fPIC -Isrc -D_GNU_SOURCE  -MMD -MP -c src/runtime/gc_struct.c -o obj/runtime/gc_struct.o
/tmp/nanolang-checker-owner-f7c-gates/gcc-retain -Wall -Wextra -Werror -std=c99 -g -O3 -ftree-vectorize -fPIC -Isrc -D_GNU_SOURCE  -MMD -MP -c src/runtime/nl_string.c -o obj/runtime/nl_string.o
/tmp/nanolang-checker-owner-f7c-gates/gcc-retain -Wall -Wextra -Werror -std=c99 -g -O3 -ftree-vectorize -fPIC -Isrc -D_GNU_SOURCE  -MMD -MP -c src/runtime/ffi_loader.c -o obj/runtime/ffi_loader.o
/tmp/nanolang-checker-owner-f7c-gates/gcc-retain -Wall -Wextra -Werror -std=c99 -g -O3 -ftree-vectorize -fPIC -Isrc -D_GNU_SOURCE  -MMD -MP -c src/runtime/module_build_dir.c -o obj/runtime/module_build_dir.o
/tmp/nanolang-checker-owner-f7c-gates/gcc-retain -Wall -Wextra -Werror -std=c99 -g -O3 -ftree-vectorize -fPIC -Isrc -D_GNU_SOURCE  -MMD -MP -c src/runtime/cli.c -o obj/runtime/cli.o
/tmp/nanolang-checker-owner-f7c-gates/gcc-retain -Wall -Wextra -Werror -std=c99 -g -O3 -ftree-vectorize -fPIC -Isrc -D_GNU_SOURCE  -MMD -MP -c src/runtime/regex.c -o obj/runtime/regex.o
/tmp/nanolang-checker-owner-f7c-gates/gcc-retain -Wall -Wextra -Werror -std=c99 -g -O3 -ftree-vectorize -fPIC -Isrc -D_GNU_SOURCE  -o obj/test_checker_metadata_ownership tests/test_checker_metadata_ownership.c obj/lexer.o obj/parser.o obj/typechecker.o obj/transpiler.o obj/stdlib_runtime.o obj/env.o obj/builtins_registry.o obj/module.o obj/module_metadata.o obj/cJSON.o obj/toon_output.o obj/module_builder.o obj/resource_tracking.o obj/eval.o obj/eval/eval_hashmap.o obj/eval/eval_math.o obj/eval/eval_string.o obj/eval/eval_io.o obj/interpreter_ffi.o obj/json_diagnostics.o obj/reflection.o obj/nanocore_subset.o obj/nanocore_export.o obj/emit_typed_ast.o obj/type_infer.o obj/effects.o obj/fold_constants.o obj/dce_pass.o obj/par_let_pass.o obj/ptx_backend.o obj/opencl_backend.o obj/tco_pass.o obj/cps_pass.o obj/coroutine.o obj/pgo_pass.o obj/c_backend.o obj/bench.o obj/bench_native.o obj/riscv_backend.o obj/dwarf_info.o obj/docgen_md.o obj/docgen.o obj/fmt.o obj/channel.o obj/bcp47.o obj/locale.o obj/utf8.o obj/diag_id.o obj/catalog.o obj/resource_flow.o obj/nominal_types.o obj/runtime/list_int.o obj/runtime/list_string.o obj/runtime/list_LexerToken.o obj/runtime/list_token.o obj/runtime/list_CompilerDiagnostic.o obj/runtime/list_CompilerSourceLocation.o obj/runtime/list_ASTNumber.o obj/runtime/list_ASTFloat.o obj/runtime/list_ASTString.o obj/runtime/list_ASTBool.o obj/runtime/list_ASTIdentifier.o obj/runtime/list_ASTBinaryOp.o obj/runtime/list_ASTCall.o obj/runtime/list_ASTModuleQualifiedCall.o obj/runtime/list_ASTArrayLiteral.o obj/runtime/list_ASTLet.o obj/runtime/list_ASTSet.o obj/runtime/list_ASTStmtRef.o obj/runtime/list_ASTIf.o obj/runtime/list_ASTWhile.o obj/runtime/list_ASTFor.o obj/runtime/list_ASTReturn.o obj/runtime/list_ASTBlock.o obj/runtime/list_ASTUnsafeBlock.o obj/runtime/list_ASTPrint.o obj/runtime/list_ASTAssert.o obj/runtime/list_ASTFunction.o obj/runtime/list_ASTShadow.o obj/runtime/list_ASTStruct.o obj/runtime/list_ASTStructLiteral.o obj/runtime/list_ASTFieldAccess.o obj/runtime/list_ASTEnum.o obj/runtime/list_ASTUnion.o obj/runtime/list_ASTUnionConstruct.o obj/runtime/list_ASTMatch.o obj/runtime/list_ASTImport.o obj/runtime/list_ASTOpaqueType.o obj/runtime/list_ASTTupleLiteral.o obj/runtime/list_ASTTupleIndex.o obj/runtime/token_helpers.o obj/runtime/gc.o obj/runtime/effect_runtime.o obj/runtime/dyn_array.o obj/runtime/gc_struct.o obj/runtime/nl_string.o obj/runtime/ffi_loader.o obj/runtime/module_build_dir.o obj/runtime/cli.o obj/runtime/regex.o -lm -lcrypto -lffi  -rdynamic
/tmp/nanolang-checker-owner-f7c-gates/gcc-retain -Wall -Wextra -Werror -std=c99 -g -O3 -ftree-vectorize -fPIC -Isrc -D_GNU_SOURCE  -o obj/test_union_metadata_ownership tests/test_union_metadata_ownership.c obj/lexer.o obj/parser.o obj/typechecker.o obj/transpiler.o obj/stdlib_runtime.o obj/env.o obj/builtins_registry.o obj/module.o obj/module_metadata.o obj/cJSON.o obj/toon_output.o obj/module_builder.o obj/resource_tracking.o obj/eval.o obj/eval/eval_hashmap.o obj/eval/eval_math.o obj/eval/eval_string.o obj/eval/eval_io.o obj/interpreter_ffi.o obj/json_diagnostics.o obj/reflection.o obj/nanocore_subset.o obj/nanocore_export.o obj/emit_typed_ast.o obj/type_infer.o obj/effects.o obj/fold_constants.o obj/dce_pass.o obj/par_let_pass.o obj/ptx_backend.o obj/opencl_backend.o obj/tco_pass.o obj/cps_pass.o obj/coroutine.o obj/pgo_pass.o obj/c_backend.o obj/bench.o obj/bench_native.o obj/riscv_backend.o obj/dwarf_info.o obj/docgen_md.o obj/docgen.o obj/fmt.o obj/channel.o obj/bcp47.o obj/locale.o obj/utf8.o obj/diag_id.o obj/catalog.o obj/resource_flow.o obj/nominal_types.o obj/runtime/list_int.o obj/runtime/list_string.o obj/runtime/list_LexerToken.o obj/runtime/list_token.o obj/runtime/list_CompilerDiagnostic.o obj/runtime/list_CompilerSourceLocation.o obj/runtime/list_ASTNumber.o obj/runtime/list_ASTFloat.o obj/runtime/list_ASTString.o obj/runtime/list_ASTBool.o obj/runtime/list_ASTIdentifier.o obj/runtime/list_ASTBinaryOp.o obj/runtime/list_ASTCall.o obj/runtime/list_ASTModuleQualifiedCall.o obj/runtime/list_ASTArrayLiteral.o obj/runtime/list_ASTLet.o obj/runtime/list_ASTSet.o obj/runtime/list_ASTStmtRef.o obj/runtime/list_ASTIf.o obj/runtime/list_ASTWhile.o obj/runtime/list_ASTFor.o obj/runtime/list_ASTReturn.o obj/runtime/list_ASTBlock.o obj/runtime/list_ASTUnsafeBlock.o obj/runtime/list_ASTPrint.o obj/runtime/list_ASTAssert.o obj/runtime/list_ASTFunction.o obj/runtime/list_ASTShadow.o obj/runtime/list_ASTStruct.o obj/runtime/list_ASTStructLiteral.o obj/runtime/list_ASTFieldAccess.o obj/runtime/list_ASTEnum.o obj/runtime/list_ASTUnion.o obj/runtime/list_ASTUnionConstruct.o obj/runtime/list_ASTMatch.o obj/runtime/list_ASTImport.o obj/runtime/list_ASTOpaqueType.o obj/runtime/list_ASTTupleLiteral.o obj/runtime/list_ASTTupleIndex.o obj/runtime/token_helpers.o obj/runtime/gc.o obj/runtime/effect_runtime.o obj/runtime/dyn_array.o obj/runtime/gc_struct.o obj/runtime/nl_string.o obj/runtime/ffi_loader.o obj/runtime/module_build_dir.o obj/runtime/cli.o obj/runtime/regex.o -lm -lcrypto -lffi  -rdynamic
obj/test_union_metadata_ownership
I passed independent union metadata lifetime checks.
Warning: Function 'transform' is missing a shadow test
Warning: Function 'invoke' is missing a shadow test
Warning: Function 'factory' is missing a shadow test
  Testing function_metadata_lifetime... ✓
Checker ownership: original parsed lifecycle, eight orders/slot controls, borrowed metadata/runtime array PASS
