['/Users/jordanh/Src/nanolang/bin/nanoc_c', '/var/folders/9z/xpmfgw8j09l4g6wwxrxtt97w0000gn/T/checked-array-literals-azflm55j/driver.nano', '-o', '/var/folders/9z/xpmfgw8j09l4g6wwxrxtt97w0000gn/T/checked-array-literals-azflm55j/driver']
Warning at line 175, column 9: Unused variable 'ignored'
Warning at line 2423, column 9: Unused variable 'rejected'
Warning at line 2587, column 9: Unused variable 'rejected'
Warning at line 2591, column 9: Unused variable 'rejected'
Warning at line 2598, column 13: Unused variable 'rejected'
Warning at line 2656, column 9: Unused variable 'rejected'
Warning at line 2660, column 9: Unused variable 'rejected'
Warning at line 2667, column 13: Unused variable 'rejected'
Warning at line 6287, column 17: Unused variable 'imported'
Warning at line 39, column 5: Unused variable 'result'
Warning at line 175, column 9: Unused variable 'ignored'
Warning at line 175, column 9: Unused variable 'ignored'
Warning at line 2423, column 9: Unused variable 'rejected'
Warning at line 2587, column 9: Unused variable 'rejected'
Warning at line 2591, column 9: Unused variable 'rejected'
Warning at line 2598, column 13: Unused variable 'rejected'
Warning at line 2656, column 9: Unused variable 'rejected'
Warning at line 2660, column 9: Unused variable 'rejected'
Warning at line 2667, column 13: Unused variable 'rejected'
Warning at line 6287, column 17: Unused variable 'imported'
