test_absolute_source_hash_and_overflow (tests.test_source_snapshots.SourceSnapshots.test_absolute_source_hash_and_overflow) ... ok
test_admitted_capture_phase_failure_and_recovery (tests.test_source_snapshots.SourceSnapshots.test_admitted_capture_phase_failure_and_recovery) ... ok
test_aggregate_compiler_fragments_preserve_order_and_reuse (tests.test_source_snapshots.SourceSnapshots.test_aggregate_compiler_fragments_preserve_order_and_reuse) ... ok
test_aliasing_flags_retain_assembler_inputs (tests.test_source_snapshots.SourceSnapshots.test_aliasing_flags_retain_assembler_inputs) ... ok
test_alternate_assembler_cache_recovery (tests.test_source_snapshots.SourceSnapshots.test_alternate_assembler_cache_recovery) ... skipped 'I need supported GNU assembler read replay'
test_alternate_assembler_restored_inputs (tests.test_source_snapshots.SourceSnapshots.test_alternate_assembler_restored_inputs) ... skipped 'I need supported GNU assembler read replay'
test_alternate_assembler_search_phases_and_recovery (tests.test_source_snapshots.SourceSnapshots.test_alternate_assembler_search_phases_and_recovery) ... skipped 'I need supported GNU assembler read replay'
test_apple_external_capture_preserves_tool_diagnostics (tests.test_source_snapshots.SourceSnapshots.test_apple_external_capture_preserves_tool_diagnostics) ... ok
test_apple_external_macro_inputs_use_selected_backend_capture (tests.test_source_snapshots.SourceSnapshots.test_apple_external_macro_inputs_use_selected_backend_capture) ... ok
test_apple_external_macro_nested_changes_and_recovery (tests.test_source_snapshots.SourceSnapshots.test_apple_external_macro_nested_changes_and_recovery) ... ok
test_apple_external_query_failure_and_recovery (tests.test_source_snapshots.SourceSnapshots.test_apple_external_query_failure_and_recovery) ... ok
test_apple_failed_capture_refuses_uncaptured_cold_output (tests.test_source_snapshots.SourceSnapshots.test_apple_failed_capture_refuses_uncaptured_cold_output) ... ok
test_apple_lowercase_assembly_is_preprocessed (tests.test_source_snapshots.SourceSnapshots.test_apple_lowercase_assembly_is_preprocessed) ... ok
test_apple_native_unit_capture_debug_identity (tests.test_source_snapshots.SourceSnapshots.test_apple_native_unit_capture_debug_identity) ... ok
test_apple_native_unit_capture_failure_recovery (tests.test_source_snapshots.SourceSnapshots.test_apple_native_unit_capture_failure_recovery) ... ok
test_apple_native_unit_copy_failure_recovery (tests.test_source_snapshots.SourceSnapshots.test_apple_native_unit_copy_failure_recovery) ... ok
test_apple_selected_external_backend_expands_macro_reads (tests.test_source_snapshots.SourceSnapshots.test_apple_selected_external_backend_expands_macro_reads) ... ok
test_assembler_cache_nested_changes_and_recovery (tests.test_source_snapshots.SourceSnapshots.test_assembler_cache_nested_changes_and_recovery) ... ok
test_assembler_descriptor_directory_boundaries (tests.test_source_snapshots.SourceSnapshots.test_assembler_descriptor_directory_boundaries) ... skipped 'I use procfs names only for GNU descriptor transport'
test_assembler_filename_spelling_and_cache_recovery (tests.test_source_snapshots.SourceSnapshots.test_assembler_filename_spelling_and_cache_recovery) ... ok
test_assembler_filename_spelling_restored_inputs (tests.test_source_snapshots.SourceSnapshots.test_assembler_filename_spelling_restored_inputs) ... ok
test_assembler_include_flag_phases (tests.test_source_snapshots.SourceSnapshots.test_assembler_include_flag_phases) ... ok
test_assembler_instruction_and_location_provenance (tests.test_source_snapshots.SourceSnapshots.test_assembler_instruction_and_location_provenance) ... ok
test_assembler_octal_data_capture_boundaries (tests.test_source_snapshots.SourceSnapshots.test_assembler_octal_data_capture_boundaries) ... ok
test_assembler_octal_data_replay_bytes (tests.test_source_snapshots.SourceSnapshots.test_assembler_octal_data_replay_bytes) ... ok
test_assembler_requested_location_evidence (tests.test_source_snapshots.SourceSnapshots.test_assembler_requested_location_evidence) ... ok
test_assembler_search_order_phases_and_recovery (tests.test_source_snapshots.SourceSnapshots.test_assembler_search_order_phases_and_recovery) ... ok
test_assembler_search_restored_inputs (tests.test_source_snapshots.SourceSnapshots.test_assembler_search_restored_inputs) ... ok
test_assembler_translation_units_cache_recovery (tests.test_source_snapshots.SourceSnapshots.test_assembler_translation_units_cache_recovery) ... ok
test_assembler_translation_units_restored_inputs (tests.test_source_snapshots.SourceSnapshots.test_assembler_translation_units_restored_inputs) ... ok
test_build_evidence_trace_and_post_capture_validation_failure (tests.test_source_snapshots.SourceSnapshots.test_build_evidence_trace_and_post_capture_validation_failure) ... ok
test_build_evidence_trace_reports_tool_failure_and_deadline (tests.test_source_snapshots.SourceSnapshots.test_build_evidence_trace_reports_tool_failure_and_deadline) ... ok
test_cache_record_rename_failure_diagnostics_and_recovery (tests.test_source_snapshots.SourceSnapshots.test_cache_record_rename_failure_diagnostics_and_recovery) ... ok
test_capture_configuration_clock_rejection (tests.test_source_snapshots.SourceSnapshots.test_capture_configuration_clock_rejection) ... ok
test_capture_environment_is_child_local (tests.test_source_snapshots.SourceSnapshots.test_capture_environment_is_child_local) ... ok
test_capture_timeout_configuration (tests.test_source_snapshots.SourceSnapshots.test_capture_timeout_configuration) ... ok
test_clang_assembler_cache_restored_inputs (tests.test_source_snapshots.SourceSnapshots.test_clang_assembler_cache_restored_inputs) ... ok
test_clang_external_assembler_cache_restored_inputs (tests.test_source_snapshots.SourceSnapshots.test_clang_external_assembler_cache_restored_inputs) ... ok
test_clang_external_assembler_requires_read_capture (tests.test_source_snapshots.SourceSnapshots.test_clang_external_assembler_requires_read_capture) ... ok
test_clang_retained_assembly_expands_external_inputs (tests.test_source_snapshots.SourceSnapshots.test_clang_retained_assembly_expands_external_inputs) ... ok
test_coalesced_flag_allocation_failures_are_atomic (tests.test_source_snapshots.SourceSnapshots.test_coalesced_flag_allocation_failures_are_atomic) ... ok
test_compile_diagnostics_preserve_previous_generation (tests.test_source_snapshots.SourceSnapshots.test_compile_diagnostics_preserve_previous_generation) ... ok
test_compile_flag_allocation_failures_are_atomic (tests.test_source_snapshots.SourceSnapshots.test_compile_flag_allocation_failures_are_atomic) ... ok
test_compiler_path_equals_is_not_an_assignment (tests.test_source_snapshots.SourceSnapshots.test_compiler_path_equals_is_not_an_assignment) ... ok
test_configured_capture_default_and_expiry (tests.test_source_snapshots.SourceSnapshots.test_configured_capture_default_and_expiry) ... ok
test_configured_capture_descendant_cleanup (tests.test_source_snapshots.SourceSnapshots.test_configured_capture_descendant_cleanup) ... ok
test_configured_flags_preserve_retained_input_and_phases (tests.test_source_snapshots.SourceSnapshots.test_configured_flags_preserve_retained_input_and_phases) ... ok
test_configured_warning_errors_preserve_generation (tests.test_source_snapshots.SourceSnapshots.test_configured_warning_errors_preserve_generation) ... ok
test_consistency_gate_checks_cold_and_warm_answers (tests.test_source_snapshots.SourceSnapshots.test_consistency_gate_checks_cold_and_warm_answers) ... ok
test_early_build_failure_evidence (tests.test_source_snapshots.SourceSnapshots.test_early_build_failure_evidence) ... ok
test_equals_path_cache_recovery (tests.test_source_snapshots.SourceSnapshots.test_equals_path_cache_recovery) ... ok
test_equals_path_native_debug_identity (tests.test_source_snapshots.SourceSnapshots.test_equals_path_native_debug_identity) ... ok
test_equals_path_post_capture_reads (tests.test_source_snapshots.SourceSnapshots.test_equals_path_post_capture_reads) ... ok
test_equals_path_restored_assembler_inputs (tests.test_source_snapshots.SourceSnapshots.test_equals_path_restored_assembler_inputs) ... skipped 'I require GNU captured-read replay'
test_external_assembler_cache_nested_changes_and_recovery (tests.test_source_snapshots.SourceSnapshots.test_external_assembler_cache_nested_changes_and_recovery) ... ok
test_external_unadmitted_flags_keep_the_original_path (tests.test_source_snapshots.SourceSnapshots.test_external_unadmitted_flags_keep_the_original_path) ... ok
test_forwarded_include_operands_are_not_rebased (tests.test_source_snapshots.SourceSnapshots.test_forwarded_include_operands_are_not_rebased) ... ok
test_gcc_assembler_restoration_uses_captured_inputs (tests.test_source_snapshots.SourceSnapshots.test_gcc_assembler_restoration_uses_captured_inputs) ... skipped 'I exercise GCC literal assembler capture here'
test_gcc_implicit_pch_appearance_and_removal (tests.test_source_snapshots.SourceSnapshots.test_gcc_implicit_pch_appearance_and_removal) ... skipped "I need GCC's implicit precompiled-header selection"
test_gcc_incomplete_assembler_capture_refuses_cold_output (tests.test_source_snapshots.SourceSnapshots.test_gcc_incomplete_assembler_capture_refuses_cold_output) ... skipped 'I exercise GCC assembler capture failure here'
test_gcc_macro_argument_replays_captured_reads (tests.test_source_snapshots.SourceSnapshots.test_gcc_macro_argument_replays_captured_reads) ... skipped 'I need a supported Linux GNU assembler replay version'
test_gcc_missing_capture_helper_preserves_generation_and_recovers (tests.test_source_snapshots.SourceSnapshots.test_gcc_missing_capture_helper_preserves_generation_and_recovers) ... skipped 'I need supported GNU assembler read capture'
test_gcc_pch_marker_across_read_boundaries (tests.test_source_snapshots.SourceSnapshots.test_gcc_pch_marker_across_read_boundaries) ... skipped "I need GCC's PCH preprocessing directive"
test_gcc_pch_restoration_and_private_copy_failure (tests.test_source_snapshots.SourceSnapshots.test_gcc_pch_restoration_and_private_copy_failure) ... skipped 'I exercise GCC retained PCH inputs'
test_gcc_replay_cleanup_failure_and_tool_selection (tests.test_source_snapshots.SourceSnapshots.test_gcc_replay_cleanup_failure_and_tool_selection) ... skipped 'I need a supported Linux GNU assembler replay version'
test_gcc_retained_object_reproducibility_and_external_inputs (tests.test_source_snapshots.SourceSnapshots.test_gcc_retained_object_reproducibility_and_external_inputs) ... skipped 'I test the GCC compiler-output candidate here'
test_gcc_retained_pch_relocation_trial (tests.test_source_snapshots.SourceSnapshots.test_gcc_retained_pch_relocation_trial)
I establish relocation viability, not production PCH capture. ... skipped "I need GCC's PCH preprocessing directive"
test_gcc_validation_cleanup_and_cold_failure (tests.test_source_snapshots.SourceSnapshots.test_gcc_validation_cleanup_and_cold_failure) ... skipped 'I exercise the GCC private object checker here'
test_include_transport_preserves_search_order_and_lifetime (tests.test_source_snapshots.SourceSnapshots.test_include_transport_preserves_search_order_and_lifetime) ... ok
test_integrated_instruction_and_location_provenance (tests.test_source_snapshots.SourceSnapshots.test_integrated_instruction_and_location_provenance) ... ok
test_integrated_native_unit_debug_identity (tests.test_source_snapshots.SourceSnapshots.test_integrated_native_unit_debug_identity) ... ok
test_integrated_native_unit_failure_recovery (tests.test_source_snapshots.SourceSnapshots.test_integrated_native_unit_failure_recovery) ... ok
test_integrated_native_unit_post_capture_reads (tests.test_source_snapshots.SourceSnapshots.test_integrated_native_unit_post_capture_reads) ... ok
test_integrated_units_preserve_c_assembler_search (tests.test_source_snapshots.SourceSnapshots.test_integrated_units_preserve_c_assembler_search) ... ok
test_large_response_arguments_are_retained (tests.test_source_snapshots.SourceSnapshots.test_large_response_arguments_are_retained) ... ok
test_link_driver_response_arguments_are_retained (tests.test_source_snapshots.SourceSnapshots.test_link_driver_response_arguments_are_retained) ... ok
test_link_flag_allocation_failures_are_atomic (tests.test_source_snapshots.SourceSnapshots.test_link_flag_allocation_failures_are_atomic) ... ok
test_linux_clang_external_macros_replay_captured_reads (tests.test_source_snapshots.SourceSnapshots.test_linux_clang_external_macros_replay_captured_reads) ... skipped 'I exercise Clang with the Linux GNU assembler'
test_linux_read_execute_default_accepts_slow_command (tests.test_source_snapshots.SourceSnapshots.test_linux_read_execute_default_accepts_slow_command) ... skipped 'I exercise Linux captured-read execution'
test_literal_assembler_capture_boundaries (tests.test_source_snapshots.SourceSnapshots.test_literal_assembler_capture_boundaries) ... ok
test_literal_words_match_shell_arguments (tests.test_source_snapshots.SourceSnapshots.test_literal_words_match_shell_arguments) ... ok
test_many_returned_compile_flags_preserve_count_and_order (tests.test_source_snapshots.SourceSnapshots.test_many_returned_compile_flags_preserve_count_and_order) ... ok
test_many_returned_link_flags_preserve_count_and_order (tests.test_source_snapshots.SourceSnapshots.test_many_returned_link_flags_preserve_count_and_order) ... ok
test_multiple_and_shared_only_sources (tests.test_source_snapshots.SourceSnapshots.test_multiple_and_shared_only_sources) ... ok
test_native_single_source_output (tests.test_source_snapshots.SourceSnapshots.test_native_single_source_output) ... ok
test_native_unit_copy_rejects_substitutions (tests.test_source_snapshots.SourceSnapshots.test_native_unit_copy_rejects_substitutions) ... ok
test_native_unit_post_capture_reads (tests.test_source_snapshots.SourceSnapshots.test_native_unit_post_capture_reads) ... ok
test_ordinary_capture_failure_refuses_live_cold_output (tests.test_source_snapshots.SourceSnapshots.test_ordinary_capture_failure_refuses_live_cold_output) ... ok
test_paired_fragment_normalization (tests.test_source_snapshots.SourceSnapshots.test_paired_fragment_normalization) ... ok
test_pch_rewriter_preserves_input_on_rejected_capture (tests.test_source_snapshots.SourceSnapshots.test_pch_rewriter_preserves_input_on_rejected_capture) ... ok
test_preprocessed_unit_post_link_validation_deadline (tests.test_source_snapshots.SourceSnapshots.test_preprocessed_unit_post_link_validation_deadline) ... ok
test_raw_unit_post_link_validation_deadline (tests.test_source_snapshots.SourceSnapshots.test_raw_unit_post_link_validation_deadline) ... 
  test_raw_unit_post_link_validation_deadline (tests.test_source_snapshots.SourceSnapshots.test_raw_unit_post_link_validation_deadline) (external=True, shared=True, shared_unit=False) ... FAIL
  test_raw_unit_post_link_validation_deadline (tests.test_source_snapshots.SourceSnapshots.test_raw_unit_post_link_validation_deadline) (external=True, shared=True, shared_unit=True) ... FAIL
test_recovery_parent_allows_slow_capture (tests.test_source_snapshots.SourceSnapshots.test_recovery_parent_allows_slow_capture) ... 
  test_recovery_parent_allows_slow_capture (tests.test_source_snapshots.SourceSnapshots.test_recovery_parent_allows_slow_capture) (style='xassembler-split', placement='package', external=True, shared=False) ... FAIL
test_response_driver_mode_declines_the_whole_argument_capture (tests.test_source_snapshots.SourceSnapshots.test_response_driver_mode_declines_the_whole_argument_capture) ... ok
test_response_file_restored_arguments (tests.test_source_snapshots.SourceSnapshots.test_response_file_restored_arguments) ... ok
test_response_rebuild_errors_and_recovery (tests.test_source_snapshots.SourceSnapshots.test_response_rebuild_errors_and_recovery) ... ok
test_response_transport_outlives_build_info_and_rejects_changed_sidecars (tests.test_source_snapshots.SourceSnapshots.test_response_transport_outlives_build_info_and_rejects_changed_sidecars) ... ok
test_response_unsupported_fragments_keep_the_original_path (tests.test_source_snapshots.SourceSnapshots.test_response_unsupported_fragments_keep_the_original_path) ... ok
test_response_words_match_the_real_compiler (tests.test_source_snapshots.SourceSnapshots.test_response_words_match_the_real_compiler) ... ok
test_restored_edit_during_capture_cannot_authorize_reuse (tests.test_source_snapshots.SourceSnapshots.test_restored_edit_during_capture_cannot_authorize_reuse) ... ok
test_restored_source_and_header_changes (tests.test_source_snapshots.SourceSnapshots.test_restored_source_and_header_changes) ... ok
test_selected_assembler_tool_hash_bounds (tests.test_source_snapshots.SourceSnapshots.test_selected_assembler_tool_hash_bounds) ... ok
test_selected_clang_assembler_report_boundaries (tests.test_source_snapshots.SourceSnapshots.test_selected_clang_assembler_report_boundaries) ... ok
test_selected_tool_fifo_failure_recovery (tests.test_source_snapshots.SourceSnapshots.test_selected_tool_fifo_failure_recovery) ... ok
test_shared_link_does_not_drop_tail_flags_or_repeated_libraries (tests.test_source_snapshots.SourceSnapshots.test_shared_link_does_not_drop_tail_flags_or_repeated_libraries) ... ok
test_shared_link_preserves_framework_pairs (tests.test_source_snapshots.SourceSnapshots.test_shared_link_preserves_framework_pairs) ... ok
test_shared_preprocessed_assembler_search_recovery (tests.test_source_snapshots.SourceSnapshots.test_shared_preprocessed_assembler_search_recovery) ... ok
test_shared_raw_assembler_search_recovery (tests.test_source_snapshots.SourceSnapshots.test_shared_raw_assembler_search_recovery) ... 
  test_shared_raw_assembler_search_recovery (tests.test_source_snapshots.SourceSnapshots.test_shared_raw_assembler_search_recovery) (style='wa-joined', placement='package', external=False, shared=True) ... FAIL
  test_shared_raw_assembler_search_recovery (tests.test_source_snapshots.SourceSnapshots.test_shared_raw_assembler_search_recovery) (style='wa-joined', placement='package', external=True, shared=False) ... FAIL
  test_shared_raw_assembler_search_recovery (tests.test_source_snapshots.SourceSnapshots.test_shared_raw_assembler_search_recovery) (style='wa-joined', placement='package', external=True, shared=True) ... FAIL
  test_shared_raw_assembler_search_recovery (tests.test_source_snapshots.SourceSnapshots.test_shared_raw_assembler_search_recovery) (style='xassembler-split', placement='common', external=False, shared=False) ... FAIL
  test_shared_raw_assembler_search_recovery (tests.test_source_snapshots.SourceSnapshots.test_shared_raw_assembler_search_recovery) (style='xassembler-split', placement='common', external=False, shared=True) ... FAIL
  test_shared_raw_assembler_search_recovery (tests.test_source_snapshots.SourceSnapshots.test_shared_raw_assembler_search_recovery) (style='xassembler-split', placement='common', external=True, shared=False) ... ERROR
  test_shared_raw_assembler_search_recovery (tests.test_source_snapshots.SourceSnapshots.test_shared_raw_assembler_search_recovery) (style='xassembler-split', placement='common', external=True, shared=True) ... ERROR
  test_shared_raw_assembler_search_recovery (tests.test_source_snapshots.SourceSnapshots.test_shared_raw_assembler_search_recovery) (style='xassembler-split', placement='platform', external=False, shared=False) ... ERROR
  test_shared_raw_assembler_search_recovery (tests.test_source_snapshots.SourceSnapshots.test_shared_raw_assembler_search_recovery) (style='xassembler-split', placement='platform', external=False, shared=True) ... ERROR
  test_shared_raw_assembler_search_recovery (tests.test_source_snapshots.SourceSnapshots.test_shared_raw_assembler_search_recovery) (style='xassembler-split', placement='platform', external=True, shared=False) ... ERROR
  test_shared_raw_assembler_search_recovery (tests.test_source_snapshots.SourceSnapshots.test_shared_raw_assembler_search_recovery) (style='xassembler-split', placement='platform', external=True, shared=True) ... ERROR
  test_shared_raw_assembler_search_recovery (tests.test_source_snapshots.SourceSnapshots.test_shared_raw_assembler_search_recovery) (style='xassembler-split', placement='package', external=False, shared=False) ... ERROR
object address  : 0x1079d1a40
object refcount : 3
object type     : 0x102d47300
object type name: OSError
object repr     : OSError(28, 'No space left on device')
