I retain byte-array evidence at /var/folders/9z/xpmfgw8j09l4g6wwxrxtt97w0000gn/T/nano-native-byte-arrays-rh74sez2
test_alias_mutation_slice_independence_and_empty (tests.test_native_byte_arrays.NativeByteArrays.test_alias_mutation_slice_independence_and_empty) ... ok
test_calls_globals_records_and_absent_reads (tests.test_native_byte_arrays.NativeByteArrays.test_calls_globals_records_and_absent_reads) ... FAIL
test_literal_tags_and_integer_narrowing (tests.test_native_byte_arrays.NativeByteArrays.test_literal_tags_and_integer_narrowing) ... ok
I retain slice qualification at /var/folders/9z/xpmfgw8j09l4g6wwxrxtt97w0000gn/T/nanoisa-slice-mfdxz_1c
test_argument_order_once (tests.test_nanoisa_array_slice.NanoISASlice.test_argument_order_once) ... ok
test_bounds_bits_and_record_children (tests.test_nanoisa_array_slice.NanoISASlice.test_bounds_bits_and_record_children) ... ok
test_byte_slice (tests.test_nanoisa_array_slice.NanoISASlice.test_byte_slice) ... ok
test_closure_environment_copy (tests.test_nanoisa_array_slice.NanoISASlice.test_closure_environment_copy) ... ok
test_source_shapes (tests.test_nanoisa_array_slice.NanoISASlice.test_source_shapes) ... 
  test_source_shapes (tests.test_nanoisa_array_slice.NanoISASlice.test_source_shapes) (case='nested', producer='seed') ... FAIL
  test_source_shapes (tests.test_nanoisa_array_slice.NanoISASlice.test_source_shapes) (case='nested', producer='selfhost') ... FAIL
test_unchecked_emitter_refuses_invalid_operands (tests.test_nanoisa_array_slice.NanoISASlice.test_unchecked_emitter_refuses_invalid_operands) ... ok

======================================================================
FAIL: test_calls_globals_records_and_absent_reads (tests.test_native_byte_arrays.NativeByteArrays.test_calls_globals_records_and_absent_reads)
----------------------------------------------------------------------
Traceback (most recent call last):
  File "/private/tmp/nanolang-array-types-20261008/tests/test_native_byte_arrays.py", line 81, in test_calls_globals_records_and_absent_reads
    self.paired('transport', body, helpers)
    ~~~~~~~~~~~^^^^^^^^^^^^^^^^^^^^^^^^^^^^
  File "/private/tmp/nanolang-array-types-20261008/tests/test_native_byte_arrays.py", line 33, in paired
    self.command(ROOT / 'bin/nanoisa', 'asm', assembly, '-o', module)
    ~~~~~~~~~~~~^^^^^^^^^^^^^^^^^^^^^^^^^^^^^^^^^^^^^^^^^^^^^^^^^^^^^
  File "/private/tmp/nanolang-array-types-20261008/tests/test_native_byte_arrays.py", line 25, in command
    self.assertEqual(result.returncode, 0, result.stdout + result.stderr)
    ~~~~~~~~~~~~~~~~^^^^^^^^^^^^^^^^^^^^^^^^^^^^^^^^^^^^^^^^^^^^^^^^^^^^^
AssertionError: 1 != 0 : I cannot assemble '/var/folders/9z/xpmfgw8j09l4g6wwxrxtt97w0000gn/T/nano-native-byte-arrays-rh74sez2/transport.nasm': Expected u32 operand


======================================================================
FAIL: test_source_shapes (tests.test_nanoisa_array_slice.NanoISASlice.test_source_shapes) (case='nested', producer='seed')
----------------------------------------------------------------------
Traceback (most recent call last):
  File "/private/tmp/nanolang-array-types-20261008/tests/test_nanoisa_array_slice.py", line 50, in qualify
    self.run_checked(ROOT / "bin/nvm2c", module, "-o", native_c)
    ~~~~~~~~~~~~~~~~^^^^^^^^^^^^^^^^^^^^^^^^^^^^^^^^^^^^^^^^^^^^
  File "/private/tmp/nanolang-array-types-20261008/tests/test_nanoisa_array_slice.py", line 32, in run_checked
    raise AssertionError(f"{command}: {p.returncode}\n{p.stdout}\n{p.stderr}")
AssertionError: ['/private/tmp/nanolang-array-types-20261008/bin/nvm2c', '/var/folders/9z/xpmfgw8j09l4g6wwxrxtt97w0000gn/T/nanoisa-slice-mfdxz_1c/nested-seed.nvm', '-o', '/var/folders/9z/xpmfgw8j09l4g6wwxrxtt97w0000gn/T/nanoisa-slice-mfdxz_1c/nested-seed.c']: 1

I cannot translate '/var/folders/9z/xpmfgw8j09l4g6wwxrxtt97w0000gn/T/nanoisa-slice-mfdxz_1c/nested-seed.nvm': function 0: I support int, bool, float, string, function or record elements in ARR_LITERAL


======================================================================
FAIL: test_source_shapes (tests.test_nanoisa_array_slice.NanoISASlice.test_source_shapes) (case='nested', producer='selfhost')
----------------------------------------------------------------------
Traceback (most recent call last):
  File "/private/tmp/nanolang-array-types-20261008/tests/test_nanoisa_array_slice.py", line 45, in qualify
    assembly.write_text(self.run_checked(self.driver, source, "program").stdout)
                        ~~~~~~~~~~~~~~~~^^^^^^^^^^^^^^^^^^^^^^^^^^^^^^^^
  File "/private/tmp/nanolang-array-types-20261008/tests/test_nanoisa_array_slice.py", line 32, in run_checked
    raise AssertionError(f"{command}: {p.returncode}\n{p.stdout}\n{p.stderr}")
AssertionError: ['/var/folders/9z/xpmfgw8j09l4g6wwxrxtt97w0000gn/T/nanoisa-slice-mwe0mkx7/driver', '/var/folders/9z/xpmfgw8j09l4g6wwxrxtt97w0000gn/T/nanoisa-slice-mfdxz_1c/nested.nano', 'program']: 1



----------------------------------------------------------------------
Ran 9 tests in 6.768s

FAILED (failures=3)
