I retain cyclic dispatch artifacts at /var/folders/v0/pxyl2_m512v5j9nhv674pt400000gn/T/nano-file-cyclic-dispatch-hs_dbel3
test_instrumented_matched_cyclic_dispatch (tests.test_file_cyclic_dispatch.FileCyclicDispatch.test_instrumented_matched_cyclic_dispatch) ... FAIL

======================================================================
FAIL: test_instrumented_matched_cyclic_dispatch (tests.test_file_cyclic_dispatch.FileCyclicDispatch.test_instrumented_matched_cyclic_dispatch)
----------------------------------------------------------------------
Traceback (most recent call last):
  File "/private/tmp/nanolang-file-cyclic-dispatch-7913/tests/test_file_cyclic_dispatch.py", line 206, in test_instrumented_matched_cyclic_dispatch
    self.qualify('instrumented', True)
    ~~~~~~~~~~~~^^^^^^^^^^^^^^^^^^^^^^
  File "/private/tmp/nanolang-file-cyclic-dispatch-7913/tests/test_file_cyclic_dispatch.py", line 114, in qualify
    output = self.command(f'{name}-capture-run', [str(capture), str(directory)])
  File "/private/tmp/nanolang-file-cyclic-dispatch-7913/tests/test_file_cyclic_dispatch.py", line 52, in command
    return cyclic_runner.FileCyclic.command(self, name, args)
           ~~~~~~~~~~~~~~~~~~~~~~~~~~~~~~~~^^^^^^^^^^^^^^^^^^
  File "/private/tmp/nanolang-file-cyclic-dispatch-7913/tests/test_file_cyclic.py", line 86, in command
    self.assertEqual(status["returncode"], 0, status)
    ~~~~~~~~~~~~~~~~^^^^^^^^^^^^^^^^^^^^^^^^^^^^^^^^^
AssertionError: 1 != 0 : {'timeout': False, 'returncode': 1, 'leader_reaped': True, 'group_disappeared': True, 'bound_seconds': 240, 'errors': [], 'cleanup_signals': [], 'launched': True}

----------------------------------------------------------------------
Ran 1 test in 3.844s

FAILED (failures=1)
