test_absolute_source_hash_and_overflow (tests.test_source_snapshots.SourceSnapshots.test_absolute_source_hash_and_overflow) ... ok
test_admitted_capture_phase_failure_and_recovery (tests.test_source_snapshots.SourceSnapshots.test_admitted_capture_phase_failure_and_recovery) ... ok
test_aggregate_compiler_fragments_preserve_order_and_reuse (tests.test_source_snapshots.SourceSnapshots.test_aggregate_compiler_fragments_preserve_order_and_reuse) ... ok
test_aliasing_flags_retain_assembler_inputs (tests.test_source_snapshots.SourceSnapshots.test_aliasing_flags_retain_assembler_inputs) ... ok
test_alternate_assembler_cache_recovery (tests.test_source_snapshots.SourceSnapshots.test_alternate_assembler_cache_recovery) ... skipped 'I need supported GNU assembler read replay'
test_alternate_assembler_restored_inputs (tests.test_source_snapshots.SourceSnapshots.test_alternate_assembler_restored_inputs) ... skipped 'I need supported GNU assembler read replay'
test_alternate_assembler_search_phases_and_recovery (tests.test_source_snapshots.SourceSnapshots.test_alternate_assembler_search_phases_and_recovery) ... skipped 'I need supported GNU assembler read replay'
test_apple_external_capture_preserves_tool_diagnostics (tests.test_source_snapshots.SourceSnapshots.test_apple_external_capture_preserves_tool_diagnostics) ... ok
test_apple_external_macro_inputs_use_selected_backend_capture (tests.test_source_snapshots.SourceSnapshots.test_apple_external_macro_inputs_use_selected_backend_capture) ... ok
test_apple_external_macro_nested_changes_and_recovery (tests.test_source_snapshots.SourceSnapshots.test_apple_external_macro_nested_changes_and_recovery) ... ok
test_apple_external_query_failure_and_recovery (tests.test_source_snapshots.SourceSnapshots.test_apple_external_query_failure_and_recovery) ... ok
test_apple_failed_capture_refuses_uncaptured_cold_output (tests.test_source_snapshots.SourceSnapshots.test_apple_failed_capture_refuses_uncaptured_cold_output) ... ok
test_apple_lowercase_assembly_is_preprocessed (tests.test_source_snapshots.SourceSnapshots.test_apple_lowercase_assembly_is_preprocessed) ... ok
test_apple_native_unit_capture_debug_identity (tests.test_source_snapshots.SourceSnapshots.test_apple_native_unit_capture_debug_identity) ... ok
test_apple_native_unit_capture_failure_recovery (tests.test_source_snapshots.SourceSnapshots.test_apple_native_unit_capture_failure_recovery) ... ok
test_apple_native_unit_copy_failure_recovery (tests.test_source_snapshots.SourceSnapshots.test_apple_native_unit_copy_failure_recovery) ... ok
test_apple_selected_external_backend_expands_macro_reads (tests.test_source_snapshots.SourceSnapshots.test_apple_selected_external_backend_expands_macro_reads) ... ok
test_assembler_cache_nested_changes_and_recovery (tests.test_source_snapshots.SourceSnapshots.test_assembler_cache_nested_changes_and_recovery) ... ok
test_assembler_descriptor_directory_boundaries (tests.test_source_snapshots.SourceSnapshots.test_assembler_descriptor_directory_boundaries) ... skipped 'I use procfs names only for GNU descriptor transport'
test_assembler_filename_spelling_and_cache_recovery (tests.test_source_snapshots.SourceSnapshots.test_assembler_filename_spelling_and_cache_recovery) ... ok
test_assembler_filename_spelling_restored_inputs (tests.test_source_snapshots.SourceSnapshots.test_assembler_filename_spelling_restored_inputs) ... ok
test_assembler_include_flag_phases (tests.test_source_snapshots.SourceSnapshots.test_assembler_include_flag_phases) ... ok
test_assembler_instruction_and_location_provenance (tests.test_source_snapshots.SourceSnapshots.test_assembler_instruction_and_location_provenance) ... ok
test_assembler_octal_data_capture_boundaries (tests.test_source_snapshots.SourceSnapshots.test_assembler_octal_data_capture_boundaries) ... ok
test_assembler_octal_data_replay_bytes (tests.test_source_snapshots.SourceSnapshots.test_assembler_octal_data_replay_bytes) ... ok
test_assembler_requested_location_evidence (tests.test_source_snapshots.SourceSnapshots.test_assembler_requested_location_evidence) ... ok
test_assembler_search_order_phases_and_recovery (tests.test_source_snapshots.SourceSnapshots.test_assembler_search_order_phases_and_recovery) ... ok
test_assembler_search_restored_inputs (tests.test_source_snapshots.SourceSnapshots.test_assembler_search_restored_inputs) ... ok
test_assembler_translation_units_cache_recovery (tests.test_source_snapshots.SourceSnapshots.test_assembler_translation_units_cache_recovery) ... ok
test_assembler_translation_units_restored_inputs (tests.test_source_snapshots.SourceSnapshots.test_assembler_translation_units_restored_inputs) ... ok
test_build_evidence_trace_and_post_capture_validation_failure (tests.test_source_snapshots.SourceSnapshots.test_build_evidence_trace_and_post_capture_validation_failure) ... ok
test_build_evidence_trace_reports_tool_failure_and_deadline (tests.test_source_snapshots.SourceSnapshots.test_build_evidence_trace_reports_tool_failure_and_deadline) ... ok
test_cache_record_rename_failure_diagnostics_and_recovery (tests.test_source_snapshots.SourceSnapshots.test_cache_record_rename_failure_diagnostics_and_recovery) ... ok
test_capture_configuration_clock_rejection (tests.test_source_snapshots.SourceSnapshots.test_capture_configuration_clock_rejection) ... ok
test_capture_environment_is_child_local (tests.test_source_snapshots.SourceSnapshots.test_capture_environment_is_child_local) ... ok
test_capture_timeout_configuration (tests.test_source_snapshots.SourceSnapshots.test_capture_timeout_configuration) ... ok
test_clang_assembler_cache_restored_inputs (tests.test_source_snapshots.SourceSnapshots.test_clang_assembler_cache_restored_inputs) ... ok
test_clang_external_assembler_cache_restored_inputs (tests.test_source_snapshots.SourceSnapshots.test_clang_external_assembler_cache_restored_inputs) ... ok
test_clang_external_assembler_requires_read_capture (tests.test_source_snapshots.SourceSnapshots.test_clang_external_assembler_requires_read_capture) ... ok
test_clang_retained_assembly_expands_external_inputs (tests.test_source_snapshots.SourceSnapshots.test_clang_retained_assembly_expands_external_inputs) ... ok
test_coalesced_flag_allocation_failures_are_atomic (tests.test_source_snapshots.SourceSnapshots.test_coalesced_flag_allocation_failures_are_atomic) ... ok
test_compile_diagnostics_preserve_previous_generation (tests.test_source_snapshots.SourceSnapshots.test_compile_diagnostics_preserve_previous_generation) ... ok
test_compile_flag_allocation_failures_are_atomic (tests.test_source_snapshots.SourceSnapshots.test_compile_flag_allocation_failures_are_atomic) ... ok
test_compiler_path_equals_is_not_an_assignment (tests.test_source_snapshots.SourceSnapshots.test_compiler_path_equals_is_not_an_assignment) ... ok
test_configured_capture_default_and_expiry (tests.test_source_snapshots.SourceSnapshots.test_configured_capture_default_and_expiry) ... ok
test_configured_capture_descendant_cleanup (tests.test_source_snapshots.SourceSnapshots.test_configured_capture_descendant_cleanup) ... ok
test_configured_flags_preserve_retained_input_and_phases (tests.test_source_snapshots.SourceSnapshots.test_configured_flags_preserve_retained_input_and_phases) ... ok
test_configured_warning_errors_preserve_generation (tests.test_source_snapshots.SourceSnapshots.test_configured_warning_errors_preserve_generation) ... ok
test_consistency_gate_checks_cold_and_warm_answers (tests.test_source_snapshots.SourceSnapshots.test_consistency_gate_checks_cold_and_warm_answers) ... ok
test_early_build_failure_evidence (tests.test_source_snapshots.SourceSnapshots.test_early_build_failure_evidence) ... ok
test_equals_path_cache_recovery (tests.test_source_snapshots.SourceSnapshots.test_equals_path_cache_recovery) ... ok
test_equals_path_native_debug_identity (tests.test_source_snapshots.SourceSnapshots.test_equals_path_native_debug_identity) ... ok
test_equals_path_post_capture_reads (tests.test_source_snapshots.SourceSnapshots.test_equals_path_post_capture_reads) ... ok
test_equals_path_restored_assembler_inputs (tests.test_source_snapshots.SourceSnapshots.test_equals_path_restored_assembler_inputs) ... skipped 'I require GNU captured-read replay'
test_external_assembler_cache_nested_changes_and_recovery (tests.test_source_snapshots.SourceSnapshots.test_external_assembler_cache_nested_changes_and_recovery) ... ok
test_external_unadmitted_flags_keep_the_original_path (tests.test_source_snapshots.SourceSnapshots.test_external_unadmitted_flags_keep_the_original_path) ... ok
test_forwarded_include_operands_are_not_rebased (tests.test_source_snapshots.SourceSnapshots.test_forwarded_include_operands_are_not_rebased) ... ok
test_gcc_assembler_restoration_uses_captured_inputs (tests.test_source_snapshots.SourceSnapshots.test_gcc_assembler_restoration_uses_captured_inputs) ... skipped 'I exercise GCC literal assembler capture here'
test_gcc_implicit_pch_appearance_and_removal (tests.test_source_snapshots.SourceSnapshots.test_gcc_implicit_pch_appearance_and_removal) ... skipped "I need GCC's implicit precompiled-header selection"
test_gcc_incomplete_assembler_capture_refuses_cold_output (tests.test_source_snapshots.SourceSnapshots.test_gcc_incomplete_assembler_capture_refuses_cold_output) ... skipped 'I exercise GCC assembler capture failure here'
test_gcc_macro_argument_replays_captured_reads (tests.test_source_snapshots.SourceSnapshots.test_gcc_macro_argument_replays_captured_reads) ... skipped 'I need a supported Linux GNU assembler replay version'
test_gcc_missing_capture_helper_preserves_generation_and_recovers (tests.test_source_snapshots.SourceSnapshots.test_gcc_missing_capture_helper_preserves_generation_and_recovers) ... skipped 'I need supported GNU assembler read capture'
test_gcc_pch_marker_across_read_boundaries (tests.test_source_snapshots.SourceSnapshots.test_gcc_pch_marker_across_read_boundaries) ... skipped "I need GCC's PCH preprocessing directive"
test_gcc_pch_restoration_and_private_copy_failure (tests.test_source_snapshots.SourceSnapshots.test_gcc_pch_restoration_and_private_copy_failure) ... skipped 'I exercise GCC retained PCH inputs'
test_gcc_replay_cleanup_failure_and_tool_selection (tests.test_source_snapshots.SourceSnapshots.test_gcc_replay_cleanup_failure_and_tool_selection) ... skipped 'I need a supported Linux GNU assembler replay version'
test_gcc_retained_object_reproducibility_and_external_inputs (tests.test_source_snapshots.SourceSnapshots.test_gcc_retained_object_reproducibility_and_external_inputs) ... skipped 'I test the GCC compiler-output candidate here'
test_gcc_retained_pch_relocation_trial (tests.test_source_snapshots.SourceSnapshots.test_gcc_retained_pch_relocation_trial)
I establish relocation viability, not production PCH capture. ... skipped "I need GCC's PCH preprocessing directive"
test_gcc_validation_cleanup_and_cold_failure (tests.test_source_snapshots.SourceSnapshots.test_gcc_validation_cleanup_and_cold_failure) ... skipped 'I exercise the GCC private object checker here'
test_include_transport_preserves_search_order_and_lifetime (tests.test_source_snapshots.SourceSnapshots.test_include_transport_preserves_search_order_and_lifetime) ... ok
test_integrated_instruction_and_location_provenance (tests.test_source_snapshots.SourceSnapshots.test_integrated_instruction_and_location_provenance) ... ok
test_integrated_native_unit_debug_identity (tests.test_source_snapshots.SourceSnapshots.test_integrated_native_unit_debug_identity) ... ok
test_integrated_native_unit_failure_recovery (tests.test_source_snapshots.SourceSnapshots.test_integrated_native_unit_failure_recovery) ... ok
test_integrated_native_unit_post_capture_reads (tests.test_source_snapshots.SourceSnapshots.test_integrated_native_unit_post_capture_reads) ... ok
test_integrated_units_preserve_c_assembler_search (tests.test_source_snapshots.SourceSnapshots.test_integrated_units_preserve_c_assembler_search) ... ok
test_large_response_arguments_are_retained (tests.test_source_snapshots.SourceSnapshots.test_large_response_arguments_are_retained) ... ok
test_link_driver_response_arguments_are_retained (tests.test_source_snapshots.SourceSnapshots.test_link_driver_response_arguments_are_retained) ... ok
test_link_flag_allocation_failures_are_atomic (tests.test_source_snapshots.SourceSnapshots.test_link_flag_allocation_failures_are_atomic) ... ok
test_linux_clang_external_macros_replay_captured_reads (tests.test_source_snapshots.SourceSnapshots.test_linux_clang_external_macros_replay_captured_reads) ... skipped 'I exercise Clang with the Linux GNU assembler'
test_linux_read_execute_default_accepts_slow_command (tests.test_source_snapshots.SourceSnapshots.test_linux_read_execute_default_accepts_slow_command) ... skipped 'I exercise Linux captured-read execution'
test_literal_assembler_capture_boundaries (tests.test_source_snapshots.SourceSnapshots.test_literal_assembler_capture_boundaries) ... ok
test_literal_words_match_shell_arguments (tests.test_source_snapshots.SourceSnapshots.test_literal_words_match_shell_arguments) ... ok
test_many_returned_compile_flags_preserve_count_and_order (tests.test_source_snapshots.SourceSnapshots.test_many_returned_compile_flags_preserve_count_and_order) ... ok
test_many_returned_link_flags_preserve_count_and_order (tests.test_source_snapshots.SourceSnapshots.test_many_returned_link_flags_preserve_count_and_order) ... ok
test_multiple_and_shared_only_sources (tests.test_source_snapshots.SourceSnapshots.test_multiple_and_shared_only_sources) ... ok
test_native_single_source_output (tests.test_source_snapshots.SourceSnapshots.test_native_single_source_output) ... ok
test_native_unit_copy_rejects_substitutions (tests.test_source_snapshots.SourceSnapshots.test_native_unit_copy_rejects_substitutions) ... ok
test_native_unit_post_capture_reads (tests.test_source_snapshots.SourceSnapshots.test_native_unit_post_capture_reads) ... ok
test_ordinary_capture_failure_refuses_live_cold_output (tests.test_source_snapshots.SourceSnapshots.test_ordinary_capture_failure_refuses_live_cold_output) ... ok
test_paired_fragment_normalization (tests.test_source_snapshots.SourceSnapshots.test_paired_fragment_normalization) ... ok
test_pch_rewriter_preserves_input_on_rejected_capture (tests.test_source_snapshots.SourceSnapshots.test_pch_rewriter_preserves_input_on_rejected_capture) ... ok
test_preprocessed_unit_post_link_validation_deadline (tests.test_source_snapshots.SourceSnapshots.test_preprocessed_unit_post_link_validation_deadline) ... ok
test_raw_unit_post_link_validation_deadline (tests.test_source_snapshots.SourceSnapshots.test_raw_unit_post_link_validation_deadline) ... ok
test_recovery_parent_allows_slow_capture (tests.test_source_snapshots.SourceSnapshots.test_recovery_parent_allows_slow_capture) ... ok
test_response_driver_mode_declines_the_whole_argument_capture (tests.test_source_snapshots.SourceSnapshots.test_response_driver_mode_declines_the_whole_argument_capture) ... ok
test_response_file_restored_arguments (tests.test_source_snapshots.SourceSnapshots.test_response_file_restored_arguments) ... ok
test_response_rebuild_errors_and_recovery (tests.test_source_snapshots.SourceSnapshots.test_response_rebuild_errors_and_recovery) ... ok
test_response_transport_outlives_build_info_and_rejects_changed_sidecars (tests.test_source_snapshots.SourceSnapshots.test_response_transport_outlives_build_info_and_rejects_changed_sidecars) ... ok
test_response_unsupported_fragments_keep_the_original_path (tests.test_source_snapshots.SourceSnapshots.test_response_unsupported_fragments_keep_the_original_path) ... ok
test_response_words_match_the_real_compiler (tests.test_source_snapshots.SourceSnapshots.test_response_words_match_the_real_compiler) ... ok
test_restored_edit_during_capture_cannot_authorize_reuse (tests.test_source_snapshots.SourceSnapshots.test_restored_edit_during_capture_cannot_authorize_reuse) ... ok
test_restored_source_and_header_changes (tests.test_source_snapshots.SourceSnapshots.test_restored_source_and_header_changes) ... ok
test_selected_assembler_tool_hash_bounds (tests.test_source_snapshots.SourceSnapshots.test_selected_assembler_tool_hash_bounds) ... ok
test_selected_clang_assembler_report_boundaries (tests.test_source_snapshots.SourceSnapshots.test_selected_clang_assembler_report_boundaries) ... ok
test_selected_tool_fifo_failure_recovery (tests.test_source_snapshots.SourceSnapshots.test_selected_tool_fifo_failure_recovery) ... ok
test_shared_link_does_not_drop_tail_flags_or_repeated_libraries (tests.test_source_snapshots.SourceSnapshots.test_shared_link_does_not_drop_tail_flags_or_repeated_libraries) ... ok
test_shared_link_preserves_framework_pairs (tests.test_source_snapshots.SourceSnapshots.test_shared_link_preserves_framework_pairs) ... ok
test_shared_preprocessed_assembler_search_recovery (tests.test_source_snapshots.SourceSnapshots.test_shared_preprocessed_assembler_search_recovery) ... ok
test_shared_raw_assembler_search_recovery (tests.test_source_snapshots.SourceSnapshots.test_shared_raw_assembler_search_recovery) ... 
  test_shared_raw_assembler_search_recovery (tests.test_source_snapshots.SourceSnapshots.test_shared_raw_assembler_search_recovery) (style='wa-paired', placement='package', external=True, shared=False) ... ERROR
  test_shared_raw_assembler_search_recovery (tests.test_source_snapshots.SourceSnapshots.test_shared_raw_assembler_search_recovery) (style='wa-joined', placement='common', external=False, shared=True) ... ERROR
test_slow_production_capture_and_timeout_independent_reuse (tests.test_source_snapshots.SourceSnapshots.test_slow_production_capture_and_timeout_independent_reuse) ... ok
test_split_assembler_search_order_phases_and_recovery (tests.test_source_snapshots.SourceSnapshots.test_split_assembler_search_order_phases_and_recovery) ... ok
test_split_assembler_search_restored_inputs (tests.test_source_snapshots.SourceSnapshots.test_split_assembler_search_restored_inputs) ... ok
test_split_c_preprocessor_flags_capture_and_reuse (tests.test_source_snapshots.SourceSnapshots.test_split_c_preprocessor_flags_capture_and_reuse) ... ok
test_standalone_assembler_debug_flag_phases (tests.test_source_snapshots.SourceSnapshots.test_standalone_assembler_debug_flag_phases) ... ok
test_standalone_assembler_debug_macro_reads (tests.test_source_snapshots.SourceSnapshots.test_standalone_assembler_debug_macro_reads) ... ok
test_standalone_assembler_debug_sections_and_precedence (tests.test_source_snapshots.SourceSnapshots.test_standalone_assembler_debug_sections_and_precedence) ... ok
test_standalone_original_basename_and_flat_publication (tests.test_source_snapshots.SourceSnapshots.test_standalone_original_basename_and_flat_publication) ... ok
test_standalone_preprocessed_assembler_search_recovery (tests.test_source_snapshots.SourceSnapshots.test_standalone_preprocessed_assembler_search_recovery) ... 
  test_standalone_preprocessed_assembler_search_recovery (tests.test_source_snapshots.SourceSnapshots.test_standalone_preprocessed_assembler_search_recovery) (style='xassembler-split', placement='package', external=True, shared=False) ... FAIL
test_standalone_raw_assembler_search_recovery (tests.test_source_snapshots.SourceSnapshots.test_standalone_raw_assembler_search_recovery) ... 
  test_standalone_raw_assembler_search_recovery (tests.test_source_snapshots.SourceSnapshots.test_standalone_raw_assembler_search_recovery) (style='wa-paired', placement='common', external=False, shared=False) ... FAIL
  test_standalone_raw_assembler_search_recovery (tests.test_source_snapshots.SourceSnapshots.test_standalone_raw_assembler_search_recovery) (style='wa-paired', placement='common', external=True, shared=True) ... FAIL
  test_standalone_raw_assembler_search_recovery (tests.test_source_snapshots.SourceSnapshots.test_standalone_raw_assembler_search_recovery) (style='wa-paired', placement='platform', external=True, shared=True) ... FAIL
  test_standalone_raw_assembler_search_recovery (tests.test_source_snapshots.SourceSnapshots.test_standalone_raw_assembler_search_recovery) (style='wa-paired', placement='package', external=False, shared=False) ... FAIL
  test_standalone_raw_assembler_search_recovery (tests.test_source_snapshots.SourceSnapshots.test_standalone_raw_assembler_search_recovery) (style='wa-paired', placement='package', external=False, shared=True) ... FAIL
  test_standalone_raw_assembler_search_recovery (tests.test_source_snapshots.SourceSnapshots.test_standalone_raw_assembler_search_recovery) (style='wa-paired', placement='package', external=True, shared=False) ... FAIL
test_supported_assembler_version_line (tests.test_source_snapshots.SourceSnapshots.test_supported_assembler_version_line) ... skipped 'I select GNU assembler replay only on Linux'
test_supported_scalar_flag_spellings (tests.test_source_snapshots.SourceSnapshots.test_supported_scalar_flag_spellings) ... ok
test_tool_supervisor_rejects_late_completion (tests.test_source_snapshots.SourceSnapshots.test_tool_supervisor_rejects_late_completion) ... ok
test_tool_supervisor_timing_milestones (tests.test_source_snapshots.SourceSnapshots.test_tool_supervisor_timing_milestones) ... ok
test_unadmitted_expansion_preserves_original_argument_evaluation (tests.test_source_snapshots.SourceSnapshots.test_unadmitted_expansion_preserves_original_argument_evaluation) ... ok
test_uncaptured_linker_flags_stay_out_of_compile_jobs (tests.test_source_snapshots.SourceSnapshots.test_uncaptured_linker_flags_stay_out_of_compile_jobs) ... ok
test_unit_alias_copy_isolation_and_cleanup (tests.test_source_snapshots.SourceSnapshots.test_unit_alias_copy_isolation_and_cleanup) ... ok
test_unit_alias_failed_build_retains_published_generation (tests.test_source_snapshots.SourceSnapshots.test_unit_alias_failed_build_retains_published_generation) ... ok
test_unit_aliases_do_not_follow_substituted_paths (tests.test_source_snapshots.SourceSnapshots.test_unit_aliases_do_not_follow_substituted_paths) ... ok
test_unknown_fragments_keep_original_compilation (tests.test_source_snapshots.SourceSnapshots.test_unknown_fragments_keep_original_compilation) ... ok

======================================================================
ERROR: test_shared_raw_assembler_search_recovery (tests.test_source_snapshots.SourceSnapshots.test_shared_raw_assembler_search_recovery) (style='wa-paired', placement='package', external=True, shared=False)
----------------------------------------------------------------------
Traceback (most recent call last):
  File "/private/tmp/nanolang-retirement-20261008/tests/test_source_snapshots.py", line 1424, in assembler_search_order_phases_and_recovery
    failed = subprocess.run([str(self.support.probe), "build", str(module)], env=env, capture_output=True, timeout=20)
  File "/opt/homebrew/Cellar/python@3.14/3.14.7/Frameworks/Python.framework/Versions/3.14/lib/python3.14/subprocess.py", line 557, in run
    stdout, stderr = process.communicate(input, timeout=timeout)
                     ~~~~~~~~~~~~~~~~~~~^^^^^^^^^^^^^^^^^^^^^^^^
  File "/opt/homebrew/Cellar/python@3.14/3.14.7/Frameworks/Python.framework/Versions/3.14/lib/python3.14/subprocess.py", line 1221, in communicate
    stdout, stderr = self._communicate(input, endtime, timeout)
                     ~~~~~~~~~~~~~~~~~^^^^^^^^^^^^^^^^^^^^^^^^^
  File "/opt/homebrew/Cellar/python@3.14/3.14.7/Frameworks/Python.framework/Versions/3.14/lib/python3.14/subprocess.py", line 2154, in _communicate
    self._check_timeout(endtime, orig_timeout, stdout, stderr)
    ~~~~~~~~~~~~~~~~~~~^^^^^^^^^^^^^^^^^^^^^^^^^^^^^^^^^^^^^^^
  File "/opt/homebrew/Cellar/python@3.14/3.14.7/Frameworks/Python.framework/Versions/3.14/lib/python3.14/subprocess.py", line 1268, in _check_timeout
    raise TimeoutExpired(
    ...<2 lines>...
            stderr=b''.join(stderr_seq) if stderr_seq else None)
subprocess.TimeoutExpired: Command '['/private/tmp/nanolang-retirement-20261008/obj/test_module_generation_probe', 'build', '/var/folders/9z/xpmfgw8j09l4g6wwxrxtt97w0000gn/T/nano-as-search-1nhodlgw/foreign']' timed out after 20 seconds

======================================================================
ERROR: test_shared_raw_assembler_search_recovery (tests.test_source_snapshots.SourceSnapshots.test_shared_raw_assembler_search_recovery) (style='wa-joined', placement='common', external=False, shared=True)
----------------------------------------------------------------------
Traceback (most recent call last):
  File "/private/tmp/nanolang-retirement-20261008/tests/test_source_snapshots.py", line 1424, in assembler_search_order_phases_and_recovery
    failed = subprocess.run([str(self.support.probe), "build", str(module)], env=env, capture_output=True, timeout=20)
  File "/opt/homebrew/Cellar/python@3.14/3.14.7/Frameworks/Python.framework/Versions/3.14/lib/python3.14/subprocess.py", line 557, in run
    stdout, stderr = process.communicate(input, timeout=timeout)
                     ~~~~~~~~~~~~~~~~~~~^^^^^^^^^^^^^^^^^^^^^^^^
  File "/opt/homebrew/Cellar/python@3.14/3.14.7/Frameworks/Python.framework/Versions/3.14/lib/python3.14/subprocess.py", line 1221, in communicate
    stdout, stderr = self._communicate(input, endtime, timeout)
                     ~~~~~~~~~~~~~~~~~^^^^^^^^^^^^^^^^^^^^^^^^^
  File "/opt/homebrew/Cellar/python@3.14/3.14.7/Frameworks/Python.framework/Versions/3.14/lib/python3.14/subprocess.py", line 2154, in _communicate
    self._check_timeout(endtime, orig_timeout, stdout, stderr)
    ~~~~~~~~~~~~~~~~~~~^^^^^^^^^^^^^^^^^^^^^^^^^^^^^^^^^^^^^^^
  File "/opt/homebrew/Cellar/python@3.14/3.14.7/Frameworks/Python.framework/Versions/3.14/lib/python3.14/subprocess.py", line 1268, in _check_timeout
    raise TimeoutExpired(
    ...<2 lines>...
            stderr=b''.join(stderr_seq) if stderr_seq else None)
subprocess.TimeoutExpired: Command '['/private/tmp/nanolang-retirement-20261008/obj/test_module_generation_probe', 'build', '/var/folders/9z/xpmfgw8j09l4g6wwxrxtt97w0000gn/T/nano-as-search-9xnkq7y_/foreign']' timed out after 20 seconds

======================================================================
FAIL: test_standalone_preprocessed_assembler_search_recovery (tests.test_source_snapshots.SourceSnapshots.test_standalone_preprocessed_assembler_search_recovery) (style='xassembler-split', placement='package', external=True, shared=False)
----------------------------------------------------------------------
Traceback (most recent call last):
  File "/private/tmp/nanolang-retirement-20261008/tests/test_source_snapshots.py", line 1401, in assembler_search_order_phases_and_recovery
    first = build(baseline)
  File "/private/tmp/nanolang-retirement-20261008/tests/test_source_snapshots.py", line 1396, in build
    self.assertTrue((generation / "source_hashes.json").exists(), self.support.last_build_diagnostics)
    ~~~~~~~~~~~~~~~^^^^^^^^^^^^^^^^^^^^^^^^^^^^^^^^^^^^^^^^^^^^^^^^^^^^^^^^^^^^^^^^^^^^^^^^^^^^^^^^^^^
AssertionError: False is not true : b"I checked build evidence: phase=tool-spawn-ms expected=1 observed=0 accepted=1\nI checked build evidence: phase=tool-first-output-ms expected=1 observed=71 accepted=1\nI checked build evidence: phase=tool-eof-ms expected=1 observed=72 accepted=1\nI checked build evidence: phase=tool-reaped-ms expected=1 observed=99 accepted=1\nI checked build evidence: phase=tool-query-ms expected=30000 observed=99 accepted=1\nI checked build evidence: phase=tool-spawn-ms expected=1 observed=1 accepted=1\nI checked build evidence: phase=tool-first-output-ms expected=1 observed=47 accepted=1\nI checked build evidence: phase=tool-eof-ms expected=1 observed=49 accepted=1\nI checked build evidence: phase=tool-reaped-ms expected=1 observed=76 accepted=1\nI checked build evidence: phase=tool-query-ms expected=29901 observed=76 accepted=1\nI checked build evidence: phase=tool-spawn-ms expected=1 observed=1 accepted=1\nI checked build evidence: phase=tool-first-output-ms expected=1 observed=0 accepted=0\nI checked build evidence: phase=tool-eof-ms expected=1 observed=12 accepted=1\nI checked build evidence: phase=tool-reaped-ms expected=1 observed=39 accepted=1\nI checked build evidence: phase=tool-run-ms expected=29681 observed=39 accepted=1\nI checked build evidence: phase=tool-spawn-ms expected=1 observed=0 accepted=1\nI checked build evidence: phase=tool-first-output-ms expected=1 observed=61 accepted=1\nI checked build evidence: phase=tool-eof-ms expected=1 observed=62 accepted=1\nI checked build evidence: phase=tool-reaped-ms expected=1 observed=89 accepted=1\nI checked build evidence: phase=tool-query-ms expected=30000 observed=89 accepted=1\nI checked build evidence: phase=tool-spawn-ms expected=1 observed=0 accepted=1\nI checked build evidence: phase=tool-first-output-ms expected=1 observed=28 accepted=1\nI checked build evidence: phase=tool-eof-ms expected=1 observed=30 accepted=1\nI checked build evidence: phase=tool-reaped-ms expected=1 observed=56 accepted=1\nI checked build evidence: phase=tool-query-ms expected=29910 observed=56 accepted=1\nI checked build evidence: phase=tool-spawn-ms expected=1 observed=1 accepted=1\nI checked build evidence: phase=tool-first-output-ms expected=1 observed=65 accepted=1\nI checked build evidence: phase=tool-eof-ms expected=1 observed=66 accepted=1\nI checked build evidence: phase=tool-reaped-ms expected=1 observed=93 accepted=1\nI checked build evidence: phase=tool-query-ms expected=29710 observed=93 accepted=1\nI checked build evidence: phase=tool-spawn-ms expected=1 observed=0 accepted=1\nI checked build evidence: phase=tool-first-output-ms expected=1 observed=29 accepted=1\nI checked build evidence: phase=tool-eof-ms expected=1 observed=30 accepted=1\nI checked build evidence: phase=tool-reaped-ms expected=1 observed=57 accepted=1\nI checked build evidence: phase=tool-query-ms expected=29617 observed=57 accepted=1\nI checked build evidence: phase=tool-spawn-ms expected=1 observed=1 accepted=1\nI checked build evidence: phase=tool-first-output-ms expected=1 observed=0 accepted=0\nI checked build evidence: phase=tool-eof-ms expected=1 observed=8 accepted=1\nI checked build evidence: phase=tool-reaped-ms expected=1 observed=35 accepted=1\nI checked build evidence: phase=tool-run-ms expected=29428 observed=35 accepted=1\nI checked build evidence: phase=tool-spawn-ms expected=1 observed=1 accepted=1\nI checked build evidence: phase=tool-first-output-ms expected=1 observed=0 accepted=0\nI checked build evidence: phase=tool-eof-ms expected=1 observed=8 accepted=1\nI checked build evidence: phase=tool-reaped-ms expected=1 observed=35 accepted=1\nI checked build evidence: phase=tool-run-ms expected=29391 observed=35 accepted=1\nclang: warning: argument unused during compilation: '-fPIC' [-Wunused-command-line-argument]\nI checked build evidence: phase=tool-spawn-ms expected=1 observed=1 accepted=1\nI checked build evidence: phase=tool-first-output-ms expected=1 observed=63 accepted=1\nI checked build evidence: phase=tool-eof-ms expected=1 observed=64 accepted=1\nI checked build evidence: phase=tool-reaped-ms expected=1 observed=90 accepted=1\nI checked build evidence: phase=tool-query-ms expected=30000 observed=90 accepted=1\nI checked build evidence: phase=tool-spawn-ms expected=1 observed=0 accepted=1\nI checked build evidence: phase=tool-first-output-ms expected=1 observed=29 accepted=1\nI checked build evidence: phase=tool-eof-ms expected=1 observed=31 accepted=1\nI checked build evidence: phase=tool-reaped-ms expected=1 observed=57 accepted=1\nI checked build evidence: phase=tool-query-ms expected=29910 observed=57 accepted=1\nI checked build evidence: phase=tool-spawn-ms expected=1 observed=1 accepted=1\nI checked build evidence: phase=tool-first-output-ms expected=1 observed=0 accepted=0\nI checked build evidence: phase=tool-eof-ms expected=1 observed=8 accepted=1\nI checked build evidence: phase=tool-reaped-ms expected=1 observed=35 accepted=1\nI checked build evidence: phase=tool-run-ms expected=29712 observed=35 accepted=1\nI checked build evidence: phase=tool-deadline expected=0 observed=0 accepted=0\nI checked build evidence: phase=tool-spawn-ms expected=1 observed=0 accepted=1\nI checked build evidence: phase=tool-first-output-ms expected=1 observed=0 accepted=0\nI checked build evidence: phase=tool-eof-ms expected=1 observed=0 accepted=0\nI checked build evidence: phase=tool-reaped-ms expected=1 observed=0 accepted=0\nI checked build evidence: phase=tool-query-ms expected=30000 observed=60303 accepted=0\nI checked build evidence: phase=publish-preprocessing expected=12715728965392660366 observed=0 accepted=0\nI checked build evidence: phase=publish-context expected=7985790365851551393 observed=0 accepted=0\n"

======================================================================
FAIL: test_standalone_raw_assembler_search_recovery (tests.test_source_snapshots.SourceSnapshots.test_standalone_raw_assembler_search_recovery) (style='wa-paired', placement='common', external=False, shared=False)
----------------------------------------------------------------------
Traceback (most recent call last):
  File "/private/tmp/nanolang-retirement-20261008/tests/test_source_snapshots.py", line 1434, in assembler_search_order_phases_and_recovery
    recovered = build(baseline + 2)
  File "/private/tmp/nanolang-retirement-20261008/tests/test_source_snapshots.py", line 1396, in build
    self.assertTrue((generation / "source_hashes.json").exists(), self.support.last_build_diagnostics)
    ~~~~~~~~~~~~~~~^^^^^^^^^^^^^^^^^^^^^^^^^^^^^^^^^^^^^^^^^^^^^^^^^^^^^^^^^^^^^^^^^^^^^^^^^^^^^^^^^^^
AssertionError: False is not true : b'I checked build evidence: phase=reuse-initial-context expected=0 observed=15919045342555098227 accepted=1\nI checked build evidence: phase=reuse-declared-headers expected=1 observed=1 accepted=1\nI checked build evidence: phase=reuse-dependencies expected=1 observed=1 accepted=1\nI checked build evidence: phase=reuse-link-inputs expected=1 observed=1 accepted=1\nI checked build evidence: phase=tool-spawn-ms expected=1 observed=1 accepted=1\nI checked build evidence: phase=tool-first-output-ms expected=1 observed=124 accepted=1\nI checked build evidence: phase=tool-eof-ms expected=1 observed=127 accepted=1\nI checked build evidence: phase=tool-reaped-ms expected=1 observed=154 accepted=1\nI checked build evidence: phase=tool-query-ms expected=30000 observed=154 accepted=1\nI checked build evidence: phase=tool-spawn-ms expected=1 observed=7 accepted=1\nI checked build evidence: phase=tool-first-output-ms expected=1 observed=0 accepted=0\nI checked build evidence: phase=tool-eof-ms expected=1 observed=28 accepted=1\nI checked build evidence: phase=tool-reaped-ms expected=1 observed=55 accepted=1\nI checked build evidence: phase=tool-run-ms expected=29309 observed=55 accepted=1\nI checked build evidence: phase=tool-spawn-ms expected=1 observed=2 accepted=1\nI checked build evidence: phase=tool-first-output-ms expected=1 observed=136 accepted=1\nI checked build evidence: phase=tool-eof-ms expected=1 observed=138 accepted=1\nI checked build evidence: phase=tool-reaped-ms expected=1 observed=164 accepted=1\nI checked build evidence: phase=tool-query-ms expected=30000 observed=164 accepted=1\nI checked build evidence: phase=tool-spawn-ms expected=1 observed=2 accepted=1\nI checked build evidence: phase=tool-first-output-ms expected=1 observed=151 accepted=1\nI checked build evidence: phase=tool-eof-ms expected=1 observed=154 accepted=1\nI checked build evidence: phase=tool-reaped-ms expected=1 observed=181 accepted=1\nI checked build evidence: phase=tool-query-ms expected=29296 observed=181 accepted=1\nI checked build evidence: phase=tool-spawn-ms expected=1 observed=6 accepted=1\nI checked build evidence: phase=tool-first-output-ms expected=1 observed=0 accepted=0\nI checked build evidence: phase=tool-eof-ms expected=1 observed=23 accepted=1\nI checked build evidence: phase=tool-reaped-ms expected=1 observed=50 accepted=1\nI checked build evidence: phase=tool-run-ms expected=28519 observed=50 accepted=1\nI checked build evidence: phase=tool-spawn-ms expected=1 observed=9 accepted=1\nI checked build evidence: phase=tool-first-output-ms expected=1 observed=0 accepted=0\nI checked build evidence: phase=tool-eof-ms expected=1 observed=47 accepted=1\nI checked build evidence: phase=tool-reaped-ms expected=1 observed=74 accepted=1\nI checked build evidence: phase=tool-run-ms expected=28464 observed=74 accepted=1\nI checked build evidence: phase=reuse-preprocessing expected=0 observed=10171671188355657043 accepted=0\nI checked build evidence: phase=reuse-context expected=15919045342555098227 observed=0 accepted=0\nI checked build evidence: phase=reuse expected=1 observed=0 accepted=0\nI checked build evidence: phase=tool-spawn-ms expected=1 observed=32 accepted=1\nI checked build evidence: phase=tool-first-output-ms expected=1 observed=1142 accepted=1\nI checked build evidence: phase=tool-eof-ms expected=1 observed=1146 accepted=1\nI checked build evidence: phase=tool-reaped-ms expected=1 observed=1146 accepted=1\nI checked build evidence: phase=tool-query-ms expected=30000 observed=1146 accepted=1\nI checked build evidence: phase=tool-spawn-ms expected=1 observed=5 accepted=1\nI checked build evidence: phase=tool-first-output-ms expected=1 observed=0 accepted=0\nI checked build evidence: phase=tool-eof-ms expected=1 observed=49 accepted=1\nI checked build evidence: phase=tool-reaped-ms expected=1 observed=76 accepted=1\nI checked build evidence: phase=tool-run-ms expected=27956 observed=76 accepted=1\nI checked build evidence: phase=tool-spawn-ms expected=1 observed=2 accepted=1\nI checked build evidence: phase=tool-first-output-ms expected=1 observed=561 accepted=1\nI checked build evidence: phase=tool-eof-ms expected=1 observed=564 accepted=1\nI checked build evidence: phase=tool-reaped-ms expected=1 observed=564 accepted=1\nI checked build evidence: phase=tool-query-ms expected=30000 observed=564 accepted=1\nI checked build evidence: phase=tool-spawn-ms expected=1 observed=80 accepted=1\nI checked build evidence: phase=tool-first-output-ms expected=1 observed=1660 accepted=1\nI checked build evidence: phase=tool-eof-ms expected=1 observed=1663 accepted=1\nI checked build evidence: phase=tool-reaped-ms expected=1 observed=1689 accepted=1\nI checked build evidence: phase=tool-query-ms expected=28260 observed=1689 accepted=1\nI checked build evidence: phase=tool-spawn-ms expected=1 observed=3 accepted=1\nI checked build evidence: phase=tool-first-output-ms expected=1 observed=0 accepted=0\nI checked build evidence: phase=tool-eof-ms expected=1 observed=165 accepted=1\nI checked build evidence: phase=tool-reaped-ms expected=1 observed=165 accepted=1\nI checked build evidence: phase=tool-run-ms expected=25602 observed=165 accepted=1\nI checked build evidence: phase=tool-spawn-ms expected=1 observed=3 accepted=1\nI checked build evidence: phase=tool-first-output-ms expected=1 observed=0 accepted=0\nI checked build evidence: phase=tool-eof-ms expected=1 observed=23 accepted=1\nI checked build evidence: phase=tool-reaped-ms expected=1 observed=56 accepted=1\nI checked build evidence: phase=tool-run-ms expected=25148 observed=56 accepted=1\nI checked build evidence: phase=tool-spawn-ms expected=1 observed=5 accepted=1\nI checked build evidence: phase=tool-first-output-ms expected=1 observed=83 accepted=1\nI checked build evidence: phase=tool-eof-ms expected=1 observed=84 accepted=1\nI checked build evidence: phase=tool-reaped-ms expected=1 observed=111 accepted=1\nI checked build evidence: phase=tool-query-ms expected=30000 observed=111 accepted=1\nI checked build evidence: phase=tool-spawn-ms expected=1 observed=1 accepted=1\nI checked build evidence: phase=tool-first-output-ms expected=1 observed=0 accepted=0\nI checked build evidence: phase=tool-eof-ms expected=1 observed=12 accepted=1\nI checked build evidence: phase=tool-reaped-ms expected=1 observed=39 accepted=1\nI checked build evidence: phase=tool-run-ms expected=29524 observed=39 accepted=1\nI checked build evidence: phase=tool-spawn-ms expected=1 observed=1 accepted=1\nI checked build evidence: phase=tool-first-output-ms expected=1 observed=66 accepted=1\nI checked build evidence: phase=tool-eof-ms expected=1 observed=67 accepted=1\nI checked build evidence: phase=tool-reaped-ms expected=1 observed=94 accepted=1\nI checked build evidence: phase=tool-query-ms expected=30000 observed=94 accepted=1\nI checked build evidence: phase=tool-hash-deadline expected=1 observed=0 accepted=0\nI checked build evidence: phase=publish-preprocessing expected=10171671188355657043 observed=0 accepted=0\nI checked build evidence: phase=publish-context expected=15919045342555098227 observed=0 accepted=0\n'

======================================================================
FAIL: test_standalone_raw_assembler_search_recovery (tests.test_source_snapshots.SourceSnapshots.test_standalone_raw_assembler_search_recovery) (style='wa-paired', placement='common', external=True, shared=True)
----------------------------------------------------------------------
Traceback (most recent call last):
  File "/private/tmp/nanolang-retirement-20261008/tests/test_source_snapshots.py", line 1402, in assembler_search_order_phases_and_recovery
    self.assertEqual(build(baseline), first, self.support.last_build_diagnostics)
    ~~~~~~~~~~~~~~~~^^^^^^^^^^^^^^^^^^^^^^^^^^^^^^^^^^^^^^^^^^^^^^^^^^^^^^^^^^^^^
AssertionError: Posix[116 chars]0f2b4946afdd14d7483e4e94bfb43dcb9c7af744ef4b/.nano-gen-vHRQEH') != Posix[116 chars]0f2b4946afdd14d7483e4e94bfb43dcb9c7af744ef4b/.nano-gen-zbVaP7') : b"I checked build evidence: phase=reuse-initial-context expected=0 observed=15922483952127579240 accepted=1\nI checked build evidence: phase=reuse-declared-headers expected=1 observed=1 accepted=1\nI checked build evidence: phase=reuse-dependencies expected=1 observed=1 accepted=1\nI checked build evidence: phase=reuse-link-inputs expected=1 observed=1 accepted=1\nI checked build evidence: phase=tool-spawn-ms expected=1 observed=1 accepted=1\nI checked build evidence: phase=tool-first-output-ms expected=1 observed=41 accepted=1\nI checked build evidence: phase=tool-eof-ms expected=1 observed=42 accepted=1\nI checked build evidence: phase=tool-reaped-ms expected=1 observed=69 accepted=1\nI checked build evidence: phase=tool-query-ms expected=30000 observed=69 accepted=1\nI checked build evidence: phase=tool-spawn-ms expected=1 observed=0 accepted=1\nI checked build evidence: phase=tool-first-output-ms expected=1 observed=33 accepted=1\nI checked build evidence: phase=tool-eof-ms expected=1 observed=35 accepted=1\nI checked build evidence: phase=tool-reaped-ms expected=1 observed=61 accepted=1\nI checked build evidence: phase=tool-query-ms expected=29931 observed=61 accepted=1\nI checked build evidence: phase=tool-hash-deadline expected=1 observed=0 accepted=0\nI checked build evidence: phase=reuse-preprocessing expected=0 observed=0 accepted=0\nI checked build evidence: phase=reuse-context expected=15922483952127579240 observed=0 accepted=0\nI checked build evidence: phase=reuse expected=1 observed=0 accepted=0\nI checked build evidence: phase=tool-spawn-ms expected=1 observed=1 accepted=1\nI checked build evidence: phase=tool-first-output-ms expected=1 observed=126 accepted=1\nI checked build evidence: phase=tool-eof-ms expected=1 observed=128 accepted=1\nI checked build evidence: phase=tool-reaped-ms expected=1 observed=155 accepted=1\nI checked build evidence: phase=tool-query-ms expected=30000 observed=155 accepted=1\nI checked build evidence: phase=tool-spawn-ms expected=1 observed=1 accepted=1\nI checked build evidence: phase=tool-first-output-ms expected=1 observed=37 accepted=1\nI checked build evidence: phase=tool-eof-ms expected=1 observed=41 accepted=1\nI checked build evidence: phase=tool-reaped-ms expected=1 observed=66 accepted=1\nI checked build evidence: phase=tool-query-ms expected=29845 observed=66 accepted=1\nI checked build evidence: phase=tool-spawn-ms expected=1 observed=2 accepted=1\nI checked build evidence: phase=tool-first-output-ms expected=1 observed=0 accepted=0\nI checked build evidence: phase=tool-eof-ms expected=1 observed=11 accepted=1\nI checked build evidence: phase=tool-reaped-ms expected=1 observed=38 accepted=1\nI checked build evidence: phase=tool-run-ms expected=29622 observed=38 accepted=1\nI checked build evidence: phase=tool-spawn-ms expected=1 observed=1 accepted=1\nI checked build evidence: phase=tool-first-output-ms expected=1 observed=58 accepted=1\nI checked build evidence: phase=tool-eof-ms expected=1 observed=59 accepted=1\nI checked build evidence: phase=tool-reaped-ms expected=1 observed=86 accepted=1\nI checked build evidence: phase=tool-query-ms expected=30000 observed=86 accepted=1\nI checked build evidence: phase=tool-spawn-ms expected=1 observed=1 accepted=1\nI checked build evidence: phase=tool-first-output-ms expected=1 observed=27 accepted=1\nI checked build evidence: phase=tool-eof-ms expected=1 observed=29 accepted=1\nI checked build evidence: phase=tool-reaped-ms expected=1 observed=56 accepted=1\nI checked build evidence: phase=tool-query-ms expected=29914 observed=56 accepted=1\nI checked build evidence: phase=tool-spawn-ms expected=1 observed=1 accepted=1\nI checked build evidence: phase=tool-first-output-ms expected=1 observed=56 accepted=1\nI checked build evidence: phase=tool-eof-ms expected=1 observed=57 accepted=1\nI checked build evidence: phase=tool-reaped-ms expected=1 observed=84 accepted=1\nI checked build evidence: phase=tool-query-ms expected=29713 observed=84 accepted=1\nI checked build evidence: phase=tool-spawn-ms expected=1 observed=1 accepted=1\nI checked build evidence: phase=tool-first-output-ms expected=1 observed=25 accepted=1\nI checked build evidence: phase=tool-eof-ms expected=1 observed=27 accepted=1\nI checked build evidence: phase=tool-reaped-ms expected=1 observed=53 accepted=1\nI checked build evidence: phase=tool-query-ms expected=29629 observed=53 accepted=1\nI checked build evidence: phase=tool-spawn-ms expected=1 observed=1 accepted=1\nI checked build evidence: phase=tool-first-output-ms expected=1 observed=0 accepted=0\nI checked build evidence: phase=tool-eof-ms expected=1 observed=7 accepted=1\nI checked build evidence: phase=tool-reaped-ms expected=1 observed=34 accepted=1\nI checked build evidence: phase=tool-run-ms expected=29446 observed=34 accepted=1\nI checked build evidence: phase=tool-spawn-ms expected=1 observed=1 accepted=1\nI checked build evidence: phase=tool-first-output-ms expected=1 observed=0 accepted=0\nI checked build evidence: phase=tool-eof-ms expected=1 observed=6 accepted=1\nI checked build evidence: phase=tool-reaped-ms expected=1 observed=33 accepted=1\nI checked build evidence: phase=tool-run-ms expected=29411 observed=33 accepted=1\nclang: warning: argument unused during compilation: '-fPIC' [-Wunused-command-line-argument]\nI checked build evidence: phase=tool-spawn-ms expected=1 observed=1 accepted=1\nI checked build evidence: phase=tool-first-output-ms expected=1 observed=60 accepted=1\nI checked build evidence: phase=tool-eof-ms expected=1 observed=61 accepted=1\nI checked build evidence: phase=tool-reaped-ms expected=1 observed=87 accepted=1\nI checked build evidence: phase=tool-query-ms expected=30000 observed=87 accepted=1\nI checked build evidence: phase=tool-spawn-ms expected=1 observed=0 accepted=1\nI checked build evidence: phase=tool-first-output-ms expected=1 observed=28 accepted=1\nI checked build evidence: phase=tool-eof-ms expected=1 observed=30 accepted=1\nI checked build evidence: phase=tool-reaped-ms expected=1 observed=57 accepted=1\nI checked build evidence: phase=tool-query-ms expected=29912 observed=57 accepted=1\nI checked build evidence: phase=tool-spawn-ms expected=1 observed=1 accepted=1\nI checked build evidence: phase=tool-first-output-ms expected=1 observed=0 accepted=0\nI checked build evidence: phase=tool-eof-ms expected=1 observed=10 accepted=1\nI checked build evidence: phase=tool-reaped-ms expected=1 observed=37 accepted=1\nI checked build evidence: phase=tool-run-ms expected=29712 observed=37 accepted=1\nI checked build evidence: phase=tool-spawn-ms expected=1 observed=1 accepted=1\nI checked build evidence: phase=tool-first-output-ms expected=1 observed=58 accepted=1\nI checked build evidence: phase=tool-eof-ms expected=1 observed=59 accepted=1\nI checked build evidence: phase=tool-reaped-ms expected=1 observed=86 accepted=1\nI checked build evidence: phase=tool-query-ms expected=30000 observed=86 accepted=1\nI checked build evidence: phase=tool-spawn-ms expected=1 observed=0 accepted=1\nI checked build evidence: phase=tool-first-output-ms expected=1 observed=27 accepted=1\nI checked build evidence: phase=tool-eof-ms expected=1 observed=29 accepted=1\nI checked build evidence: phase=tool-reaped-ms expected=1 observed=56 accepted=1\nI checked build evidence: phase=tool-query-ms expected=29914 observed=56 accepted=1\nI checked build evidence: phase=tool-spawn-ms expected=1 observed=1 accepted=1\nI checked build evidence: phase=tool-first-output-ms expected=1 observed=60 accepted=1\nI checked build evidence: phase=tool-eof-ms expected=1 observed=60 accepted=1\nI checked build evidence: phase=tool-reaped-ms expected=1 observed=87 accepted=1\nI checked build evidence: phase=tool-query-ms expected=29716 observed=87 accepted=1\nI checked build evidence: phase=tool-spawn-ms expected=1 observed=1 accepted=1\nI checked build evidence: phase=tool-first-output-ms expected=1 observed=26 accepted=1\nI checked build evidence: phase=tool-eof-ms expected=1 observed=27 accepted=1\nI checked build evidence: phase=tool-reaped-ms expected=1 observed=54 accepted=1\nI checked build evidence: phase=tool-query-ms expected=29629 observed=54 accepted=1\nI checked build evidence: phase=tool-spawn-ms expected=1 observed=1 accepted=1\nI checked build evidence: phase=tool-first-output-ms expected=1 observed=0 accepted=0\nI checked build evidence: phase=tool-eof-ms expected=1 observed=8 accepted=1\nI checked build evidence: phase=tool-reaped-ms expected=1 observed=35 accepted=1\nI checked build evidence: phase=tool-run-ms expected=29436 observed=35 accepted=1\nI checked build evidence: phase=tool-spawn-ms expected=1 observed=1 accepted=1\nI checked build evidence: phase=tool-first-output-ms expected=1 observed=0 accepted=0\nI checked build evidence: phase=tool-eof-ms expected=1 observed=7 accepted=1\nI checked build evidence: phase=tool-reaped-ms expected=1 observed=34 accepted=1\nI checked build evidence: phase=tool-run-ms expected=29399 observed=34 accepted=1\nI checked build evidence: phase=publish-preprocessing expected=4976656698289089570 observed=4976656698289089570 accepted=1\nI checked build evidence: phase=publish-context expected=15922483952127579240 observed=15922483952127579240 accepted=1\nI checked build evidence: phase=record-dependencies expected=1 observed=1 accepted=1\nI checked build evidence: phase=record-link-inputs expected=1 observed=1 accepted=1\nI checked build evidence: phase=record-write expected=1 observed=1 accepted=1\n"

======================================================================
FAIL: test_standalone_raw_assembler_search_recovery (tests.test_source_snapshots.SourceSnapshots.test_standalone_raw_assembler_search_recovery) (style='wa-paired', placement='platform', external=True, shared=True)
----------------------------------------------------------------------
Traceback (most recent call last):
  File "/private/tmp/nanolang-retirement-20261008/tests/test_source_snapshots.py", line 1434, in assembler_search_order_phases_and_recovery
    recovered = build(baseline + 2)
  File "/private/tmp/nanolang-retirement-20261008/tests/test_source_snapshots.py", line 1394, in build
    self.support.probe_path("build", module, env, timeout=240)
    ~~~~~~~~~~~~~~~~~~~~~~~^^^^^^^^^^^^^^^^^^^^^^^^^^^^^^^^^^^
  File "/private/tmp/nanolang-retirement-20261008/tests/test_module_cache_publication.py", line 46, in probe_path
    self.assertEqual(result.returncode, 0, result.stderr)
    ~~~~~~~~~~~~~~~~^^^^^^^^^^^^^^^^^^^^^^^^^^^^^^^^^^^^^
AssertionError: 1 != 0 : b'I checked build evidence: phase=reuse-initial-context expected=0 observed=8272671540144908456 accepted=1\nI checked build evidence: phase=reuse-declared-headers expected=1 observed=1 accepted=1\nI checked build evidence: phase=reuse-dependencies expected=1 observed=1 accepted=1\nI checked build evidence: phase=reuse-link-inputs expected=1 observed=1 accepted=1\nI checked build evidence: phase=tool-spawn-ms expected=1 observed=1 accepted=1\nI checked build evidence: phase=tool-first-output-ms expected=1 observed=62 accepted=1\nI checked build evidence: phase=tool-eof-ms expected=1 observed=63 accepted=1\nI checked build evidence: phase=tool-reaped-ms expected=1 observed=90 accepted=1\nI checked build evidence: phase=tool-query-ms expected=30000 observed=90 accepted=1\nI checked build evidence: phase=tool-spawn-ms expected=1 observed=0 accepted=1\nI checked build evidence: phase=tool-first-output-ms expected=1 observed=27 accepted=1\nI checked build evidence: phase=tool-eof-ms expected=1 observed=28 accepted=1\nI checked build evidence: phase=tool-reaped-ms expected=1 observed=54 accepted=1\nI checked build evidence: phase=tool-query-ms expected=29910 observed=54 accepted=1\nI checked build evidence: phase=tool-spawn-ms expected=1 observed=1 accepted=1\nI checked build evidence: phase=tool-first-output-ms expected=1 observed=0 accepted=0\nI checked build evidence: phase=tool-eof-ms expected=1 observed=10 accepted=1\nI checked build evidence: phase=tool-reaped-ms expected=1 observed=37 accepted=1\nI checked build evidence: phase=tool-run-ms expected=29719 observed=37 accepted=1\nI checked build evidence: phase=tool-spawn-ms expected=1 observed=1 accepted=1\nI checked build evidence: phase=tool-first-output-ms expected=1 observed=52 accepted=1\nI checked build evidence: phase=tool-eof-ms expected=1 observed=53 accepted=1\nI checked build evidence: phase=tool-reaped-ms expected=1 observed=80 accepted=1\nI checked build evidence: phase=tool-query-ms expected=30000 observed=80 accepted=1\nI checked build evidence: phase=tool-spawn-ms expected=1 observed=1 accepted=1\nI checked build evidence: phase=tool-first-output-ms expected=1 observed=27 accepted=1\nI checked build evidence: phase=tool-eof-ms expected=1 observed=29 accepted=1\nI checked build evidence: phase=tool-reaped-ms expected=1 observed=55 accepted=1\nI checked build evidence: phase=tool-query-ms expected=29920 observed=55 accepted=1\nI checked build evidence: phase=tool-spawn-ms expected=1 observed=1 accepted=1\nI checked build evidence: phase=tool-first-output-ms expected=1 observed=60 accepted=1\nI checked build evidence: phase=tool-eof-ms expected=1 observed=61 accepted=1\nI checked build evidence: phase=tool-reaped-ms expected=1 observed=87 accepted=1\nI checked build evidence: phase=tool-query-ms expected=29720 observed=87 accepted=1\nI checked build evidence: phase=tool-spawn-ms expected=1 observed=1 accepted=1\nI checked build evidence: phase=tool-first-output-ms expected=1 observed=31 accepted=1\nI checked build evidence: phase=tool-eof-ms expected=1 observed=33 accepted=1\nI checked build evidence: phase=tool-reaped-ms expected=1 observed=59 accepted=1\nI checked build evidence: phase=tool-query-ms expected=29633 observed=59 accepted=1\nI checked build evidence: phase=tool-spawn-ms expected=1 observed=1 accepted=1\nI checked build evidence: phase=tool-first-output-ms expected=1 observed=0 accepted=0\nI checked build evidence: phase=tool-eof-ms expected=1 observed=11 accepted=1\nI checked build evidence: phase=tool-reaped-ms expected=1 observed=38 accepted=1\nI checked build evidence: phase=tool-run-ms expected=29435 observed=38 accepted=1\nI checked build evidence: phase=tool-spawn-ms expected=1 observed=1 accepted=1\nI checked build evidence: phase=tool-first-output-ms expected=1 observed=0 accepted=0\nI checked build evidence: phase=tool-eof-ms expected=1 observed=7 accepted=1\nI checked build evidence: phase=tool-reaped-ms expected=1 observed=34 accepted=1\nI checked build evidence: phase=tool-run-ms expected=29395 observed=34 accepted=1\nI checked build evidence: phase=reuse-preprocessing expected=0 observed=9686992488396875760 accepted=0\nI checked build evidence: phase=reuse-context expected=8272671540144908456 observed=0 accepted=0\nI checked build evidence: phase=reuse expected=1 observed=0 accepted=0\nI checked build evidence: phase=tool-spawn-ms expected=1 observed=0 accepted=1\nI checked build evidence: phase=tool-first-output-ms expected=1 observed=59 accepted=1\nI checked build evidence: phase=tool-eof-ms expected=1 observed=60 accepted=1\nI checked build evidence: phase=tool-reaped-ms expected=1 observed=86 accepted=1\nI checked build evidence: phase=tool-query-ms expected=30000 observed=86 accepted=1\nI checked build evidence: phase=tool-spawn-ms expected=1 observed=0 accepted=1\nI checked build evidence: phase=tool-first-output-ms expected=1 observed=27 accepted=1\nI checked build evidence: phase=tool-eof-ms expected=1 observed=29 accepted=1\nI checked build evidence: phase=tool-reaped-ms expected=1 observed=56 accepted=1\nI checked build evidence: phase=tool-query-ms expected=29914 observed=56 accepted=1\nI checked build evidence: phase=tool-spawn-ms expected=1 observed=2 accepted=1\nI checked build evidence: phase=tool-first-output-ms expected=1 observed=0 accepted=0\nI checked build evidence: phase=tool-eof-ms expected=1 observed=13 accepted=1\nI checked build evidence: phase=tool-reaped-ms expected=1 observed=40 accepted=1\nI checked build evidence: phase=tool-run-ms expected=29722 observed=40 accepted=1\nI checked build evidence: phase=tool-spawn-ms expected=1 observed=1 accepted=1\nI checked build evidence: phase=tool-first-output-ms expected=1 observed=51 accepted=1\nI checked build evidence: phase=tool-eof-ms expected=1 observed=52 accepted=1\nI checked build evidence: phase=tool-reaped-ms expected=1 observed=78 accepted=1\nI checked build evidence: phase=tool-query-ms expected=30000 observed=78 accepted=1\nI checked build evidence: phase=tool-spawn-ms expected=1 observed=1 accepted=1\nI checked build evidence: phase=tool-first-output-ms expected=1 observed=25 accepted=1\nI checked build evidence: phase=tool-eof-ms expected=1 observed=26 accepted=1\nI checked build evidence: phase=tool-reaped-ms expected=1 observed=53 accepted=1\nI checked build evidence: phase=tool-query-ms expected=29922 observed=53 accepted=1\nI checked build evidence: phase=tool-spawn-ms expected=1 observed=0 accepted=1\nI checked build evidence: phase=tool-first-output-ms expected=1 observed=73 accepted=1\nI checked build evidence: phase=tool-eof-ms expected=1 observed=74 accepted=1\nI checked build evidence: phase=tool-reaped-ms expected=1 observed=99 accepted=1\nI checked build evidence: phase=tool-query-ms expected=29730 observed=99 accepted=1\nI checked build evidence: phase=tool-deadline expected=0 observed=0 accepted=0\nI checked build evidence: phase=tool-spawn-ms expected=1 observed=915902 accepted=1\nI checked build evidence: phase=tool-first-output-ms expected=1 observed=0 accepted=0\nI checked build evidence: phase=tool-eof-ms expected=1 observed=0 accepted=0\nI checked build evidence: phase=tool-reaped-ms expected=1 observed=0 accepted=0\nI checked build evidence: phase=tool-query-ms expected=29631 observed=915918 accepted=0\nI could not retain external-assembler inputs for answer_native; I will not compile live sources after capture failure\nI checked build evidence: phase=build-result expected=1 observed=0 accepted=0\n'

======================================================================
FAIL: test_standalone_raw_assembler_search_recovery (tests.test_source_snapshots.SourceSnapshots.test_standalone_raw_assembler_search_recovery) (style='wa-paired', placement='package', external=False, shared=False)
----------------------------------------------------------------------
Traceback (most recent call last):
  File "/private/tmp/nanolang-retirement-20261008/tests/test_source_snapshots.py", line 1402, in assembler_search_order_phases_and_recovery
    self.assertEqual(build(baseline), first, self.support.last_build_diagnostics)
    ~~~~~~~~~~~~~~~~^^^^^^^^^^^^^^^^^^^^^^^^^^^^^^^^^^^^^^^^^^^^^^^^^^^^^^^^^^^^^
AssertionError: Posix[57 chars]0gn/T/nano-as-search-qw3gr8oq/foreign/.build/.nano-gen-Ot9USQ') != Posix[57 chars]0gn/T/nano-as-search-qw3gr8oq/foreign/.build/.nano-gen-GAcRe5') : b'I checked build evidence: phase=reuse-initial-context expected=0 observed=4176763231113210099 accepted=1\nI checked build evidence: phase=reuse-declared-headers expected=1 observed=1 accepted=1\nI checked build evidence: phase=reuse-dependencies expected=1 observed=1 accepted=1\nI checked build evidence: phase=reuse-link-inputs expected=1 observed=1 accepted=1\nI checked build evidence: phase=tool-spawn-ms expected=1 observed=0 accepted=1\nI checked build evidence: phase=tool-first-output-ms expected=1 observed=42 accepted=1\nI checked build evidence: phase=tool-eof-ms expected=1 observed=44 accepted=1\nI checked build evidence: phase=tool-reaped-ms expected=1 observed=71 accepted=1\nI checked build evidence: phase=tool-query-ms expected=30000 observed=71 accepted=1\nI checked build evidence: phase=tool-spawn-ms expected=1 observed=2 accepted=1\nI checked build evidence: phase=tool-first-output-ms expected=1 observed=0 accepted=0\nI checked build evidence: phase=tool-eof-ms expected=1 observed=8 accepted=1\nI checked build evidence: phase=tool-reaped-ms expected=1 observed=35 accepted=1\nI checked build evidence: phase=tool-run-ms expected=29668 observed=35 accepted=1\nI checked build evidence: phase=tool-spawn-ms expected=1 observed=0 accepted=1\nI checked build evidence: phase=tool-first-output-ms expected=1 observed=47 accepted=1\nI checked build evidence: phase=tool-eof-ms expected=1 observed=48 accepted=1\nI checked build evidence: phase=tool-reaped-ms expected=1 observed=75 accepted=1\nI checked build evidence: phase=tool-query-ms expected=30000 observed=75 accepted=1\nI checked build evidence: phase=tool-hash-deadline expected=1 observed=0 accepted=0\nI checked build evidence: phase=reuse-preprocessing expected=0 observed=0 accepted=0\nI checked build evidence: phase=reuse-context expected=4176763231113210099 observed=0 accepted=0\nI checked build evidence: phase=reuse expected=1 observed=0 accepted=0\nI checked build evidence: phase=tool-spawn-ms expected=1 observed=1 accepted=1\nI checked build evidence: phase=tool-first-output-ms expected=1 observed=43 accepted=1\nI checked build evidence: phase=tool-eof-ms expected=1 observed=44 accepted=1\nI checked build evidence: phase=tool-reaped-ms expected=1 observed=71 accepted=1\nI checked build evidence: phase=tool-query-ms expected=30000 observed=71 accepted=1\nI checked build evidence: phase=tool-spawn-ms expected=1 observed=1 accepted=1\nI checked build evidence: phase=tool-first-output-ms expected=1 observed=0 accepted=0\nI checked build evidence: phase=tool-eof-ms expected=1 observed=8 accepted=1\nI checked build evidence: phase=tool-reaped-ms expected=1 observed=35 accepted=1\nI checked build evidence: phase=tool-run-ms expected=29657 observed=35 accepted=1\nI checked build evidence: phase=tool-spawn-ms expected=1 observed=0 accepted=1\nI checked build evidence: phase=tool-first-output-ms expected=1 observed=44 accepted=1\nI checked build evidence: phase=tool-eof-ms expected=1 observed=45 accepted=1\nI checked build evidence: phase=tool-reaped-ms expected=1 observed=72 accepted=1\nI checked build evidence: phase=tool-query-ms expected=30000 observed=72 accepted=1\nI checked build evidence: phase=tool-spawn-ms expected=1 observed=0 accepted=1\nI checked build evidence: phase=tool-first-output-ms expected=1 observed=47 accepted=1\nI checked build evidence: phase=tool-eof-ms expected=1 observed=48 accepted=1\nI checked build evidence: phase=tool-reaped-ms expected=1 observed=75 accepted=1\nI checked build evidence: phase=tool-query-ms expected=29664 observed=75 accepted=1\nI checked build evidence: phase=tool-spawn-ms expected=1 observed=1 accepted=1\nI checked build evidence: phase=tool-first-output-ms expected=1 observed=0 accepted=0\nI checked build evidence: phase=tool-eof-ms expected=1 observed=9 accepted=1\nI checked build evidence: phase=tool-reaped-ms expected=1 observed=36 accepted=1\nI checked build evidence: phase=tool-run-ms expected=29332 observed=36 accepted=1\nI checked build evidence: phase=tool-spawn-ms expected=1 observed=1 accepted=1\nI checked build evidence: phase=tool-first-output-ms expected=1 observed=0 accepted=0\nI checked build evidence: phase=tool-eof-ms expected=1 observed=7 accepted=1\nI checked build evidence: phase=tool-reaped-ms expected=1 observed=34 accepted=1\nI checked build evidence: phase=tool-run-ms expected=29293 observed=34 accepted=1\nI checked build evidence: phase=tool-spawn-ms expected=1 observed=0 accepted=1\nI checked build evidence: phase=tool-first-output-ms expected=1 observed=56 accepted=1\nI checked build evidence: phase=tool-eof-ms expected=1 observed=58 accepted=1\nI checked build evidence: phase=tool-reaped-ms expected=1 observed=85 accepted=1\nI checked build evidence: phase=tool-query-ms expected=30000 observed=85 accepted=1\nI checked build evidence: phase=tool-spawn-ms expected=1 observed=2 accepted=1\nI checked build evidence: phase=tool-first-output-ms expected=1 observed=0 accepted=0\nI checked build evidence: phase=tool-eof-ms expected=1 observed=10 accepted=1\nI checked build evidence: phase=tool-reaped-ms expected=1 observed=37 accepted=1\nI checked build evidence: phase=tool-run-ms expected=29651 observed=37 accepted=1\nI checked build evidence: phase=tool-spawn-ms expected=1 observed=1 accepted=1\nI checked build evidence: phase=tool-first-output-ms expected=1 observed=58 accepted=1\nI checked build evidence: phase=tool-eof-ms expected=1 observed=59 accepted=1\nI checked build evidence: phase=tool-reaped-ms expected=1 observed=86 accepted=1\nI checked build evidence: phase=tool-query-ms expected=30000 observed=86 accepted=1\nI checked build evidence: phase=tool-spawn-ms expected=1 observed=0 accepted=1\nI checked build evidence: phase=tool-first-output-ms expected=1 observed=47 accepted=1\nI checked build evidence: phase=tool-eof-ms expected=1 observed=48 accepted=1\nI checked build evidence: phase=tool-reaped-ms expected=1 observed=75 accepted=1\nI checked build evidence: phase=tool-query-ms expected=29633 observed=75 accepted=1\nI checked build evidence: phase=tool-spawn-ms expected=1 observed=1 accepted=1\nI checked build evidence: phase=tool-first-output-ms expected=1 observed=0 accepted=0\nI checked build evidence: phase=tool-eof-ms expected=1 observed=7 accepted=1\nI checked build evidence: phase=tool-reaped-ms expected=1 observed=35 accepted=1\nI checked build evidence: phase=tool-run-ms expected=29294 observed=35 accepted=1\nI checked build evidence: phase=tool-spawn-ms expected=1 observed=1 accepted=1\nI checked build evidence: phase=tool-first-output-ms expected=1 observed=0 accepted=0\nI checked build evidence: phase=tool-eof-ms expected=1 observed=7 accepted=1\nI checked build evidence: phase=tool-reaped-ms expected=1 observed=34 accepted=1\nI checked build evidence: phase=tool-run-ms expected=29257 observed=34 accepted=1\nI checked build evidence: phase=publish-preprocessing expected=15943687788153831690 observed=15943687788153831690 accepted=1\nI checked build evidence: phase=publish-context expected=4176763231113210099 observed=4176763231113210099 accepted=1\nI checked build evidence: phase=record-dependencies expected=1 observed=1 accepted=1\nI checked build evidence: phase=record-link-inputs expected=1 observed=1 accepted=1\nI checked build evidence: phase=record-write expected=1 observed=1 accepted=1\n'

======================================================================
FAIL: test_standalone_raw_assembler_search_recovery (tests.test_source_snapshots.SourceSnapshots.test_standalone_raw_assembler_search_recovery) (style='wa-paired', placement='package', external=False, shared=True)
----------------------------------------------------------------------
Traceback (most recent call last):
  File "/private/tmp/nanolang-retirement-20261008/tests/test_source_snapshots.py", line 1401, in assembler_search_order_phases_and_recovery
    first = build(baseline)
  File "/private/tmp/nanolang-retirement-20261008/tests/test_source_snapshots.py", line 1394, in build
    self.support.probe_path("build", module, env, timeout=240)
    ~~~~~~~~~~~~~~~~~~~~~~~^^^^^^^^^^^^^^^^^^^^^^^^^^^^^^^^^^^
  File "/private/tmp/nanolang-retirement-20261008/tests/test_module_cache_publication.py", line 46, in probe_path
    self.assertEqual(result.returncode, 0, result.stderr)
    ~~~~~~~~~~~~~~~~^^^^^^^^^^^^^^^^^^^^^^^^^^^^^^^^^^^^^
AssertionError: 1 != 0 : b'I checked build evidence: phase=tool-spawn-ms expected=1 observed=1 accepted=1\nI checked build evidence: phase=tool-first-output-ms expected=1 observed=64 accepted=1\nI checked build evidence: phase=tool-eof-ms expected=1 observed=65 accepted=1\nI checked build evidence: phase=tool-reaped-ms expected=1 observed=92 accepted=1\nI checked build evidence: phase=tool-query-ms expected=30000 observed=92 accepted=1\nI checked build evidence: phase=tool-spawn-ms expected=1 observed=1 accepted=1\nI checked build evidence: phase=tool-first-output-ms expected=1 observed=0 accepted=0\nI checked build evidence: phase=tool-eof-ms expected=1 observed=10 accepted=1\nI checked build evidence: phase=tool-reaped-ms expected=1 observed=36 accepted=1\nI checked build evidence: phase=tool-run-ms expected=29644 observed=36 accepted=1\nI checked build evidence: phase=tool-spawn-ms expected=1 observed=1 accepted=1\nI checked build evidence: phase=tool-first-output-ms expected=1 observed=58 accepted=1\nI checked build evidence: phase=tool-eof-ms expected=1 observed=60 accepted=1\nI checked build evidence: phase=tool-reaped-ms expected=1 observed=86 accepted=1\nI checked build evidence: phase=tool-query-ms expected=30000 observed=86 accepted=1\nI checked build evidence: phase=tool-hash-deadline expected=1 observed=0 accepted=0\nI could not retain compiler and assembler inputs for answer_native; I will not compile live sources after capture failure\nI checked build evidence: phase=build-result expected=1 observed=0 accepted=0\n'

======================================================================
FAIL: test_standalone_raw_assembler_search_recovery (tests.test_source_snapshots.SourceSnapshots.test_standalone_raw_assembler_search_recovery) (style='wa-paired', placement='package', external=True, shared=False)
----------------------------------------------------------------------
Traceback (most recent call last):
  File "/private/tmp/nanolang-retirement-20261008/tests/test_source_snapshots.py", line 1402, in assembler_search_order_phases_and_recovery
    self.assertEqual(build(baseline), first, self.support.last_build_diagnostics)
    ~~~~~~~~~~~~~~~~^^^^^^^^^^^^^^^^^^^^^^^^^^^^^^^^^^^^^^^^^^^^^^^^^^^^^^^^^^^^^
AssertionError: Posix[57 chars]0gn/T/nano-as-search-4cat9gjv/foreign/.build/.nano-gen-SbF642') != Posix[57 chars]0gn/T/nano-as-search-4cat9gjv/foreign/.build/.nano-gen-MEWbxp') : b"I checked build evidence: phase=reuse-initial-context expected=0 observed=5654441885241149458 accepted=1\nI checked build evidence: phase=reuse-declared-headers expected=1 observed=1 accepted=1\nI checked build evidence: phase=reuse-dependencies expected=1 observed=1 accepted=1\nI checked build evidence: phase=reuse-link-inputs expected=1 observed=1 accepted=1\nI checked build evidence: phase=tool-spawn-ms expected=1 observed=0 accepted=1\nI checked build evidence: phase=tool-first-output-ms expected=1 observed=56 accepted=1\nI checked build evidence: phase=tool-eof-ms expected=1 observed=57 accepted=1\nI checked build evidence: phase=tool-reaped-ms expected=1 observed=84 accepted=1\nI checked build evidence: phase=tool-query-ms expected=30000 observed=84 accepted=1\nI checked build evidence: phase=tool-spawn-ms expected=1 observed=0 accepted=1\nI checked build evidence: phase=tool-first-output-ms expected=1 observed=23 accepted=1\nI checked build evidence: phase=tool-eof-ms expected=1 observed=24 accepted=1\nI checked build evidence: phase=tool-reaped-ms expected=1 observed=50 accepted=1\nI checked build evidence: phase=tool-query-ms expected=29916 observed=50 accepted=1\nI checked build evidence: phase=tool-spawn-ms expected=1 observed=1 accepted=1\nI checked build evidence: phase=tool-first-output-ms expected=1 observed=0 accepted=0\nI checked build evidence: phase=tool-eof-ms expected=1 observed=10 accepted=1\nI checked build evidence: phase=tool-reaped-ms expected=1 observed=37 accepted=1\nI checked build evidence: phase=tool-run-ms expected=29735 observed=37 accepted=1\nI checked build evidence: phase=tool-spawn-ms expected=1 observed=0 accepted=1\nI checked build evidence: phase=tool-first-output-ms expected=1 observed=58 accepted=1\nI checked build evidence: phase=tool-eof-ms expected=1 observed=59 accepted=1\nI checked build evidence: phase=tool-reaped-ms expected=1 observed=86 accepted=1\nI checked build evidence: phase=tool-query-ms expected=30000 observed=86 accepted=1\nI checked build evidence: phase=tool-spawn-ms expected=1 observed=0 accepted=1\nI checked build evidence: phase=tool-first-output-ms expected=1 observed=30 accepted=1\nI checked build evidence: phase=tool-eof-ms expected=1 observed=31 accepted=1\nI checked build evidence: phase=tool-reaped-ms expected=1 observed=57 accepted=1\nI checked build evidence: phase=tool-query-ms expected=29914 observed=57 accepted=1\nI checked build evidence: phase=tool-spawn-ms expected=1 observed=0 accepted=1\nI checked build evidence: phase=tool-first-output-ms expected=1 observed=55 accepted=1\nI checked build evidence: phase=tool-eof-ms expected=1 observed=56 accepted=1\nI checked build evidence: phase=tool-reaped-ms expected=1 observed=83 accepted=1\nI checked build evidence: phase=tool-query-ms expected=29712 observed=83 accepted=1\nI checked build evidence: phase=tool-spawn-ms expected=1 observed=0 accepted=1\nI checked build evidence: phase=tool-first-output-ms expected=1 observed=32 accepted=1\nI checked build evidence: phase=tool-eof-ms expected=1 observed=34 accepted=1\nI checked build evidence: phase=tool-reaped-ms expected=1 observed=60 accepted=1\nI checked build evidence: phase=tool-query-ms expected=29629 observed=60 accepted=1\nI checked build evidence: phase=tool-hash-deadline expected=1 observed=0 accepted=0\nApple clang version 21.0.0 (clang-2100.3.34.2)I checked build evidence: phase=reuse-preprocessing expected=0 observed=0 accepted=0\nI checked build evidence: phase=reuse-context expected=5654441885241149458 observed=0 accepted=0\nI checked build evidence: phase=reuse expected=1 observed=0 accepted=0\nI checked build evidence: phase=tool-spawn-ms expected=1 observed=1 accepted=1\nI checked build evidence: phase=tool-first-output-ms expected=1 observed=45 accepted=1\nI checked build evidence: phase=tool-eof-ms expected=1 observed=46 accepted=1\nI checked build evidence: phase=tool-reaped-ms expected=1 observed=72 accepted=1\nI checked build evidence: phase=tool-query-ms expected=30000 observed=72 accepted=1\nI checked build evidence: phase=tool-spawn-ms expected=1 observed=1 accepted=1\nI checked build evidence: phase=tool-first-output-ms expected=1 observed=21 accepted=1\nI checked build evidence: phase=tool-eof-ms expected=1 observed=23 accepted=1\nI checked build evidence: phase=tool-reaped-ms expected=1 observed=50 accepted=1\nI checked build evidence: phase=tool-query-ms expected=29928 observed=50 accepted=1\nI checked build evidence: phase=tool-spawn-ms expected=1 observed=1 accepted=1\nI checked build evidence: phase=tool-first-output-ms expected=1 observed=0 accepted=0\nI checked build evidence: phase=tool-eof-ms expected=1 observed=11 accepted=1\nI checked build evidence: phase=tool-reaped-ms expected=1 observed=38 accepted=1\nI checked build evidence: phase=tool-run-ms expected=29748 observed=38 accepted=1\nI checked build evidence: phase=tool-spawn-ms expected=1 observed=0 accepted=1\nI checked build evidence: phase=tool-first-output-ms expected=1 observed=59 accepted=1\nI checked build evidence: phase=tool-eof-ms expected=1 observed=60 accepted=1\nI checked build evidence: phase=tool-reaped-ms expected=1 observed=86 accepted=1\nI checked build evidence: phase=tool-query-ms expected=30000 observed=86 accepted=1\nI checked build evidence: phase=tool-spawn-ms expected=1 observed=0 accepted=1\nI checked build evidence: phase=tool-first-output-ms expected=1 observed=25 accepted=1\nI checked build evidence: phase=tool-eof-ms expected=1 observed=27 accepted=1\nI checked build evidence: phase=tool-reaped-ms expected=1 observed=53 accepted=1\nI checked build evidence: phase=tool-query-ms expected=29913 observed=53 accepted=1\nI checked build evidence: phase=tool-spawn-ms expected=1 observed=1 accepted=1\nI checked build evidence: phase=tool-first-output-ms expected=1 observed=54 accepted=1\nI checked build evidence: phase=tool-eof-ms expected=1 observed=55 accepted=1\nI checked build evidence: phase=tool-reaped-ms expected=1 observed=82 accepted=1\nI checked build evidence: phase=tool-query-ms expected=29715 observed=82 accepted=1\nI checked build evidence: phase=tool-spawn-ms expected=1 observed=0 accepted=1\nI checked build evidence: phase=tool-first-output-ms expected=1 observed=25 accepted=1\nI checked build evidence: phase=tool-eof-ms expected=1 observed=26 accepted=1\nI checked build evidence: phase=tool-reaped-ms expected=1 observed=53 accepted=1\nI checked build evidence: phase=tool-query-ms expected=29633 observed=53 accepted=1\nI checked build evidence: phase=tool-spawn-ms expected=1 observed=1 accepted=1\nI checked build evidence: phase=tool-first-output-ms expected=1 observed=0 accepted=0\nI checked build evidence: phase=tool-eof-ms expected=1 observed=8 accepted=1\nI checked build evidence: phase=tool-reaped-ms expected=1 observed=35 accepted=1\nI checked build evidence: phase=tool-run-ms expected=29447 observed=35 accepted=1\nI checked build evidence: phase=tool-spawn-ms expected=1 observed=1 accepted=1\nI checked build evidence: phase=tool-first-output-ms expected=1 observed=0 accepted=0\nI checked build evidence: phase=tool-eof-ms expected=1 observed=7 accepted=1\nI checked build evidence: phase=tool-reaped-ms expected=1 observed=34 accepted=1\nI checked build evidence: phase=tool-run-ms expected=29410 observed=34 accepted=1\nclang: warning: argument unused during compilation: '-fPIC' [-Wunused-command-line-argument]\nI checked build evidence: phase=tool-spawn-ms expected=1 observed=1 accepted=1\nI checked build evidence: phase=tool-first-output-ms expected=1 observed=49 accepted=1\nI checked build evidence: phase=tool-eof-ms expected=1 observed=50 accepted=1\nI checked build evidence: phase=tool-reaped-ms expected=1 observed=77 accepted=1\nI checked build evidence: phase=tool-query-ms expected=30000 observed=77 accepted=1\nI checked build evidence: phase=tool-spawn-ms expected=1 observed=0 accepted=1\nI checked build evidence: phase=tool-first-output-ms expected=1 observed=22 accepted=1\nI checked build evidence: phase=tool-eof-ms expected=1 observed=24 accepted=1\nI checked build evidence: phase=tool-reaped-ms expected=1 observed=50 accepted=1\nI checked build evidence: phase=tool-query-ms expected=29923 observed=50 accepted=1\nI checked build evidence: phase=tool-spawn-ms expected=1 observed=1 accepted=1\nI checked build evidence: phase=tool-first-output-ms expected=1 observed=0 accepted=0\nI checked build evidence: phase=tool-eof-ms expected=1 observed=18 accepted=1\nI checked build evidence: phase=tool-reaped-ms expected=1 observed=45 accepted=1\nI checked build evidence: phase=tool-run-ms expected=29739 observed=45 accepted=1\nI checked build evidence: phase=tool-spawn-ms expected=1 observed=0 accepted=1\nI checked build evidence: phase=tool-first-output-ms expected=1 observed=54 accepted=1\nI checked build evidence: phase=tool-eof-ms expected=1 observed=55 accepted=1\nI checked build evidence: phase=tool-reaped-ms expected=1 observed=82 accepted=1\nI checked build evidence: phase=tool-query-ms expected=30000 observed=82 accepted=1\nI checked build evidence: phase=tool-spawn-ms expected=1 observed=0 accepted=1\nI checked build evidence: phase=tool-first-output-ms expected=1 observed=28 accepted=1\nI checked build evidence: phase=tool-eof-ms expected=1 observed=29 accepted=1\nI checked build evidence: phase=tool-reaped-ms expected=1 observed=55 accepted=1\nI checked build evidence: phase=tool-query-ms expected=29918 observed=56 accepted=1\nI checked build evidence: phase=tool-spawn-ms expected=1 observed=1 accepted=1\nI checked build evidence: phase=tool-first-output-ms expected=1 observed=46 accepted=1\nI checked build evidence: phase=tool-eof-ms expected=1 observed=47 accepted=1\nI checked build evidence: phase=tool-reaped-ms expected=1 observed=74 accepted=1\nI checked build evidence: phase=tool-query-ms expected=29720 observed=74 accepted=1\nI checked build evidence: phase=tool-spawn-ms expected=1 observed=1 accepted=1\nI checked build evidence: phase=tool-first-output-ms expected=1 observed=21 accepted=1\nI checked build evidence: phase=tool-eof-ms expected=1 observed=23 accepted=1\nI checked build evidence: phase=tool-reaped-ms expected=1 observed=50 accepted=1\nI checked build evidence: phase=tool-query-ms expected=29646 observed=50 accepted=1\nI checked build evidence: phase=tool-spawn-ms expected=1 observed=1 accepted=1\nI checked build evidence: phase=tool-first-output-ms expected=1 observed=0 accepted=0\nI checked build evidence: phase=tool-eof-ms expected=1 observed=7 accepted=1\nI checked build evidence: phase=tool-reaped-ms expected=1 observed=35 accepted=1\nI checked build evidence: phase=tool-run-ms expected=29462 observed=35 accepted=1\nI checked build evidence: phase=tool-spawn-ms expected=1 observed=1 accepted=1\nI checked build evidence: phase=tool-first-output-ms expected=1 observed=0 accepted=0\nI checked build evidence: phase=tool-eof-ms expected=1 observed=7 accepted=1\nI checked build evidence: phase=tool-reaped-ms expected=1 observed=34 accepted=1\nI checked build evidence: phase=tool-run-ms expected=29425 observed=34 accepted=1\nI checked build evidence: phase=publish-preprocessing expected=13547950146085944247 observed=13547950146085944247 accepted=1\nI checked build evidence: phase=publish-context expected=5654441885241149458 observed=5654441885241149458 accepted=1\nI checked build evidence: phase=record-dependencies expected=1 observed=1 accepted=1\nI checked build evidence: phase=record-link-inputs expected=1 observed=1 accepted=1\nI checked build evidence: phase=record-write expected=1 observed=1 accepted=1\n"

----------------------------------------------------------------------
Ran 128 tests in 6366.659s

FAILED (failures=7, errors=2, skipped=19)
