test_all_word_and_string_arrays_survive_checked_writes (tests.test_native_record_array_tagged_fields.TaggedRecordArrayFields.test_all_word_and_string_arrays_survive_checked_writes) ... 
  test_all_word_and_string_arrays_survive_checked_writes (tests.test_native_record_array_tagged_fields.TaggedRecordArrayFields.test_all_word_and_string_arrays_survive_checked_writes) (tag=1) ... FAIL
  test_all_word_and_string_arrays_survive_checked_writes (tests.test_native_record_array_tagged_fields.TaggedRecordArrayFields.test_all_word_and_string_arrays_survive_checked_writes) (tag=4) ... FAIL
test_wrong_runtime_tag_element_kind_and_null_are_refused (tests.test_native_record_array_tagged_fields.TaggedRecordArrayFields.test_wrong_runtime_tag_element_kind_and_null_are_refused) ... 
  test_wrong_runtime_tag_element_kind_and_null_are_refused (tests.test_native_record_array_tagged_fields.TaggedRecordArrayFields.test_wrong_runtime_tag_element_kind_and_null_are_refused) (fault='tag') ... ERROR
  test_wrong_runtime_tag_element_kind_and_null_are_refused (tests.test_native_record_array_tagged_fields.TaggedRecordArrayFields.test_wrong_runtime_tag_element_kind_and_null_are_refused) (fault='element') ... ERROR
  test_wrong_runtime_tag_element_kind_and_null_are_refused (tests.test_native_record_array_tagged_fields.TaggedRecordArrayFields.test_wrong_runtime_tag_element_kind_and_null_are_refused) (fault='null') ... ERROR

======================================================================
ERROR: test_wrong_runtime_tag_element_kind_and_null_are_refused (tests.test_native_record_array_tagged_fields.TaggedRecordArrayFields.test_wrong_runtime_tag_element_kind_and_null_are_refused) (fault='tag')
----------------------------------------------------------------------
Traceback (most recent call last):
  File "/Users/jordanh/Src/nanolang/tests/test_native_record_array_tagged_fields.py", line 57, in test_wrong_runtime_tag_element_kind_and_null_are_refused
    result = self.sanitized(source, work / name, ok=False)
TypeError: NativeCallables.sanitized() got an unexpected keyword argument 'ok'

======================================================================
ERROR: test_wrong_runtime_tag_element_kind_and_null_are_refused (tests.test_native_record_array_tagged_fields.TaggedRecordArrayFields.test_wrong_runtime_tag_element_kind_and_null_are_refused) (fault='element')
----------------------------------------------------------------------
Traceback (most recent call last):
  File "/Users/jordanh/Src/nanolang/tests/test_native_record_array_tagged_fields.py", line 57, in test_wrong_runtime_tag_element_kind_and_null_are_refused
    result = self.sanitized(source, work / name, ok=False)
TypeError: NativeCallables.sanitized() got an unexpected keyword argument 'ok'

======================================================================
ERROR: test_wrong_runtime_tag_element_kind_and_null_are_refused (tests.test_native_record_array_tagged_fields.TaggedRecordArrayFields.test_wrong_runtime_tag_element_kind_and_null_are_refused) (fault='null')
----------------------------------------------------------------------
Traceback (most recent call last):
  File "/Users/jordanh/Src/nanolang/tests/test_native_record_array_tagged_fields.py", line 57, in test_wrong_runtime_tag_element_kind_and_null_are_refused
    result = self.sanitized(source, work / name, ok=False)
TypeError: NativeCallables.sanitized() got an unexpected keyword argument 'ok'

======================================================================
FAIL: test_all_word_and_string_arrays_survive_checked_writes (tests.test_native_record_array_tagged_fields.TaggedRecordArrayFields.test_all_word_and_string_arrays_survive_checked_writes) (tag=1)
----------------------------------------------------------------------
Traceback (most recent call last):
  File "/Users/jordanh/Src/nanolang/tests/test_native_record_array_tagged_fields.py", line 41, in test_all_word_and_string_arrays_survive_checked_writes
    self.run_module(self.fixture(tag), '', collections=True)
    ~~~~~~~~~~~~~~~^^^^^^^^^^^^^^^^^^^^^^^^^^^^^^^^^^^^^^^^^
  File "/Users/jordanh/Src/nanolang/tests/test_native_closures.py", line 25, in run_module
    source = self.emit(work, text, stdout)
  File "/Users/jordanh/Src/nanolang/tests/test_native_callables.py", line 25, in emit
    self.checked([ROOT / 'bin/nvm2c', module, '-o', source])
    ~~~~~~~~~~~~^^^^^^^^^^^^^^^^^^^^^^^^^^^^^^^^^^^^^^^^^^^^
  File "/Users/jordanh/Src/nanolang/tests/test_native_callables.py", line 15, in checked
    self.assertEqual(result.returncode, 0, result.stdout + result.stderr)
    ~~~~~~~~~~~~~~~~^^^^^^^^^^^^^^^^^^^^^^^^^^^^^^^^^^^^^^^^^^^^^^^^^^^^^
AssertionError: 1 != 0 : I cannot translate '/var/folders/9z/xpmfgw8j09l4g6wwxrxtt97w0000gn/T/nano-native-closures-der_ur1e/input.nvm': function 1 at offset 2: I cannot resolve AGG_PACK field 0


======================================================================
FAIL: test_all_word_and_string_arrays_survive_checked_writes (tests.test_native_record_array_tagged_fields.TaggedRecordArrayFields.test_all_word_and_string_arrays_survive_checked_writes) (tag=4)
----------------------------------------------------------------------
Traceback (most recent call last):
  File "/Users/jordanh/Src/nanolang/tests/test_native_record_array_tagged_fields.py", line 41, in test_all_word_and_string_arrays_survive_checked_writes
    self.run_module(self.fixture(tag), '', collections=True)
    ~~~~~~~~~~~~~~~^^^^^^^^^^^^^^^^^^^^^^^^^^^^^^^^^^^^^^^^^
  File "/Users/jordanh/Src/nanolang/tests/test_native_closures.py", line 25, in run_module
    source = self.emit(work, text, stdout)
  File "/Users/jordanh/Src/nanolang/tests/test_native_callables.py", line 21, in emit
    self.checked([ROOT / 'bin/nanoisa', 'asm', assembly, '-o', module])
    ~~~~~~~~~~~~^^^^^^^^^^^^^^^^^^^^^^^^^^^^^^^^^^^^^^^^^^^^^^^^^^^^^^^
  File "/Users/jordanh/Src/nanolang/tests/test_native_callables.py", line 15, in checked
    self.assertEqual(result.returncode, 0, result.stdout + result.stderr)
    ~~~~~~~~~~~~~~~~^^^^^^^^^^^^^^^^^^^^^^^^^^^^^^^^^^^^^^^^^^^^^^^^^^^^^
AssertionError: 1 != 0 : I cannot assemble '/var/folders/9z/xpmfgw8j09l4g6wwxrxtt97w0000gn/T/nano-native-closures-fbj46mr9/input.nasm': Expected u8 operand


----------------------------------------------------------------------
Ran 2 tests in 1.196s

FAILED (failures=2, errors=3)
