I am testing shadow $shadow_0_walkdir
I am testing shadow $shadow_1_canonical
I am testing shadow $shadow_2_normalize
I am testing shadow $shadow_3_join
I am testing shadow $shadow_4_basename
I am testing shadow $shadow_5_dirname
I am testing shadow $shadow_6_relpath
I am testing shadow $shadow_7_cwd
I am testing shadow $shadow_8_glob_match_impl
I am testing shadow $shadow_9_glob_match
I am testing shadow $shadow_10_glob
I am testing shadow $shadow_11_read
I am testing shadow $shadow_12_write
I am testing shadow $shadow_13_append
I am testing shadow $shadow_14_exists
I am testing shadow $shadow_15_delete
I am testing shadow $shadow_16_mkdir_p
I am testing shadow $shadow_17_copy_file
I am testing shadow $shadow_18_copy_dir
I am testing shadow $shadow_19_load_print
I am testing shadow $shadow_20_load_pretty
I am testing shadow $shadow_21_assemble_save
I am testing shadow $shadow_22_assemble_text_save
I am testing shadow $shadow_23_last_error
I am testing shadow $shadow_24_main
