['/private/tmp/nanolang-list-removal-driver', '/var/folders/9z/xpmfgw8j09l4g6wwxrxtt97w0000gn/T/nano-list-insert-yiaapfyv/remove-huge.nano', 'program']
.types 0 0 0
.entry 0

.function main 0 3 0 int 1
  ARR_NEW 1
  STORE_LOCAL 0
  LOAD_LOCAL 0
  STORE_LOCAL 1
  PUSH_I64 9223372036854775807
  STORE_LOCAL 2
  LOAD_LOCAL 2
  PUSH_I64 0
  I64_GE_S
  ASSERT
  LOAD_LOCAL 2
  LOAD_LOCAL 1
  ARR_LEN
  I64_LT_S
  ASSERT
  LOAD_LOCAL 1
  LOAD_LOCAL 2
  ARR_GET
  LOAD_LOCAL 1
  LOAD_LOCAL 2
  ARR_REMOVE
  POP
  POP
  PUSH_I64 0
  RET
.end


