test_branch_fixtures (tests.test_selfhost_returned_calls.ReturnedCalls.test_branch_fixtures) ... ok
test_multiple_arguments_execute_once_in_order (tests.test_selfhost_returned_calls.ReturnedCalls.test_multiple_arguments_execute_once_in_order) ... ok
test_nested_signature_and_printed_result (tests.test_selfhost_returned_calls.ReturnedCalls.test_nested_signature_and_printed_result) ... ok
test_branch_fixtures (tests.test_selfhost_function_values.NativeReturnedCalls.test_branch_fixtures) ... ok
test_contextual_bytes_arrays_and_record_arguments (tests.test_selfhost_function_values.NativeReturnedCalls.test_contextual_bytes_arrays_and_record_arguments) ... ok
test_function_containers_preserve_aliases_and_context (tests.test_selfhost_function_values.NativeReturnedCalls.test_function_containers_preserve_aliases_and_context) ... ok
test_imported_function_value_uses_resolved_alias (tests.test_selfhost_function_values.NativeReturnedCalls.test_imported_function_value_uses_resolved_alias) ... ok
test_multiple_arguments_execute_once_in_order (tests.test_selfhost_function_values.NativeReturnedCalls.test_multiple_arguments_execute_once_in_order) ... ok
test_mutating_argument_does_not_replace_saved_callee (tests.test_selfhost_function_values.NativeReturnedCalls.test_mutating_argument_does_not_replace_saved_callee) ... ok
test_nested_signature_and_printed_result (tests.test_selfhost_function_values.NativeReturnedCalls.test_nested_signature_and_printed_result) ... ok
test_recursive_record_callback_signature (tests.test_selfhost_function_values.NativeReturnedCalls.test_recursive_record_callback_signature) ... ok
test_retained_record_and_array_function_source (tests.test_selfhost_function_values.NativeReturnedCalls.test_retained_record_and_array_function_source) ... ok
test_void_and_function_valued_results_keep_stack_counts (tests.test_selfhost_function_values.NativeReturnedCalls.test_void_and_function_valued_results_keep_stack_counts) ... ok
test_wrong_signature_or_non_callable_preserves_prior_module (tests.test_selfhost_function_values.NativeReturnedCalls.test_wrong_signature_or_non_callable_preserves_prior_module) ... ok
test_branch_fixtures (tests.test_selfhost_function_values.VMReturnedCalls.test_branch_fixtures) ... ok
test_contextual_bytes_arrays_and_record_arguments (tests.test_selfhost_function_values.VMReturnedCalls.test_contextual_bytes_arrays_and_record_arguments) ... ok
test_function_containers_preserve_aliases_and_context (tests.test_selfhost_function_values.VMReturnedCalls.test_function_containers_preserve_aliases_and_context) ... ok
test_imported_function_value_uses_resolved_alias (tests.test_selfhost_function_values.VMReturnedCalls.test_imported_function_value_uses_resolved_alias) ... ok
test_multiple_arguments_execute_once_in_order (tests.test_selfhost_function_values.VMReturnedCalls.test_multiple_arguments_execute_once_in_order) ... ok
test_mutating_argument_does_not_replace_saved_callee (tests.test_selfhost_function_values.VMReturnedCalls.test_mutating_argument_does_not_replace_saved_callee) ... ok
test_nested_signature_and_printed_result (tests.test_selfhost_function_values.VMReturnedCalls.test_nested_signature_and_printed_result) ... ok
test_recursive_record_callback_signature (tests.test_selfhost_function_values.VMReturnedCalls.test_recursive_record_callback_signature) ... ok
test_retained_record_and_array_function_source (tests.test_selfhost_function_values.VMReturnedCalls.test_retained_record_and_array_function_source) ... ok
test_void_and_function_valued_results_keep_stack_counts (tests.test_selfhost_function_values.VMReturnedCalls.test_void_and_function_valued_results_keep_stack_counts) ... ok
test_wrong_signature_or_non_callable_preserves_prior_module (tests.test_selfhost_function_values.VMReturnedCalls.test_wrong_signature_or_non_callable_preserves_prior_module) ... ok
test_callable_tags_and_target_membership_are_checked (tests.test_native_callables.NativeCallables.test_callable_tags_and_target_membership_are_checked) ... ok
test_function_array_aliases_globals_and_missing_elements (tests.test_native_callables.NativeCallables.test_function_array_aliases_globals_and_missing_elements) ... ok
test_function_array_writes_check_payload_tags (tests.test_native_callables.NativeCallables.test_function_array_writes_check_payload_tags) ... ok
test_function_field_tags_and_targets_are_checked (tests.test_native_callables.NativeCallables.test_function_field_tags_and_targets_are_checked) ... ok
test_function_fields_survive_nested_records_and_record_arrays (tests.test_native_callables.NativeCallables.test_function_fields_survive_nested_records_and_record_arrays) ... ok
test_function_identity_comparisons_preserve_tags (tests.test_native_callables.NativeCallables.test_function_identity_comparisons_preserve_tags) ... ok
test_indirect_record_and_array_results_retain_roots (tests.test_native_callables.NativeCallables.test_indirect_record_and_array_results_retain_roots) ... ok
test_many_targets_share_exclusive_dispatch_temporaries (tests.test_native_callables.NativeCallables.test_many_targets_share_exclusive_dispatch_temporaries) ... ok
test_retained_source_function_containers (tests.test_native_callables.NativeCallables.test_retained_source_function_containers) ... ok
test_captured_call_checks_tag_target_and_environment (tests.test_native_closures.NativeClosures.test_captured_call_checks_tag_target_and_environment) ... ok
test_implicit_roots_cannot_supply_captures (tests.test_native_closures.NativeClosures.test_implicit_roots_cannot_supply_captures) ... ok
test_instances_aliases_mutation_and_record_global_roots (tests.test_native_closures.NativeClosures.test_instances_aliases_mutation_and_record_global_roots) ... ok
test_managed_captures_and_active_environment_roots (tests.test_native_closures.NativeClosures.test_managed_captures_and_active_environment_roots) ... ok
test_nested_callable_and_scalar_capture_tags (tests.test_native_closures.NativeClosures.test_nested_callable_and_scalar_capture_tags) ... ok
test_retained_canonical_returned_chain (tests.test_native_closures.NativeClosures.test_retained_canonical_returned_chain) ... ok
test_zero_capture_instances_and_exact_tags (tests.test_native_closures.NativeClosures.test_zero_capture_instances_and_exact_tags) ... ok
test_artifact_report_collisions (tests.test_selfhost_cli.SelfhostCliTests.test_artifact_report_collisions) ... ok
test_dangling_report_is_rejected_without_creating_target (tests.test_selfhost_cli.SelfhostCliTests.test_dangling_report_is_rejected_without_creating_target) ... ok
test_default_source_path_and_option_order (tests.test_selfhost_cli.SelfhostCliTests.test_default_source_path_and_option_order) ... ok
test_destination_probe_lifecycle_and_failures (tests.test_selfhost_cli.SelfhostCliTests.test_destination_probe_lifecycle_and_failures) ... ok
test_diagnostic_alias_is_rejected_before_parse_error (tests.test_selfhost_cli.SelfhostCliTests.test_diagnostic_alias_is_rejected_before_parse_error) ... ok
test_distinct_artifact_and_report (tests.test_selfhost_cli.SelfhostCliTests.test_distinct_artifact_and_report) ... ok
test_explicit_native_target (tests.test_selfhost_cli.SelfhostCliTests.test_explicit_native_target) ... ok
test_help (tests.test_selfhost_cli.SelfhostCliTests.test_help) ... ok
test_input_cannot_be_output (tests.test_selfhost_cli.SelfhostCliTests.test_input_cannot_be_output) ... ok
test_invalid_arguments_preserve_outputs (tests.test_selfhost_cli.SelfhostCliTests.test_invalid_arguments_preserve_outputs) ... ok
test_missing_destination_filesystem_name_equivalence (tests.test_selfhost_cli.SelfhostCliTests.test_missing_destination_filesystem_name_equivalence) ... ok
test_missing_input (tests.test_selfhost_cli.SelfhostCliTests.test_missing_input) ... ok
test_option_delimiter_allows_hyphen_input (tests.test_selfhost_cli.SelfhostCliTests.test_option_delimiter_allows_hyphen_input) ... ok
test_output_collision_precedes_parse_diagnostics (tests.test_selfhost_cli.SelfhostCliTests.test_output_collision_precedes_parse_diagnostics) ... ok
test_output_write_failure (tests.test_selfhost_cli.SelfhostCliTests.test_output_write_failure) ... ok
test_source_aliases_are_rejected_before_writes (tests.test_selfhost_cli.SelfhostCliTests.test_source_aliases_are_rejected_before_writes) ... ok
test_source_output_without_native_compiler (tests.test_selfhost_cli.SelfhostCliTests.test_source_output_without_native_compiler) ... ok
test_string_search_emitted_c (tests.test_selfhost_cli.SelfhostCliTests.test_string_search_emitted_c) ... ok
test_string_search_native_stages (tests.test_selfhost_cli.SelfhostCliTests.test_string_search_native_stages) ... ok
test_uncheckable_destination_identity_fails_closed (tests.test_selfhost_cli.SelfhostCliTests.test_uncheckable_destination_identity_fails_closed) ... ok
test_default_output_is_verified_executable_module (tests.test_selfhost_nanoisa_product.SelfhostNanoisaProduct.test_default_output_is_verified_executable_module) ... ok
test_failed_shadows_precede_translation_and_preserve_output (tests.test_selfhost_nanoisa_product.SelfhostNanoisaProduct.test_failed_shadows_precede_translation_and_preserve_output) ... ok
test_installed_driver_discovers_tools_outside_checkout (tests.test_selfhost_nanoisa_product.SelfhostNanoisaProduct.test_installed_driver_discovers_tools_outside_checkout) ... ok
test_source_only_translation_does_not_execute_shadows (tests.test_selfhost_nanoisa_product.SelfhostNanoisaProduct.test_source_only_translation_does_not_execute_shadows) ... ok

----------------------------------------------------------------------
Ran 65 tests in 22.242s

OK
