test_array_binding_parity (tests.test_cseed_generic_functions.CseedGenericFunctions.test_array_binding_parity) ... ok
test_builtin_tail_call_does_not_enter_generic_specialization (tests.test_cseed_generic_functions.CseedGenericFunctions.test_builtin_tail_call_does_not_enter_generic_specialization) ... ok
test_distinct_record_specializations (tests.test_cseed_generic_functions.CseedGenericFunctions.test_distinct_record_specializations) ... ok
test_generic_array_contexts_reject_wrong_elements (tests.test_cseed_generic_functions.CseedGenericFunctions.test_generic_array_contexts_reject_wrong_elements) ... ok
test_generic_array_mutation_preserves_aliases_and_empty_types (tests.test_cseed_generic_functions.CseedGenericFunctions.test_generic_array_mutation_preserves_aliases_and_empty_types) ... ok
test_growing_array_specializations_preserve_output (tests.test_cseed_generic_functions.CseedGenericFunctions.test_growing_array_specializations_preserve_output) ... ok
test_imported_generic_array_results_keep_complete_types (tests.test_cseed_generic_functions.CseedGenericFunctions.test_imported_generic_array_results_keep_complete_types) ... ok
test_imported_qualified_and_selective_owners (tests.test_cseed_generic_functions.CseedGenericFunctions.test_imported_qualified_and_selective_owners) ... ok
test_nested_array_calls_and_record_elements (tests.test_cseed_generic_functions.CseedGenericFunctions.test_nested_array_calls_and_record_elements) ... FAIL
test_primitive_generic_fixture (tests.test_cseed_generic_functions.CseedGenericFunctions.test_primitive_generic_fixture) ... ok
test_repeated_generic_array_types_must_match (tests.test_cseed_generic_functions.CseedGenericFunctions.test_repeated_generic_array_types_must_match) ... ok
test_repeated_type_variable_rejects_distinct_records (tests.test_cseed_generic_functions.CseedGenericFunctions.test_repeated_type_variable_rejects_distinct_records) ... ok
test_retained_record_result_regression (tests.test_cseed_generic_functions.CseedGenericFunctions.test_retained_record_result_regression) ... ok
test_structural_array_minimum (tests.test_cseed_generic_functions.CseedGenericFunctions.test_structural_array_minimum) ... ok
test_structural_array_parameters (tests.test_cseed_generic_functions.CseedGenericFunctions.test_structural_array_parameters) ... ok
test_structural_callable_parameters (tests.test_cseed_generic_functions.CseedGenericFunctions.test_structural_callable_parameters) ... ok
test_typed_locals_transitive_calls_and_recursion (tests.test_cseed_generic_functions.CseedGenericFunctions.test_typed_locals_transitive_calls_and_recursion) ... FAIL

======================================================================
FAIL: test_nested_array_calls_and_record_elements (tests.test_cseed_generic_functions.CseedGenericFunctions.test_nested_array_calls_and_record_elements)
----------------------------------------------------------------------
Traceback (most recent call last):
  File "/Users/jordanh/Src/nanolang/tests/test_cseed_generic_functions.py", line 118, in test_nested_array_calls_and_record_elements
            self.execute('''struct First { value:int }
            ~~~~~~~~~~~~^^^^^^^^^^^^^^^^^^^^^^^^^^^^^^
    struct Second { text:string }
    ^^^^^^^^^^^^^^^^^^^^^^^^^^^^^
    ...<21 lines>...
    shadow main {assert (== (main) 0)}
    ^^^^^^^^^^^^^^^^^^^^^^^^^^^^^^^^^^
    ''')
    ^^^^
  File "/Users/jordanh/Src/nanolang/tests/test_cseed_generic_functions.py", line 27, in execute
    self.run_command([COMPILER, path, '--emit-nvm', '-o', module])
    ~~~~~~~~~~~~~~~~^^^^^^^^^^^^^^^^^^^^^^^^^^^^^^^^^^^^^^^^^^^^^^
  File "/Users/jordanh/Src/nanolang/tests/test_cseed_generic_functions.py", line 17, in run_command
    self.assertEqual(result.returncode, 0, result.stdout + result.stderr)
    ~~~~~~~~~~~~~~~~^^^^^^^^^^^^^^^^^^^^^^^^^^^^^^^^^^^^^^^^^^^^^^^^^^^^^
AssertionError: 1 != 0 : -- E001 TYPE MISMATCH --- /var/folders/9z/xpmfgw8j09l4g6wwxrxtt97w0000gn/T/nano-generic-_s2oeteh/main.nano
I require one concrete identity and matching structure for each generic type variable.

5| fn relay(value:T)->T{return (identity value)}
                               ^
Hint: Use complete matching argument types and bind every result variable.
error: type check failed


======================================================================
FAIL: test_typed_locals_transitive_calls_and_recursion (tests.test_cseed_generic_functions.CseedGenericFunctions.test_typed_locals_transitive_calls_and_recursion)
----------------------------------------------------------------------
Traceback (most recent call last):
  File "/Users/jordanh/Src/nanolang/tests/test_cseed_generic_functions.py", line 56, in test_typed_locals_transitive_calls_and_recursion
            self.execute('''struct Box { value: int }
            ~~~~~~~~~~~~^^^^^^^^^^^^^^^^^^^^^^^^^^^^^
    fn identity(value: T) -> T { let copy: T = value return copy }
    ^^^^^^^^^^^^^^^^^^^^^^^^^^^^^^^^^^^^^^^^^^^^^^^^^^^^^^^^^^^^^^
    ...<17 lines>...
    shadow main { assert (== (main) 0) }
    ^^^^^^^^^^^^^^^^^^^^^^^^^^^^^^^^^^^^
    ''')
    ^^^^
  File "/Users/jordanh/Src/nanolang/tests/test_cseed_generic_functions.py", line 27, in execute
    self.run_command([COMPILER, path, '--emit-nvm', '-o', module])
    ~~~~~~~~~~~~~~~~^^^^^^^^^^^^^^^^^^^^^^^^^^^^^^^^^^^^^^^^^^^^^^
  File "/Users/jordanh/Src/nanolang/tests/test_cseed_generic_functions.py", line 17, in run_command
    self.assertEqual(result.returncode, 0, result.stdout + result.stderr)
    ~~~~~~~~~~~~~~~~^^^^^^^^^^^^^^^^^^^^^^^^^^^^^^^^^^^^^^^^^^^^^^^^^^^^^
AssertionError: 1 != 0 : -- E001 TYPE MISMATCH --- /var/folders/9z/xpmfgw8j09l4g6wwxrxtt97w0000gn/T/nano-generic-1yc_unn5/main.nano
I require one concrete identity and matching structure for each generic type variable.

4| fn forward(value: T) -> T { let copy: T = (identity value) return (identity copy) }
                                             ^
Hint: Use complete matching argument types and bind every result variable.
-- E001 TYPE MISMATCH --- /var/folders/9z/xpmfgw8j09l4g6wwxrxtt97w0000gn/T/nano-generic-1yc_unn5/main.nano
I require one concrete identity and matching structure for each generic type variable.

4| fn forward(value: T) -> T { let copy: T = (identity value) return (identity copy) }
                                                                     ^
Hint: Use complete matching argument types and bind every result variable.
-- E001 TYPE MISMATCH --- /var/folders/9z/xpmfgw8j09l4g6wwxrxtt97w0000gn/T/nano-generic-1yc_unn5/main.nano
I require one concrete identity and matching structure for each generic type variable.

8|  return (repeat (forward value) (- count 1))
                   ^
Hint: Use complete matching argument types and bind every result variable.
-- E001 TYPE MISMATCH --- /var/folders/9z/xpmfgw8j09l4g6wwxrxtt97w0000gn/T/nano-generic-1yc_unn5/main.nano
I require one concrete identity and matching structure for each generic type variable.

8|  return (repeat (forward value) (- count 1))
                   ^
Hint: Use complete matching argument types and bind every result variable.
-- E001 TYPE MISMATCH --- /var/folders/9z/xpmfgw8j09l4g6wwxrxtt97w0000gn/T/nano-generic-1yc_unn5/main.nano
I require one concrete identity and matching structure for each generic type variable.

8|  return (repeat (forward value) (- count 1))
           ^
Hint: Use complete matching argument types and bind every result variable.
error: type check failed


----------------------------------------------------------------------
Ran 17 tests in 2.929s

FAILED (failures=2)
