python3 scripts/embed_managed_runtime.py --clang "/opt/homebrew/opt/llvm/bin/clang" --opt "/opt/homebrew/opt/llvm/bin/opt" --header obj/nanoisa/managed_runtime_ir.h --manifest obj/nanoisa/managed_runtime_ir.json
/opt/homebrew/opt/llvm/bin/clang -Wall -Wextra -Werror -std=c99 -g -O3 -ftree-vectorize -fPIC -Isrc -D_GNU_SOURCE -I'/Applications/Xcode.app/Contents/Developer/Platforms/MacOSX.platform/Developer/SDKs/MacOSX27.0.sdk/usr/include/ffi' -I/opt/homebrew/Cellar/openssl@3/3.6.5/include -MMD -MP -Iobj/nanoisa -Isrc/nanoisa -c src/nanoisa/nvm2llvm.c -o obj/nanoisa/nvm2llvm.o
/opt/homebrew/opt/llvm/bin/clang -Wall -Wextra -Werror -std=c99 -g -O3 -ftree-vectorize -fPIC -Isrc -D_GNU_SOURCE -I'/Applications/Xcode.app/Contents/Developer/Platforms/MacOSX.platform/Developer/SDKs/MacOSX27.0.sdk/usr/include/ffi' -I/opt/homebrew/Cellar/openssl@3/3.6.5/include -o bin/nvm2llvm obj/nanoisa/nvm2llvm.o obj/nanoisa/nvm2llvm_main.o obj/nanoisa/file_flow.o obj/nanoisa/service_file_nominal.o obj/nanoisa/service_file_nominal_plan.o obj/nanoisa/service_bindings.o obj/nanoisa/service_bindings_module.o obj/nanoisa/mixed_float_proof.o obj/nanoisa/managed_array_shapes.o obj/nanoisa/local_bindings.o obj/nanoisa/affine_bytecode.o obj/nanoisa/affine_state.o obj/nanoisa/ownership_contracts.o obj/nanoisa/retained_layouts.o obj/nanoisa/reference_places.o obj/nanoisa/passive.o obj/nanoisa/isa.o obj/nanoisa/verifier_types.o obj/nanoisa/nvm_format.o obj/nanoisa/nvm_format_v2.o obj/nanoisa/nvm_v2_cursor.o obj/nanoisa/nvm_v2_constants.o obj/nanoisa/nvm_v2_signatures.o obj/nanoisa/nvm_v2_layouts.o obj/nanoisa/nvm_v2_functions.o obj/nanoisa/nvm_v2_imports.o obj/nanoisa/nvm_v2_module.o obj/nanoisa/nvm_v2_convert.o obj/nanoisa/assembler.o obj/nanoisa/disassembler.o obj/nanoisa/verifier.o obj/nanoisa/nvm2c.o obj/nanoisa/nvm2c_shape.o obj/nanoisa/nvm2c_callables.o obj/nanoisa/frontend.o obj/nanoisa/nanoisa_facade.o obj/nanovm/vm_decode.o obj/nanovm/vm_dispatch.o lib/libnano_compiler_inputs.a obj/utf8.o -lm -lcrypto -lffi -L/opt/homebrew/Cellar/openssl@3/3.6.5/lib
cp scripts/nvm2wasm.py bin/nvm2wasm
chmod +x bin/nvm2wasm
NMA_LINK_OBJECTS="obj/nanoisa/file_flow.o obj/nanoisa/service_file_nominal.o obj/nanoisa/service_file_nominal_plan.o obj/nanoisa/service_bindings.o obj/nanoisa/service_bindings_module.o obj/nanoisa/mixed_float_proof.o obj/nanoisa/local_bindings.o obj/nanoisa/affine_bytecode.o obj/nanoisa/affine_state.o obj/nanoisa/ownership_contracts.o obj/nanoisa/retained_layouts.o obj/nanoisa/reference_places.o obj/nanoisa/passive.o obj/nanoisa/isa.o obj/nanoisa/verifier_types.o obj/nanoisa/nvm_format.o obj/nanoisa/nvm_format_v2.o obj/nanoisa/nvm_v2_cursor.o obj/nanoisa/nvm_v2_constants.o obj/nanoisa/nvm_v2_signatures.o obj/nanoisa/nvm_v2_layouts.o obj/nanoisa/nvm_v2_functions.o obj/nanoisa/nvm_v2_imports.o obj/nanoisa/nvm_v2_module.o obj/nanoisa/nvm_v2_convert.o obj/nanoisa/assembler.o obj/nanoisa/disassembler.o obj/nanoisa/verifier.o obj/nanoisa/nvm2c.o obj/nanoisa/nvm2c_shape.o obj/nanoisa/nvm2c_callables.o obj/nanoisa/frontend.o obj/nanoisa/nanoisa_facade.o obj/nanovm/vm_decode.o obj/nanovm/vm_dispatch.o lib/libnano_compiler_inputs.a obj/utf8.o" python3 -m unittest -v tests.test_managed_array_shapes tests.test_managed_graph_origins
test_boxed_heterogeneous_alias_and_pop_optional (tests.test_managed_array_shapes.ArrayShapes.test_boxed_heterogeneous_alias_and_pop_optional) ... ok
test_branch_origins_and_portable_cross_product (tests.test_managed_array_shapes.ArrayShapes.test_branch_origins_and_portable_cross_product) ... ok
test_calls_repeated_sites_and_reordered_arguments (tests.test_managed_array_shapes.ArrayShapes.test_calls_repeated_sites_and_reordered_arguments) ... ok
test_copy_analysis_allocation_failure_and_shared_admission (tests.test_managed_array_shapes.ArrayShapes.test_copy_analysis_allocation_failure_and_shared_admission) ... ok
test_every_private_allocation_failure_is_atomic (tests.test_managed_array_shapes.ArrayShapes.test_every_private_allocation_failure_is_atomic) ... ok
test_limits_and_invalid_status (tests.test_managed_array_shapes.ArrayShapes.test_limits_and_invalid_status) ... ok
test_literal_count_matrix_and_empty_origins (tests.test_managed_array_shapes.ArrayShapes.test_literal_count_matrix_and_empty_origins) ... ok
test_loop_effects_and_initializer_reentry (tests.test_managed_array_shapes.ArrayShapes.test_loop_effects_and_initializer_reentry) ... ok
test_missing_pop_and_unproved_nested_or_escape (tests.test_managed_array_shapes.ArrayShapes.test_missing_pop_and_unproved_nested_or_escape) ... ok
test_mutually_recursive_effects_and_unknown_escape (tests.test_managed_array_shapes.ArrayShapes.test_mutually_recursive_effects_and_unknown_escape) ... ok
test_packed_matrix_and_declared_identity (tests.test_managed_array_shapes.ArrayShapes.test_packed_matrix_and_declared_identity) ... ok
test_recursive_scc_effects_and_nonzero_function_branch (tests.test_managed_array_shapes.ArrayShapes.test_recursive_scc_effects_and_nonzero_function_branch) ... ok
test_repeated_slice_site_and_recursive_source_summary (tests.test_managed_array_shapes.ArrayShapes.test_repeated_slice_site_and_recursive_source_summary) ... ok
test_slice_fresh_origin_and_independent_writes (tests.test_managed_array_shapes.ArrayShapes.test_slice_fresh_origin_and_independent_writes) ... ok
test_slice_globals_reentry_unknown_origins_and_limits (tests.test_managed_array_shapes.ArrayShapes.test_slice_globals_reentry_unknown_origins_and_limits) ... ok
test_slice_join_keeps_each_declared_storage (tests.test_managed_array_shapes.ArrayShapes.test_slice_join_keeps_each_declared_storage) ... ok
test_split_promotion_and_global_aliases (tests.test_managed_array_shapes.ArrayShapes.test_split_promotion_and_global_aliases) ... ok
test_unsupported_mutation_keeps_prior_outputs (tests.test_managed_array_shapes.ArrayShapes.test_unsupported_mutation_keeps_prior_outputs) ... ok
test_caps_allocation_atomicity_and_backend_refusal (tests.test_managed_graph_origins.GraphOrigins.test_caps_allocation_atomicity_and_backend_refusal) ... ok
test_leaf_decisions_and_reports_unchanged (tests.test_managed_graph_origins.GraphOrigins.test_leaf_decisions_and_reports_unchanged) ... ok
test_mixed_receiver_storage_and_nested_write_cross_product (tests.test_managed_graph_origins.GraphOrigins.test_mixed_receiver_storage_and_nested_write_cross_product) ... ok
test_nested_get_pop_and_alias_mutation (tests.test_managed_graph_origins.GraphOrigins.test_nested_get_pop_and_alias_mutation) ... ok
test_reentry_global_child_effects_and_loop_copies (tests.test_managed_graph_origins.GraphOrigins.test_reentry_global_child_effects_and_loop_copies) ... ok
test_repeated_sites_recursive_calls_and_globals (tests.test_managed_graph_origins.GraphOrigins.test_repeated_sites_recursive_calls_and_globals) ... ok
test_self_mutual_cycles_and_heterogeneous_children (tests.test_managed_graph_origins.GraphOrigins.test_self_mutual_cycles_and_heterogeneous_children) ... ok
test_shallow_slice_keeps_child_identity_and_fresh_outer (tests.test_managed_graph_origins.GraphOrigins.test_shallow_slice_keeps_child_identity_and_fresh_outer) ... ok
test_unknown_children_and_unused_escape (tests.test_managed_graph_origins.GraphOrigins.test_unknown_children_and_unused_escape) ... ok

----------------------------------------------------------------------
Ran 27 tests in 13.853s

OK
