2026-10-10T03:49:27.6536771Z 
2026-10-10T03:49:27.6536895Z OK
2026-10-10T03:49:27.6757446Z Running NanoISA frontend contract tests...
2026-10-10T03:49:27.6758612Z cc -Wall -Wextra -Werror -std=c99 -g -Isrc -D_GNU_SOURCE -fsanitize=address,undefined -fno-omit-frame-pointer  -Isrc/nanoisa -Imodules/nanoisa -o tests/nanoisa/test_frontend_contract \
2026-10-10T03:49:27.6763070Z 	tests/nanoisa/test_frontend_contract.c obj/nanoisa/file_flow.o obj/nanoisa/service_file_nominal.o obj/nanoisa/service_file_nominal_plan.o obj/nanoisa/service_bindings.o obj/nanoisa/service_bindings_module.o obj/nanoisa/mixed_float_proof.o obj/nanoisa/managed_array_shapes.o obj/nanoisa/local_bindings.o obj/nanoisa/affine_bytecode.o obj/nanoisa/affine_state.o obj/nanoisa/ownership_contracts.o obj/nanoisa/retained_layouts.o obj/nanoisa/reference_places.o obj/nanoisa/passive.o obj/nanoisa/isa.o obj/nanoisa/verifier_types.o obj/nanoisa/nvm_format.o obj/nanoisa/nvm_format_v2.o obj/nanoisa/nvm_v2_cursor.o obj/nanoisa/nvm_v2_constants.o obj/nanoisa/nvm_v2_signatures.o obj/nanoisa/nvm_v2_layouts.o obj/nanoisa/nvm_v2_functions.o obj/nanoisa/nvm_v2_imports.o obj/nanoisa/nvm_v2_module.o obj/nanoisa/nvm_v2_convert.o obj/nanoisa/assembler.o obj/nanoisa/disassembler.o obj/nanoisa/verifier.o obj/nanoisa/nvm2c.o obj/nanoisa/nvm2c_shape.o obj/nanoisa/nvm2c_callables.o obj/nanoisa/frontend.o obj/nanoisa/nanoisa_facade.o obj/nanovm/vm_decode.o obj/nanovm/vm_dispatch.o lib/libnano_compiler_inputs.a obj/utf8.o -lm -lcrypto -fsanitize=address,undefined -lcrypto -lffi  -rdynamic
2026-10-10T03:49:27.9429626Z 
2026-10-10T03:49:27.9430126Z [frontend] shared NanoISA frontend contract...
2026-10-10T03:49:27.9430369Z 
2026-10-10T03:49:27.9430383Z 
2026-10-10T03:49:27.9430483Z === 367 passed, 0 failed ===
2026-10-10T03:49:27.9554210Z cc -Wall -Wextra -Werror -std=c99 -g -Isrc -D_GNU_SOURCE -fsanitize=address,undefined -fno-omit-frame-pointer  -Isrc/nanoisa -o obj/test_assembler_string_alloc tests/nanoisa/test_assembler_string_alloc.c obj/nanoisa/file_flow.o obj/nanoisa/service_file_nominal.o obj/nanoisa/service_file_nominal_plan.o obj/nanoisa/service_bindings.o obj/nanoisa/service_bindings_module.o obj/nanoisa/mixed_float_proof.o obj/nanoisa/managed_array_shapes.o obj/nanoisa/local_bindings.o obj/nanoisa/affine_bytecode.o obj/nanoisa/affine_state.o obj/nanoisa/ownership_contracts.o obj/nanoisa/retained_layouts.o obj/nanoisa/reference_places.o obj/nanoisa/passive.o obj/nanoisa/isa.o obj/nanoisa/verifier_types.o obj/nanoisa/nvm_format.o obj/nanoisa/nvm_format_v2.o obj/nanoisa/nvm_v2_cursor.o obj/nanoisa/nvm_v2_constants.o obj/nanoisa/nvm_v2_signatures.o obj/nanoisa/nvm_v2_layouts.o obj/nanoisa/nvm_v2_functions.o obj/nanoisa/nvm_v2_imports.o obj/nanoisa/nvm_v2_module.o obj/nanoisa/nvm_v2_convert.o obj/nanoisa/disassembler.o obj/nanoisa/verifier.o obj/nanoisa/nvm2c.o obj/nanoisa/nvm2c_shape.o obj/nanoisa/nvm2c_callables.o obj/nanoisa/frontend.o obj/nanoisa/nanoisa_facade.o obj/nanovm/vm_decode.o obj/nanovm/vm_dispatch.o lib/libnano_compiler_inputs.a obj/utf8.o -lm -lcrypto -fsanitize=address,undefined -lcrypto -lffi  -rdynamic
2026-10-10T03:49:28.7842455Z I passed literal failures, table growth, duplicate distinctions and allocation recovery.
2026-10-10T03:49:28.7951365Z Running canonical disassembly round-trip tests...
2026-10-10T03:49:28.7953197Z cc -Wall -Wextra -Werror -std=c99 -g -Isrc -D_GNU_SOURCE -fsanitize=address,undefined -fno-omit-frame-pointer  -Isrc/nanoisa -o tests/nanoisa/test_disasm_roundtrip \
2026-10-10T03:49:28.7959432Z 	tests/nanoisa/test_disasm_roundtrip.c obj/nanoisa/file_flow.o obj/nanoisa/service_file_nominal.o obj/nanoisa/service_file_nominal_plan.o obj/nanoisa/service_bindings.o obj/nanoisa/service_bindings_module.o obj/nanoisa/mixed_float_proof.o obj/nanoisa/managed_array_shapes.o obj/nanoisa/local_bindings.o obj/nanoisa/affine_bytecode.o obj/nanoisa/affine_state.o obj/nanoisa/ownership_contracts.o obj/nanoisa/retained_layouts.o obj/nanoisa/reference_places.o obj/nanoisa/passive.o obj/nanoisa/isa.o obj/nanoisa/verifier_types.o obj/nanoisa/nvm_format.o obj/nanoisa/nvm_format_v2.o obj/nanoisa/nvm_v2_cursor.o obj/nanoisa/nvm_v2_constants.o obj/nanoisa/nvm_v2_signatures.o obj/nanoisa/nvm_v2_layouts.o obj/nanoisa/nvm_v2_functions.o obj/nanoisa/nvm_v2_imports.o obj/nanoisa/nvm_v2_module.o obj/nanoisa/nvm_v2_convert.o obj/nanoisa/assembler.o obj/nanoisa/disassembler.o obj/nanoisa/verifier.o obj/nanoisa/nvm2c.o obj/nanoisa/nvm2c_shape.o obj/nanoisa/nvm2c_callables.o obj/nanoisa/frontend.o obj/nanoisa/nanoisa_facade.o obj/nanovm/vm_decode.o obj/nanovm/vm_dispatch.o lib/libnano_compiler_inputs.a obj/utf8.o -lm -lcrypto -fsanitize=address,undefined -lcrypto -lffi  -rdynamic
2026-10-10T03:49:29.2849125Z 
2026-10-10T03:49:29.2850366Z [disasm_roundtrip] canonical disassembly is lossless...
2026-10-10T03:49:29.2851027Z 
2026-10-10T03:49:29.2851059Z 
2026-10-10T03:49:29.2851283Z === 210 passed, 0 failed ===
2026-10-10T03:49:29.2908517Z python3 tests/test_verify_only.py
2026-10-10T03:49:29.6648457Z ...
2026-10-10T03:49:29.6649136Z ----------------------------------------------------------------------
2026-10-10T03:49:29.6649760Z Ran 3 tests in 0.329s
2026-10-10T03:49:29.6650419Z 
2026-10-10T03:49:29.6650811Z OK
2026-10-10T03:49:29.6744433Z python3 tests/test_verify_gate.py
2026-10-10T03:49:32.2877574Z ....
2026-10-10T03:49:32.2878219Z ----------------------------------------------------------------------
2026-10-10T03:49:32.2878937Z Ran 4 tests in 2.568s
2026-10-10T03:49:32.2879211Z 
2026-10-10T03:49:32.2879373Z OK
2026-10-10T03:49:35.2597510Z I could not compile tests/nested_structs.nano; log: /home/runner/work/nanolang/nanolang/.test_output/verifier-corpus/corpus.7QP54x/0011-nested_structs.compile.log
2026-10-10T03:51:09.3364874Z 185 selected, 184 verified, 1 failed, 0 skipped
2026-10-10T03:51:09.3419062Z I retained verifier logs in .test_output/verifier-corpus/corpus.7QP54x
2026-10-10T03:51:09.3419556Z make: *** [Makefile.gnu:2603: test-verify-all-programs] Error 1
2026-10-10T03:51:09.3436827Z ##[error]Process completed with exit code 2.
2026-10-10T03:51:09.3515081Z ##[group]Run actions/upload-artifact@v4
2026-10-10T03:51:09.3515368Z with:
2026-10-10T03:51:09.3515595Z   name: verifier-corpus-sanitizers
2026-10-10T03:51:09.3516110Z   path: .test_output/verifier-corpus/
obj/component-logs/
obj/bootstrap-nanoisa/**/*.log
obj/bootstrap-nanoisa/**/manifest.json

2026-10-10T03:51:09.3516617Z   include-hidden-files: true
2026-10-10T03:51:09.3516857Z   if-no-files-found: ignore
2026-10-10T03:51:09.3517084Z   retention-days: 7
2026-10-10T03:51:09.3517288Z   compression-level: 6
2026-10-10T03:51:09.3517499Z   overwrite: false
2026-10-10T03:51:09.3517689Z env:
2026-10-10T03:51:09.3517935Z   NANO_VERIFY_CORPUS_LOG_ROOT: .test_output/verifier-corpus
2026-10-10T03:51:09.3518246Z   NANO_SHADOW_TIMEOUT_SECONDS: 300
2026-10-10T03:51:09.3518482Z   NANO_SHADOW_TRACE: 1
2026-10-10T03:51:09.3518679Z ##[endgroup]
