Warning at line 175, column 9: Unused variable 'ignored'
Warning at line 2571, column 9: Unused variable 'rejected'
Warning at line 2807, column 9: Unused variable 'rejected'
Warning at line 2811, column 9: Unused variable 'rejected'
Warning at line 2815, column 9: Unused variable 'rejected'
Warning at line 2822, column 13: Unused variable 'rejected'
Warning at line 2964, column 9: Unused variable 'rejected'
Warning at line 2968, column 9: Unused variable 'rejected'
Warning at line 2975, column 13: Unused variable 'rejected'
Warning at line 6833, column 17: Unused variable 'imported'
Warning at line 9, column 1: Unused variable 'parser'
Error at line 16, column 9: Expected variable name
Error at line 16, column 17: Unexpected token in expression: COLON (type=14)
Error at line 16, column 19: Unexpected token in expression: TYPE_INT (type=50)
Error at line 16, column 23: Unexpected token in expression: ASSIGN (type=17)
Error at line 17, column 19: Unexpected token in expression: TYPE_U8 (type=51)
Error at line 17, column 25: Unexpected token in expression: RPAREN (type=8)
Error at line 17, column 30: Unexpected token in expression: TYPE_U8 (type=51)
Error at line 17, column 38: Unexpected token in expression: RPAREN (type=8)
Error at line 17, column 39: Unexpected token in expression: RPAREN (type=8)
Error at line 17, column 41: Unexpected token in expression: LBRACE (type=9)
Error at line 18, column 55: Unexpected token in expression: TYPE_U8 (type=51)
Error at line 18, column 55: Failed to parse function argument
Error at line 18, column 55: Unexpected token in expression: TYPE_U8 (type=51)
Error at line 18, column 62: Unexpected token in expression: RPAREN (type=8)
Error at line 18, column 65: Unexpected token in expression: RPAREN (type=8)
Error at line 18, column 66: Unexpected token in expression: RPAREN (type=8)
Error at line 19, column 55: Unexpected token in expression: TYPE_U8 (type=51)
Error at line 19, column 55: Failed to parse function argument
Error at line 19, column 55: Unexpected token in expression: TYPE_U8 (type=51)
Error at line 19, column 62: Unexpected token in expression: RPAREN (type=8)
... stopping after 20 errors
Error: Failed to parse module '/Users/jordanh/Src/nanolang/src_nano/compiler/service_product.nano'
Error at line 35, column 1: Failed to load module '/Users/jordanh/Src/nanolang/src_nano/compiler/service_product.nano'
error: module loading failed
