ruby 4.0.6 (2026-07-14 revision 03b6d3f889) +PRISM [aarch64-linux]
5.3.1
/tmp/nanolang-opencl-private-7f0/psych/lib/psych/versions.rb
/tmp/nanolang-opencl-private-7f0/psych/lib/psych/exception.rb
/tmp/nanolang-opencl-private-7f0/psych/lib/psych/syntax_error.rb
/tmp/nanolang-opencl-private-7f0/psych/psych.so
/tmp/nanolang-opencl-private-7f0/psych/lib/psych/omap.rb
/tmp/nanolang-opencl-private-7f0/psych/lib/psych/set.rb
/tmp/nanolang-opencl-private-7f0/psych/lib/psych/class_loader.rb
/tmp/nanolang-opencl-private-7f0/psych/lib/psych/scalar_scanner.rb
/tmp/nanolang-opencl-private-7f0/psych/lib/psych/nodes/node.rb
/tmp/nanolang-opencl-private-7f0/psych/lib/psych/nodes/stream.rb
/tmp/nanolang-opencl-private-7f0/psych/lib/psych/nodes/document.rb
/tmp/nanolang-opencl-private-7f0/psych/lib/psych/nodes/sequence.rb
/tmp/nanolang-opencl-private-7f0/psych/lib/psych/nodes/scalar.rb
/tmp/nanolang-opencl-private-7f0/psych/lib/psych/nodes/mapping.rb
/tmp/nanolang-opencl-private-7f0/psych/lib/psych/nodes/alias.rb
/tmp/nanolang-opencl-private-7f0/psych/lib/psych/nodes.rb
/tmp/nanolang-opencl-private-7f0/psych/lib/psych/streaming.rb
/tmp/nanolang-opencl-private-7f0/psych/lib/psych/visitors/visitor.rb
/tmp/nanolang-opencl-private-7f0/psych/lib/psych/visitors/to_ruby.rb
/tmp/nanolang-opencl-private-7f0/psych/lib/psych/visitors/emitter.rb
/tmp/nanolang-opencl-private-7f0/psych/lib/psych/handler.rb
/tmp/nanolang-opencl-private-7f0/psych/lib/psych/tree_builder.rb
/tmp/nanolang-opencl-private-7f0/psych/lib/psych/visitors/yaml_tree.rb
/tmp/nanolang-opencl-private-7f0/psych/lib/psych/json/ruby_events.rb
/tmp/nanolang-opencl-private-7f0/psych/lib/psych/visitors/json_tree.rb
/tmp/nanolang-opencl-private-7f0/psych/lib/psych/visitors/depth_first.rb
/tmp/nanolang-opencl-private-7f0/psych/lib/psych/visitors.rb
/tmp/nanolang-opencl-private-7f0/psych/lib/psych/parser.rb
/tmp/nanolang-opencl-private-7f0/psych/lib/psych/coder.rb
/tmp/nanolang-opencl-private-7f0/psych/lib/psych/stream.rb
/tmp/nanolang-opencl-private-7f0/psych/lib/psych/json/yaml_events.rb
/tmp/nanolang-opencl-private-7f0/psych/lib/psych/json/tree_builder.rb
/tmp/nanolang-opencl-private-7f0/psych/lib/psych/json/stream.rb
/tmp/nanolang-opencl-private-7f0/psych/lib/psych/handlers/document_stream.rb
/tmp/nanolang-opencl-private-7f0/psych/lib/psych/core_ext.rb
/tmp/nanolang-opencl-private-7f0/psych/lib/psych.rb
