I retain byte-array evidence at /var/folders/9z/xpmfgw8j09l4g6wwxrxtt97w0000gn/T/nano-native-byte-arrays-b9bpidb2
test_alias_mutation_slice_independence_and_empty (tests.test_native_byte_arrays.NativeByteArrays.test_alias_mutation_slice_independence_and_empty) ... FAIL
test_literal_tags_and_integer_narrowing (tests.test_native_byte_arrays.NativeByteArrays.test_literal_tags_and_integer_narrowing) ... FAIL

======================================================================
FAIL: test_alias_mutation_slice_independence_and_empty (tests.test_native_byte_arrays.NativeByteArrays.test_alias_mutation_slice_independence_and_empty)
----------------------------------------------------------------------
Traceback (most recent call last):
  File "/private/tmp/nanolang-array-types-20261008/tests/test_native_byte_arrays.py", line 65, in test_alias_mutation_slice_independence_and_empty
    self.paired('slice', body)
    ~~~~~~~~~~~^^^^^^^^^^^^^^^
  File "/private/tmp/nanolang-array-types-20261008/tests/test_native_byte_arrays.py", line 37, in paired
    self.command(ROOT / 'bin/nvm2c', module, '-o', native_c)
    ~~~~~~~~~~~~^^^^^^^^^^^^^^^^^^^^^^^^^^^^^^^^^^^^^^^^^^^^
  File "/private/tmp/nanolang-array-types-20261008/tests/test_native_byte_arrays.py", line 25, in command
    self.assertEqual(result.returncode, 0, result.stdout + result.stderr)
    ~~~~~~~~~~~~~~~~^^^^^^^^^^^^^^^^^^^^^^^^^^^^^^^^^^^^^^^^^^^^^^^^^^^^^
AssertionError: 1 != 0 : I cannot translate '/var/folders/9z/xpmfgw8j09l4g6wwxrxtt97w0000gn/T/nano-native-byte-arrays-b9bpidb2/slice.nvm': function 0: I support int, bool, float, string, function or struct elements in ARR_NEW


======================================================================
FAIL: test_literal_tags_and_integer_narrowing (tests.test_native_byte_arrays.NativeByteArrays.test_literal_tags_and_integer_narrowing)
----------------------------------------------------------------------
Traceback (most recent call last):
  File "/private/tmp/nanolang-array-types-20261008/tests/test_native_byte_arrays.py", line 55, in test_literal_tags_and_integer_narrowing
    self.paired('literal', body)
    ~~~~~~~~~~~^^^^^^^^^^^^^^^^^
  File "/private/tmp/nanolang-array-types-20261008/tests/test_native_byte_arrays.py", line 37, in paired
    self.command(ROOT / 'bin/nvm2c', module, '-o', native_c)
    ~~~~~~~~~~~~^^^^^^^^^^^^^^^^^^^^^^^^^^^^^^^^^^^^^^^^^^^^
  File "/private/tmp/nanolang-array-types-20261008/tests/test_native_byte_arrays.py", line 25, in command
    self.assertEqual(result.returncode, 0, result.stdout + result.stderr)
    ~~~~~~~~~~~~~~~~^^^^^^^^^^^^^^^^^^^^^^^^^^^^^^^^^^^^^^^^^^^^^^^^^^^^^
AssertionError: 1 != 0 : I cannot translate '/var/folders/9z/xpmfgw8j09l4g6wwxrxtt97w0000gn/T/nano-native-byte-arrays-b9bpidb2/literal.nvm': function 0: I support int, bool, float, string, function or record elements in ARR_LITERAL


----------------------------------------------------------------------
Ran 2 tests in 0.068s

FAILED (failures=2)
