Generated list_CompilerDiagnostic.h and list_CompilerDiagnostic.c in /home/jkh/nanolang-qualification/native-full-609-linux/ordinary/tmp/nanolang-native-work-XvtzZm/objects-gJQIO6/.nano-module-Ax1Bsk
Generated list_CompilerDiagnostic_new.h and list_CompilerDiagnostic_new.c in /home/jkh/nanolang-qualification/native-full-609-linux/ordinary/tmp/nanolang-native-work-XvtzZm/objects-gJQIO6/.nano-module-Ax1Bsk
Generated list_CompilerDiagnostic_push.h and list_CompilerDiagnostic_push.c in /home/jkh/nanolang-qualification/native-full-609-linux/ordinary/tmp/nanolang-native-work-XvtzZm/objects-gJQIO6/.nano-module-Ax1Bsk
Generated list_CompilerDiagnostic_get.h and list_CompilerDiagnostic_get.c in /home/jkh/nanolang-qualification/native-full-609-linux/ordinary/tmp/nanolang-native-work-XvtzZm/objects-gJQIO6/.nano-module-Ax1Bsk
Generated list_CompilerDiagnostic_length.h and list_CompilerDiagnostic_length.c in /home/jkh/nanolang-qualification/native-full-609-linux/ordinary/tmp/nanolang-native-work-XvtzZm/objects-gJQIO6/.nano-module-Ax1Bsk
Generated list_CompilerDiagnostic.h and list_CompilerDiagnostic.c in /home/jkh/nanolang-qualification/native-full-609-linux/ordinary/tmp/nanolang-native-work-XvtzZm/objects-gJQIO6/.nano-module-obpvaB
Generated list_LexerToken.h and list_LexerToken.c in /home/jkh/nanolang-qualification/native-full-609-linux/ordinary/tmp/nanolang-native-work-XvtzZm/objects-gJQIO6/.nano-module-obpvaB
Generated list_ASTStmtRef.h and list_ASTStmtRef.c in /home/jkh/nanolang-qualification/native-full-609-linux/ordinary/tmp/nanolang-native-work-XvtzZm/objects-gJQIO6/.nano-module-obpvaB
Generated list_ASTNumber.h and list_ASTNumber.c in /home/jkh/nanolang-qualification/native-full-609-linux/ordinary/tmp/nanolang-native-work-XvtzZm/objects-gJQIO6/.nano-module-obpvaB
Generated list_ASTFloat.h and list_ASTFloat.c in /home/jkh/nanolang-qualification/native-full-609-linux/ordinary/tmp/nanolang-native-work-XvtzZm/objects-gJQIO6/.nano-module-obpvaB
Generated list_ASTString.h and list_ASTString.c in /home/jkh/nanolang-qualification/native-full-609-linux/ordinary/tmp/nanolang-native-work-XvtzZm/objects-gJQIO6/.nano-module-obpvaB
Generated list_ASTBool.h and list_ASTBool.c in /home/jkh/nanolang-qualification/native-full-609-linux/ordinary/tmp/nanolang-native-work-XvtzZm/objects-gJQIO6/.nano-module-obpvaB
Generated list_ASTIdentifier.h and list_ASTIdentifier.c in /home/jkh/nanolang-qualification/native-full-609-linux/ordinary/tmp/nanolang-native-work-XvtzZm/objects-gJQIO6/.nano-module-obpvaB
Generated list_ASTBinaryOp.h and list_ASTBinaryOp.c in /home/jkh/nanolang-qualification/native-full-609-linux/ordinary/tmp/nanolang-native-work-XvtzZm/objects-gJQIO6/.nano-module-obpvaB
Generated list_ASTCall.h and list_ASTCall.c in /home/jkh/nanolang-qualification/native-full-609-linux/ordinary/tmp/nanolang-native-work-XvtzZm/objects-gJQIO6/.nano-module-obpvaB
Generated list_ASTModuleQualifiedCall.h and list_ASTModuleQualifiedCall.c in /home/jkh/nanolang-qualification/native-full-609-linux/ordinary/tmp/nanolang-native-work-XvtzZm/objects-gJQIO6/.nano-module-obpvaB
Generated list_ASTArrayLiteral.h and list_ASTArrayLiteral.c in /home/jkh/nanolang-qualification/native-full-609-linux/ordinary/tmp/nanolang-native-work-XvtzZm/objects-gJQIO6/.nano-module-obpvaB
Generated list_ASTLet.h and list_ASTLet.c in /home/jkh/nanolang-qualification/native-full-609-linux/ordinary/tmp/nanolang-native-work-XvtzZm/objects-gJQIO6/.nano-module-obpvaB
Generated list_ASTSet.h and list_ASTSet.c in /home/jkh/nanolang-qualification/native-full-609-linux/ordinary/tmp/nanolang-native-work-XvtzZm/objects-gJQIO6/.nano-module-obpvaB
Generated list_ASTIf.h and list_ASTIf.c in /home/jkh/nanolang-qualification/native-full-609-linux/ordinary/tmp/nanolang-native-work-XvtzZm/objects-gJQIO6/.nano-module-obpvaB
Generated list_ASTWhile.h and list_ASTWhile.c in /home/jkh/nanolang-qualification/native-full-609-linux/ordinary/tmp/nanolang-native-work-XvtzZm/objects-gJQIO6/.nano-module-obpvaB
Generated list_ASTFor.h and list_ASTFor.c in /home/jkh/nanolang-qualification/native-full-609-linux/ordinary/tmp/nanolang-native-work-XvtzZm/objects-gJQIO6/.nano-module-obpvaB
Generated list_ASTReturn.h and list_ASTReturn.c in /home/jkh/nanolang-qualification/native-full-609-linux/ordinary/tmp/nanolang-native-work-XvtzZm/objects-gJQIO6/.nano-module-obpvaB
Generated list_ASTBlock.h and list_ASTBlock.c in /home/jkh/nanolang-qualification/native-full-609-linux/ordinary/tmp/nanolang-native-work-XvtzZm/objects-gJQIO6/.nano-module-obpvaB
Generated list_ASTUnsafeBlock.h and list_ASTUnsafeBlock.c in /home/jkh/nanolang-qualification/native-full-609-linux/ordinary/tmp/nanolang-native-work-XvtzZm/objects-gJQIO6/.nano-module-obpvaB
Generated list_ASTPrint.h and list_ASTPrint.c in /home/jkh/nanolang-qualification/native-full-609-linux/ordinary/tmp/nanolang-native-work-XvtzZm/objects-gJQIO6/.nano-module-obpvaB
Generated list_ASTAssert.h and list_ASTAssert.c in /home/jkh/nanolang-qualification/native-full-609-linux/ordinary/tmp/nanolang-native-work-XvtzZm/objects-gJQIO6/.nano-module-obpvaB
Generated list_ASTFunction.h and list_ASTFunction.c in /home/jkh/nanolang-qualification/native-full-609-linux/ordinary/tmp/nanolang-native-work-XvtzZm/objects-gJQIO6/.nano-module-obpvaB
Generated list_ASTShadow.h and list_ASTShadow.c in /home/jkh/nanolang-qualification/native-full-609-linux/ordinary/tmp/nanolang-native-work-XvtzZm/objects-gJQIO6/.nano-module-obpvaB
Generated list_ASTStruct.h and list_ASTStruct.c in /home/jkh/nanolang-qualification/native-full-609-linux/ordinary/tmp/nanolang-native-work-XvtzZm/objects-gJQIO6/.nano-module-obpvaB
Generated list_ASTStructLiteral.h and list_ASTStructLiteral.c in /home/jkh/nanolang-qualification/native-full-609-linux/ordinary/tmp/nanolang-native-work-XvtzZm/objects-gJQIO6/.nano-module-obpvaB
Generated list_ASTFieldAccess.h and list_ASTFieldAccess.c in /home/jkh/nanolang-qualification/native-full-609-linux/ordinary/tmp/nanolang-native-work-XvtzZm/objects-gJQIO6/.nano-module-obpvaB
Generated list_ASTEnum.h and list_ASTEnum.c in /home/jkh/nanolang-qualification/native-full-609-linux/ordinary/tmp/nanolang-native-work-XvtzZm/objects-gJQIO6/.nano-module-obpvaB
Generated list_ASTUnion.h and list_ASTUnion.c in /home/jkh/nanolang-qualification/native-full-609-linux/ordinary/tmp/nanolang-native-work-XvtzZm/objects-gJQIO6/.nano-module-obpvaB
Generated list_ASTUnionConstruct.h and list_ASTUnionConstruct.c in /home/jkh/nanolang-qualification/native-full-609-linux/ordinary/tmp/nanolang-native-work-XvtzZm/objects-gJQIO6/.nano-module-obpvaB
Generated list_ASTMatch.h and list_ASTMatch.c in /home/jkh/nanolang-qualification/native-full-609-linux/ordinary/tmp/nanolang-native-work-XvtzZm/objects-gJQIO6/.nano-module-obpvaB
Generated list_ASTImport.h and list_ASTImport.c in /home/jkh/nanolang-qualification/native-full-609-linux/ordinary/tmp/nanolang-native-work-XvtzZm/objects-gJQIO6/.nano-module-obpvaB
Generated list_ASTOpaqueType.h and list_ASTOpaqueType.c in /home/jkh/nanolang-qualification/native-full-609-linux/ordinary/tmp/nanolang-native-work-XvtzZm/objects-gJQIO6/.nano-module-obpvaB
Generated list_ASTTupleLiteral.h and list_ASTTupleLiteral.c in /home/jkh/nanolang-qualification/native-full-609-linux/ordinary/tmp/nanolang-native-work-XvtzZm/objects-gJQIO6/.nano-module-obpvaB
Generated list_ASTTupleIndex.h and list_ASTTupleIndex.c in /home/jkh/nanolang-qualification/native-full-609-linux/ordinary/tmp/nanolang-native-work-XvtzZm/objects-gJQIO6/.nano-module-obpvaB
Generated list_ASTServiceDecl.h and list_ASTServiceDecl.c in /home/jkh/nanolang-qualification/native-full-609-linux/ordinary/tmp/nanolang-native-work-XvtzZm/objects-gJQIO6/.nano-module-obpvaB
Generated list_CompilerDiagnostic_new.h and list_CompilerDiagnostic_new.c in /home/jkh/nanolang-qualification/native-full-609-linux/ordinary/tmp/nanolang-native-work-XvtzZm/objects-gJQIO6/.nano-module-obpvaB
Generated list_CompilerDiagnostic_push.h and list_CompilerDiagnostic_push.c in /home/jkh/nanolang-qualification/native-full-609-linux/ordinary/tmp/nanolang-native-work-XvtzZm/objects-gJQIO6/.nano-module-obpvaB
Generated list_CompilerDiagnostic_get.h and list_CompilerDiagnostic_get.c in /home/jkh/nanolang-qualification/native-full-609-linux/ordinary/tmp/nanolang-native-work-XvtzZm/objects-gJQIO6/.nano-module-obpvaB
Generated list_CompilerDiagnostic_length.h and list_CompilerDiagnostic_length.c in /home/jkh/nanolang-qualification/native-full-609-linux/ordinary/tmp/nanolang-native-work-XvtzZm/objects-gJQIO6/.nano-module-obpvaB
Generated list_LexerToken_new.h and list_LexerToken_new.c in /home/jkh/nanolang-qualification/native-full-609-linux/ordinary/tmp/nanolang-native-work-XvtzZm/objects-gJQIO6/.nano-module-obpvaB
Generated list_LexerToken_push.h and list_LexerToken_push.c in /home/jkh/nanolang-qualification/native-full-609-linux/ordinary/tmp/nanolang-native-work-XvtzZm/objects-gJQIO6/.nano-module-obpvaB
Generated list_LexerToken_get.h and list_LexerToken_get.c in /home/jkh/nanolang-qualification/native-full-609-linux/ordinary/tmp/nanolang-native-work-XvtzZm/objects-gJQIO6/.nano-module-obpvaB
Generated list_LexerToken_length.h and list_LexerToken_length.c in /home/jkh/nanolang-qualification/native-full-609-linux/ordinary/tmp/nanolang-native-work-XvtzZm/objects-gJQIO6/.nano-module-obpvaB
Generated list_ASTStmtRef_new.h and list_ASTStmtRef_new.c in /home/jkh/nanolang-qualification/native-full-609-linux/ordinary/tmp/nanolang-native-work-XvtzZm/objects-gJQIO6/.nano-module-obpvaB
Generated list_ASTStmtRef_push.h and list_ASTStmtRef_push.c in /home/jkh/nanolang-qualification/native-full-609-linux/ordinary/tmp/nanolang-native-work-XvtzZm/objects-gJQIO6/.nano-module-obpvaB
Generated list_ASTStmtRef_get.h and list_ASTStmtRef_get.c in /home/jkh/nanolang-qualification/native-full-609-linux/ordinary/tmp/nanolang-native-work-XvtzZm/objects-gJQIO6/.nano-module-obpvaB
Generated list_ASTStmtRef_length.h and list_ASTStmtRef_length.c in /home/jkh/nanolang-qualification/native-full-609-linux/ordinary/tmp/nanolang-native-work-XvtzZm/objects-gJQIO6/.nano-module-obpvaB
Generated list_ASTNumber_new.h and list_ASTNumber_new.c in /home/jkh/nanolang-qualification/native-full-609-linux/ordinary/tmp/nanolang-native-work-XvtzZm/objects-gJQIO6/.nano-module-obpvaB
Generated list_ASTNumber_push.h and list_ASTNumber_push.c in /home/jkh/nanolang-qualification/native-full-609-linux/ordinary/tmp/nanolang-native-work-XvtzZm/objects-gJQIO6/.nano-module-obpvaB
Generated list_ASTNumber_get.h and list_ASTNumber_get.c in /home/jkh/nanolang-qualification/native-full-609-linux/ordinary/tmp/nanolang-native-work-XvtzZm/objects-gJQIO6/.nano-module-obpvaB
Generated list_ASTNumber_length.h and list_ASTNumber_length.c in /home/jkh/nanolang-qualification/native-full-609-linux/ordinary/tmp/nanolang-native-work-XvtzZm/objects-gJQIO6/.nano-module-obpvaB
Generated list_ASTFloat_new.h and list_ASTFloat_new.c in /home/jkh/nanolang-qualification/native-full-609-linux/ordinary/tmp/nanolang-native-work-XvtzZm/objects-gJQIO6/.nano-module-obpvaB
Generated list_ASTFloat_push.h and list_ASTFloat_push.c in /home/jkh/nanolang-qualification/native-full-609-linux/ordinary/tmp/nanolang-native-work-XvtzZm/objects-gJQIO6/.nano-module-obpvaB
Generated list_ASTFloat_get.h and list_ASTFloat_get.c in /home/jkh/nanolang-qualification/native-full-609-linux/ordinary/tmp/nanolang-native-work-XvtzZm/objects-gJQIO6/.nano-module-obpvaB
Generated list_ASTFloat_length.h and list_ASTFloat_length.c in /home/jkh/nanolang-qualification/native-full-609-linux/ordinary/tmp/nanolang-native-work-XvtzZm/objects-gJQIO6/.nano-module-obpvaB
Generated list_ASTString_new.h and list_ASTString_new.c in /home/jkh/nanolang-qualification/native-full-609-linux/ordinary/tmp/nanolang-native-work-XvtzZm/objects-gJQIO6/.nano-module-obpvaB
Generated list_ASTString_push.h and list_ASTString_push.c in /home/jkh/nanolang-qualification/native-full-609-linux/ordinary/tmp/nanolang-native-work-XvtzZm/objects-gJQIO6/.nano-module-obpvaB
Generated list_ASTString_get.h and list_ASTString_get.c in /home/jkh/nanolang-qualification/native-full-609-linux/ordinary/tmp/nanolang-native-work-XvtzZm/objects-gJQIO6/.nano-module-obpvaB
Generated list_ASTString_length.h and list_ASTString_length.c in /home/jkh/nanolang-qualification/native-full-609-linux/ordinary/tmp/nanolang-native-work-XvtzZm/objects-gJQIO6/.nano-module-obpvaB
Generated list_ASTBool_new.h and list_ASTBool_new.c in /home/jkh/nanolang-qualification/native-full-609-linux/ordinary/tmp/nanolang-native-work-XvtzZm/objects-gJQIO6/.nano-module-obpvaB
Generated list_ASTBool_push.h and list_ASTBool_push.c in /home/jkh/nanolang-qualification/native-full-609-linux/ordinary/tmp/nanolang-native-work-XvtzZm/objects-gJQIO6/.nano-module-obpvaB
Generated list_ASTBool_get.h and list_ASTBool_get.c in /home/jkh/nanolang-qualification/native-full-609-linux/ordinary/tmp/nanolang-native-work-XvtzZm/objects-gJQIO6/.nano-module-obpvaB
Generated list_ASTBool_length.h and list_ASTBool_length.c in /home/jkh/nanolang-qualification/native-full-609-linux/ordinary/tmp/nanolang-native-work-XvtzZm/objects-gJQIO6/.nano-module-obpvaB
Generated list_CompilerDiagnostic.h and list_CompilerDiagnostic.c in /home/jkh/nanolang-qualification/native-full-609-linux/ordinary/tmp/nanolang-native-work-XvtzZm/objects-gJQIO6/.nano-module-LQQh3B
Generated list_LexerToken.h and list_LexerToken.c in /home/jkh/nanolang-qualification/native-full-609-linux/ordinary/tmp/nanolang-native-work-XvtzZm/objects-gJQIO6/.nano-module-LQQh3B
Generated list_ASTStmtRef.h and list_ASTStmtRef.c in /home/jkh/nanolang-qualification/native-full-609-linux/ordinary/tmp/nanolang-native-work-XvtzZm/objects-gJQIO6/.nano-module-LQQh3B
Generated list_ASTNumber.h and list_ASTNumber.c in /home/jkh/nanolang-qualification/native-full-609-linux/ordinary/tmp/nanolang-native-work-XvtzZm/objects-gJQIO6/.nano-module-LQQh3B
Generated list_ASTFloat.h and list_ASTFloat.c in /home/jkh/nanolang-qualification/native-full-609-linux/ordinary/tmp/nanolang-native-work-XvtzZm/objects-gJQIO6/.nano-module-LQQh3B
Generated list_ASTString.h and list_ASTString.c in /home/jkh/nanolang-qualification/native-full-609-linux/ordinary/tmp/nanolang-native-work-XvtzZm/objects-gJQIO6/.nano-module-LQQh3B
Generated list_ASTBool.h and list_ASTBool.c in /home/jkh/nanolang-qualification/native-full-609-linux/ordinary/tmp/nanolang-native-work-XvtzZm/objects-gJQIO6/.nano-module-LQQh3B
Generated list_ASTIdentifier.h and list_ASTIdentifier.c in /home/jkh/nanolang-qualification/native-full-609-linux/ordinary/tmp/nanolang-native-work-XvtzZm/objects-gJQIO6/.nano-module-LQQh3B
Generated list_ASTBinaryOp.h and list_ASTBinaryOp.c in /home/jkh/nanolang-qualification/native-full-609-linux/ordinary/tmp/nanolang-native-work-XvtzZm/objects-gJQIO6/.nano-module-LQQh3B
Generated list_ASTCall.h and list_ASTCall.c in /home/jkh/nanolang-qualification/native-full-609-linux/ordinary/tmp/nanolang-native-work-XvtzZm/objects-gJQIO6/.nano-module-LQQh3B
Generated list_ASTModuleQualifiedCall.h and list_ASTModuleQualifiedCall.c in /home/jkh/nanolang-qualification/native-full-609-linux/ordinary/tmp/nanolang-native-work-XvtzZm/objects-gJQIO6/.nano-module-LQQh3B
Generated list_ASTArrayLiteral.h and list_ASTArrayLiteral.c in /home/jkh/nanolang-qualification/native-full-609-linux/ordinary/tmp/nanolang-native-work-XvtzZm/objects-gJQIO6/.nano-module-LQQh3B
Generated list_ASTLet.h and list_ASTLet.c in /home/jkh/nanolang-qualification/native-full-609-linux/ordinary/tmp/nanolang-native-work-XvtzZm/objects-gJQIO6/.nano-module-LQQh3B
Generated list_ASTSet.h and list_ASTSet.c in /home/jkh/nanolang-qualification/native-full-609-linux/ordinary/tmp/nanolang-native-work-XvtzZm/objects-gJQIO6/.nano-module-LQQh3B
Generated list_ASTIf.h and list_ASTIf.c in /home/jkh/nanolang-qualification/native-full-609-linux/ordinary/tmp/nanolang-native-work-XvtzZm/objects-gJQIO6/.nano-module-LQQh3B
Generated list_ASTWhile.h and list_ASTWhile.c in /home/jkh/nanolang-qualification/native-full-609-linux/ordinary/tmp/nanolang-native-work-XvtzZm/objects-gJQIO6/.nano-module-LQQh3B
Generated list_ASTFor.h and list_ASTFor.c in /home/jkh/nanolang-qualification/native-full-609-linux/ordinary/tmp/nanolang-native-work-XvtzZm/objects-gJQIO6/.nano-module-LQQh3B
Generated list_ASTReturn.h and list_ASTReturn.c in /home/jkh/nanolang-qualification/native-full-609-linux/ordinary/tmp/nanolang-native-work-XvtzZm/objects-gJQIO6/.nano-module-LQQh3B
Generated list_ASTBlock.h and list_ASTBlock.c in /home/jkh/nanolang-qualification/native-full-609-linux/ordinary/tmp/nanolang-native-work-XvtzZm/objects-gJQIO6/.nano-module-LQQh3B
Generated list_ASTUnsafeBlock.h and list_ASTUnsafeBlock.c in /home/jkh/nanolang-qualification/native-full-609-linux/ordinary/tmp/nanolang-native-work-XvtzZm/objects-gJQIO6/.nano-module-LQQh3B
Generated list_ASTPrint.h and list_ASTPrint.c in /home/jkh/nanolang-qualification/native-full-609-linux/ordinary/tmp/nanolang-native-work-XvtzZm/objects-gJQIO6/.nano-module-LQQh3B
Generated list_ASTAssert.h and list_ASTAssert.c in /home/jkh/nanolang-qualification/native-full-609-linux/ordinary/tmp/nanolang-native-work-XvtzZm/objects-gJQIO6/.nano-module-LQQh3B
Generated list_ASTFunction.h and list_ASTFunction.c in /home/jkh/nanolang-qualification/native-full-609-linux/ordinary/tmp/nanolang-native-work-XvtzZm/objects-gJQIO6/.nano-module-LQQh3B
Generated list_ASTShadow.h and list_ASTShadow.c in /home/jkh/nanolang-qualification/native-full-609-linux/ordinary/tmp/nanolang-native-work-XvtzZm/objects-gJQIO6/.nano-module-LQQh3B
Generated list_ASTStruct.h and list_ASTStruct.c in /home/jkh/nanolang-qualification/native-full-609-linux/ordinary/tmp/nanolang-native-work-XvtzZm/objects-gJQIO6/.nano-module-LQQh3B
Generated list_ASTStructLiteral.h and list_ASTStructLiteral.c in /home/jkh/nanolang-qualification/native-full-609-linux/ordinary/tmp/nanolang-native-work-XvtzZm/objects-gJQIO6/.nano-module-LQQh3B
Generated list_ASTFieldAccess.h and list_ASTFieldAccess.c in /home/jkh/nanolang-qualification/native-full-609-linux/ordinary/tmp/nanolang-native-work-XvtzZm/objects-gJQIO6/.nano-module-LQQh3B
Generated list_ASTEnum.h and list_ASTEnum.c in /home/jkh/nanolang-qualification/native-full-609-linux/ordinary/tmp/nanolang-native-work-XvtzZm/objects-gJQIO6/.nano-module-LQQh3B
Generated list_ASTUnion.h and list_ASTUnion.c in /home/jkh/nanolang-qualification/native-full-609-linux/ordinary/tmp/nanolang-native-work-XvtzZm/objects-gJQIO6/.nano-module-LQQh3B
Generated list_ASTUnionConstruct.h and list_ASTUnionConstruct.c in /home/jkh/nanolang-qualification/native-full-609-linux/ordinary/tmp/nanolang-native-work-XvtzZm/objects-gJQIO6/.nano-module-LQQh3B
Generated list_ASTMatch.h and list_ASTMatch.c in /home/jkh/nanolang-qualification/native-full-609-linux/ordinary/tmp/nanolang-native-work-XvtzZm/objects-gJQIO6/.nano-module-LQQh3B
Generated list_ASTImport.h and list_ASTImport.c in /home/jkh/nanolang-qualification/native-full-609-linux/ordinary/tmp/nanolang-native-work-XvtzZm/objects-gJQIO6/.nano-module-LQQh3B
Generated list_ASTOpaqueType.h and list_ASTOpaqueType.c in /home/jkh/nanolang-qualification/native-full-609-linux/ordinary/tmp/nanolang-native-work-XvtzZm/objects-gJQIO6/.nano-module-LQQh3B
Generated list_ASTTupleLiteral.h and list_ASTTupleLiteral.c in /home/jkh/nanolang-qualification/native-full-609-linux/ordinary/tmp/nanolang-native-work-XvtzZm/objects-gJQIO6/.nano-module-LQQh3B
Generated list_ASTTupleIndex.h and list_ASTTupleIndex.c in /home/jkh/nanolang-qualification/native-full-609-linux/ordinary/tmp/nanolang-native-work-XvtzZm/objects-gJQIO6/.nano-module-LQQh3B
Generated list_ASTServiceDecl.h and list_ASTServiceDecl.c in /home/jkh/nanolang-qualification/native-full-609-linux/ordinary/tmp/nanolang-native-work-XvtzZm/objects-gJQIO6/.nano-module-LQQh3B
Generated list_CompilerDiagnostic_new.h and list_CompilerDiagnostic_new.c in /home/jkh/nanolang-qualification/native-full-609-linux/ordinary/tmp/nanolang-native-work-XvtzZm/objects-gJQIO6/.nano-module-LQQh3B
Generated list_CompilerDiagnostic_push.h and list_CompilerDiagnostic_push.c in /home/jkh/nanolang-qualification/native-full-609-linux/ordinary/tmp/nanolang-native-work-XvtzZm/objects-gJQIO6/.nano-module-LQQh3B
Generated list_CompilerDiagnostic_get.h and list_CompilerDiagnostic_get.c in /home/jkh/nanolang-qualification/native-full-609-linux/ordinary/tmp/nanolang-native-work-XvtzZm/objects-gJQIO6/.nano-module-LQQh3B
Generated list_CompilerDiagnostic_length.h and list_CompilerDiagnostic_length.c in /home/jkh/nanolang-qualification/native-full-609-linux/ordinary/tmp/nanolang-native-work-XvtzZm/objects-gJQIO6/.nano-module-LQQh3B
Generated list_LexerToken_new.h and list_LexerToken_new.c in /home/jkh/nanolang-qualification/native-full-609-linux/ordinary/tmp/nanolang-native-work-XvtzZm/objects-gJQIO6/.nano-module-LQQh3B
Generated list_LexerToken_push.h and list_LexerToken_push.c in /home/jkh/nanolang-qualification/native-full-609-linux/ordinary/tmp/nanolang-native-work-XvtzZm/objects-gJQIO6/.nano-module-LQQh3B
Generated list_LexerToken_get.h and list_LexerToken_get.c in /home/jkh/nanolang-qualification/native-full-609-linux/ordinary/tmp/nanolang-native-work-XvtzZm/objects-gJQIO6/.nano-module-LQQh3B
Generated list_LexerToken_length.h and list_LexerToken_length.c in /home/jkh/nanolang-qualification/native-full-609-linux/ordinary/tmp/nanolang-native-work-XvtzZm/objects-gJQIO6/.nano-module-LQQh3B
Generated list_ASTStmtRef_new.h and list_ASTStmtRef_new.c in /home/jkh/nanolang-qualification/native-full-609-linux/ordinary/tmp/nanolang-native-work-XvtzZm/objects-gJQIO6/.nano-module-LQQh3B
Generated list_ASTStmtRef_push.h and list_ASTStmtRef_push.c in /home/jkh/nanolang-qualification/native-full-609-linux/ordinary/tmp/nanolang-native-work-XvtzZm/objects-gJQIO6/.nano-module-LQQh3B
Generated list_ASTStmtRef_get.h and list_ASTStmtRef_get.c in /home/jkh/nanolang-qualification/native-full-609-linux/ordinary/tmp/nanolang-native-work-XvtzZm/objects-gJQIO6/.nano-module-LQQh3B
Generated list_ASTStmtRef_length.h and list_ASTStmtRef_length.c in /home/jkh/nanolang-qualification/native-full-609-linux/ordinary/tmp/nanolang-native-work-XvtzZm/objects-gJQIO6/.nano-module-LQQh3B
Generated list_ASTNumber_new.h and list_ASTNumber_new.c in /home/jkh/nanolang-qualification/native-full-609-linux/ordinary/tmp/nanolang-native-work-XvtzZm/objects-gJQIO6/.nano-module-LQQh3B
Generated list_ASTNumber_push.h and list_ASTNumber_push.c in /home/jkh/nanolang-qualification/native-full-609-linux/ordinary/tmp/nanolang-native-work-XvtzZm/objects-gJQIO6/.nano-module-LQQh3B
Generated list_ASTNumber_get.h and list_ASTNumber_get.c in /home/jkh/nanolang-qualification/native-full-609-linux/ordinary/tmp/nanolang-native-work-XvtzZm/objects-gJQIO6/.nano-module-LQQh3B
Generated list_ASTNumber_length.h and list_ASTNumber_length.c in /home/jkh/nanolang-qualification/native-full-609-linux/ordinary/tmp/nanolang-native-work-XvtzZm/objects-gJQIO6/.nano-module-LQQh3B
Generated list_ASTFloat_new.h and list_ASTFloat_new.c in /home/jkh/nanolang-qualification/native-full-609-linux/ordinary/tmp/nanolang-native-work-XvtzZm/objects-gJQIO6/.nano-module-LQQh3B
Generated list_ASTFloat_push.h and list_ASTFloat_push.c in /home/jkh/nanolang-qualification/native-full-609-linux/ordinary/tmp/nanolang-native-work-XvtzZm/objects-gJQIO6/.nano-module-LQQh3B
Generated list_ASTFloat_get.h and list_ASTFloat_get.c in /home/jkh/nanolang-qualification/native-full-609-linux/ordinary/tmp/nanolang-native-work-XvtzZm/objects-gJQIO6/.nano-module-LQQh3B
Generated list_ASTFloat_length.h and list_ASTFloat_length.c in /home/jkh/nanolang-qualification/native-full-609-linux/ordinary/tmp/nanolang-native-work-XvtzZm/objects-gJQIO6/.nano-module-LQQh3B
Generated list_ASTString_new.h and list_ASTString_new.c in /home/jkh/nanolang-qualification/native-full-609-linux/ordinary/tmp/nanolang-native-work-XvtzZm/objects-gJQIO6/.nano-module-LQQh3B
Generated list_ASTString_push.h and list_ASTString_push.c in /home/jkh/nanolang-qualification/native-full-609-linux/ordinary/tmp/nanolang-native-work-XvtzZm/objects-gJQIO6/.nano-module-LQQh3B
Generated list_ASTString_get.h and list_ASTString_get.c in /home/jkh/nanolang-qualification/native-full-609-linux/ordinary/tmp/nanolang-native-work-XvtzZm/objects-gJQIO6/.nano-module-LQQh3B
Generated list_ASTString_length.h and list_ASTString_length.c in /home/jkh/nanolang-qualification/native-full-609-linux/ordinary/tmp/nanolang-native-work-XvtzZm/objects-gJQIO6/.nano-module-LQQh3B
Generated list_ASTBool_new.h and list_ASTBool_new.c in /home/jkh/nanolang-qualification/native-full-609-linux/ordinary/tmp/nanolang-native-work-XvtzZm/objects-gJQIO6/.nano-module-LQQh3B
Generated list_ASTBool_push.h and list_ASTBool_push.c in /home/jkh/nanolang-qualification/native-full-609-linux/ordinary/tmp/nanolang-native-work-XvtzZm/objects-gJQIO6/.nano-module-LQQh3B
Generated list_ASTBool_get.h and list_ASTBool_get.c in /home/jkh/nanolang-qualification/native-full-609-linux/ordinary/tmp/nanolang-native-work-XvtzZm/objects-gJQIO6/.nano-module-LQQh3B
Generated list_ASTBool_length.h and list_ASTBool_length.c in /home/jkh/nanolang-qualification/native-full-609-linux/ordinary/tmp/nanolang-native-work-XvtzZm/objects-gJQIO6/.nano-module-LQQh3B
Generated list_CompilerDiagnostic.h and list_CompilerDiagnostic.c in /home/jkh/nanolang-qualification/native-full-609-linux/ordinary/tmp/nanolang-native-work-XvtzZm/objects-gJQIO6/.nano-module-gKvtQI
Generated list_LexerToken.h and list_LexerToken.c in /home/jkh/nanolang-qualification/native-full-609-linux/ordinary/tmp/nanolang-native-work-XvtzZm/objects-gJQIO6/.nano-module-gKvtQI
Generated list_ASTStmtRef.h and list_ASTStmtRef.c in /home/jkh/nanolang-qualification/native-full-609-linux/ordinary/tmp/nanolang-native-work-XvtzZm/objects-gJQIO6/.nano-module-gKvtQI
Generated list_ASTNumber.h and list_ASTNumber.c in /home/jkh/nanolang-qualification/native-full-609-linux/ordinary/tmp/nanolang-native-work-XvtzZm/objects-gJQIO6/.nano-module-gKvtQI
Generated list_ASTFloat.h and list_ASTFloat.c in /home/jkh/nanolang-qualification/native-full-609-linux/ordinary/tmp/nanolang-native-work-XvtzZm/objects-gJQIO6/.nano-module-gKvtQI
Generated list_ASTString.h and list_ASTString.c in /home/jkh/nanolang-qualification/native-full-609-linux/ordinary/tmp/nanolang-native-work-XvtzZm/objects-gJQIO6/.nano-module-gKvtQI
Generated list_ASTBool.h and list_ASTBool.c in /home/jkh/nanolang-qualification/native-full-609-linux/ordinary/tmp/nanolang-native-work-XvtzZm/objects-gJQIO6/.nano-module-gKvtQI
Generated list_ASTIdentifier.h and list_ASTIdentifier.c in /home/jkh/nanolang-qualification/native-full-609-linux/ordinary/tmp/nanolang-native-work-XvtzZm/objects-gJQIO6/.nano-module-gKvtQI
Generated list_ASTBinaryOp.h and list_ASTBinaryOp.c in /home/jkh/nanolang-qualification/native-full-609-linux/ordinary/tmp/nanolang-native-work-XvtzZm/objects-gJQIO6/.nano-module-gKvtQI
Generated list_ASTCall.h and list_ASTCall.c in /home/jkh/nanolang-qualification/native-full-609-linux/ordinary/tmp/nanolang-native-work-XvtzZm/objects-gJQIO6/.nano-module-gKvtQI
Generated list_ASTModuleQualifiedCall.h and list_ASTModuleQualifiedCall.c in /home/jkh/nanolang-qualification/native-full-609-linux/ordinary/tmp/nanolang-native-work-XvtzZm/objects-gJQIO6/.nano-module-gKvtQI
Generated list_ASTArrayLiteral.h and list_ASTArrayLiteral.c in /home/jkh/nanolang-qualification/native-full-609-linux/ordinary/tmp/nanolang-native-work-XvtzZm/objects-gJQIO6/.nano-module-gKvtQI
Generated list_ASTLet.h and list_ASTLet.c in /home/jkh/nanolang-qualification/native-full-609-linux/ordinary/tmp/nanolang-native-work-XvtzZm/objects-gJQIO6/.nano-module-gKvtQI
Generated list_ASTSet.h and list_ASTSet.c in /home/jkh/nanolang-qualification/native-full-609-linux/ordinary/tmp/nanolang-native-work-XvtzZm/objects-gJQIO6/.nano-module-gKvtQI
Generated list_ASTIf.h and list_ASTIf.c in /home/jkh/nanolang-qualification/native-full-609-linux/ordinary/tmp/nanolang-native-work-XvtzZm/objects-gJQIO6/.nano-module-gKvtQI
Generated list_ASTWhile.h and list_ASTWhile.c in /home/jkh/nanolang-qualification/native-full-609-linux/ordinary/tmp/nanolang-native-work-XvtzZm/objects-gJQIO6/.nano-module-gKvtQI
Generated list_ASTFor.h and list_ASTFor.c in /home/jkh/nanolang-qualification/native-full-609-linux/ordinary/tmp/nanolang-native-work-XvtzZm/objects-gJQIO6/.nano-module-gKvtQI
Generated list_ASTReturn.h and list_ASTReturn.c in /home/jkh/nanolang-qualification/native-full-609-linux/ordinary/tmp/nanolang-native-work-XvtzZm/objects-gJQIO6/.nano-module-gKvtQI
Generated list_ASTBlock.h and list_ASTBlock.c in /home/jkh/nanolang-qualification/native-full-609-linux/ordinary/tmp/nanolang-native-work-XvtzZm/objects-gJQIO6/.nano-module-gKvtQI
Generated list_ASTUnsafeBlock.h and list_ASTUnsafeBlock.c in /home/jkh/nanolang-qualification/native-full-609-linux/ordinary/tmp/nanolang-native-work-XvtzZm/objects-gJQIO6/.nano-module-gKvtQI
Generated list_ASTPrint.h and list_ASTPrint.c in /home/jkh/nanolang-qualification/native-full-609-linux/ordinary/tmp/nanolang-native-work-XvtzZm/objects-gJQIO6/.nano-module-gKvtQI
Generated list_ASTAssert.h and list_ASTAssert.c in /home/jkh/nanolang-qualification/native-full-609-linux/ordinary/tmp/nanolang-native-work-XvtzZm/objects-gJQIO6/.nano-module-gKvtQI
Generated list_ASTFunction.h and list_ASTFunction.c in /home/jkh/nanolang-qualification/native-full-609-linux/ordinary/tmp/nanolang-native-work-XvtzZm/objects-gJQIO6/.nano-module-gKvtQI
Generated list_ASTShadow.h and list_ASTShadow.c in /home/jkh/nanolang-qualification/native-full-609-linux/ordinary/tmp/nanolang-native-work-XvtzZm/objects-gJQIO6/.nano-module-gKvtQI
Generated list_ASTStruct.h and list_ASTStruct.c in /home/jkh/nanolang-qualification/native-full-609-linux/ordinary/tmp/nanolang-native-work-XvtzZm/objects-gJQIO6/.nano-module-gKvtQI
Generated list_ASTStructLiteral.h and list_ASTStructLiteral.c in /home/jkh/nanolang-qualification/native-full-609-linux/ordinary/tmp/nanolang-native-work-XvtzZm/objects-gJQIO6/.nano-module-gKvtQI
Generated list_ASTFieldAccess.h and list_ASTFieldAccess.c in /home/jkh/nanolang-qualification/native-full-609-linux/ordinary/tmp/nanolang-native-work-XvtzZm/objects-gJQIO6/.nano-module-gKvtQI
Generated list_ASTEnum.h and list_ASTEnum.c in /home/jkh/nanolang-qualification/native-full-609-linux/ordinary/tmp/nanolang-native-work-XvtzZm/objects-gJQIO6/.nano-module-gKvtQI
Generated list_ASTUnion.h and list_ASTUnion.c in /home/jkh/nanolang-qualification/native-full-609-linux/ordinary/tmp/nanolang-native-work-XvtzZm/objects-gJQIO6/.nano-module-gKvtQI
Generated list_ASTUnionConstruct.h and list_ASTUnionConstruct.c in /home/jkh/nanolang-qualification/native-full-609-linux/ordinary/tmp/nanolang-native-work-XvtzZm/objects-gJQIO6/.nano-module-gKvtQI
Generated list_ASTMatch.h and list_ASTMatch.c in /home/jkh/nanolang-qualification/native-full-609-linux/ordinary/tmp/nanolang-native-work-XvtzZm/objects-gJQIO6/.nano-module-gKvtQI
Generated list_ASTImport.h and list_ASTImport.c in /home/jkh/nanolang-qualification/native-full-609-linux/ordinary/tmp/nanolang-native-work-XvtzZm/objects-gJQIO6/.nano-module-gKvtQI
Generated list_ASTOpaqueType.h and list_ASTOpaqueType.c in /home/jkh/nanolang-qualification/native-full-609-linux/ordinary/tmp/nanolang-native-work-XvtzZm/objects-gJQIO6/.nano-module-gKvtQI
Generated list_ASTTupleLiteral.h and list_ASTTupleLiteral.c in /home/jkh/nanolang-qualification/native-full-609-linux/ordinary/tmp/nanolang-native-work-XvtzZm/objects-gJQIO6/.nano-module-gKvtQI
Generated list_ASTTupleIndex.h and list_ASTTupleIndex.c in /home/jkh/nanolang-qualification/native-full-609-linux/ordinary/tmp/nanolang-native-work-XvtzZm/objects-gJQIO6/.nano-module-gKvtQI
Generated list_ASTServiceDecl.h and list_ASTServiceDecl.c in /home/jkh/nanolang-qualification/native-full-609-linux/ordinary/tmp/nanolang-native-work-XvtzZm/objects-gJQIO6/.nano-module-gKvtQI
Generated list_CompilerDiagnostic_new.h and list_CompilerDiagnostic_new.c in /home/jkh/nanolang-qualification/native-full-609-linux/ordinary/tmp/nanolang-native-work-XvtzZm/objects-gJQIO6/.nano-module-gKvtQI
Generated list_CompilerDiagnostic_push.h and list_CompilerDiagnostic_push.c in /home/jkh/nanolang-qualification/native-full-609-linux/ordinary/tmp/nanolang-native-work-XvtzZm/objects-gJQIO6/.nano-module-gKvtQI
Generated list_CompilerDiagnostic_get.h and list_CompilerDiagnostic_get.c in /home/jkh/nanolang-qualification/native-full-609-linux/ordinary/tmp/nanolang-native-work-XvtzZm/objects-gJQIO6/.nano-module-gKvtQI
Generated list_CompilerDiagnostic_length.h and list_CompilerDiagnostic_length.c in /home/jkh/nanolang-qualification/native-full-609-linux/ordinary/tmp/nanolang-native-work-XvtzZm/objects-gJQIO6/.nano-module-gKvtQI
Generated list_LexerToken_new.h and list_LexerToken_new.c in /home/jkh/nanolang-qualification/native-full-609-linux/ordinary/tmp/nanolang-native-work-XvtzZm/objects-gJQIO6/.nano-module-gKvtQI
Generated list_LexerToken_push.h and list_LexerToken_push.c in /home/jkh/nanolang-qualification/native-full-609-linux/ordinary/tmp/nanolang-native-work-XvtzZm/objects-gJQIO6/.nano-module-gKvtQI
Generated list_LexerToken_get.h and list_LexerToken_get.c in /home/jkh/nanolang-qualification/native-full-609-linux/ordinary/tmp/nanolang-native-work-XvtzZm/objects-gJQIO6/.nano-module-gKvtQI
Generated list_LexerToken_length.h and list_LexerToken_length.c in /home/jkh/nanolang-qualification/native-full-609-linux/ordinary/tmp/nanolang-native-work-XvtzZm/objects-gJQIO6/.nano-module-gKvtQI
Generated list_ASTStmtRef_new.h and list_ASTStmtRef_new.c in /home/jkh/nanolang-qualification/native-full-609-linux/ordinary/tmp/nanolang-native-work-XvtzZm/objects-gJQIO6/.nano-module-gKvtQI
Generated list_ASTStmtRef_push.h and list_ASTStmtRef_push.c in /home/jkh/nanolang-qualification/native-full-609-linux/ordinary/tmp/nanolang-native-work-XvtzZm/objects-gJQIO6/.nano-module-gKvtQI
Generated list_ASTStmtRef_get.h and list_ASTStmtRef_get.c in /home/jkh/nanolang-qualification/native-full-609-linux/ordinary/tmp/nanolang-native-work-XvtzZm/objects-gJQIO6/.nano-module-gKvtQI
Generated list_ASTStmtRef_length.h and list_ASTStmtRef_length.c in /home/jkh/nanolang-qualification/native-full-609-linux/ordinary/tmp/nanolang-native-work-XvtzZm/objects-gJQIO6/.nano-module-gKvtQI
Generated list_ASTNumber_new.h and list_ASTNumber_new.c in /home/jkh/nanolang-qualification/native-full-609-linux/ordinary/tmp/nanolang-native-work-XvtzZm/objects-gJQIO6/.nano-module-gKvtQI
Generated list_ASTNumber_push.h and list_ASTNumber_push.c in /home/jkh/nanolang-qualification/native-full-609-linux/ordinary/tmp/nanolang-native-work-XvtzZm/objects-gJQIO6/.nano-module-gKvtQI
Generated list_ASTNumber_get.h and list_ASTNumber_get.c in /home/jkh/nanolang-qualification/native-full-609-linux/ordinary/tmp/nanolang-native-work-XvtzZm/objects-gJQIO6/.nano-module-gKvtQI
Generated list_ASTNumber_length.h and list_ASTNumber_length.c in /home/jkh/nanolang-qualification/native-full-609-linux/ordinary/tmp/nanolang-native-work-XvtzZm/objects-gJQIO6/.nano-module-gKvtQI
Generated list_ASTFloat_new.h and list_ASTFloat_new.c in /home/jkh/nanolang-qualification/native-full-609-linux/ordinary/tmp/nanolang-native-work-XvtzZm/objects-gJQIO6/.nano-module-gKvtQI
Generated list_ASTFloat_push.h and list_ASTFloat_push.c in /home/jkh/nanolang-qualification/native-full-609-linux/ordinary/tmp/nanolang-native-work-XvtzZm/objects-gJQIO6/.nano-module-gKvtQI
Generated list_ASTFloat_get.h and list_ASTFloat_get.c in /home/jkh/nanolang-qualification/native-full-609-linux/ordinary/tmp/nanolang-native-work-XvtzZm/objects-gJQIO6/.nano-module-gKvtQI
Generated list_ASTFloat_length.h and list_ASTFloat_length.c in /home/jkh/nanolang-qualification/native-full-609-linux/ordinary/tmp/nanolang-native-work-XvtzZm/objects-gJQIO6/.nano-module-gKvtQI
Generated list_ASTString_new.h and list_ASTString_new.c in /home/jkh/nanolang-qualification/native-full-609-linux/ordinary/tmp/nanolang-native-work-XvtzZm/objects-gJQIO6/.nano-module-gKvtQI
Generated list_ASTString_push.h and list_ASTString_push.c in /home/jkh/nanolang-qualification/native-full-609-linux/ordinary/tmp/nanolang-native-work-XvtzZm/objects-gJQIO6/.nano-module-gKvtQI
Generated list_ASTString_get.h and list_ASTString_get.c in /home/jkh/nanolang-qualification/native-full-609-linux/ordinary/tmp/nanolang-native-work-XvtzZm/objects-gJQIO6/.nano-module-gKvtQI
Generated list_ASTString_length.h and list_ASTString_length.c in /home/jkh/nanolang-qualification/native-full-609-linux/ordinary/tmp/nanolang-native-work-XvtzZm/objects-gJQIO6/.nano-module-gKvtQI
Generated list_ASTBool_new.h and list_ASTBool_new.c in /home/jkh/nanolang-qualification/native-full-609-linux/ordinary/tmp/nanolang-native-work-XvtzZm/objects-gJQIO6/.nano-module-gKvtQI
Generated list_ASTBool_push.h and list_ASTBool_push.c in /home/jkh/nanolang-qualification/native-full-609-linux/ordinary/tmp/nanolang-native-work-XvtzZm/objects-gJQIO6/.nano-module-gKvtQI
Generated list_ASTBool_get.h and list_ASTBool_get.c in /home/jkh/nanolang-qualification/native-full-609-linux/ordinary/tmp/nanolang-native-work-XvtzZm/objects-gJQIO6/.nano-module-gKvtQI
Generated list_ASTBool_length.h and list_ASTBool_length.c in /home/jkh/nanolang-qualification/native-full-609-linux/ordinary/tmp/nanolang-native-work-XvtzZm/objects-gJQIO6/.nano-module-gKvtQI
Generated list_CompilerDiagnostic.h and list_CompilerDiagnostic.c in /home/jkh/nanolang-qualification/native-full-609-linux/ordinary/tmp/nanolang-native-work-XvtzZm/objects-gJQIO6/.nano-module-RDbeeL
Generated list_LexerToken.h and list_LexerToken.c in /home/jkh/nanolang-qualification/native-full-609-linux/ordinary/tmp/nanolang-native-work-XvtzZm/objects-gJQIO6/.nano-module-RDbeeL
Generated list_ASTStmtRef.h and list_ASTStmtRef.c in /home/jkh/nanolang-qualification/native-full-609-linux/ordinary/tmp/nanolang-native-work-XvtzZm/objects-gJQIO6/.nano-module-RDbeeL
Generated list_ASTNumber.h and list_ASTNumber.c in /home/jkh/nanolang-qualification/native-full-609-linux/ordinary/tmp/nanolang-native-work-XvtzZm/objects-gJQIO6/.nano-module-RDbeeL
Generated list_ASTFloat.h and list_ASTFloat.c in /home/jkh/nanolang-qualification/native-full-609-linux/ordinary/tmp/nanolang-native-work-XvtzZm/objects-gJQIO6/.nano-module-RDbeeL
Generated list_ASTString.h and list_ASTString.c in /home/jkh/nanolang-qualification/native-full-609-linux/ordinary/tmp/nanolang-native-work-XvtzZm/objects-gJQIO6/.nano-module-RDbeeL
Generated list_ASTBool.h and list_ASTBool.c in /home/jkh/nanolang-qualification/native-full-609-linux/ordinary/tmp/nanolang-native-work-XvtzZm/objects-gJQIO6/.nano-module-RDbeeL
Generated list_ASTIdentifier.h and list_ASTIdentifier.c in /home/jkh/nanolang-qualification/native-full-609-linux/ordinary/tmp/nanolang-native-work-XvtzZm/objects-gJQIO6/.nano-module-RDbeeL
Generated list_ASTBinaryOp.h and list_ASTBinaryOp.c in /home/jkh/nanolang-qualification/native-full-609-linux/ordinary/tmp/nanolang-native-work-XvtzZm/objects-gJQIO6/.nano-module-RDbeeL
Generated list_ASTCall.h and list_ASTCall.c in /home/jkh/nanolang-qualification/native-full-609-linux/ordinary/tmp/nanolang-native-work-XvtzZm/objects-gJQIO6/.nano-module-RDbeeL
Generated list_ASTModuleQualifiedCall.h and list_ASTModuleQualifiedCall.c in /home/jkh/nanolang-qualification/native-full-609-linux/ordinary/tmp/nanolang-native-work-XvtzZm/objects-gJQIO6/.nano-module-RDbeeL
Generated list_ASTArrayLiteral.h and list_ASTArrayLiteral.c in /home/jkh/nanolang-qualification/native-full-609-linux/ordinary/tmp/nanolang-native-work-XvtzZm/objects-gJQIO6/.nano-module-RDbeeL
Generated list_ASTLet.h and list_ASTLet.c in /home/jkh/nanolang-qualification/native-full-609-linux/ordinary/tmp/nanolang-native-work-XvtzZm/objects-gJQIO6/.nano-module-RDbeeL
Generated list_ASTSet.h and list_ASTSet.c in /home/jkh/nanolang-qualification/native-full-609-linux/ordinary/tmp/nanolang-native-work-XvtzZm/objects-gJQIO6/.nano-module-RDbeeL
Generated list_ASTIf.h and list_ASTIf.c in /home/jkh/nanolang-qualification/native-full-609-linux/ordinary/tmp/nanolang-native-work-XvtzZm/objects-gJQIO6/.nano-module-RDbeeL
Generated list_ASTWhile.h and list_ASTWhile.c in /home/jkh/nanolang-qualification/native-full-609-linux/ordinary/tmp/nanolang-native-work-XvtzZm/objects-gJQIO6/.nano-module-RDbeeL
Generated list_ASTFor.h and list_ASTFor.c in /home/jkh/nanolang-qualification/native-full-609-linux/ordinary/tmp/nanolang-native-work-XvtzZm/objects-gJQIO6/.nano-module-RDbeeL
Generated list_ASTReturn.h and list_ASTReturn.c in /home/jkh/nanolang-qualification/native-full-609-linux/ordinary/tmp/nanolang-native-work-XvtzZm/objects-gJQIO6/.nano-module-RDbeeL
Generated list_ASTBlock.h and list_ASTBlock.c in /home/jkh/nanolang-qualification/native-full-609-linux/ordinary/tmp/nanolang-native-work-XvtzZm/objects-gJQIO6/.nano-module-RDbeeL
Generated list_ASTUnsafeBlock.h and list_ASTUnsafeBlock.c in /home/jkh/nanolang-qualification/native-full-609-linux/ordinary/tmp/nanolang-native-work-XvtzZm/objects-gJQIO6/.nano-module-RDbeeL
Generated list_ASTPrint.h and list_ASTPrint.c in /home/jkh/nanolang-qualification/native-full-609-linux/ordinary/tmp/nanolang-native-work-XvtzZm/objects-gJQIO6/.nano-module-RDbeeL
Generated list_ASTAssert.h and list_ASTAssert.c in /home/jkh/nanolang-qualification/native-full-609-linux/ordinary/tmp/nanolang-native-work-XvtzZm/objects-gJQIO6/.nano-module-RDbeeL
Generated list_ASTFunction.h and list_ASTFunction.c in /home/jkh/nanolang-qualification/native-full-609-linux/ordinary/tmp/nanolang-native-work-XvtzZm/objects-gJQIO6/.nano-module-RDbeeL
Generated list_ASTShadow.h and list_ASTShadow.c in /home/jkh/nanolang-qualification/native-full-609-linux/ordinary/tmp/nanolang-native-work-XvtzZm/objects-gJQIO6/.nano-module-RDbeeL
Generated list_ASTStruct.h and list_ASTStruct.c in /home/jkh/nanolang-qualification/native-full-609-linux/ordinary/tmp/nanolang-native-work-XvtzZm/objects-gJQIO6/.nano-module-RDbeeL
Generated list_ASTStructLiteral.h and list_ASTStructLiteral.c in /home/jkh/nanolang-qualification/native-full-609-linux/ordinary/tmp/nanolang-native-work-XvtzZm/objects-gJQIO6/.nano-module-RDbeeL
Generated list_ASTFieldAccess.h and list_ASTFieldAccess.c in /home/jkh/nanolang-qualification/native-full-609-linux/ordinary/tmp/nanolang-native-work-XvtzZm/objects-gJQIO6/.nano-module-RDbeeL
Generated list_ASTEnum.h and list_ASTEnum.c in /home/jkh/nanolang-qualification/native-full-609-linux/ordinary/tmp/nanolang-native-work-XvtzZm/objects-gJQIO6/.nano-module-RDbeeL
Generated list_ASTUnion.h and list_ASTUnion.c in /home/jkh/nanolang-qualification/native-full-609-linux/ordinary/tmp/nanolang-native-work-XvtzZm/objects-gJQIO6/.nano-module-RDbeeL
Generated list_ASTUnionConstruct.h and list_ASTUnionConstruct.c in /home/jkh/nanolang-qualification/native-full-609-linux/ordinary/tmp/nanolang-native-work-XvtzZm/objects-gJQIO6/.nano-module-RDbeeL
Generated list_ASTMatch.h and list_ASTMatch.c in /home/jkh/nanolang-qualification/native-full-609-linux/ordinary/tmp/nanolang-native-work-XvtzZm/objects-gJQIO6/.nano-module-RDbeeL
Generated list_ASTImport.h and list_ASTImport.c in /home/jkh/nanolang-qualification/native-full-609-linux/ordinary/tmp/nanolang-native-work-XvtzZm/objects-gJQIO6/.nano-module-RDbeeL
Generated list_ASTOpaqueType.h and list_ASTOpaqueType.c in /home/jkh/nanolang-qualification/native-full-609-linux/ordinary/tmp/nanolang-native-work-XvtzZm/objects-gJQIO6/.nano-module-RDbeeL
Generated list_ASTTupleLiteral.h and list_ASTTupleLiteral.c in /home/jkh/nanolang-qualification/native-full-609-linux/ordinary/tmp/nanolang-native-work-XvtzZm/objects-gJQIO6/.nano-module-RDbeeL
Generated list_ASTTupleIndex.h and list_ASTTupleIndex.c in /home/jkh/nanolang-qualification/native-full-609-linux/ordinary/tmp/nanolang-native-work-XvtzZm/objects-gJQIO6/.nano-module-RDbeeL
Generated list_ASTServiceDecl.h and list_ASTServiceDecl.c in /home/jkh/nanolang-qualification/native-full-609-linux/ordinary/tmp/nanolang-native-work-XvtzZm/objects-gJQIO6/.nano-module-RDbeeL
Generated list_CompilerDiagnostic_new.h and list_CompilerDiagnostic_new.c in /home/jkh/nanolang-qualification/native-full-609-linux/ordinary/tmp/nanolang-native-work-XvtzZm/objects-gJQIO6/.nano-module-RDbeeL
Generated list_CompilerDiagnostic_push.h and list_CompilerDiagnostic_push.c in /home/jkh/nanolang-qualification/native-full-609-linux/ordinary/tmp/nanolang-native-work-XvtzZm/objects-gJQIO6/.nano-module-RDbeeL
Generated list_CompilerDiagnostic_get.h and list_CompilerDiagnostic_get.c in /home/jkh/nanolang-qualification/native-full-609-linux/ordinary/tmp/nanolang-native-work-XvtzZm/objects-gJQIO6/.nano-module-RDbeeL
Generated list_CompilerDiagnostic_length.h and list_CompilerDiagnostic_length.c in /home/jkh/nanolang-qualification/native-full-609-linux/ordinary/tmp/nanolang-native-work-XvtzZm/objects-gJQIO6/.nano-module-RDbeeL
Generated list_LexerToken_new.h and list_LexerToken_new.c in /home/jkh/nanolang-qualification/native-full-609-linux/ordinary/tmp/nanolang-native-work-XvtzZm/objects-gJQIO6/.nano-module-RDbeeL
Generated list_LexerToken_push.h and list_LexerToken_push.c in /home/jkh/nanolang-qualification/native-full-609-linux/ordinary/tmp/nanolang-native-work-XvtzZm/objects-gJQIO6/.nano-module-RDbeeL
Generated list_LexerToken_get.h and list_LexerToken_get.c in /home/jkh/nanolang-qualification/native-full-609-linux/ordinary/tmp/nanolang-native-work-XvtzZm/objects-gJQIO6/.nano-module-RDbeeL
Generated list_LexerToken_length.h and list_LexerToken_length.c in /home/jkh/nanolang-qualification/native-full-609-linux/ordinary/tmp/nanolang-native-work-XvtzZm/objects-gJQIO6/.nano-module-RDbeeL
Generated list_ASTStmtRef_new.h and list_ASTStmtRef_new.c in /home/jkh/nanolang-qualification/native-full-609-linux/ordinary/tmp/nanolang-native-work-XvtzZm/objects-gJQIO6/.nano-module-RDbeeL
Generated list_ASTStmtRef_push.h and list_ASTStmtRef_push.c in /home/jkh/nanolang-qualification/native-full-609-linux/ordinary/tmp/nanolang-native-work-XvtzZm/objects-gJQIO6/.nano-module-RDbeeL
Generated list_ASTStmtRef_get.h and list_ASTStmtRef_get.c in /home/jkh/nanolang-qualification/native-full-609-linux/ordinary/tmp/nanolang-native-work-XvtzZm/objects-gJQIO6/.nano-module-RDbeeL
Generated list_ASTStmtRef_length.h and list_ASTStmtRef_length.c in /home/jkh/nanolang-qualification/native-full-609-linux/ordinary/tmp/nanolang-native-work-XvtzZm/objects-gJQIO6/.nano-module-RDbeeL
Generated list_ASTNumber_new.h and list_ASTNumber_new.c in /home/jkh/nanolang-qualification/native-full-609-linux/ordinary/tmp/nanolang-native-work-XvtzZm/objects-gJQIO6/.nano-module-RDbeeL
Generated list_ASTNumber_push.h and list_ASTNumber_push.c in /home/jkh/nanolang-qualification/native-full-609-linux/ordinary/tmp/nanolang-native-work-XvtzZm/objects-gJQIO6/.nano-module-RDbeeL
Generated list_ASTNumber_get.h and list_ASTNumber_get.c in /home/jkh/nanolang-qualification/native-full-609-linux/ordinary/tmp/nanolang-native-work-XvtzZm/objects-gJQIO6/.nano-module-RDbeeL
Generated list_ASTNumber_length.h and list_ASTNumber_length.c in /home/jkh/nanolang-qualification/native-full-609-linux/ordinary/tmp/nanolang-native-work-XvtzZm/objects-gJQIO6/.nano-module-RDbeeL
Generated list_ASTFloat_new.h and list_ASTFloat_new.c in /home/jkh/nanolang-qualification/native-full-609-linux/ordinary/tmp/nanolang-native-work-XvtzZm/objects-gJQIO6/.nano-module-RDbeeL
Generated list_ASTFloat_push.h and list_ASTFloat_push.c in /home/jkh/nanolang-qualification/native-full-609-linux/ordinary/tmp/nanolang-native-work-XvtzZm/objects-gJQIO6/.nano-module-RDbeeL
Generated list_ASTFloat_get.h and list_ASTFloat_get.c in /home/jkh/nanolang-qualification/native-full-609-linux/ordinary/tmp/nanolang-native-work-XvtzZm/objects-gJQIO6/.nano-module-RDbeeL
Generated list_ASTFloat_length.h and list_ASTFloat_length.c in /home/jkh/nanolang-qualification/native-full-609-linux/ordinary/tmp/nanolang-native-work-XvtzZm/objects-gJQIO6/.nano-module-RDbeeL
Generated list_ASTString_new.h and list_ASTString_new.c in /home/jkh/nanolang-qualification/native-full-609-linux/ordinary/tmp/nanolang-native-work-XvtzZm/objects-gJQIO6/.nano-module-RDbeeL
Generated list_ASTString_push.h and list_ASTString_push.c in /home/jkh/nanolang-qualification/native-full-609-linux/ordinary/tmp/nanolang-native-work-XvtzZm/objects-gJQIO6/.nano-module-RDbeeL
Generated list_ASTString_get.h and list_ASTString_get.c in /home/jkh/nanolang-qualification/native-full-609-linux/ordinary/tmp/nanolang-native-work-XvtzZm/objects-gJQIO6/.nano-module-RDbeeL
Generated list_ASTString_length.h and list_ASTString_length.c in /home/jkh/nanolang-qualification/native-full-609-linux/ordinary/tmp/nanolang-native-work-XvtzZm/objects-gJQIO6/.nano-module-RDbeeL
Generated list_ASTBool_new.h and list_ASTBool_new.c in /home/jkh/nanolang-qualification/native-full-609-linux/ordinary/tmp/nanolang-native-work-XvtzZm/objects-gJQIO6/.nano-module-RDbeeL
Generated list_ASTBool_push.h and list_ASTBool_push.c in /home/jkh/nanolang-qualification/native-full-609-linux/ordinary/tmp/nanolang-native-work-XvtzZm/objects-gJQIO6/.nano-module-RDbeeL
Generated list_ASTBool_get.h and list_ASTBool_get.c in /home/jkh/nanolang-qualification/native-full-609-linux/ordinary/tmp/nanolang-native-work-XvtzZm/objects-gJQIO6/.nano-module-RDbeeL
Generated list_ASTBool_length.h and list_ASTBool_length.c in /home/jkh/nanolang-qualification/native-full-609-linux/ordinary/tmp/nanolang-native-work-XvtzZm/objects-gJQIO6/.nano-module-RDbeeL
Generated list_CompilerDiagnostic.h and list_CompilerDiagnostic.c in /home/jkh/nanolang-qualification/native-full-609-linux/ordinary/tmp/nanolang-native-work-XvtzZm/objects-gJQIO6/.nano-module-usrqRM
Generated list_LexerToken.h and list_LexerToken.c in /home/jkh/nanolang-qualification/native-full-609-linux/ordinary/tmp/nanolang-native-work-XvtzZm/objects-gJQIO6/.nano-module-usrqRM
Generated list_ASTStmtRef.h and list_ASTStmtRef.c in /home/jkh/nanolang-qualification/native-full-609-linux/ordinary/tmp/nanolang-native-work-XvtzZm/objects-gJQIO6/.nano-module-usrqRM
Generated list_ASTNumber.h and list_ASTNumber.c in /home/jkh/nanolang-qualification/native-full-609-linux/ordinary/tmp/nanolang-native-work-XvtzZm/objects-gJQIO6/.nano-module-usrqRM
Generated list_ASTFloat.h and list_ASTFloat.c in /home/jkh/nanolang-qualification/native-full-609-linux/ordinary/tmp/nanolang-native-work-XvtzZm/objects-gJQIO6/.nano-module-usrqRM
Generated list_ASTString.h and list_ASTString.c in /home/jkh/nanolang-qualification/native-full-609-linux/ordinary/tmp/nanolang-native-work-XvtzZm/objects-gJQIO6/.nano-module-usrqRM
Generated list_ASTBool.h and list_ASTBool.c in /home/jkh/nanolang-qualification/native-full-609-linux/ordinary/tmp/nanolang-native-work-XvtzZm/objects-gJQIO6/.nano-module-usrqRM
Generated list_ASTIdentifier.h and list_ASTIdentifier.c in /home/jkh/nanolang-qualification/native-full-609-linux/ordinary/tmp/nanolang-native-work-XvtzZm/objects-gJQIO6/.nano-module-usrqRM
Generated list_ASTBinaryOp.h and list_ASTBinaryOp.c in /home/jkh/nanolang-qualification/native-full-609-linux/ordinary/tmp/nanolang-native-work-XvtzZm/objects-gJQIO6/.nano-module-usrqRM
Generated list_ASTCall.h and list_ASTCall.c in /home/jkh/nanolang-qualification/native-full-609-linux/ordinary/tmp/nanolang-native-work-XvtzZm/objects-gJQIO6/.nano-module-usrqRM
Generated list_ASTModuleQualifiedCall.h and list_ASTModuleQualifiedCall.c in /home/jkh/nanolang-qualification/native-full-609-linux/ordinary/tmp/nanolang-native-work-XvtzZm/objects-gJQIO6/.nano-module-usrqRM
Generated list_ASTArrayLiteral.h and list_ASTArrayLiteral.c in /home/jkh/nanolang-qualification/native-full-609-linux/ordinary/tmp/nanolang-native-work-XvtzZm/objects-gJQIO6/.nano-module-usrqRM
Generated list_ASTLet.h and list_ASTLet.c in /home/jkh/nanolang-qualification/native-full-609-linux/ordinary/tmp/nanolang-native-work-XvtzZm/objects-gJQIO6/.nano-module-usrqRM
Generated list_ASTSet.h and list_ASTSet.c in /home/jkh/nanolang-qualification/native-full-609-linux/ordinary/tmp/nanolang-native-work-XvtzZm/objects-gJQIO6/.nano-module-usrqRM
Generated list_ASTIf.h and list_ASTIf.c in /home/jkh/nanolang-qualification/native-full-609-linux/ordinary/tmp/nanolang-native-work-XvtzZm/objects-gJQIO6/.nano-module-usrqRM
Generated list_ASTWhile.h and list_ASTWhile.c in /home/jkh/nanolang-qualification/native-full-609-linux/ordinary/tmp/nanolang-native-work-XvtzZm/objects-gJQIO6/.nano-module-usrqRM
Generated list_ASTFor.h and list_ASTFor.c in /home/jkh/nanolang-qualification/native-full-609-linux/ordinary/tmp/nanolang-native-work-XvtzZm/objects-gJQIO6/.nano-module-usrqRM
Generated list_ASTReturn.h and list_ASTReturn.c in /home/jkh/nanolang-qualification/native-full-609-linux/ordinary/tmp/nanolang-native-work-XvtzZm/objects-gJQIO6/.nano-module-usrqRM
Generated list_ASTBlock.h and list_ASTBlock.c in /home/jkh/nanolang-qualification/native-full-609-linux/ordinary/tmp/nanolang-native-work-XvtzZm/objects-gJQIO6/.nano-module-usrqRM
Generated list_ASTUnsafeBlock.h and list_ASTUnsafeBlock.c in /home/jkh/nanolang-qualification/native-full-609-linux/ordinary/tmp/nanolang-native-work-XvtzZm/objects-gJQIO6/.nano-module-usrqRM
Generated list_ASTPrint.h and list_ASTPrint.c in /home/jkh/nanolang-qualification/native-full-609-linux/ordinary/tmp/nanolang-native-work-XvtzZm/objects-gJQIO6/.nano-module-usrqRM
Generated list_ASTAssert.h and list_ASTAssert.c in /home/jkh/nanolang-qualification/native-full-609-linux/ordinary/tmp/nanolang-native-work-XvtzZm/objects-gJQIO6/.nano-module-usrqRM
Generated list_ASTFunction.h and list_ASTFunction.c in /home/jkh/nanolang-qualification/native-full-609-linux/ordinary/tmp/nanolang-native-work-XvtzZm/objects-gJQIO6/.nano-module-usrqRM
Generated list_ASTShadow.h and list_ASTShadow.c in /home/jkh/nanolang-qualification/native-full-609-linux/ordinary/tmp/nanolang-native-work-XvtzZm/objects-gJQIO6/.nano-module-usrqRM
Generated list_ASTStruct.h and list_ASTStruct.c in /home/jkh/nanolang-qualification/native-full-609-linux/ordinary/tmp/nanolang-native-work-XvtzZm/objects-gJQIO6/.nano-module-usrqRM
Generated list_ASTStructLiteral.h and list_ASTStructLiteral.c in /home/jkh/nanolang-qualification/native-full-609-linux/ordinary/tmp/nanolang-native-work-XvtzZm/objects-gJQIO6/.nano-module-usrqRM
Generated list_ASTFieldAccess.h and list_ASTFieldAccess.c in /home/jkh/nanolang-qualification/native-full-609-linux/ordinary/tmp/nanolang-native-work-XvtzZm/objects-gJQIO6/.nano-module-usrqRM
Generated list_ASTEnum.h and list_ASTEnum.c in /home/jkh/nanolang-qualification/native-full-609-linux/ordinary/tmp/nanolang-native-work-XvtzZm/objects-gJQIO6/.nano-module-usrqRM
Generated list_ASTUnion.h and list_ASTUnion.c in /home/jkh/nanolang-qualification/native-full-609-linux/ordinary/tmp/nanolang-native-work-XvtzZm/objects-gJQIO6/.nano-module-usrqRM
Generated list_ASTUnionConstruct.h and list_ASTUnionConstruct.c in /home/jkh/nanolang-qualification/native-full-609-linux/ordinary/tmp/nanolang-native-work-XvtzZm/objects-gJQIO6/.nano-module-usrqRM
Generated list_ASTMatch.h and list_ASTMatch.c in /home/jkh/nanolang-qualification/native-full-609-linux/ordinary/tmp/nanolang-native-work-XvtzZm/objects-gJQIO6/.nano-module-usrqRM
Generated list_ASTImport.h and list_ASTImport.c in /home/jkh/nanolang-qualification/native-full-609-linux/ordinary/tmp/nanolang-native-work-XvtzZm/objects-gJQIO6/.nano-module-usrqRM
Generated list_ASTOpaqueType.h and list_ASTOpaqueType.c in /home/jkh/nanolang-qualification/native-full-609-linux/ordinary/tmp/nanolang-native-work-XvtzZm/objects-gJQIO6/.nano-module-usrqRM
Generated list_ASTTupleLiteral.h and list_ASTTupleLiteral.c in /home/jkh/nanolang-qualification/native-full-609-linux/ordinary/tmp/nanolang-native-work-XvtzZm/objects-gJQIO6/.nano-module-usrqRM
Generated list_ASTTupleIndex.h and list_ASTTupleIndex.c in /home/jkh/nanolang-qualification/native-full-609-linux/ordinary/tmp/nanolang-native-work-XvtzZm/objects-gJQIO6/.nano-module-usrqRM
Generated list_ASTServiceDecl.h and list_ASTServiceDecl.c in /home/jkh/nanolang-qualification/native-full-609-linux/ordinary/tmp/nanolang-native-work-XvtzZm/objects-gJQIO6/.nano-module-usrqRM
Generated list_CompilerDiagnostic_new.h and list_CompilerDiagnostic_new.c in /home/jkh/nanolang-qualification/native-full-609-linux/ordinary/tmp/nanolang-native-work-XvtzZm/objects-gJQIO6/.nano-module-usrqRM
Generated list_CompilerDiagnostic_push.h and list_CompilerDiagnostic_push.c in /home/jkh/nanolang-qualification/native-full-609-linux/ordinary/tmp/nanolang-native-work-XvtzZm/objects-gJQIO6/.nano-module-usrqRM
Generated list_CompilerDiagnostic_get.h and list_CompilerDiagnostic_get.c in /home/jkh/nanolang-qualification/native-full-609-linux/ordinary/tmp/nanolang-native-work-XvtzZm/objects-gJQIO6/.nano-module-usrqRM
Generated list_CompilerDiagnostic_length.h and list_CompilerDiagnostic_length.c in /home/jkh/nanolang-qualification/native-full-609-linux/ordinary/tmp/nanolang-native-work-XvtzZm/objects-gJQIO6/.nano-module-usrqRM
Generated list_LexerToken_new.h and list_LexerToken_new.c in /home/jkh/nanolang-qualification/native-full-609-linux/ordinary/tmp/nanolang-native-work-XvtzZm/objects-gJQIO6/.nano-module-usrqRM
Generated list_LexerToken_push.h and list_LexerToken_push.c in /home/jkh/nanolang-qualification/native-full-609-linux/ordinary/tmp/nanolang-native-work-XvtzZm/objects-gJQIO6/.nano-module-usrqRM
Generated list_LexerToken_get.h and list_LexerToken_get.c in /home/jkh/nanolang-qualification/native-full-609-linux/ordinary/tmp/nanolang-native-work-XvtzZm/objects-gJQIO6/.nano-module-usrqRM
Generated list_LexerToken_length.h and list_LexerToken_length.c in /home/jkh/nanolang-qualification/native-full-609-linux/ordinary/tmp/nanolang-native-work-XvtzZm/objects-gJQIO6/.nano-module-usrqRM
Generated list_ASTStmtRef_new.h and list_ASTStmtRef_new.c in /home/jkh/nanolang-qualification/native-full-609-linux/ordinary/tmp/nanolang-native-work-XvtzZm/objects-gJQIO6/.nano-module-usrqRM
Generated list_ASTStmtRef_push.h and list_ASTStmtRef_push.c in /home/jkh/nanolang-qualification/native-full-609-linux/ordinary/tmp/nanolang-native-work-XvtzZm/objects-gJQIO6/.nano-module-usrqRM
Generated list_ASTStmtRef_get.h and list_ASTStmtRef_get.c in /home/jkh/nanolang-qualification/native-full-609-linux/ordinary/tmp/nanolang-native-work-XvtzZm/objects-gJQIO6/.nano-module-usrqRM
Generated list_ASTStmtRef_length.h and list_ASTStmtRef_length.c in /home/jkh/nanolang-qualification/native-full-609-linux/ordinary/tmp/nanolang-native-work-XvtzZm/objects-gJQIO6/.nano-module-usrqRM
Generated list_ASTNumber_new.h and list_ASTNumber_new.c in /home/jkh/nanolang-qualification/native-full-609-linux/ordinary/tmp/nanolang-native-work-XvtzZm/objects-gJQIO6/.nano-module-usrqRM
Generated list_ASTNumber_push.h and list_ASTNumber_push.c in /home/jkh/nanolang-qualification/native-full-609-linux/ordinary/tmp/nanolang-native-work-XvtzZm/objects-gJQIO6/.nano-module-usrqRM
Generated list_ASTNumber_get.h and list_ASTNumber_get.c in /home/jkh/nanolang-qualification/native-full-609-linux/ordinary/tmp/nanolang-native-work-XvtzZm/objects-gJQIO6/.nano-module-usrqRM
Generated list_ASTNumber_length.h and list_ASTNumber_length.c in /home/jkh/nanolang-qualification/native-full-609-linux/ordinary/tmp/nanolang-native-work-XvtzZm/objects-gJQIO6/.nano-module-usrqRM
Generated list_ASTFloat_new.h and list_ASTFloat_new.c in /home/jkh/nanolang-qualification/native-full-609-linux/ordinary/tmp/nanolang-native-work-XvtzZm/objects-gJQIO6/.nano-module-usrqRM
Generated list_ASTFloat_push.h and list_ASTFloat_push.c in /home/jkh/nanolang-qualification/native-full-609-linux/ordinary/tmp/nanolang-native-work-XvtzZm/objects-gJQIO6/.nano-module-usrqRM
Generated list_ASTFloat_get.h and list_ASTFloat_get.c in /home/jkh/nanolang-qualification/native-full-609-linux/ordinary/tmp/nanolang-native-work-XvtzZm/objects-gJQIO6/.nano-module-usrqRM
Generated list_ASTFloat_length.h and list_ASTFloat_length.c in /home/jkh/nanolang-qualification/native-full-609-linux/ordinary/tmp/nanolang-native-work-XvtzZm/objects-gJQIO6/.nano-module-usrqRM
Generated list_ASTString_new.h and list_ASTString_new.c in /home/jkh/nanolang-qualification/native-full-609-linux/ordinary/tmp/nanolang-native-work-XvtzZm/objects-gJQIO6/.nano-module-usrqRM
Generated list_ASTString_push.h and list_ASTString_push.c in /home/jkh/nanolang-qualification/native-full-609-linux/ordinary/tmp/nanolang-native-work-XvtzZm/objects-gJQIO6/.nano-module-usrqRM
Generated list_ASTString_get.h and list_ASTString_get.c in /home/jkh/nanolang-qualification/native-full-609-linux/ordinary/tmp/nanolang-native-work-XvtzZm/objects-gJQIO6/.nano-module-usrqRM
Generated list_ASTString_length.h and list_ASTString_length.c in /home/jkh/nanolang-qualification/native-full-609-linux/ordinary/tmp/nanolang-native-work-XvtzZm/objects-gJQIO6/.nano-module-usrqRM
Generated list_ASTBool_new.h and list_ASTBool_new.c in /home/jkh/nanolang-qualification/native-full-609-linux/ordinary/tmp/nanolang-native-work-XvtzZm/objects-gJQIO6/.nano-module-usrqRM
Generated list_ASTBool_push.h and list_ASTBool_push.c in /home/jkh/nanolang-qualification/native-full-609-linux/ordinary/tmp/nanolang-native-work-XvtzZm/objects-gJQIO6/.nano-module-usrqRM
Generated list_ASTBool_get.h and list_ASTBool_get.c in /home/jkh/nanolang-qualification/native-full-609-linux/ordinary/tmp/nanolang-native-work-XvtzZm/objects-gJQIO6/.nano-module-usrqRM
Generated list_ASTBool_length.h and list_ASTBool_length.c in /home/jkh/nanolang-qualification/native-full-609-linux/ordinary/tmp/nanolang-native-work-XvtzZm/objects-gJQIO6/.nano-module-usrqRM
Generated list_CompilerDiagnostic.h and list_CompilerDiagnostic.c in /home/jkh/nanolang-qualification/native-full-609-linux/ordinary/tmp/nanolang-native-work-XvtzZm/objects-gJQIO6/.nano-module-93S11l
Generated list_LexerToken.h and list_LexerToken.c in /home/jkh/nanolang-qualification/native-full-609-linux/ordinary/tmp/nanolang-native-work-XvtzZm/objects-gJQIO6/.nano-module-93S11l
Generated list_ASTStmtRef.h and list_ASTStmtRef.c in /home/jkh/nanolang-qualification/native-full-609-linux/ordinary/tmp/nanolang-native-work-XvtzZm/objects-gJQIO6/.nano-module-93S11l
Generated list_ASTNumber.h and list_ASTNumber.c in /home/jkh/nanolang-qualification/native-full-609-linux/ordinary/tmp/nanolang-native-work-XvtzZm/objects-gJQIO6/.nano-module-93S11l
Generated list_ASTFloat.h and list_ASTFloat.c in /home/jkh/nanolang-qualification/native-full-609-linux/ordinary/tmp/nanolang-native-work-XvtzZm/objects-gJQIO6/.nano-module-93S11l
Generated list_ASTString.h and list_ASTString.c in /home/jkh/nanolang-qualification/native-full-609-linux/ordinary/tmp/nanolang-native-work-XvtzZm/objects-gJQIO6/.nano-module-93S11l
Generated list_ASTBool.h and list_ASTBool.c in /home/jkh/nanolang-qualification/native-full-609-linux/ordinary/tmp/nanolang-native-work-XvtzZm/objects-gJQIO6/.nano-module-93S11l
Generated list_ASTIdentifier.h and list_ASTIdentifier.c in /home/jkh/nanolang-qualification/native-full-609-linux/ordinary/tmp/nanolang-native-work-XvtzZm/objects-gJQIO6/.nano-module-93S11l
Generated list_ASTBinaryOp.h and list_ASTBinaryOp.c in /home/jkh/nanolang-qualification/native-full-609-linux/ordinary/tmp/nanolang-native-work-XvtzZm/objects-gJQIO6/.nano-module-93S11l
Generated list_ASTCall.h and list_ASTCall.c in /home/jkh/nanolang-qualification/native-full-609-linux/ordinary/tmp/nanolang-native-work-XvtzZm/objects-gJQIO6/.nano-module-93S11l
Generated list_ASTModuleQualifiedCall.h and list_ASTModuleQualifiedCall.c in /home/jkh/nanolang-qualification/native-full-609-linux/ordinary/tmp/nanolang-native-work-XvtzZm/objects-gJQIO6/.nano-module-93S11l
Generated list_ASTArrayLiteral.h and list_ASTArrayLiteral.c in /home/jkh/nanolang-qualification/native-full-609-linux/ordinary/tmp/nanolang-native-work-XvtzZm/objects-gJQIO6/.nano-module-93S11l
Generated list_ASTLet.h and list_ASTLet.c in /home/jkh/nanolang-qualification/native-full-609-linux/ordinary/tmp/nanolang-native-work-XvtzZm/objects-gJQIO6/.nano-module-93S11l
Generated list_ASTSet.h and list_ASTSet.c in /home/jkh/nanolang-qualification/native-full-609-linux/ordinary/tmp/nanolang-native-work-XvtzZm/objects-gJQIO6/.nano-module-93S11l
Generated list_ASTIf.h and list_ASTIf.c in /home/jkh/nanolang-qualification/native-full-609-linux/ordinary/tmp/nanolang-native-work-XvtzZm/objects-gJQIO6/.nano-module-93S11l
Generated list_ASTWhile.h and list_ASTWhile.c in /home/jkh/nanolang-qualification/native-full-609-linux/ordinary/tmp/nanolang-native-work-XvtzZm/objects-gJQIO6/.nano-module-93S11l
Generated list_ASTFor.h and list_ASTFor.c in /home/jkh/nanolang-qualification/native-full-609-linux/ordinary/tmp/nanolang-native-work-XvtzZm/objects-gJQIO6/.nano-module-93S11l
Generated list_ASTReturn.h and list_ASTReturn.c in /home/jkh/nanolang-qualification/native-full-609-linux/ordinary/tmp/nanolang-native-work-XvtzZm/objects-gJQIO6/.nano-module-93S11l
Generated list_ASTBlock.h and list_ASTBlock.c in /home/jkh/nanolang-qualification/native-full-609-linux/ordinary/tmp/nanolang-native-work-XvtzZm/objects-gJQIO6/.nano-module-93S11l
Generated list_ASTUnsafeBlock.h and list_ASTUnsafeBlock.c in /home/jkh/nanolang-qualification/native-full-609-linux/ordinary/tmp/nanolang-native-work-XvtzZm/objects-gJQIO6/.nano-module-93S11l
Generated list_ASTPrint.h and list_ASTPrint.c in /home/jkh/nanolang-qualification/native-full-609-linux/ordinary/tmp/nanolang-native-work-XvtzZm/objects-gJQIO6/.nano-module-93S11l
Generated list_ASTAssert.h and list_ASTAssert.c in /home/jkh/nanolang-qualification/native-full-609-linux/ordinary/tmp/nanolang-native-work-XvtzZm/objects-gJQIO6/.nano-module-93S11l
Generated list_ASTFunction.h and list_ASTFunction.c in /home/jkh/nanolang-qualification/native-full-609-linux/ordinary/tmp/nanolang-native-work-XvtzZm/objects-gJQIO6/.nano-module-93S11l
Generated list_ASTShadow.h and list_ASTShadow.c in /home/jkh/nanolang-qualification/native-full-609-linux/ordinary/tmp/nanolang-native-work-XvtzZm/objects-gJQIO6/.nano-module-93S11l
Generated list_ASTStruct.h and list_ASTStruct.c in /home/jkh/nanolang-qualification/native-full-609-linux/ordinary/tmp/nanolang-native-work-XvtzZm/objects-gJQIO6/.nano-module-93S11l
Generated list_ASTStructLiteral.h and list_ASTStructLiteral.c in /home/jkh/nanolang-qualification/native-full-609-linux/ordinary/tmp/nanolang-native-work-XvtzZm/objects-gJQIO6/.nano-module-93S11l
Generated list_ASTFieldAccess.h and list_ASTFieldAccess.c in /home/jkh/nanolang-qualification/native-full-609-linux/ordinary/tmp/nanolang-native-work-XvtzZm/objects-gJQIO6/.nano-module-93S11l
Generated list_ASTEnum.h and list_ASTEnum.c in /home/jkh/nanolang-qualification/native-full-609-linux/ordinary/tmp/nanolang-native-work-XvtzZm/objects-gJQIO6/.nano-module-93S11l
Generated list_ASTUnion.h and list_ASTUnion.c in /home/jkh/nanolang-qualification/native-full-609-linux/ordinary/tmp/nanolang-native-work-XvtzZm/objects-gJQIO6/.nano-module-93S11l
Generated list_ASTUnionConstruct.h and list_ASTUnionConstruct.c in /home/jkh/nanolang-qualification/native-full-609-linux/ordinary/tmp/nanolang-native-work-XvtzZm/objects-gJQIO6/.nano-module-93S11l
Generated list_ASTMatch.h and list_ASTMatch.c in /home/jkh/nanolang-qualification/native-full-609-linux/ordinary/tmp/nanolang-native-work-XvtzZm/objects-gJQIO6/.nano-module-93S11l
Generated list_ASTImport.h and list_ASTImport.c in /home/jkh/nanolang-qualification/native-full-609-linux/ordinary/tmp/nanolang-native-work-XvtzZm/objects-gJQIO6/.nano-module-93S11l
Generated list_ASTOpaqueType.h and list_ASTOpaqueType.c in /home/jkh/nanolang-qualification/native-full-609-linux/ordinary/tmp/nanolang-native-work-XvtzZm/objects-gJQIO6/.nano-module-93S11l
Generated list_ASTTupleLiteral.h and list_ASTTupleLiteral.c in /home/jkh/nanolang-qualification/native-full-609-linux/ordinary/tmp/nanolang-native-work-XvtzZm/objects-gJQIO6/.nano-module-93S11l
Generated list_ASTTupleIndex.h and list_ASTTupleIndex.c in /home/jkh/nanolang-qualification/native-full-609-linux/ordinary/tmp/nanolang-native-work-XvtzZm/objects-gJQIO6/.nano-module-93S11l
Generated list_ASTServiceDecl.h and list_ASTServiceDecl.c in /home/jkh/nanolang-qualification/native-full-609-linux/ordinary/tmp/nanolang-native-work-XvtzZm/objects-gJQIO6/.nano-module-93S11l
Generated list_CompilerDiagnostic_new.h and list_CompilerDiagnostic_new.c in /home/jkh/nanolang-qualification/native-full-609-linux/ordinary/tmp/nanolang-native-work-XvtzZm/objects-gJQIO6/.nano-module-93S11l
Generated list_CompilerDiagnostic_push.h and list_CompilerDiagnostic_push.c in /home/jkh/nanolang-qualification/native-full-609-linux/ordinary/tmp/nanolang-native-work-XvtzZm/objects-gJQIO6/.nano-module-93S11l
Generated list_CompilerDiagnostic_get.h and list_CompilerDiagnostic_get.c in /home/jkh/nanolang-qualification/native-full-609-linux/ordinary/tmp/nanolang-native-work-XvtzZm/objects-gJQIO6/.nano-module-93S11l
Generated list_CompilerDiagnostic_length.h and list_CompilerDiagnostic_length.c in /home/jkh/nanolang-qualification/native-full-609-linux/ordinary/tmp/nanolang-native-work-XvtzZm/objects-gJQIO6/.nano-module-93S11l
Generated list_LexerToken_new.h and list_LexerToken_new.c in /home/jkh/nanolang-qualification/native-full-609-linux/ordinary/tmp/nanolang-native-work-XvtzZm/objects-gJQIO6/.nano-module-93S11l
Generated list_LexerToken_push.h and list_LexerToken_push.c in /home/jkh/nanolang-qualification/native-full-609-linux/ordinary/tmp/nanolang-native-work-XvtzZm/objects-gJQIO6/.nano-module-93S11l
Generated list_LexerToken_get.h and list_LexerToken_get.c in /home/jkh/nanolang-qualification/native-full-609-linux/ordinary/tmp/nanolang-native-work-XvtzZm/objects-gJQIO6/.nano-module-93S11l
Generated list_LexerToken_length.h and list_LexerToken_length.c in /home/jkh/nanolang-qualification/native-full-609-linux/ordinary/tmp/nanolang-native-work-XvtzZm/objects-gJQIO6/.nano-module-93S11l
Generated list_ASTStmtRef_new.h and list_ASTStmtRef_new.c in /home/jkh/nanolang-qualification/native-full-609-linux/ordinary/tmp/nanolang-native-work-XvtzZm/objects-gJQIO6/.nano-module-93S11l
Generated list_ASTStmtRef_push.h and list_ASTStmtRef_push.c in /home/jkh/nanolang-qualification/native-full-609-linux/ordinary/tmp/nanolang-native-work-XvtzZm/objects-gJQIO6/.nano-module-93S11l
Generated list_ASTStmtRef_get.h and list_ASTStmtRef_get.c in /home/jkh/nanolang-qualification/native-full-609-linux/ordinary/tmp/nanolang-native-work-XvtzZm/objects-gJQIO6/.nano-module-93S11l
Generated list_ASTStmtRef_length.h and list_ASTStmtRef_length.c in /home/jkh/nanolang-qualification/native-full-609-linux/ordinary/tmp/nanolang-native-work-XvtzZm/objects-gJQIO6/.nano-module-93S11l
Generated list_ASTNumber_new.h and list_ASTNumber_new.c in /home/jkh/nanolang-qualification/native-full-609-linux/ordinary/tmp/nanolang-native-work-XvtzZm/objects-gJQIO6/.nano-module-93S11l
Generated list_ASTNumber_push.h and list_ASTNumber_push.c in /home/jkh/nanolang-qualification/native-full-609-linux/ordinary/tmp/nanolang-native-work-XvtzZm/objects-gJQIO6/.nano-module-93S11l
Generated list_ASTNumber_get.h and list_ASTNumber_get.c in /home/jkh/nanolang-qualification/native-full-609-linux/ordinary/tmp/nanolang-native-work-XvtzZm/objects-gJQIO6/.nano-module-93S11l
Generated list_ASTNumber_length.h and list_ASTNumber_length.c in /home/jkh/nanolang-qualification/native-full-609-linux/ordinary/tmp/nanolang-native-work-XvtzZm/objects-gJQIO6/.nano-module-93S11l
Generated list_ASTFloat_new.h and list_ASTFloat_new.c in /home/jkh/nanolang-qualification/native-full-609-linux/ordinary/tmp/nanolang-native-work-XvtzZm/objects-gJQIO6/.nano-module-93S11l
Generated list_ASTFloat_push.h and list_ASTFloat_push.c in /home/jkh/nanolang-qualification/native-full-609-linux/ordinary/tmp/nanolang-native-work-XvtzZm/objects-gJQIO6/.nano-module-93S11l
Generated list_ASTFloat_get.h and list_ASTFloat_get.c in /home/jkh/nanolang-qualification/native-full-609-linux/ordinary/tmp/nanolang-native-work-XvtzZm/objects-gJQIO6/.nano-module-93S11l
Generated list_ASTFloat_length.h and list_ASTFloat_length.c in /home/jkh/nanolang-qualification/native-full-609-linux/ordinary/tmp/nanolang-native-work-XvtzZm/objects-gJQIO6/.nano-module-93S11l
Generated list_ASTString_new.h and list_ASTString_new.c in /home/jkh/nanolang-qualification/native-full-609-linux/ordinary/tmp/nanolang-native-work-XvtzZm/objects-gJQIO6/.nano-module-93S11l
Generated list_ASTString_push.h and list_ASTString_push.c in /home/jkh/nanolang-qualification/native-full-609-linux/ordinary/tmp/nanolang-native-work-XvtzZm/objects-gJQIO6/.nano-module-93S11l
Generated list_ASTString_get.h and list_ASTString_get.c in /home/jkh/nanolang-qualification/native-full-609-linux/ordinary/tmp/nanolang-native-work-XvtzZm/objects-gJQIO6/.nano-module-93S11l
Generated list_ASTString_length.h and list_ASTString_length.c in /home/jkh/nanolang-qualification/native-full-609-linux/ordinary/tmp/nanolang-native-work-XvtzZm/objects-gJQIO6/.nano-module-93S11l
Generated list_ASTBool_new.h and list_ASTBool_new.c in /home/jkh/nanolang-qualification/native-full-609-linux/ordinary/tmp/nanolang-native-work-XvtzZm/objects-gJQIO6/.nano-module-93S11l
Generated list_ASTBool_push.h and list_ASTBool_push.c in /home/jkh/nanolang-qualification/native-full-609-linux/ordinary/tmp/nanolang-native-work-XvtzZm/objects-gJQIO6/.nano-module-93S11l
Generated list_ASTBool_get.h and list_ASTBool_get.c in /home/jkh/nanolang-qualification/native-full-609-linux/ordinary/tmp/nanolang-native-work-XvtzZm/objects-gJQIO6/.nano-module-93S11l
Generated list_ASTBool_length.h and list_ASTBool_length.c in /home/jkh/nanolang-qualification/native-full-609-linux/ordinary/tmp/nanolang-native-work-XvtzZm/objects-gJQIO6/.nano-module-93S11l
