{"pin": "b87bb91f1793b48617d7737bcd4f6110590bbce1", "source_files": 3716, "root": "/tmp/nanolang-record-execution-qualified-b87bb", "sdk": null}
{"phase": "setup", "status": 0, "seconds": 20.772}
{"phase": "configuration", "status": 0, "seconds": 0.114}
{"phase": "discovery", "status": 0, "seconds": 0.064}
{"phase": "ordinary", "status": 0, "seconds": 4.225}
{"phase": "ownership_contracts-build", "status": 0, "seconds": 0.215}
{"phase": "ownership_contracts-run", "status": 0, "seconds": 0.004}
{"phase": "ordinary_record_authority-build", "status": 0, "seconds": 0.365}
{"phase": "ordinary_record_authority-run", "status": 0, "seconds": 0.003}
{"phase": "nvm_v2_layouts-build", "status": 0, "seconds": 0.164}
{"phase": "nvm_v2_layouts-run", "status": 0, "seconds": 0.001}
{"phase": "ownership_layouts_private-build", "status": 0, "seconds": 0.114}
{"phase": "ownership_layouts_private-run", "status": 0, "seconds": 0.004}
{"phase": "nvm_v2_convert-build", "status": 0, "seconds": 0.166}
{"phase": "nvm_v2_convert-run", "status": 0, "seconds": 0.004}
{"phase": "nvm_v2_endtoend-build", "status": 0, "seconds": 0.164}
{"phase": "nvm_v2_endtoend-run", "status": 0, "seconds": 0.001}
{"phase": "old-array", "status": 0, "seconds": 0.866}
{"phase": "affine-union", "status": 0, "seconds": 1.016}
{"phase": "ownership-public", "status": 0, "seconds": 0.665}
{"phase": "complete-declarations", "status": 0, "seconds": 1.167}
