test_exact_bytes_and_hashes (tests.test_managed_native_embedding.ManagedNativeEmbedding.test_exact_bytes_and_hashes) ... ok
test_isolated_regeneration_and_refusals (tests.test_managed_native_embedding.ManagedNativeEmbedding.test_isolated_regeneration_and_refusals) ... ok
test_strict_standalone_c_and_existing_helpers (tests.test_managed_native_embedding.ManagedNativeEmbedding.test_strict_standalone_c_and_existing_helpers) ... 
  test_strict_standalone_c_and_existing_helpers (tests.test_managed_native_embedding.ManagedNativeEmbedding.test_strict_standalone_c_and_existing_helpers) (compiler='/tmp/nanolang-projection-clang', optimization='-O0') ... FAIL
  test_strict_standalone_c_and_existing_helpers (tests.test_managed_native_embedding.ManagedNativeEmbedding.test_strict_standalone_c_and_existing_helpers) (compiler='/tmp/nanolang-projection-clang', optimization='-O2') ... FAIL

======================================================================
FAIL: test_strict_standalone_c_and_existing_helpers (tests.test_managed_native_embedding.ManagedNativeEmbedding.test_strict_standalone_c_and_existing_helpers) (compiler='/tmp/nanolang-projection-clang', optimization='-O0')
----------------------------------------------------------------------
Traceback (most recent call last):
  File "/home/jkh/Src/nanolang-mixed-samples-runtime/tests/test_managed_native_embedding.py", line 136, in test_strict_standalone_c_and_existing_helpers
    self.assertEqual(built.returncode, 0, built.stderr.decode())
    ~~~~~~~~~~~~~~~~^^^^^^^^^^^^^^^^^^^^^^^^^^^^^^^^^^^^^^^^^^^^
AssertionError: 1 != 0 : /tmp/nanolang-managed-native-embedding-207ebfe3/programs/standalone.c:363:22: error: unused function 'nano_rt_f64_sub' [-Werror,-Wunused-function]
  363 | static inline double nano_rt_f64_sub(double a, double b) {
      |                      ^~~~~~~~~~~~~~~
/tmp/nanolang-managed-native-embedding-207ebfe3/programs/standalone.c:367:22: error: unused function 'nano_rt_f64_mul' [-Werror,-Wunused-function]
  367 | static inline double nano_rt_f64_mul(double a, double b) {
      |                      ^~~~~~~~~~~~~~~
/tmp/nanolang-managed-native-embedding-207ebfe3/programs/standalone.c:371:22: error: unused function 'nano_rt_f64_div' [-Werror,-Wunused-function]
  371 | static inline double nano_rt_f64_div(double a, double b) {
      |                      ^~~~~~~~~~~~~~~
3 errors generated.


======================================================================
FAIL: test_strict_standalone_c_and_existing_helpers (tests.test_managed_native_embedding.ManagedNativeEmbedding.test_strict_standalone_c_and_existing_helpers) (compiler='/tmp/nanolang-projection-clang', optimization='-O2')
----------------------------------------------------------------------
Traceback (most recent call last):
  File "/home/jkh/Src/nanolang-mixed-samples-runtime/tests/test_managed_native_embedding.py", line 136, in test_strict_standalone_c_and_existing_helpers
    self.assertEqual(built.returncode, 0, built.stderr.decode())
    ~~~~~~~~~~~~~~~~^^^^^^^^^^^^^^^^^^^^^^^^^^^^^^^^^^^^^^^^^^^^
AssertionError: 1 != 0 : /tmp/nanolang-managed-native-embedding-207ebfe3/programs/standalone.c:363:22: error: unused function 'nano_rt_f64_sub' [-Werror,-Wunused-function]
  363 | static inline double nano_rt_f64_sub(double a, double b) {
      |                      ^~~~~~~~~~~~~~~
/tmp/nanolang-managed-native-embedding-207ebfe3/programs/standalone.c:367:22: error: unused function 'nano_rt_f64_mul' [-Werror,-Wunused-function]
  367 | static inline double nano_rt_f64_mul(double a, double b) {
      |                      ^~~~~~~~~~~~~~~
/tmp/nanolang-managed-native-embedding-207ebfe3/programs/standalone.c:371:22: error: unused function 'nano_rt_f64_div' [-Werror,-Wunused-function]
  371 | static inline double nano_rt_f64_div(double a, double b) {
      |                      ^~~~~~~~~~~~~~~
3 errors generated.


----------------------------------------------------------------------
Ran 3 tests in 1.058s

FAILED (failures=2)
