✓ Bootstrap Stage 0: C reference compiler ready
python3 scripts/embed_binary64_parser.py --check
I run seed; I retain its log at /private/tmp/nanolang-match-guards-20261009/obj/bootstrap-nanoisa/run-8g3phwrc/00-seed.log.
I run seed-verify; I retain its log at /private/tmp/nanolang-match-guards-20261009/obj/bootstrap-nanoisa/run-8g3phwrc/01-seed-verify.log.
I run stage1; I retain its log at /private/tmp/nanolang-match-guards-20261009/obj/bootstrap-nanoisa/run-8g3phwrc/02-stage1.log.
I run stage1-verify; I retain its log at /private/tmp/nanolang-match-guards-20261009/obj/bootstrap-nanoisa/run-8g3phwrc/03-stage1-verify.log.
I run stage1-translate; I retain its log at /private/tmp/nanolang-match-guards-20261009/obj/bootstrap-nanoisa/run-8g3phwrc/04-stage1-translate.log.
I run stage1-native; I retain its log at /private/tmp/nanolang-match-guards-20261009/obj/bootstrap-nanoisa/run-8g3phwrc/05-stage1-native.log.
I run stage1-hello-compile; I retain its log at /private/tmp/nanolang-match-guards-20261009/obj/bootstrap-nanoisa/run-8g3phwrc/06-stage1-hello-compile.log.
I run stage1-hello-execute; I retain its log at /private/tmp/nanolang-match-guards-20261009/obj/bootstrap-nanoisa/run-8g3phwrc/07-stage1-hello-execute.log.
I run stage2; I retain its log at /private/tmp/nanolang-match-guards-20261009/obj/bootstrap-nanoisa/run-8g3phwrc/08-stage2.log.
I run stage2-verify; I retain its log at /private/tmp/nanolang-match-guards-20261009/obj/bootstrap-nanoisa/run-8g3phwrc/09-stage2-verify.log.
I run stage2-translate; I retain its log at /private/tmp/nanolang-match-guards-20261009/obj/bootstrap-nanoisa/run-8g3phwrc/10-stage2-translate.log.
I run stage2-native; I retain its log at /private/tmp/nanolang-match-guards-20261009/obj/bootstrap-nanoisa/run-8g3phwrc/11-stage2-native.log.
I run stage2-hello-compile; I retain its log at /private/tmp/nanolang-match-guards-20261009/obj/bootstrap-nanoisa/run-8g3phwrc/12-stage2-hello-compile.log.
I run stage2-hello-execute; I retain its log at /private/tmp/nanolang-match-guards-20261009/obj/bootstrap-nanoisa/run-8g3phwrc/13-stage2-hello-execute.log.
I run seed-final-verify; I retain its log at /private/tmp/nanolang-match-guards-20261009/obj/bootstrap-nanoisa/run-8g3phwrc/14-seed-final-verify.log.
I run stage1-final-verify; I retain its log at /private/tmp/nanolang-match-guards-20261009/obj/bootstrap-nanoisa/run-8g3phwrc/15-stage1-final-verify.log.
I run stage2-final-verify; I retain its log at /private/tmp/nanolang-match-guards-20261009/obj/bootstrap-nanoisa/run-8g3phwrc/16-stage2-final-verify.log.
I compared raw Stage 1 and Stage 2 modules: they are byte-identical in this build.
I have not established reproducibility across clean environments or proved compiler semantic correctness.
I installed bin/nanoc from the verified Stage 2 module.
Hello from NanoLang!
🔍 Verifying self-hosted compiler works without bin/nanoc_c...
Hello from NanoLang!
✅ bin/nanoc succeeded with bin/nanoc_c removed

==========================================
✅ TRUE BOOTSTRAP COMPLETE!
==========================================
Bootstrap Status:

  ✅ Stage 0: C reference compiler (bin/nanoc)
  ✅ Stage 1: Self-hosted compiler (bin/nanoc_stage1)
  ✅ Stage 2: Recompiled compiler (bin/nanoc_stage2)
  Stage 3: recorded comparison and installed-compiler smoke checks passed.

  I do not infer compiler correctness or release readiness from this stamp.


✓ Self-hosted compiler installed as bin/nanoc
✓ Stage binaries preserved in bin/ for verification
✓ All future builds will use the self-hosted compiler

NANO_MODULE_PATH=modules NANO_BUILD_CACHE=/private/tmp/nanolang-match-guards-20261009/obj/module_cache perl -e 'alarm 600; exec @ARGV; die "I cannot execute the requested command: $!\n"' bin/nanoc_c src_nano/nanoisa_emit.nano -o bin/nanoisa_emit
Warning at line 175, column 9: Unused variable 'ignored'
Warning at line 2567, column 9: Unused variable 'rejected'
Warning at line 2731, column 9: Unused variable 'rejected'
Warning at line 2735, column 9: Unused variable 'rejected'
Warning at line 2742, column 13: Unused variable 'rejected'
Warning at line 2800, column 9: Unused variable 'rejected'
Warning at line 2804, column 9: Unused variable 'rejected'
Warning at line 2811, column 13: Unused variable 'rejected'
Warning at line 6431, column 17: Unused variable 'imported'
Warning at line 175, column 9: Unused variable 'ignored'
Warning at line 175, column 9: Unused variable 'ignored'
Warning at line 2567, column 9: Unused variable 'rejected'
Warning at line 2731, column 9: Unused variable 'rejected'
Warning at line 2735, column 9: Unused variable 'rejected'
Warning at line 2742, column 13: Unused variable 'rejected'
Warning at line 2800, column 9: Unused variable 'rejected'
Warning at line 2804, column 9: Unused variable 'rejected'
Warning at line 2811, column 13: Unused variable 'rejected'
Warning at line 6431, column 17: Unused variable 'imported'
