/opt/homebrew/opt/llvm/bin/clang -Wall -Wextra -Werror -std=c99 -g -O3 -ftree-vectorize -fPIC -Isrc -D_GNU_SOURCE -I'/Applications/Xcode.app/Contents/Developer/Platforms/MacOSX.platform/Developer/SDKs/MacOSX27.0.sdk/usr/include/ffi' -I/opt/homebrew/Cellar/openssl@3/3.6.5/include -o bin/nano_virt obj/nanovirt/codegen.o obj/nanovirt/wrapper_gen.o obj/nanovirt/shadow_runner.o obj/nanovm/value.o obj/nanovm/heap.o obj/nanovm/heap_cycles.o obj/nanovm/vm.o obj/nanovm/vm_callback.o obj/nanovm/vm_ffi.o obj/nanovm/vm_builtins.o obj/nanovm/cop_protocol.o obj/nanovm/vm_ffi_arrays.o obj/runtime/callback_runtime.o obj/nanoisa/file_flow.o obj/nanoisa/service_file_nominal.o obj/nanoisa/service_file_nominal_plan.o obj/nanoisa/service_bindings.o obj/nanoisa/service_bindings_module.o obj/nanoisa/mixed_float_proof.o obj/nanoisa/managed_array_shapes.o obj/nanoisa/local_bindings.o obj/nanoisa/affine_bytecode.o obj/nanoisa/affine_state.o obj/nanoisa/ownership_contracts.o obj/nanoisa/retained_layouts.o obj/nanoisa/reference_places.o obj/nanoisa/passive.o obj/nanoisa/isa.o obj/nanoisa/verifier_types.o obj/nanoisa/nvm_format.o obj/nanoisa/nvm_format_v2.o obj/nanoisa/nvm_v2_cursor.o obj/nanoisa/nvm_v2_constants.o obj/nanoisa/nvm_v2_signatures.o obj/nanoisa/nvm_v2_layouts.o obj/nanoisa/nvm_v2_functions.o obj/nanoisa/nvm_v2_imports.o obj/nanoisa/nvm_v2_module.o obj/nanoisa/nvm_v2_convert.o obj/nanoisa/assembler.o obj/nanoisa/disassembler.o obj/nanoisa/verifier.o obj/nanoisa/nvm2c.o obj/nanoisa/nvm2c_shape.o obj/nanoisa/nvm2c_callables.o obj/nanoisa/frontend.o obj/nanoisa/nanoisa_facade.o obj/nanovm/vm_decode.o obj/nanovm/vm_dispatch.o lib/libnano_compiler_inputs.a \
		obj/lexer.o obj/parser.o obj/typechecker.o obj/transpiler.o obj/stdlib_runtime.o obj/env.o obj/builtins_registry.o obj/module.o obj/module_metadata.o obj/cJSON.o obj/toon_output.o obj/module_builder.o obj/resource_tracking.o obj/eval.o obj/eval/eval_hashmap.o obj/eval/eval_math.o obj/eval/eval_string.o obj/eval/eval_io.o obj/interpreter_ffi.o obj/json_diagnostics.o obj/reflection.o obj/nanocore_subset.o obj/nanocore_export.o obj/emit_typed_ast.o obj/type_infer.o obj/effects.o obj/fold_constants.o obj/dce_pass.o obj/par_let_pass.o obj/ptx_backend.o obj/opencl_backend.o obj/tco_pass.o obj/cps_pass.o obj/coroutine.o obj/pgo_pass.o obj/c_backend.o obj/bench.o obj/bench_native.o obj/riscv_backend.o obj/dwarf_info.o obj/docgen_md.o obj/docgen.o obj/fmt.o obj/channel.o obj/bcp47.o obj/locale.o obj/utf8.o obj/diag_id.o obj/catalog.o obj/resource_flow.o obj/nominal_types.o obj/service_namespace.o obj/service_bodies.o obj/service_ownership.o lib/libnano_compiler_inputs.a obj/runtime/list_int.o obj/runtime/list_bool.o obj/runtime/list_string.o obj/runtime/list_LexerToken.o obj/runtime/list_token.o obj/runtime/list_CompilerDiagnostic.o obj/runtime/list_CompilerSourceLocation.o obj/runtime/list_ASTNumber.o obj/runtime/list_ASTFloat.o obj/runtime/list_ASTString.o obj/runtime/list_ASTBool.o obj/runtime/list_ASTIdentifier.o obj/runtime/list_ASTBinaryOp.o obj/runtime/list_ASTCall.o obj/runtime/list_ASTModuleQualifiedCall.o obj/runtime/list_ASTArrayLiteral.o obj/runtime/list_ASTLet.o obj/runtime/list_ASTSet.o obj/runtime/list_ASTStmtRef.o obj/runtime/list_ASTIf.o obj/runtime/list_ASTWhile.o obj/runtime/list_ASTFor.o obj/runtime/list_ASTReturn.o obj/runtime/list_ASTBlock.o obj/runtime/list_ASTUnsafeBlock.o obj/runtime/list_ASTPrint.o obj/runtime/list_ASTAssert.o obj/runtime/list_ASTFunction.o obj/runtime/list_ASTShadow.o obj/runtime/list_ASTStruct.o obj/runtime/list_ASTStructLiteral.o obj/runtime/list_ASTFieldAccess.o obj/runtime/list_ASTEnum.o obj/runtime/list_ASTUnion.o obj/runtime/list_ASTUnionConstruct.o obj/runtime/list_ASTMatch.o obj/runtime/list_ASTImport.o obj/runtime/list_ASTOpaqueType.o obj/runtime/list_ASTServiceDecl.o obj/runtime/list_ASTTupleLiteral.o obj/runtime/list_ASTTupleIndex.o obj/runtime/token_helpers.o obj/runtime/gc.o obj/runtime/effect_runtime.o obj/runtime/dyn_array.o obj/runtime/gc_struct.o obj/runtime/nl_string.o obj/runtime/ffi_loader.o obj/runtime/module_build_dir.o obj/runtime/cli.o obj/runtime/regex.o obj/nanovirt/main.o obj/service_driver.o obj/service_lowering.o obj/runtime/service_product.o obj/runtime/service_shadows.o lib/libnano_file_runtime.a -lm -lcrypto -lffi -L/opt/homebrew/Cellar/openssl@3/3.6.5/lib
ld: warning: ignoring duplicate libraries: 'lib/libnano_compiler_inputs.a'
/opt/homebrew/opt/llvm/bin/clang -Wall -Wextra -Werror -std=c99 -g -O3 -ftree-vectorize -fPIC -Isrc -D_GNU_SOURCE -I'/Applications/Xcode.app/Contents/Developer/Platforms/MacOSX.platform/Developer/SDKs/MacOSX27.0.sdk/usr/include/ffi' -I/opt/homebrew/Cellar/openssl@3/3.6.5/include -o bin/nano_vm obj/nanovm/value.o obj/nanovm/heap.o obj/nanovm/heap_cycles.o obj/nanovm/vm.o obj/nanovm/vm_callback.o obj/nanovm/vm_ffi.o obj/nanovm/vm_builtins.o obj/nanovm/cop_protocol.o obj/nanovm/vm_ffi_arrays.o obj/runtime/callback_runtime.o obj/nanoisa/file_flow.o obj/nanoisa/service_file_nominal.o obj/nanoisa/service_file_nominal_plan.o obj/nanoisa/service_bindings.o obj/nanoisa/service_bindings_module.o obj/nanoisa/mixed_float_proof.o obj/nanoisa/managed_array_shapes.o obj/nanoisa/local_bindings.o obj/nanoisa/affine_bytecode.o obj/nanoisa/affine_state.o obj/nanoisa/ownership_contracts.o obj/nanoisa/retained_layouts.o obj/nanoisa/reference_places.o obj/nanoisa/passive.o obj/nanoisa/isa.o obj/nanoisa/verifier_types.o obj/nanoisa/nvm_format.o obj/nanoisa/nvm_format_v2.o obj/nanoisa/nvm_v2_cursor.o obj/nanoisa/nvm_v2_constants.o obj/nanoisa/nvm_v2_signatures.o obj/nanoisa/nvm_v2_layouts.o obj/nanoisa/nvm_v2_functions.o obj/nanoisa/nvm_v2_imports.o obj/nanoisa/nvm_v2_module.o obj/nanoisa/nvm_v2_convert.o obj/nanoisa/assembler.o obj/nanoisa/disassembler.o obj/nanoisa/verifier.o obj/nanoisa/nvm2c.o obj/nanoisa/nvm2c_shape.o obj/nanoisa/nvm2c_callables.o obj/nanoisa/frontend.o obj/nanoisa/nanoisa_facade.o obj/nanovm/vm_decode.o obj/nanovm/vm_dispatch.o lib/libnano_compiler_inputs.a obj/lexer.o obj/parser.o obj/typechecker.o obj/transpiler.o obj/stdlib_runtime.o obj/env.o obj/builtins_registry.o obj/module.o obj/module_metadata.o obj/cJSON.o obj/toon_output.o obj/module_builder.o obj/resource_tracking.o obj/eval.o obj/eval/eval_hashmap.o obj/eval/eval_math.o obj/eval/eval_string.o obj/eval/eval_io.o obj/interpreter_ffi.o obj/json_diagnostics.o obj/reflection.o obj/nanocore_subset.o obj/nanocore_export.o obj/emit_typed_ast.o obj/type_infer.o obj/effects.o obj/fold_constants.o obj/dce_pass.o obj/par_let_pass.o obj/ptx_backend.o obj/opencl_backend.o obj/tco_pass.o obj/cps_pass.o obj/coroutine.o obj/pgo_pass.o obj/c_backend.o obj/bench.o obj/bench_native.o obj/riscv_backend.o obj/dwarf_info.o obj/docgen_md.o obj/docgen.o obj/fmt.o obj/channel.o obj/bcp47.o obj/locale.o obj/utf8.o obj/diag_id.o obj/catalog.o obj/resource_flow.o obj/nominal_types.o obj/service_namespace.o obj/service_bodies.o obj/service_ownership.o lib/libnano_compiler_inputs.a obj/runtime/list_int.o obj/runtime/list_bool.o obj/runtime/list_string.o obj/runtime/list_LexerToken.o obj/runtime/list_token.o obj/runtime/list_CompilerDiagnostic.o obj/runtime/list_CompilerSourceLocation.o obj/runtime/list_ASTNumber.o obj/runtime/list_ASTFloat.o obj/runtime/list_ASTString.o obj/runtime/list_ASTBool.o obj/runtime/list_ASTIdentifier.o obj/runtime/list_ASTBinaryOp.o obj/runtime/list_ASTCall.o obj/runtime/list_ASTModuleQualifiedCall.o obj/runtime/list_ASTArrayLiteral.o obj/runtime/list_ASTLet.o obj/runtime/list_ASTSet.o obj/runtime/list_ASTStmtRef.o obj/runtime/list_ASTIf.o obj/runtime/list_ASTWhile.o obj/runtime/list_ASTFor.o obj/runtime/list_ASTReturn.o obj/runtime/list_ASTBlock.o obj/runtime/list_ASTUnsafeBlock.o obj/runtime/list_ASTPrint.o obj/runtime/list_ASTAssert.o obj/runtime/list_ASTFunction.o obj/runtime/list_ASTShadow.o obj/runtime/list_ASTStruct.o obj/runtime/list_ASTStructLiteral.o obj/runtime/list_ASTFieldAccess.o obj/runtime/list_ASTEnum.o obj/runtime/list_ASTUnion.o obj/runtime/list_ASTUnionConstruct.o obj/runtime/list_ASTMatch.o obj/runtime/list_ASTImport.o obj/runtime/list_ASTOpaqueType.o obj/runtime/list_ASTServiceDecl.o obj/runtime/list_ASTTupleLiteral.o obj/runtime/list_ASTTupleIndex.o obj/runtime/token_helpers.o obj/runtime/gc.o obj/runtime/effect_runtime.o obj/runtime/dyn_array.o obj/runtime/gc_struct.o obj/runtime/nl_string.o obj/runtime/ffi_loader.o obj/runtime/module_build_dir.o obj/runtime/cli.o obj/runtime/regex.o \
		obj/nanovm/vmd_protocol.o obj/nanovm/vmd_client.o \
		obj/nanovm/main.o obj/nanoisa/file_cli.o lib/libnano_file_runtime.a -lm -lcrypto -lffi -L/opt/homebrew/Cellar/openssl@3/3.6.5/lib
ld: warning: ignoring duplicate libraries: 'lib/libnano_compiler_inputs.a'
Stage 1: Building C reference compiler...
✓ C Compiler: bin/nanoc_c
FILE_CYCLIC_OBJECTS="obj/nanoisa/service_bindings.o obj/nanoisa/service_bindings_module.o obj/nanoisa/mixed_float_proof.o obj/nanoisa/managed_array_shapes.o obj/nanoisa/local_bindings.o obj/nanoisa/affine_bytecode.o obj/nanoisa/affine_state.o obj/nanoisa/ownership_contracts.o obj/nanoisa/retained_layouts.o obj/nanoisa/reference_places.o obj/nanoisa/passive.o obj/nanoisa/isa.o obj/nanoisa/verifier_types.o obj/nanoisa/nvm_format.o obj/nanoisa/nvm_format_v2.o obj/nanoisa/nvm_v2_cursor.o obj/nanoisa/nvm_v2_constants.o obj/nanoisa/nvm_v2_signatures.o obj/nanoisa/nvm_v2_layouts.o obj/nanoisa/nvm_v2_functions.o obj/nanoisa/nvm_v2_imports.o obj/nanoisa/nvm_v2_module.o obj/nanoisa/nvm_v2_convert.o obj/nanoisa/assembler.o obj/nanoisa/disassembler.o obj/nanoisa/verifier.o obj/nanoisa/nvm2c.o obj/nanoisa/nvm2c_shape.o obj/nanoisa/nvm2c_callables.o obj/nanoisa/frontend.o obj/nanoisa/nanoisa_facade.o obj/nanovm/vm_decode.o obj/nanovm/vm_dispatch.o lib/libnano_compiler_inputs.a obj/utf8.o" FILE_CYCLIC_LDFLAGS="-lm -lcrypto -lffi -L/opt/homebrew/Cellar/openssl@3/3.6.5/lib" python3 -m unittest -f -v tests.test_file_cyclic
I retain cyclic query artifacts at /var/folders/9z/xpmfgw8j09l4g6wwxrxtt97w0000gn/T/nano-file-cyclic-vqbq72in
test_instrumented_cyclic_query (tests.test_file_cyclic.FileCyclic.test_instrumented_cyclic_query) ... PASS 9508 private acyclic File body checks; no hosted stack ABI or execution authority
I checked 47 allocation prefixes and 47 transient query failures
PASS 124339 private cyclic query checks; no pending module execution
ok
test_linked_cyclic_query (tests.test_file_cyclic.FileCyclic.test_linked_cyclic_query) ... PASS 3663 private acyclic File body checks; no hosted stack ABI or execution authority
PASS 108837 private cyclic query checks; no pending module execution
ok

----------------------------------------------------------------------
Ran 2 tests in 5.400s

OK
NANO_FILE_CYCLIC_HOSTED_CC="/opt/homebrew/opt/llvm/bin/clang" NANO_FILE_CYCLIC_HOSTED_CFLAGS="-Wall -Wextra -Werror -std=c99 -g -O3 -ftree-vectorize -fPIC -Isrc -D_GNU_SOURCE -I'/Applications/Xcode.app/Contents/Developer/Platforms/MacOSX.platform/Developer/SDKs/MacOSX27.0.sdk/usr/include/ffi' -I/opt/homebrew/Cellar/openssl@3/3.6.5/include" FILE_CYCLIC_HOSTED_OBJECTS="obj/nanoisa/file_flow.o obj/nanoisa/service_file_nominal.o obj/nanoisa/service_file_nominal_plan.o obj/nanoisa/service_bindings.o obj/nanoisa/service_bindings_module.o obj/nanoisa/mixed_float_proof.o obj/nanoisa/managed_array_shapes.o obj/nanoisa/local_bindings.o obj/nanoisa/affine_bytecode.o obj/nanoisa/affine_state.o obj/nanoisa/ownership_contracts.o obj/nanoisa/retained_layouts.o obj/nanoisa/reference_places.o obj/nanoisa/passive.o obj/nanoisa/isa.o obj/nanoisa/verifier_types.o obj/nanoisa/nvm_format.o obj/nanoisa/nvm_format_v2.o obj/nanoisa/nvm_v2_cursor.o obj/nanoisa/nvm_v2_constants.o obj/nanoisa/nvm_v2_signatures.o obj/nanoisa/nvm_v2_layouts.o obj/nanoisa/nvm_v2_functions.o obj/nanoisa/nvm_v2_imports.o obj/nanoisa/nvm_v2_module.o obj/nanoisa/nvm_v2_convert.o obj/nanoisa/assembler.o obj/nanoisa/disassembler.o obj/nanoisa/verifier.o obj/nanoisa/nvm2c.o obj/nanoisa/nvm2c_shape.o obj/nanoisa/nvm2c_callables.o obj/nanoisa/frontend.o obj/nanoisa/nanoisa_facade.o obj/nanovm/vm_decode.o obj/nanovm/vm_dispatch.o lib/libnano_compiler_inputs.a obj/utf8.o" FILE_CYCLIC_HOSTED_LDFLAGS="-lm -lcrypto -lffi -L/opt/homebrew/Cellar/openssl@3/3.6.5/lib" python3 -m unittest -f -v tests.test_file_cyclic_hosted
I retain cyclic hosted artifacts at /var/folders/9z/xpmfgw8j09l4g6wwxrxtt97w0000gn/T/nano-file-cyclic-hosted-_tx6tgbo
test_full_chain_allocations_and_all_variants (tests.test_file_cyclic_hosted.FileCyclicHosted.test_full_chain_allocations_and_all_variants) ... I retain 435 transient refusals and 0 complete recovered plans after one allocation failure
I retain 55 precise MEMORY and 380 ambiguous UNRESOLVED allocation prefixes
PASS 597902 private serialized File hosted-plan checks; no handler or public admission
I compared full hosted variants: service mask 2, calls 0, borrowed calls 0
I compared full hosted variants: service mask 2, calls 0, borrowed calls 0
I compared full hosted variants: service mask 31, calls 2, borrowed calls 1
I compared full hosted variants: service mask 31, calls 2, borrowed calls 1
I compared full hosted variants: service mask 2, calls 0, borrowed calls 0
I compared full hosted variants: service mask 2, calls 0, borrowed calls 0
I compared full hosted variants: service mask 31, calls 2, borrowed calls 1
I compared full hosted variants: service mask 31, calls 2, borrowed calls 1
I compared full hosted variants: service mask 2, calls 0, borrowed calls 0
I checked cyclic hosted allocation prefixes 376 and transient refusals 376, complete recoveries 0/0
PASS 1279978 private cyclic hosted checks; no runtime or service execution
ok
test_linked_copied_cyclic_hosted_facts (tests.test_file_cyclic_hosted.FileCyclicHosted.test_linked_copied_cyclic_hosted_facts) ... PASS 2519 private serialized File hosted-plan checks; no handler or public admission
I compared full hosted variants: service mask 2, calls 0, borrowed calls 0
I compared full hosted variants: service mask 2, calls 0, borrowed calls 0
I compared full hosted variants: service mask 31, calls 2, borrowed calls 1
I compared full hosted variants: service mask 31, calls 2, borrowed calls 1
I compared full hosted variants: service mask 2, calls 0, borrowed calls 0
I compared full hosted variants: service mask 2, calls 0, borrowed calls 0
I compared full hosted variants: service mask 31, calls 2, borrowed calls 1
I compared full hosted variants: service mask 31, calls 2, borrowed calls 1
I compared full hosted variants: service mask 2, calls 0, borrowed calls 0
PASS 237053 private cyclic hosted checks; no runtime or service execution
ok

----------------------------------------------------------------------
Ran 2 tests in 11.168s

OK
NANO_FILE_INDIRECT_HOSTED_CC="/opt/homebrew/opt/llvm/bin/clang" NANO_FILE_INDIRECT_HOSTED_CFLAGS="-Wall -Wextra -Werror -std=c99 -g -O3 -ftree-vectorize -fPIC -Isrc -D_GNU_SOURCE -I'/Applications/Xcode.app/Contents/Developer/Platforms/MacOSX.platform/Developer/SDKs/MacOSX27.0.sdk/usr/include/ffi' -I/opt/homebrew/Cellar/openssl@3/3.6.5/include" FILE_INDIRECT_HOSTED_OBJECTS="obj/nanoisa/file_flow.o obj/nanoisa/service_file_nominal.o obj/nanoisa/service_file_nominal_plan.o obj/nanoisa/service_bindings.o obj/nanoisa/service_bindings_module.o obj/nanoisa/mixed_float_proof.o obj/nanoisa/managed_array_shapes.o obj/nanoisa/local_bindings.o obj/nanoisa/affine_bytecode.o obj/nanoisa/affine_state.o obj/nanoisa/ownership_contracts.o obj/nanoisa/retained_layouts.o obj/nanoisa/reference_places.o obj/nanoisa/passive.o obj/nanoisa/isa.o obj/nanoisa/verifier_types.o obj/nanoisa/nvm_format.o obj/nanoisa/nvm_format_v2.o obj/nanoisa/nvm_v2_cursor.o obj/nanoisa/nvm_v2_constants.o obj/nanoisa/nvm_v2_signatures.o obj/nanoisa/nvm_v2_layouts.o obj/nanoisa/nvm_v2_functions.o obj/nanoisa/nvm_v2_imports.o obj/nanoisa/nvm_v2_module.o obj/nanoisa/nvm_v2_convert.o obj/nanoisa/assembler.o obj/nanoisa/disassembler.o obj/nanoisa/verifier.o obj/nanoisa/nvm2c.o obj/nanoisa/nvm2c_shape.o obj/nanoisa/nvm2c_callables.o obj/nanoisa/frontend.o obj/nanoisa/nanoisa_facade.o obj/nanovm/vm_decode.o obj/nanovm/vm_dispatch.o lib/libnano_compiler_inputs.a obj/utf8.o" FILE_INDIRECT_HOSTED_LDFLAGS="-lm -lcrypto -lffi -L/opt/homebrew/Cellar/openssl@3/3.6.5/lib" python3 -m unittest -f -v tests.test_file_indirect_hosted
I retain indirect hosted artifacts at /var/folders/9z/xpmfgw8j09l4g6wwxrxtt97w0000gn/T/nano-file-indirect-hosted-pol_409s
test_full_chain_allocations_and_all_variants (tests.test_file_indirect_hosted.FileIndirectHosted.test_full_chain_allocations_and_all_variants) ... I retain 435 transient refusals and 0 complete recovered plans after one allocation failure
I retain 55 precise MEMORY and 380 ambiguous UNRESOLVED allocation prefixes
PASS 597902 private serialized File hosted-plan checks; no handler or public admission
I compared full hosted variants: service mask 2, calls 1, borrowed calls 0
I compared full hosted variants: service mask 2, calls 1, borrowed calls 0
I compared full hosted variants: service mask 2, calls 1, borrowed calls 0
I compared full hosted variants: service mask 2, calls 1, borrowed calls 0
I compared full hosted variants: service mask 2, calls 1, borrowed calls 0
I compared full hosted variants: service mask 2, calls 1, borrowed calls 0
I compared full hosted variants: service mask 2, calls 1, borrowed calls 0
I compared full hosted variants: service mask 2, calls 1, borrowed calls 0
I compared full hosted variants: service mask 2, calls 1, borrowed calls 0
I compared full hosted variants: service mask 2, calls 1, borrowed calls 0
I compared full hosted variants: service mask 2, calls 1, borrowed calls 0
I compared full hosted variants: service mask 2, calls 1, borrowed calls 0
I compared full hosted variants: service mask 2, calls 1, borrowed calls 0
I compared full hosted variants: service mask 2, calls 1, borrowed calls 0
I compared full hosted variants: service mask 2, calls 1, borrowed calls 0
I compared full hosted variants: service mask 2, calls 1, borrowed calls 0
I compared full hosted variants: service mask 31, calls 2, borrowed calls 1
I compared full hosted variants: service mask 31, calls 2, borrowed calls 1
I compared full hosted variants: service mask 3, calls 1, borrowed calls 0
I compared full hosted variants: service mask 3, calls 1, borrowed calls 0
I compared full hosted variants: service mask 3, calls 1, borrowed calls 0
I compared full hosted variants: service mask 3, calls 1, borrowed calls 0
I compared full hosted variants: service mask 3, calls 1, borrowed calls 0
I compared full hosted variants: service mask 3, calls 1, borrowed calls 0
I compared full hosted variants: service mask 3, calls 1, borrowed calls 0
I compared full hosted variants: service mask 3, calls 1, borrowed calls 0
I checked indirect hosted allocation prefixes 409 and transient refusals 409, complete recoveries 0/0
PASS 1901740 private indirect hosted checks; no runtime or service execution
ok
test_linked_copied_indirect_hosted_facts (tests.test_file_indirect_hosted.FileIndirectHosted.test_linked_copied_indirect_hosted_facts) ... PASS 2519 private serialized File hosted-plan checks; no handler or public admission
I compared full hosted variants: service mask 2, calls 1, borrowed calls 0
I compared full hosted variants: service mask 2, calls 1, borrowed calls 0
I compared full hosted variants: service mask 2, calls 1, borrowed calls 0
I compared full hosted variants: service mask 2, calls 1, borrowed calls 0
I compared full hosted variants: service mask 2, calls 1, borrowed calls 0
I compared full hosted variants: service mask 2, calls 1, borrowed calls 0
I compared full hosted variants: service mask 2, calls 1, borrowed calls 0
I compared full hosted variants: service mask 2, calls 1, borrowed calls 0
I compared full hosted variants: service mask 2, calls 1, borrowed calls 0
I compared full hosted variants: service mask 2, calls 1, borrowed calls 0
I compared full hosted variants: service mask 2, calls 1, borrowed calls 0
I compared full hosted variants: service mask 2, calls 1, borrowed calls 0
I compared full hosted variants: service mask 2, calls 1, borrowed calls 0
I compared full hosted variants: service mask 2, calls 1, borrowed calls 0
I compared full hosted variants: service mask 2, calls 1, borrowed calls 0
I compared full hosted variants: service mask 2, calls 1, borrowed calls 0
I compared full hosted variants: service mask 31, calls 2, borrowed calls 1
I compared full hosted variants: service mask 31, calls 2, borrowed calls 1
I compared full hosted variants: service mask 3, calls 1, borrowed calls 0
I compared full hosted variants: service mask 3, calls 1, borrowed calls 0
I compared full hosted variants: service mask 3, calls 1, borrowed calls 0
I compared full hosted variants: service mask 3, calls 1, borrowed calls 0
I compared full hosted variants: service mask 3, calls 1, borrowed calls 0
I compared full hosted variants: service mask 3, calls 1, borrowed calls 0
I compared full hosted variants: service mask 3, calls 1, borrowed calls 0
I compared full hosted variants: service mask 3, calls 1, borrowed calls 0
PASS 770427 private indirect hosted checks; no runtime or service execution
ok

----------------------------------------------------------------------
Ran 2 tests in 10.992s

OK
