/usr/bin/clang -std=c11 -D_DEFAULT_SOURCE -g -O1 -Wall -Wextra -Werror -fno-omit-frame-pointer tests/nanoisa/test_socket_flow.c src/nanoisa/service_socket_nominal.c src/nsi_file_plan.c src/nsi_socket_plan.c src/nanoisa/service_socket_nominal_plan.c src/nanoisa/socket_flow.c obj/nanoisa/file_flow.o obj/nanoisa/service_file_nominal.o obj/nanoisa/service_file_nominal_plan.o obj/nanoisa/service_bindings.o obj/nanoisa/service_bindings_module.o obj/nanoisa/mixed_float_proof.o obj/nanoisa/managed_array_shapes.o obj/nanoisa/local_bindings.o obj/nanoisa/affine_bytecode.o obj/nanoisa/affine_state.o obj/nanoisa/ownership_contracts.o obj/nanoisa/retained_layouts.o obj/nanoisa/reference_places.o obj/nanoisa/passive.o obj/nanoisa/isa.o obj/nanoisa/verifier_types.o obj/nanoisa/nvm_format.o obj/nanoisa/nvm_format_v2.o obj/nanoisa/nvm_v2_cursor.o obj/nanoisa/nvm_v2_constants.o obj/nanoisa/nvm_v2_signatures.o obj/nanoisa/nvm_v2_layouts.o obj/nanoisa/nvm_v2_functions.o obj/nanoisa/nvm_v2_imports.o obj/nanoisa/nvm_v2_module.o obj/nanoisa/nvm_v2_convert.o obj/nanoisa/assembler.o obj/nanoisa/disassembler.o obj/nanoisa/verifier.o obj/nanoisa/nvm2c.o obj/nanoisa/nvm2c_shape.o obj/nanoisa/nvm2c_callables.o obj/nanoisa/frontend.o obj/nanoisa/nanoisa_facade.o obj/nanovm/vm_decode.o obj/nanovm/vm_dispatch.o lib/libnano_compiler_inputs.a obj/utf8.o -lm -lcrypto -lffi -L/opt/homebrew/Cellar/openssl@3/3.6.5/lib -o /private/tmp/nl51-tcp-flow-clang-linked
exit: 0
/private/tmp/nl51-tcp-flow-clang-linked
PASS 4188 private TCP flow checks; no CODE, public admission or host service execution
exit: 0
/usr/bin/clang -std=c11 -D_DEFAULT_SOURCE -g -O1 -Wall -Wextra -Werror -fno-omit-frame-pointer -DFLOW_INSTRUMENT tests/nanoisa/test_socket_flow.c src/nanoisa/service_socket_nominal.c src/nsi_file_plan.c src/nsi_socket_plan.c obj/nanoisa/file_flow.o obj/nanoisa/service_file_nominal.o obj/nanoisa/service_file_nominal_plan.o obj/nanoisa/service_bindings.o obj/nanoisa/service_bindings_module.o obj/nanoisa/mixed_float_proof.o obj/nanoisa/managed_array_shapes.o obj/nanoisa/local_bindings.o obj/nanoisa/affine_bytecode.o obj/nanoisa/affine_state.o obj/nanoisa/ownership_contracts.o obj/nanoisa/retained_layouts.o obj/nanoisa/reference_places.o obj/nanoisa/passive.o obj/nanoisa/isa.o obj/nanoisa/verifier_types.o obj/nanoisa/nvm_format.o obj/nanoisa/nvm_format_v2.o obj/nanoisa/nvm_v2_cursor.o obj/nanoisa/nvm_v2_constants.o obj/nanoisa/nvm_v2_signatures.o obj/nanoisa/nvm_v2_layouts.o obj/nanoisa/nvm_v2_functions.o obj/nanoisa/nvm_v2_imports.o obj/nanoisa/nvm_v2_module.o obj/nanoisa/nvm_v2_convert.o obj/nanoisa/assembler.o obj/nanoisa/disassembler.o obj/nanoisa/verifier.o obj/nanoisa/nvm2c.o obj/nanoisa/nvm2c_shape.o obj/nanoisa/nvm2c_callables.o obj/nanoisa/frontend.o obj/nanoisa/nanoisa_facade.o obj/nanovm/vm_decode.o obj/nanovm/vm_dispatch.o lib/libnano_compiler_inputs.a obj/utf8.o -lm -lcrypto -lffi -L/opt/homebrew/Cellar/openssl@3/3.6.5/lib -o /private/tmp/nl51-tcp-flow-clang-instrumented
exit: 0
/private/tmp/nl51-tcp-flow-clang-instrumented
PASS 4369 private TCP flow checks; no CODE, public admission or host service execution
exit: 0
/opt/homebrew/bin/gcc-16 -std=c11 -D_DEFAULT_SOURCE -g -O1 -Wall -Wextra -Werror -fno-omit-frame-pointer tests/nanoisa/test_socket_flow.c src/nanoisa/service_socket_nominal.c src/nsi_file_plan.c src/nsi_socket_plan.c src/nanoisa/service_socket_nominal_plan.c src/nanoisa/socket_flow.c obj/nanoisa/file_flow.o obj/nanoisa/service_file_nominal.o obj/nanoisa/service_file_nominal_plan.o obj/nanoisa/service_bindings.o obj/nanoisa/service_bindings_module.o obj/nanoisa/mixed_float_proof.o obj/nanoisa/managed_array_shapes.o obj/nanoisa/local_bindings.o obj/nanoisa/affine_bytecode.o obj/nanoisa/affine_state.o obj/nanoisa/ownership_contracts.o obj/nanoisa/retained_layouts.o obj/nanoisa/reference_places.o obj/nanoisa/passive.o obj/nanoisa/isa.o obj/nanoisa/verifier_types.o obj/nanoisa/nvm_format.o obj/nanoisa/nvm_format_v2.o obj/nanoisa/nvm_v2_cursor.o obj/nanoisa/nvm_v2_constants.o obj/nanoisa/nvm_v2_signatures.o obj/nanoisa/nvm_v2_layouts.o obj/nanoisa/nvm_v2_functions.o obj/nanoisa/nvm_v2_imports.o obj/nanoisa/nvm_v2_module.o obj/nanoisa/nvm_v2_convert.o obj/nanoisa/assembler.o obj/nanoisa/disassembler.o obj/nanoisa/verifier.o obj/nanoisa/nvm2c.o obj/nanoisa/nvm2c_shape.o obj/nanoisa/nvm2c_callables.o obj/nanoisa/frontend.o obj/nanoisa/nanoisa_facade.o obj/nanovm/vm_decode.o obj/nanovm/vm_dispatch.o lib/libnano_compiler_inputs.a obj/utf8.o -lm -lcrypto -lffi -L/opt/homebrew/Cellar/openssl@3/3.6.5/lib -o /private/tmp/nl51-tcp-flow-gcc-16-linked
tests/nanoisa/test_socket_flow.c: In function 'limits':
tests/nanoisa/test_socket_flow.c:175:2: error: this 'for' clause does not guard... [-Werror=misleading-indentation]
  175 |  for(unsigned i=1;i<256;i++)OK(nvm_socket_flow_drop_stack(s));OK(nvm_socket_flow_drop_local(s,1));
      |  ^~~
tests/nanoisa/test_socket_flow.c:13:18: note: ...this statement, but the latter is misleadingly indented as if it were guarded by the 'for'
   13 | #define CHECK(x) do { checks++; if(!(x)){fprintf(stderr,"FAIL %d: %s\n",__LINE__,#x);exit(1);} } while(0)
      |                  ^~
tests/nanoisa/test_socket_flow.c:14:15: note: in expansion of macro 'CHECK'
   14 | #define OK(x) CHECK((x)==NVM_SOCKET_FLOW_OK)
      |               ^~~~~
tests/nanoisa/test_socket_flow.c:175:63: note: in expansion of macro 'OK'
  175 |  for(unsigned i=1;i<256;i++)OK(nvm_socket_flow_drop_stack(s));OK(nvm_socket_flow_drop_local(s,1));
      |                                                               ^~
tests/nanoisa/test_socket_flow.c:181:2: error: this 'for' clause does not guard... [-Werror=misleading-indentation]
  181 |  for(unsigned i=0;i<256;i++)OK(nvm_socket_flow_region_end(s));OK(nvm_socket_flow_drop_local(s,0));finish(s);nvm_socket_flow_state_free(s);
      |  ^~~
tests/nanoisa/test_socket_flow.c:13:18: note: ...this statement, but the latter is misleadingly indented as if it were guarded by the 'for'
   13 | #define CHECK(x) do { checks++; if(!(x)){fprintf(stderr,"FAIL %d: %s\n",__LINE__,#x);exit(1);} } while(0)
      |                  ^~
tests/nanoisa/test_socket_flow.c:14:15: note: in expansion of macro 'CHECK'
   14 | #define OK(x) CHECK((x)==NVM_SOCKET_FLOW_OK)
      |               ^~~~~
tests/nanoisa/test_socket_flow.c:181:63: note: in expansion of macro 'OK'
  181 |  for(unsigned i=0;i<256;i++)OK(nvm_socket_flow_region_end(s));OK(nvm_socket_flow_drop_local(s,0));finish(s);nvm_socket_flow_state_free(s);
      |                                                               ^~
tests/nanoisa/test_socket_flow.c: In function 'endpoint_contract':
tests/nanoisa/test_socket_flow.c:199:2: error: this 'for' clause does not guard... [-Werror=misleading-indentation]
  199 |  for(unsigned i=0;i<6;i++)OK(nvm_socket_flow_push_scalar(s,TAG_INT));OK(nvm_socket_flow_push_scalar(s,TAG_BOOL));
      |  ^~~
tests/nanoisa/test_socket_flow.c:13:18: note: ...this statement, but the latter is misleadingly indented as if it were guarded by the 'for'
   13 | #define CHECK(x) do { checks++; if(!(x)){fprintf(stderr,"FAIL %d: %s\n",__LINE__,#x);exit(1);} } while(0)
      |                  ^~
tests/nanoisa/test_socket_flow.c:14:15: note: in expansion of macro 'CHECK'
   14 | #define OK(x) CHECK((x)==NVM_SOCKET_FLOW_OK)
      |               ^~~~~
tests/nanoisa/test_socket_flow.c:199:70: note: in expansion of macro 'OK'
  199 |  for(unsigned i=0;i<6;i++)OK(nvm_socket_flow_push_scalar(s,TAG_INT));OK(nvm_socket_flow_push_scalar(s,TAG_BOOL));
      |                                                                      ^~
cc1: all warnings being treated as errors
exit: 1
