NANO_SOCKET_FLOW_CC="/opt/homebrew/opt/llvm/bin/clang" SOCKET_FLOW_OBJECTS="obj/nanoisa/file_flow.o obj/nanoisa/service_file_nominal.o obj/nanoisa/service_file_nominal_plan.o obj/nanoisa/service_bindings.o obj/nanoisa/service_bindings_module.o obj/nanoisa/mixed_float_proof.o obj/nanoisa/managed_array_shapes.o obj/nanoisa/local_bindings.o obj/nanoisa/affine_bytecode.o obj/nanoisa/affine_state.o obj/nanoisa/ownership_contracts.o obj/nanoisa/retained_layouts.o obj/nanoisa/reference_places.o obj/nanoisa/passive.o obj/nanoisa/isa.o obj/nanoisa/verifier_types.o obj/nanoisa/nvm_format.o obj/nanoisa/nvm_format_v2.o obj/nanoisa/nvm_v2_cursor.o obj/nanoisa/nvm_v2_constants.o obj/nanoisa/nvm_v2_signatures.o obj/nanoisa/nvm_v2_layouts.o obj/nanoisa/nvm_v2_functions.o obj/nanoisa/nvm_v2_imports.o obj/nanoisa/nvm_v2_module.o obj/nanoisa/nvm_v2_convert.o obj/nanoisa/assembler.o obj/nanoisa/disassembler.o obj/nanoisa/verifier.o obj/nanoisa/nvm2c.o obj/nanoisa/nvm2c_shape.o obj/nanoisa/nvm2c_callables.o obj/nanoisa/frontend.o obj/nanoisa/nanoisa_facade.o obj/nanovm/vm_decode.o obj/nanovm/vm_dispatch.o lib/libnano_compiler_inputs.a obj/utf8.o" SOCKET_FLOW_LDFLAGS="-lm -lcrypto -lffi -L/opt/homebrew/Cellar/openssl@3/3.6.5/lib" python3 -m unittest -f -v tests.test_socket_flow
NANO_SOCKET_CODE_CC="/opt/homebrew/opt/llvm/bin/clang" SOCKET_CODE_OBJECTS="obj/nanoisa/file_flow.o obj/nanoisa/service_file_nominal.o obj/nanoisa/service_file_nominal_plan.o obj/nanoisa/service_bindings.o obj/nanoisa/service_bindings_module.o obj/nanoisa/mixed_float_proof.o obj/nanoisa/managed_array_shapes.o obj/nanoisa/local_bindings.o obj/nanoisa/affine_bytecode.o obj/nanoisa/affine_state.o obj/nanoisa/ownership_contracts.o obj/nanoisa/retained_layouts.o obj/nanoisa/reference_places.o obj/nanoisa/passive.o obj/nanoisa/isa.o obj/nanoisa/verifier_types.o obj/nanoisa/nvm_format.o obj/nanoisa/nvm_format_v2.o obj/nanoisa/nvm_v2_cursor.o obj/nanoisa/nvm_v2_constants.o obj/nanoisa/nvm_v2_signatures.o obj/nanoisa/nvm_v2_layouts.o obj/nanoisa/nvm_v2_functions.o obj/nanoisa/nvm_v2_imports.o obj/nanoisa/nvm_v2_module.o obj/nanoisa/nvm_v2_convert.o obj/nanoisa/assembler.o obj/nanoisa/disassembler.o obj/nanoisa/verifier.o obj/nanoisa/nvm2c.o obj/nanoisa/nvm2c_shape.o obj/nanoisa/nvm2c_callables.o obj/nanoisa/frontend.o obj/nanoisa/nanoisa_facade.o obj/nanovm/vm_decode.o obj/nanovm/vm_dispatch.o lib/libnano_compiler_inputs.a obj/utf8.o" SOCKET_CODE_LDFLAGS="-lm -lcrypto -lffi -L/opt/homebrew/Cellar/openssl@3/3.6.5/lib" python3 -m unittest -f -v tests.test_socket_code
NANO_SOCKET_BODY_CC="/opt/homebrew/opt/llvm/bin/clang" SOCKET_BODY_OBJECTS="obj/nanoisa/file_flow.o obj/nanoisa/service_file_nominal.o obj/nanoisa/service_file_nominal_plan.o obj/nanoisa/service_bindings.o obj/nanoisa/service_bindings_module.o obj/nanoisa/mixed_float_proof.o obj/nanoisa/managed_array_shapes.o obj/nanoisa/local_bindings.o obj/nanoisa/affine_bytecode.o obj/nanoisa/affine_state.o obj/nanoisa/ownership_contracts.o obj/nanoisa/retained_layouts.o obj/nanoisa/reference_places.o obj/nanoisa/passive.o obj/nanoisa/isa.o obj/nanoisa/verifier_types.o obj/nanoisa/nvm_format.o obj/nanoisa/nvm_format_v2.o obj/nanoisa/nvm_v2_cursor.o obj/nanoisa/nvm_v2_constants.o obj/nanoisa/nvm_v2_signatures.o obj/nanoisa/nvm_v2_layouts.o obj/nanoisa/nvm_v2_functions.o obj/nanoisa/nvm_v2_imports.o obj/nanoisa/nvm_v2_module.o obj/nanoisa/nvm_v2_convert.o obj/nanoisa/assembler.o obj/nanoisa/disassembler.o obj/nanoisa/verifier.o obj/nanoisa/nvm2c.o obj/nanoisa/nvm2c_shape.o obj/nanoisa/nvm2c_callables.o obj/nanoisa/frontend.o obj/nanoisa/nanoisa_facade.o obj/nanovm/vm_decode.o obj/nanovm/vm_dispatch.o lib/libnano_compiler_inputs.a obj/utf8.o" SOCKET_BODY_LDFLAGS="-lm -lcrypto -lffi -L/opt/homebrew/Cellar/openssl@3/3.6.5/lib" python3 -m unittest -f -v tests.test_socket_body
I retain TCP flow artifacts at /var/folders/9z/xpmfgw8j09l4g6wwxrxtt97w0000gn/T/nano-socket-flow-a2gal5n_
test_instrumented_flow_transactions_and_allocation (tests.test_socket_flow.SocketFlow.test_instrumented_flow_transactions_and_allocation) ... FILE_FLOW_OBJECTS="obj/nanoisa/service_bindings.o obj/nanoisa/service_bindings_module.o obj/nanoisa/mixed_float_proof.o obj/nanoisa/managed_array_shapes.o obj/nanoisa/local_bindings.o obj/nanoisa/affine_bytecode.o obj/nanoisa/affine_state.o obj/nanoisa/ownership_contracts.o obj/nanoisa/retained_layouts.o obj/nanoisa/reference_places.o obj/nanoisa/passive.o obj/nanoisa/isa.o obj/nanoisa/verifier_types.o obj/nanoisa/nvm_format.o obj/nanoisa/nvm_format_v2.o obj/nanoisa/nvm_v2_cursor.o obj/nanoisa/nvm_v2_constants.o obj/nanoisa/nvm_v2_signatures.o obj/nanoisa/nvm_v2_layouts.o obj/nanoisa/nvm_v2_functions.o obj/nanoisa/nvm_v2_imports.o obj/nanoisa/nvm_v2_module.o obj/nanoisa/nvm_v2_convert.o obj/nanoisa/assembler.o obj/nanoisa/disassembler.o obj/nanoisa/verifier.o obj/nanoisa/nvm2c.o obj/nanoisa/nvm2c_shape.o obj/nanoisa/nvm2c_callables.o obj/nanoisa/frontend.o obj/nanoisa/nanoisa_facade.o obj/nanovm/vm_decode.o obj/nanovm/vm_dispatch.o lib/libnano_compiler_inputs.a obj/utf8.o" FILE_FLOW_LDFLAGS="-lm -lcrypto -lffi -L/opt/homebrew/Cellar/openssl@3/3.6.5/lib" python3 -m unittest -f -v tests.test_file_flow
I retain TCP CODE artifacts at /var/folders/9z/xpmfgw8j09l4g6wwxrxtt97w0000gn/T/nano-socket-code-o6e1qn1s
test_instrumented_preparation_allocation_recovery (tests.test_socket_code.SocketCode.test_instrumented_preparation_allocation_recovery) ... I retain TCP body artifacts at /var/folders/9z/xpmfgw8j09l4g6wwxrxtt97w0000gn/T/nano-socket-body-d9d5b8jx
test_instrumented_body_allocation_recovery (tests.test_socket_body.SocketBody.test_instrumented_body_allocation_recovery) ... I retain File flow artifacts at /var/folders/9z/xpmfgw8j09l4g6wwxrxtt97w0000gn/T/nano-file-flow-3eomo1_s
test_instrumented_flow_transactions_and_allocation (tests.test_file_flow.FileFlow.test_instrumented_flow_transactions_and_allocation) ... PASS 4369 private TCP flow checks; no CODE, public admission or host service execution
ok
test_linked_flow_lifetimes_and_old_boundaries (tests.test_socket_flow.SocketFlow.test_linked_flow_lifetimes_and_old_boundaries) ... PASS 2739 private TCP CODE preparation checks; no transfer/body certificate or execution
ok
test_linked_decode_graphs_lifetimes_and_refusal (tests.test_socket_code.SocketCode.test_linked_decode_graphs_lifetimes_and_refusal) ... PASS 12006 private acyclic TCP body checks; no hosted stack ABI or execution authority
ok
test_linked_bodies_lifetimes_and_refusal (tests.test_socket_body.SocketBody.test_linked_bodies_lifetimes_and_refusal) ... PASS 3477 private File flow checks; no CODE, public admission or host service execution
ok
test_linked_flow_lifetimes_and_old_boundaries (tests.test_file_flow.FileFlow.test_linked_flow_lifetimes_and_old_boundaries) ... PASS 4188 private TCP flow checks; no CODE, public admission or host service execution
ok

----------------------------------------------------------------------
Ran 2 tests in 3.342s

OK
FILE_CODE_OBJECTS="obj/nanoisa/service_bindings.o obj/nanoisa/service_bindings_module.o obj/nanoisa/mixed_float_proof.o obj/nanoisa/managed_array_shapes.o obj/nanoisa/local_bindings.o obj/nanoisa/affine_bytecode.o obj/nanoisa/affine_state.o obj/nanoisa/ownership_contracts.o obj/nanoisa/retained_layouts.o obj/nanoisa/reference_places.o obj/nanoisa/passive.o obj/nanoisa/isa.o obj/nanoisa/verifier_types.o obj/nanoisa/nvm_format.o obj/nanoisa/nvm_format_v2.o obj/nanoisa/nvm_v2_cursor.o obj/nanoisa/nvm_v2_constants.o obj/nanoisa/nvm_v2_signatures.o obj/nanoisa/nvm_v2_layouts.o obj/nanoisa/nvm_v2_functions.o obj/nanoisa/nvm_v2_imports.o obj/nanoisa/nvm_v2_module.o obj/nanoisa/nvm_v2_convert.o obj/nanoisa/assembler.o obj/nanoisa/disassembler.o obj/nanoisa/verifier.o obj/nanoisa/nvm2c.o obj/nanoisa/nvm2c_shape.o obj/nanoisa/nvm2c_callables.o obj/nanoisa/frontend.o obj/nanoisa/nanoisa_facade.o obj/nanovm/vm_decode.o obj/nanovm/vm_dispatch.o lib/libnano_compiler_inputs.a obj/utf8.o" FILE_CODE_LDFLAGS="-lm -lcrypto -lffi -L/opt/homebrew/Cellar/openssl@3/3.6.5/lib" python3 -m unittest -f -v tests.test_file_code
PASS 2112 private TCP CODE preparation checks; no transfer/body certificate or execution
ok

----------------------------------------------------------------------
Ran 2 tests in 3.387s

OK
I retain File CODE artifacts at /var/folders/9z/xpmfgw8j09l4g6wwxrxtt97w0000gn/T/nano-file-code-dhltoy0o
FILE_BODY_OBJECTS="obj/nanoisa/service_bindings.o obj/nanoisa/service_bindings_module.o obj/nanoisa/mixed_float_proof.o obj/nanoisa/managed_array_shapes.o obj/nanoisa/local_bindings.o obj/nanoisa/affine_bytecode.o obj/nanoisa/affine_state.o obj/nanoisa/ownership_contracts.o obj/nanoisa/retained_layouts.o obj/nanoisa/reference_places.o obj/nanoisa/passive.o obj/nanoisa/isa.o obj/nanoisa/verifier_types.o obj/nanoisa/nvm_format.o obj/nanoisa/nvm_format_v2.o obj/nanoisa/nvm_v2_cursor.o obj/nanoisa/nvm_v2_constants.o obj/nanoisa/nvm_v2_signatures.o obj/nanoisa/nvm_v2_layouts.o obj/nanoisa/nvm_v2_functions.o obj/nanoisa/nvm_v2_imports.o obj/nanoisa/nvm_v2_module.o obj/nanoisa/nvm_v2_convert.o obj/nanoisa/assembler.o obj/nanoisa/disassembler.o obj/nanoisa/verifier.o obj/nanoisa/nvm2c.o obj/nanoisa/nvm2c_shape.o obj/nanoisa/nvm2c_callables.o obj/nanoisa/frontend.o obj/nanoisa/nanoisa_facade.o obj/nanovm/vm_decode.o obj/nanovm/vm_dispatch.o lib/libnano_compiler_inputs.a obj/utf8.o" FILE_BODY_LDFLAGS="-lm -lcrypto -lffi -L/opt/homebrew/Cellar/openssl@3/3.6.5/lib" python3 -m unittest -f -v tests.test_file_body
test_instrumented_preparation_allocation_recovery (tests.test_file_code.FileCode.test_instrumented_preparation_allocation_recovery) ... PASS 4598 private acyclic TCP body checks; no hosted stack ABI or execution authority
ok

----------------------------------------------------------------------
Ran 2 tests in 3.412s

OK
I retain File body artifacts at /var/folders/9z/xpmfgw8j09l4g6wwxrxtt97w0000gn/T/nano-file-body-05dnea39
test_instrumented_body_allocation_recovery (tests.test_file_body.FileBody.test_instrumented_body_allocation_recovery) ... PASS 3332 private File flow checks; no CODE, public admission or host service execution
ok

----------------------------------------------------------------------
Ran 2 tests in 5.586s

OK
PASS 2409 private File CODE preparation checks; no transfer/body certificate or execution
ok
test_linked_decode_graphs_lifetimes_and_refusal (tests.test_file_code.FileCode.test_linked_decode_graphs_lifetimes_and_refusal) ... PASS 9507 private acyclic File body checks; no hosted stack ABI or execution authority
ok
test_linked_bodies_lifetimes_and_refusal (tests.test_file_body.FileBody.test_linked_bodies_lifetimes_and_refusal) ... PASS 1817 private File CODE preparation checks; no transfer/body certificate or execution
ok

----------------------------------------------------------------------
Ran 2 tests in 5.685s

OK
PASS 3662 private acyclic File body checks; no hosted stack ABI or execution authority
ok

----------------------------------------------------------------------
Ran 2 tests in 5.704s

OK
