NANO_SOCKET_FLOW_CC="/opt/homebrew/opt/llvm/bin/clang" SOCKET_FLOW_OBJECTS="obj/nanoisa/file_flow.o obj/nanoisa/service_file_nominal.o obj/nanoisa/service_file_nominal_plan.o obj/nanoisa/service_bindings.o obj/nanoisa/service_bindings_module.o obj/nanoisa/mixed_float_proof.o obj/nanoisa/managed_array_shapes.o obj/nanoisa/local_bindings.o obj/nanoisa/affine_bytecode.o obj/nanoisa/affine_state.o obj/nanoisa/ownership_contracts.o obj/nanoisa/retained_layouts.o obj/nanoisa/reference_places.o obj/nanoisa/passive.o obj/nanoisa/isa.o obj/nanoisa/verifier_types.o obj/nanoisa/nvm_format.o obj/nanoisa/nvm_format_v2.o obj/nanoisa/nvm_v2_cursor.o obj/nanoisa/nvm_v2_constants.o obj/nanoisa/nvm_v2_signatures.o obj/nanoisa/nvm_v2_layouts.o obj/nanoisa/nvm_v2_functions.o obj/nanoisa/nvm_v2_imports.o obj/nanoisa/nvm_v2_module.o obj/nanoisa/nvm_v2_convert.o obj/nanoisa/assembler.o obj/nanoisa/disassembler.o obj/nanoisa/verifier.o obj/nanoisa/nvm2c.o obj/nanoisa/nvm2c_shape.o obj/nanoisa/nvm2c_callables.o obj/nanoisa/frontend.o obj/nanoisa/nanoisa_facade.o obj/nanovm/vm_decode.o obj/nanovm/vm_dispatch.o lib/libnano_compiler_inputs.a obj/utf8.o" SOCKET_FLOW_LDFLAGS="-lm -lcrypto -lffi -L/opt/homebrew/Cellar/openssl@3/3.6.5/lib" python3 -m unittest -f -v tests.test_socket_flow
NANO_SOCKET_CODE_CC="/opt/homebrew/opt/llvm/bin/clang" SOCKET_CODE_OBJECTS="obj/nanoisa/file_flow.o obj/nanoisa/service_file_nominal.o obj/nanoisa/service_file_nominal_plan.o obj/nanoisa/service_bindings.o obj/nanoisa/service_bindings_module.o obj/nanoisa/mixed_float_proof.o obj/nanoisa/managed_array_shapes.o obj/nanoisa/local_bindings.o obj/nanoisa/affine_bytecode.o obj/nanoisa/affine_state.o obj/nanoisa/ownership_contracts.o obj/nanoisa/retained_layouts.o obj/nanoisa/reference_places.o obj/nanoisa/passive.o obj/nanoisa/isa.o obj/nanoisa/verifier_types.o obj/nanoisa/nvm_format.o obj/nanoisa/nvm_format_v2.o obj/nanoisa/nvm_v2_cursor.o obj/nanoisa/nvm_v2_constants.o obj/nanoisa/nvm_v2_signatures.o obj/nanoisa/nvm_v2_layouts.o obj/nanoisa/nvm_v2_functions.o obj/nanoisa/nvm_v2_imports.o obj/nanoisa/nvm_v2_module.o obj/nanoisa/nvm_v2_convert.o obj/nanoisa/assembler.o obj/nanoisa/disassembler.o obj/nanoisa/verifier.o obj/nanoisa/nvm2c.o obj/nanoisa/nvm2c_shape.o obj/nanoisa/nvm2c_callables.o obj/nanoisa/frontend.o obj/nanoisa/nanoisa_facade.o obj/nanovm/vm_decode.o obj/nanovm/vm_dispatch.o lib/libnano_compiler_inputs.a obj/utf8.o" SOCKET_CODE_LDFLAGS="-lm -lcrypto -lffi -L/opt/homebrew/Cellar/openssl@3/3.6.5/lib" python3 -m unittest -f -v tests.test_socket_code
NANO_SOCKET_BODY_CC="/opt/homebrew/opt/llvm/bin/clang" SOCKET_BODY_OBJECTS="obj/nanoisa/file_flow.o obj/nanoisa/service_file_nominal.o obj/nanoisa/service_file_nominal_plan.o obj/nanoisa/service_bindings.o obj/nanoisa/service_bindings_module.o obj/nanoisa/mixed_float_proof.o obj/nanoisa/managed_array_shapes.o obj/nanoisa/local_bindings.o obj/nanoisa/affine_bytecode.o obj/nanoisa/affine_state.o obj/nanoisa/ownership_contracts.o obj/nanoisa/retained_layouts.o obj/nanoisa/reference_places.o obj/nanoisa/passive.o obj/nanoisa/isa.o obj/nanoisa/verifier_types.o obj/nanoisa/nvm_format.o obj/nanoisa/nvm_format_v2.o obj/nanoisa/nvm_v2_cursor.o obj/nanoisa/nvm_v2_constants.o obj/nanoisa/nvm_v2_signatures.o obj/nanoisa/nvm_v2_layouts.o obj/nanoisa/nvm_v2_functions.o obj/nanoisa/nvm_v2_imports.o obj/nanoisa/nvm_v2_module.o obj/nanoisa/nvm_v2_convert.o obj/nanoisa/assembler.o obj/nanoisa/disassembler.o obj/nanoisa/verifier.o obj/nanoisa/nvm2c.o obj/nanoisa/nvm2c_shape.o obj/nanoisa/nvm2c_callables.o obj/nanoisa/frontend.o obj/nanoisa/nanoisa_facade.o obj/nanovm/vm_decode.o obj/nanovm/vm_dispatch.o lib/libnano_compiler_inputs.a obj/utf8.o" SOCKET_BODY_LDFLAGS="-lm -lcrypto -lffi -L/opt/homebrew/Cellar/openssl@3/3.6.5/lib" python3 -m unittest -f -v tests.test_socket_body
I retain TCP flow artifacts at /var/folders/9z/xpmfgw8j09l4g6wwxrxtt97w0000gn/T/nano-socket-flow-9qnd_yfj
test_instrumented_flow_transactions_and_allocation (tests.test_socket_flow.SocketFlow.test_instrumented_flow_transactions_and_allocation) ... I retain TCP CODE artifacts at /var/folders/9z/xpmfgw8j09l4g6wwxrxtt97w0000gn/T/nano-socket-code-9w34uzvt
test_instrumented_preparation_allocation_recovery (tests.test_socket_code.SocketCode.test_instrumented_preparation_allocation_recovery) ... I retain TCP body artifacts at /var/folders/9z/xpmfgw8j09l4g6wwxrxtt97w0000gn/T/nano-socket-body-tw7r54s7
test_instrumented_body_allocation_recovery (tests.test_socket_body.SocketBody.test_instrumented_body_allocation_recovery) ... PASS 4369 private TCP flow checks; no CODE, public admission or host service execution
ok
test_linked_flow_lifetimes_and_old_boundaries (tests.test_socket_flow.SocketFlow.test_linked_flow_lifetimes_and_old_boundaries) ... PASS 2739 private TCP CODE preparation checks; no transfer/body certificate or execution
ok
test_linked_decode_graphs_lifetimes_and_refusal (tests.test_socket_code.SocketCode.test_linked_decode_graphs_lifetimes_and_refusal) ... PASS 12006 private acyclic TCP body checks; no hosted stack ABI or execution authority
ok
test_linked_bodies_lifetimes_and_refusal (tests.test_socket_body.SocketBody.test_linked_bodies_lifetimes_and_refusal) ... PASS 4188 private TCP flow checks; no CODE, public admission or host service execution
ok

----------------------------------------------------------------------
Ran 2 tests in 3.298s

OK
PASS 2112 private TCP CODE preparation checks; no transfer/body certificate or execution
ok

----------------------------------------------------------------------
Ran 2 tests in 3.319s

OK
PASS 4598 private acyclic TCP body checks; no hosted stack ABI or execution authority
ok

----------------------------------------------------------------------
Ran 2 tests in 3.334s

OK
