/opt/homebrew/opt/llvm/bin/clang -Wall -Wextra -Werror -std=c99 -g -O3 -ftree-vectorize -fPIC -Isrc -D_GNU_SOURCE -I'/Applications/Xcode.app/Contents/Developer/Platforms/MacOSX.platform/Developer/SDKs/MacOSX27.0.sdk/usr/include/ffi' -I/opt/homebrew/Cellar/openssl@3/3.6.5/include -o obj/test_service_bodies tests/test_service_bodies.c obj/lexer.o obj/parser.o obj/typechecker.o obj/transpiler.o obj/stdlib_runtime.o obj/env.o obj/builtins_registry.o obj/module.o obj/module_metadata.o obj/cJSON.o obj/toon_output.o obj/module_builder.o obj/resource_tracking.o obj/eval.o obj/eval/eval_hashmap.o obj/eval/eval_math.o obj/eval/eval_string.o obj/eval/eval_io.o obj/interpreter_ffi.o obj/json_diagnostics.o obj/reflection.o obj/nanocore_subset.o obj/nanocore_export.o obj/emit_typed_ast.o obj/type_infer.o obj/effects.o obj/fold_constants.o obj/dce_pass.o obj/par_let_pass.o obj/ptx_backend.o obj/opencl_backend.o obj/tco_pass.o obj/cps_pass.o obj/coroutine.o obj/pgo_pass.o obj/c_backend.o obj/bench.o obj/bench_native.o obj/riscv_backend.o obj/dwarf_info.o obj/docgen_md.o obj/docgen.o obj/fmt.o obj/channel.o obj/bcp47.o obj/locale.o obj/utf8.o obj/diag_id.o obj/catalog.o obj/resource_flow.o obj/nominal_types.o obj/service_namespace.o obj/service_ownership.o lib/libnano_compiler_inputs.a obj/runtime/list_int.o obj/runtime/list_bool.o obj/runtime/list_string.o obj/runtime/list_LexerToken.o obj/runtime/list_token.o obj/runtime/list_CompilerDiagnostic.o obj/runtime/list_CompilerSourceLocation.o obj/runtime/list_ASTNumber.o obj/runtime/list_ASTFloat.o obj/runtime/list_ASTString.o obj/runtime/list_ASTBool.o obj/runtime/list_ASTIdentifier.o obj/runtime/list_ASTBinaryOp.o obj/runtime/list_ASTCall.o obj/runtime/list_ASTModuleQualifiedCall.o obj/runtime/list_ASTArrayLiteral.o obj/runtime/list_ASTLet.o obj/runtime/list_ASTSet.o obj/runtime/list_ASTStmtRef.o obj/runtime/list_ASTIf.o obj/runtime/list_ASTWhile.o obj/runtime/list_ASTFor.o obj/runtime/list_ASTReturn.o obj/runtime/list_ASTBlock.o obj/runtime/list_ASTUnsafeBlock.o obj/runtime/list_ASTPrint.o obj/runtime/list_ASTAssert.o obj/runtime/list_ASTFunction.o obj/runtime/list_ASTShadow.o obj/runtime/list_ASTStruct.o obj/runtime/list_ASTStructLiteral.o obj/runtime/list_ASTFieldAccess.o obj/runtime/list_ASTEnum.o obj/runtime/list_ASTUnion.o obj/runtime/list_ASTUnionConstruct.o obj/runtime/list_ASTMatch.o obj/runtime/list_ASTImport.o obj/runtime/list_ASTOpaqueType.o obj/runtime/list_ASTServiceDecl.o obj/runtime/list_ASTTupleLiteral.o obj/runtime/list_ASTTupleIndex.o obj/runtime/token_helpers.o obj/runtime/gc.o obj/runtime/effect_runtime.o obj/runtime/dyn_array.o obj/runtime/gc_struct.o obj/runtime/nl_string.o obj/runtime/ffi_loader.o obj/runtime/module_build_dir.o obj/runtime/cli.o obj/runtime/regex.o -lm -lcrypto -lffi -L/opt/homebrew/Cellar/openssl@3/3.6.5/lib
python3 scripts/embed_binary64_parser.py --check
/opt/homebrew/opt/llvm/bin/clang  -Wall -Wextra -Werror -std=c99 -g -O3 -ftree-vectorize -fPIC -Isrc -D_GNU_SOURCE -I'/Applications/Xcode.app/Contents/Developer/Platforms/MacOSX.platform/Developer/SDKs/MacOSX27.0.sdk/usr/include/ffi' -I/opt/homebrew/Cellar/openssl@3/3.6.5/include -MMD -MP -c "src/nsi_file_binding_main.c" -o "obj/file-binding-publisher/nsi_file_binding_main.o"
/opt/homebrew/opt/llvm/bin/clang  -Wall -Wextra -Werror -std=c99 -g -O3 -ftree-vectorize -fPIC -Isrc -D_GNU_SOURCE -I'/Applications/Xcode.app/Contents/Developer/Platforms/MacOSX.platform/Developer/SDKs/MacOSX27.0.sdk/usr/include/ffi' -I/opt/homebrew/Cellar/openssl@3/3.6.5/include -MMD -MP -c "src/nsi_file_publish.c" -o "obj/file-binding-publisher/nsi_file_publish.o"
/opt/homebrew/opt/llvm/bin/clang  -Wall -Wextra -Werror -std=c99 -g -O3 -ftree-vectorize -fPIC -Isrc -D_GNU_SOURCE -I'/Applications/Xcode.app/Contents/Developer/Platforms/MacOSX.platform/Developer/SDKs/MacOSX27.0.sdk/usr/include/ffi' -I/opt/homebrew/Cellar/openssl@3/3.6.5/include -MMD -MP -c "src/nsi_file_binding.c" -o "obj/file-binding-publisher/nsi_file_binding.o"
/opt/homebrew/opt/llvm/bin/clang  -Wall -Wextra -Werror -std=c99 -g -O3 -ftree-vectorize -fPIC -Isrc -D_GNU_SOURCE -I'/Applications/Xcode.app/Contents/Developer/Platforms/MacOSX.platform/Developer/SDKs/MacOSX27.0.sdk/usr/include/ffi' -I/opt/homebrew/Cellar/openssl@3/3.6.5/include -MMD -MP -c "src/nsi_file_plan.c" -o "obj/file-binding-publisher/nsi_file_plan.o"
/opt/homebrew/opt/llvm/bin/clang  -Wall -Wextra -Werror -std=c99 -g -O3 -ftree-vectorize -fPIC -Isrc -D_GNU_SOURCE -I'/Applications/Xcode.app/Contents/Developer/Platforms/MacOSX.platform/Developer/SDKs/MacOSX27.0.sdk/usr/include/ffi' -I/opt/homebrew/Cellar/openssl@3/3.6.5/include -MMD -MP -c "src/nsi.c" -o "obj/file-binding-publisher/nsi.o"
/opt/homebrew/opt/llvm/bin/clang  -Wall -Wextra -Werror -std=c99 -g -O3 -ftree-vectorize -fPIC -Isrc -D_GNU_SOURCE -I'/Applications/Xcode.app/Contents/Developer/Platforms/MacOSX.platform/Developer/SDKs/MacOSX27.0.sdk/usr/include/ffi' -I/opt/homebrew/Cellar/openssl@3/3.6.5/include -MMD -MP -c "src/cJSON.c" -o "obj/file-binding-publisher/cJSON.o"
/opt/homebrew/opt/llvm/bin/clang  -Wall -Wextra -Werror -std=c99 -g -O3 -ftree-vectorize -fPIC -Isrc -D_GNU_SOURCE -I'/Applications/Xcode.app/Contents/Developer/Platforms/MacOSX.platform/Developer/SDKs/MacOSX27.0.sdk/usr/include/ffi' -I/opt/homebrew/Cellar/openssl@3/3.6.5/include -MMD -MP -c "src/utf8.c" -o "obj/file-binding-publisher/utf8.o"
/opt/homebrew/opt/llvm/bin/clang  -Wall -Wextra -Werror -std=c99 -g -O3 -ftree-vectorize -fPIC -Isrc -D_GNU_SOURCE -I'/Applications/Xcode.app/Contents/Developer/Platforms/MacOSX.platform/Developer/SDKs/MacOSX27.0.sdk/usr/include/ffi' -I/opt/homebrew/Cellar/openssl@3/3.6.5/include -o bin/nsi-file-binding obj/file-binding-publisher/nsi_file_binding_main.o obj/file-binding-publisher/nsi_file_publish.o obj/file-binding-publisher/nsi_file_binding.o obj/file-binding-publisher/nsi_file_plan.o obj/file-binding-publisher/nsi.o obj/file-binding-publisher/cJSON.o obj/file-binding-publisher/utf8.o -lm -lcrypto -lffi -L/opt/homebrew/Cellar/openssl@3/3.6.5/lib
python3 -m unittest -v tests.test_service_bodies
test_complete_calls_fields_helpers_and_generated_shadows (tests.test_service_bodies.ServiceBodies.test_complete_calls_fields_helpers_and_generated_shadows) ... ok
test_imported_helper_aliases_and_distinct_nominal_bodies (tests.test_service_bodies.ServiceBodies.test_imported_helper_aliases_and_distinct_nominal_bodies) ... ok
test_local_bound (tests.test_service_bodies.ServiceBodies.test_local_bound) ... ok
test_nominal_refusals (tests.test_service_bodies.ServiceBodies.test_nominal_refusals) ... ok
test_unsupported_is_not_checked_and_later_bodies_still_checked (tests.test_service_bodies.ServiceBodies.test_unsupported_is_not_checked_and_later_bodies_still_checked) ... ok

----------------------------------------------------------------------
Ran 5 tests in 46.215s

OK
/opt/homebrew/opt/llvm/bin/clang -Wall -Wextra -Werror -std=c99 -g -O3 -ftree-vectorize -fPIC -Isrc -D_GNU_SOURCE -I'/Applications/Xcode.app/Contents/Developer/Platforms/MacOSX.platform/Developer/SDKs/MacOSX27.0.sdk/usr/include/ffi' -I/opt/homebrew/Cellar/openssl@3/3.6.5/include -o obj/test_service_ownership tests/test_service_ownership.c obj/lexer.o obj/parser.o obj/typechecker.o obj/transpiler.o obj/stdlib_runtime.o obj/env.o obj/builtins_registry.o obj/module.o obj/module_metadata.o obj/cJSON.o obj/toon_output.o obj/module_builder.o obj/resource_tracking.o obj/eval.o obj/eval/eval_hashmap.o obj/eval/eval_math.o obj/eval/eval_string.o obj/eval/eval_io.o obj/interpreter_ffi.o obj/json_diagnostics.o obj/reflection.o obj/nanocore_subset.o obj/nanocore_export.o obj/emit_typed_ast.o obj/type_infer.o obj/effects.o obj/fold_constants.o obj/dce_pass.o obj/par_let_pass.o obj/ptx_backend.o obj/opencl_backend.o obj/tco_pass.o obj/cps_pass.o obj/coroutine.o obj/pgo_pass.o obj/c_backend.o obj/bench.o obj/bench_native.o obj/riscv_backend.o obj/dwarf_info.o obj/docgen_md.o obj/docgen.o obj/fmt.o obj/channel.o obj/bcp47.o obj/locale.o obj/utf8.o obj/diag_id.o obj/catalog.o obj/resource_flow.o obj/nominal_types.o obj/service_namespace.o obj/service_bodies.o lib/libnano_compiler_inputs.a obj/runtime/list_int.o obj/runtime/list_bool.o obj/runtime/list_string.o obj/runtime/list_LexerToken.o obj/runtime/list_token.o obj/runtime/list_CompilerDiagnostic.o obj/runtime/list_CompilerSourceLocation.o obj/runtime/list_ASTNumber.o obj/runtime/list_ASTFloat.o obj/runtime/list_ASTString.o obj/runtime/list_ASTBool.o obj/runtime/list_ASTIdentifier.o obj/runtime/list_ASTBinaryOp.o obj/runtime/list_ASTCall.o obj/runtime/list_ASTModuleQualifiedCall.o obj/runtime/list_ASTArrayLiteral.o obj/runtime/list_ASTLet.o obj/runtime/list_ASTSet.o obj/runtime/list_ASTStmtRef.o obj/runtime/list_ASTIf.o obj/runtime/list_ASTWhile.o obj/runtime/list_ASTFor.o obj/runtime/list_ASTReturn.o obj/runtime/list_ASTBlock.o obj/runtime/list_ASTUnsafeBlock.o obj/runtime/list_ASTPrint.o obj/runtime/list_ASTAssert.o obj/runtime/list_ASTFunction.o obj/runtime/list_ASTShadow.o obj/runtime/list_ASTStruct.o obj/runtime/list_ASTStructLiteral.o obj/runtime/list_ASTFieldAccess.o obj/runtime/list_ASTEnum.o obj/runtime/list_ASTUnion.o obj/runtime/list_ASTUnionConstruct.o obj/runtime/list_ASTMatch.o obj/runtime/list_ASTImport.o obj/runtime/list_ASTOpaqueType.o obj/runtime/list_ASTServiceDecl.o obj/runtime/list_ASTTupleLiteral.o obj/runtime/list_ASTTupleIndex.o obj/runtime/token_helpers.o obj/runtime/gc.o obj/runtime/effect_runtime.o obj/runtime/dyn_array.o obj/runtime/gc_struct.o obj/runtime/nl_string.o obj/runtime/ffi_loader.o obj/runtime/module_build_dir.o obj/runtime/cli.o obj/runtime/regex.o -lm -lcrypto -lffi -L/opt/homebrew/Cellar/openssl@3/3.6.5/lib
python3 -m unittest -v tests.test_service_ownership
test_imported_owners_and_borrowed_aliases (tests.test_service_ownership.ServiceOwnership.test_imported_owners_and_borrowed_aliases) ... ok
test_interleaved_shadows_preserve_fact_identity (tests.test_service_ownership.ServiceOwnership.test_interleaved_shadows_preserve_fact_identity) ... ok
test_invalid_ownership_in_called_uncalled_and_shadow_bodies (tests.test_service_ownership.ServiceOwnership.test_invalid_ownership_in_called_uncalled_and_shadow_bodies) ... ok
test_moves_branches_loops_and_borrows (tests.test_service_ownership.ServiceOwnership.test_moves_branches_loops_and_borrows) ... ok
test_published_binding_keeps_all_five_shadow_bodies (tests.test_service_ownership.ServiceOwnership.test_published_binding_keeps_all_five_shadow_bodies) ... ok

----------------------------------------------------------------------
Ran 5 tests in 49.727s

OK
/opt/homebrew/opt/llvm/bin/clang -Wall -Wextra -Werror -std=c99 -g -O3 -ftree-vectorize -fPIC -Isrc -D_GNU_SOURCE -I'/Applications/Xcode.app/Contents/Developer/Platforms/MacOSX.platform/Developer/SDKs/MacOSX27.0.sdk/usr/include/ffi' -I/opt/homebrew/Cellar/openssl@3/3.6.5/include -o obj/test_service_lowering tests/test_service_lowering.c src/runtime/service_shadows.c obj/lexer.o obj/parser.o obj/typechecker.o obj/transpiler.o obj/stdlib_runtime.o obj/env.o obj/builtins_registry.o obj/module.o obj/module_metadata.o obj/cJSON.o obj/toon_output.o obj/module_builder.o obj/resource_tracking.o obj/eval.o obj/eval/eval_hashmap.o obj/eval/eval_math.o obj/eval/eval_string.o obj/eval/eval_io.o obj/interpreter_ffi.o obj/json_diagnostics.o obj/reflection.o obj/nanocore_subset.o obj/nanocore_export.o obj/emit_typed_ast.o obj/type_infer.o obj/effects.o obj/fold_constants.o obj/dce_pass.o obj/par_let_pass.o obj/ptx_backend.o obj/opencl_backend.o obj/tco_pass.o obj/cps_pass.o obj/coroutine.o obj/pgo_pass.o obj/c_backend.o obj/bench.o obj/bench_native.o obj/riscv_backend.o obj/dwarf_info.o obj/docgen_md.o obj/docgen.o obj/fmt.o obj/channel.o obj/bcp47.o obj/locale.o obj/utf8.o obj/diag_id.o obj/catalog.o obj/resource_flow.o obj/nominal_types.o obj/service_namespace.o obj/service_bodies.o obj/service_ownership.o lib/libnano_compiler_inputs.a obj/runtime/list_int.o obj/runtime/list_bool.o obj/runtime/list_string.o obj/runtime/list_LexerToken.o obj/runtime/list_token.o obj/runtime/list_CompilerDiagnostic.o obj/runtime/list_CompilerSourceLocation.o obj/runtime/list_ASTNumber.o obj/runtime/list_ASTFloat.o obj/runtime/list_ASTString.o obj/runtime/list_ASTBool.o obj/runtime/list_ASTIdentifier.o obj/runtime/list_ASTBinaryOp.o obj/runtime/list_ASTCall.o obj/runtime/list_ASTModuleQualifiedCall.o obj/runtime/list_ASTArrayLiteral.o obj/runtime/list_ASTLet.o obj/runtime/list_ASTSet.o obj/runtime/list_ASTStmtRef.o obj/runtime/list_ASTIf.o obj/runtime/list_ASTWhile.o obj/runtime/list_ASTFor.o obj/runtime/list_ASTReturn.o obj/runtime/list_ASTBlock.o obj/runtime/list_ASTUnsafeBlock.o obj/runtime/list_ASTPrint.o obj/runtime/list_ASTAssert.o obj/runtime/list_ASTFunction.o obj/runtime/list_ASTShadow.o obj/runtime/list_ASTStruct.o obj/runtime/list_ASTStructLiteral.o obj/runtime/list_ASTFieldAccess.o obj/runtime/list_ASTEnum.o obj/runtime/list_ASTUnion.o obj/runtime/list_ASTUnionConstruct.o obj/runtime/list_ASTMatch.o obj/runtime/list_ASTImport.o obj/runtime/list_ASTOpaqueType.o obj/runtime/list_ASTServiceDecl.o obj/runtime/list_ASTTupleLiteral.o obj/runtime/list_ASTTupleIndex.o obj/runtime/token_helpers.o obj/runtime/gc.o obj/runtime/effect_runtime.o obj/runtime/dyn_array.o obj/runtime/gc_struct.o obj/runtime/nl_string.o obj/runtime/ffi_loader.o obj/runtime/module_build_dir.o obj/runtime/cli.o obj/runtime/regex.o lib/libnano_file_runtime.a lib/libnano_socket_runtime.a lib/libnano_services_runtime.a -lm -lcrypto -lffi -L/opt/homebrew/Cellar/openssl@3/3.6.5/lib
python3 -m unittest -v tests.test_service_lowering
test_assertion_drains_live_file (tests.test_service_lowering.ServiceLowering.test_assertion_drains_live_file) ... I finish native compilation in 0.410s
ok
test_failed_selected_shadow_drains_live_file (tests.test_service_lowering.ServiceLowering.test_failed_selected_shadow_drains_live_file) ... I finish native compilation in 0.455s
ok
test_helpers_loops_fields_and_result_values (tests.test_service_lowering.ServiceLowering.test_helpers_loops_fields_and_result_values) ... I finish native compilation in 2.876s
ok
test_limits_preserve_outputs (tests.test_service_lowering.ServiceLowering.test_limits_preserve_outputs) ... ok
test_multiple_borrow_assertion_drains_owners (tests.test_service_lowering.ServiceLowering.test_multiple_borrow_assertion_drains_owners) ... I finish native compilation in 18.994s
I finish native compilation in 19.165s
ok
test_multiple_forwarded_reference_maps (tests.test_service_lowering.ServiceLowering.test_multiple_forwarded_reference_maps) ... I finish native compilation in 19.135s
REFERENCE MAPS 2: malformed lengths, slots, value sentinels, overlap and owned copies checked
EXEC 0 VALUE 129 FUNCTIONS 12 BYTES 7936

ok
test_nested_argument_borrows_keep_branch_state (tests.test_service_lowering.ServiceLowering.test_nested_argument_borrows_keep_branch_state) ... I finish native compilation in 1.458s
ok
test_qualified_reexported_helper (tests.test_service_lowering.ServiceLowering.test_qualified_reexported_helper) ... I finish native compilation in 0.583s
ok
test_shared_alias_assertion_cleanup (tests.test_service_lowering.ServiceLowering.test_shared_alias_assertion_cleanup) ... I finish native compilation in 4.444s
ok
test_shared_aliases_forwarding_and_loan_release (tests.test_service_lowering.ServiceLowering.test_shared_aliases_forwarding_and_loan_release) ... I finish native compilation in 4.472s
I finish native compilation in 4.496s
ok
test_short_circuit_skips_effects (tests.test_service_lowering.ServiceLowering.test_short_circuit_skips_effects) ... I finish native compilation in 0.358s
ok
test_terminal_operands_release_pending_values (tests.test_service_lowering.ServiceLowering.test_terminal_operands_release_pending_values) ... I finish native compilation in 0.688s
I finish native compilation in 0.611s
I finish native compilation in 0.520s
ok
test_unchanged_generated_binding_and_all_shadows (tests.test_service_lowering.ServiceLowering.test_unchanged_generated_binding_and_all_shadows) ... I finish native compilation in 8.355s
I finish native compilation in 8.380s
I finish native compilation in 8.411s
I finish native compilation in 8.658s
I finish native compilation in 8.311s
ok

----------------------------------------------------------------------
Ran 13 tests in 123.143s

OK
NANO_NATIVE_TEST_CC="/opt/homebrew/opt/llvm/bin/clang" python3 -m unittest -v tests.test_service_wire
test_independent_bytes_execute_with_explicit_grants (tests.test_service_wire.ServiceWire.test_independent_bytes_execute_with_explicit_grants) ... I finish native compilation in 0.269s
ok
test_ungranted_and_damaged_modules_refuse (tests.test_service_wire.ServiceWire.test_ungranted_and_damaged_modules_refuse) ... ok

----------------------------------------------------------------------
Ran 2 tests in 2.092s

OK
NANO_NATIVE_TEST_CC="/opt/homebrew/opt/llvm/bin/clang" python3 -m unittest -v tests.test_service_lowering_nano
I build independent File lowerer with producer 0.
test_assertion_drains_live_file (tests.test_service_lowering_nano.ServiceLoweringNano.test_assertion_drains_live_file) ... I finish native compilation in 0.442s
ok
test_failed_selected_shadow_drains_live_file (tests.test_service_lowering_nano.ServiceLoweringNano.test_failed_selected_shadow_drains_live_file) ... I finish native compilation in 0.485s
ok
test_helpers_loops_fields_and_result_values (tests.test_service_lowering_nano.ServiceLoweringNano.test_helpers_loops_fields_and_result_values) ... I finish native compilation in 2.868s
ok
test_limits_preserve_outputs (tests.test_service_lowering_nano.ServiceLoweringNano.test_limits_preserve_outputs) ... ok
test_mixed_source_bytes_and_execution (tests.test_service_lowering_nano.ServiceLoweringNano.test_mixed_source_bytes_and_execution) ... ok
test_multiple_borrow_assertion_drains_owners (tests.test_service_lowering_nano.ServiceLoweringNano.test_multiple_borrow_assertion_drains_owners) ... I finish native compilation in 18.841s
I finish native compilation in 19.373s
ok
test_multiple_forwarded_reference_maps (tests.test_service_lowering_nano.ServiceLoweringNano.test_multiple_forwarded_reference_maps) ... I finish native compilation in 19.176s
REFERENCE MAPS 2: malformed lengths, slots, value sentinels, overlap and owned copies checked
EXEC 0 VALUE 129 FUNCTIONS 12 BYTES 7936
EXEC 0 VALUE 129

ok
test_nested_argument_borrows_keep_branch_state (tests.test_service_lowering_nano.ServiceLoweringNano.test_nested_argument_borrows_keep_branch_state) ... I finish native compilation in 1.429s
ok
test_qualified_reexported_helper (tests.test_service_lowering_nano.ServiceLoweringNano.test_qualified_reexported_helper) ... I finish native compilation in 0.598s
ok
test_shared_alias_assertion_cleanup (tests.test_service_lowering_nano.ServiceLoweringNano.test_shared_alias_assertion_cleanup) ... I finish native compilation in 4.577s
ok
test_shared_aliases_forwarding_and_loan_release (tests.test_service_lowering_nano.ServiceLoweringNano.test_shared_aliases_forwarding_and_loan_release) ... I finish native compilation in 4.484s
I finish native compilation in 4.435s
ok
test_short_circuit_skips_effects (tests.test_service_lowering_nano.ServiceLoweringNano.test_short_circuit_skips_effects) ... I finish native compilation in 0.385s
ok
test_tcp_source_bytes_and_granted_execution (tests.test_service_lowering_nano.ServiceLoweringNano.test_tcp_source_bytes_and_granted_execution) ... ok
test_terminal_operands_release_pending_values (tests.test_service_lowering_nano.ServiceLoweringNano.test_terminal_operands_release_pending_values) ... I finish native compilation in 0.711s
I finish native compilation in 0.630s
I finish native compilation in 0.502s
ok
test_unchanged_generated_binding_and_all_shadows (tests.test_service_lowering_nano.ServiceLoweringNano.test_unchanged_generated_binding_and_all_shadows) ... I finish native compilation in 8.339s
I finish native compilation in 8.386s
I finish native compilation in 8.613s
I finish native compilation in 8.591s
I finish native compilation in 8.189s
ok

----------------------------------------------------------------------
Ran 15 tests in 275.323s

OK
