Compiling /private/tmp/nanolang-file-source-701-puck/apple-ordinary/nano-file-source-plan-qu7kfy7u/corpus.nano...
✓ Lexing complete (77525 tokens)
✓ Parsing complete
✓ Loaded 2 module(s)
✓ Type checking complete
[Modules] Processing 2 module(s)...
[Modules] Building C module 'file_source_catalog' (/private/tmp/nanolang-file-source-qualified-701/modules/file_source_catalog)
[Modules] Also compiling nanolang parts of C module 'file_source_catalog'
✓ Generated module C code: obj/nano_modules/.nano-module-zTL0No/source.c
Compiling module: /usr/bin/clang -std=c99 -I'/private/tmp/nanolang-file-source-qualified-701'/src -I'/private/tmp/nanolang-file-source-qualified-701'/modules/std -I'/private/tmp/nanolang-file-source-qualified-701'/modules/std/collections -I'/private/tmp/nanolang-file-source-qualified-701'/modules/std/json -I'/private/tmp/nanolang-file-source-qualified-701'/modules/std/io -I'/private/tmp/nanolang-file-source-qualified-701'/modules/std/math -I'/private/tmp/nanolang-file-source-qualified-701'/modules/std/peg -I'/private/tmp/nanolang-file-source-qualified-701'/modules/std/string -I'/private/tmp/nanolang-file-source-qualified-701'/modules/sdl_helpers '-I/private/tmp/nanolang-file-source-qualified-701/modules/file_source_catalog' -I/opt/homebrew/include/SDL2 -D_THREAD_SAFE  -c -o 'obj/nano_modules/.nano-module-zTL0No/object.o' 'obj/nano_modules/.nano-module-zTL0No/source.c'
✓ Compiled module to object file: obj/nano_modules/file_source_catalog_nano_file_source_catalog.o
  C source kept at: obj/nano_modules/.nano-module-zTL0No/source.c
[Modules] Compiling nanolang module '/private/tmp/nanolang-file-source-qualified-701/src_nano/compiler/file_source_plan.nano'
✓ Generated module C code: obj/nano_modules/.nano-module-0AJpaM/source.c
Compiling module: /usr/bin/clang -std=c99 -I'/private/tmp/nanolang-file-source-qualified-701'/src -I'/private/tmp/nanolang-file-source-qualified-701'/modules/std -I'/private/tmp/nanolang-file-source-qualified-701'/modules/std/collections -I'/private/tmp/nanolang-file-source-qualified-701'/modules/std/json -I'/private/tmp/nanolang-file-source-qualified-701'/modules/std/io -I'/private/tmp/nanolang-file-source-qualified-701'/modules/std/math -I'/private/tmp/nanolang-file-source-qualified-701'/modules/std/peg -I'/private/tmp/nanolang-file-source-qualified-701'/modules/std/string -I'/private/tmp/nanolang-file-source-qualified-701'/modules/sdl_helpers '-I/private/tmp/nanolang-file-source-qualified-701/src_nano/compiler' -I/opt/homebrew/include/SDL2 -D_THREAD_SAFE  -c -o 'obj/nano_modules/.nano-module-0AJpaM/object.o' 'obj/nano_modules/.nano-module-0AJpaM/source.c'
✓ Compiled module to object file: obj/nano_modules/file_source_plan.o
  C source kept at: obj/nano_modules/.nano-module-0AJpaM/source.c
[Modules] ✓ Complete: 1 nanolang, 1 C, 0 FFI-only
[FFI] Loaded module 'file_source_catalog' from /private/tmp/nanolang-file-source-qualified-701/modules/file_source_catalog/.build/.nano-gen-Q0AGyg/libfile_source_catalog.dylib
[FFI] No shared library found for module 'file_source_plan'
✓ Shadow tests passed
Ensuring module ASTs are cached for declaration generation...
✓ Module ASTs cached
Transpiling to C...
✓ Transpilation complete (7551 lines of C, 1037034 bytes)
✓ Generated C code: /var/folders/v0/pxyl2_m512v5j9nhv674pt400000gn/T//nanoc_66987_nanoc_c.c
Adding module include path: /private/tmp/nanolang-file-source-qualified-701/modules/file_source_catalog
Adding module include path: /private/tmp/nanolang-file-source-qualified-701/src_nano/compiler
Detected 35 generic list type(s): ASTArrayLiteral, ASTAssert, ASTBinaryOp, ASTBlock, ASTBool, ASTCall, ASTEnum, ASTFieldAccess, ASTFloat, ASTFor, ASTFunction, ASTIdentifier, ASTIf, ASTImport, ASTLet, ASTMatch, ASTModuleQualifiedCall, ASTNumber, ASTOpaqueType, ASTPrint, ASTReturn, ASTSet, ASTShadow, ASTStmtRef, ASTString, ASTStruct, ASTStructLiteral, ASTTupleIndex, ASTTupleLiteral, ASTUnion, ASTUnionConstruct, ASTUnsafeBlock, ASTWhile, CompilerDiagnostic, LexerToken
Compiling C code: /usr/bin/clang -std=c99 -Wall -Wextra -Werror -Wno-error=unused-function -Wno-error=unused-parameter -Wno-error=unused-variable -Wno-error=unused-but-set-variable -Wno-error=logical-not-parentheses -Wno-error=duplicate-decl-specifier     -I'/private/tmp/nanolang-file-source-qualified-701/src' -I'/private/tmp/nanolang-file-source-qualified-701/modules/file_source_catalog' -I'/private/tmp/nanolang-file-source-qualified-701/src_nano/compiler' -I'/var/folders/v0/pxyl2_m512v5j9nhv674pt400000gn/T/'  -o '/private/tmp/nanolang-file-source-701-puck/apple-ordinary/nano-file-source-plan-qu7kfy7u/nanoc_c' '/var/folders/v0/pxyl2_m512v5j9nhv674pt400000gn/T//nanoc_66987_nanoc_c.c' 'obj/nano_modules/file_source_catalog_nano_file_source_catalog.o' 'obj/nano_modules/file_source_plan.o' /private/tmp/nanolang-file-source-qualified-701/modules/file_source_catalog/.build/.nano-gen-Q0AGyg/file_source_catalog.o  '/private/tmp/nanolang-file-source-qualified-701/src/runtime/list_int.c' '/private/tmp/nanolang-file-source-qualified-701/src/runtime/list_string.c' '/private/tmp/nanolang-file-source-qualified-701/src/runtime/list_LexerToken.c' '/private/tmp/nanolang-file-source-qualified-701/src/runtime/list_token.c' '/private/tmp/nanolang-file-source-qualified-701/src/runtime/list_CompilerDiagnostic.c' '/private/tmp/nanolang-file-source-qualified-701/src/runtime/list_CompilerSourceLocation.c' '/private/tmp/nanolang-file-source-qualified-701/src/runtime/list_ASTNumber.c' '/private/tmp/nanolang-file-source-qualified-701/src/runtime/list_ASTFloat.c' '/private/tmp/nanolang-file-source-qualified-701/src/runtime/list_ASTString.c' '/private/tmp/nanolang-file-source-qualified-701/src/runtime/list_ASTBool.c' '/private/tmp/nanolang-file-source-qualified-701/src/runtime/list_ASTIdentifier.c' '/private/tmp/nanolang-file-source-qualified-701/src/runtime/list_ASTBinaryOp.c' '/private/tmp/nanolang-file-source-qualified-701/src/runtime/list_ASTCall.c' '/private/tmp/nanolang-file-source-qualified-701/src/runtime/list_ASTModuleQualifiedCall.c' '/private/tmp/nanolang-file-source-qualified-701/src/runtime/list_ASTArrayLiteral.c' '/private/tmp/nanolang-file-source-qualified-701/src/runtime/list_ASTLet.c' '/private/tmp/nanolang-file-source-qualified-701/src/runtime/list_ASTSet.c' '/private/tmp/nanolang-file-source-qualified-701/src/runtime/list_ASTStmtRef.c' '/private/tmp/nanolang-file-source-qualified-701/src/runtime/list_ASTIf.c' '/private/tmp/nanolang-file-source-qualified-701/src/runtime/list_ASTWhile.c' '/private/tmp/nanolang-file-source-qualified-701/src/runtime/list_ASTFor.c' '/private/tmp/nanolang-file-source-qualified-701/src/runtime/list_ASTReturn.c' '/private/tmp/nanolang-file-source-qualified-701/src/runtime/list_ASTBlock.c' '/private/tmp/nanolang-file-source-qualified-701/src/runtime/list_ASTUnsafeBlock.c' '/private/tmp/nanolang-file-source-qualified-701/src/runtime/list_ASTPrint.c' '/private/tmp/nanolang-file-source-qualified-701/src/runtime/list_ASTAssert.c' '/private/tmp/nanolang-file-source-qualified-701/src/runtime/list_ASTFunction.c' '/private/tmp/nanolang-file-source-qualified-701/src/runtime/list_ASTShadow.c' '/private/tmp/nanolang-file-source-qualified-701/src/runtime/list_ASTStruct.c' '/private/tmp/nanolang-file-source-qualified-701/src/runtime/list_ASTStructLiteral.c' '/private/tmp/nanolang-file-source-qualified-701/src/runtime/list_ASTFieldAccess.c' '/private/tmp/nanolang-file-source-qualified-701/src/runtime/list_ASTEnum.c' '/private/tmp/nanolang-file-source-qualified-701/src/runtime/list_ASTUnion.c' '/private/tmp/nanolang-file-source-qualified-701/src/runtime/list_ASTUnionConstruct.c' '/private/tmp/nanolang-file-source-qualified-701/src/runtime/list_ASTMatch.c' '/private/tmp/nanolang-file-source-qualified-701/src/runtime/list_ASTImport.c' '/private/tmp/nanolang-file-source-qualified-701/src/runtime/list_ASTOpaqueType.c' '/private/tmp/nanolang-file-source-qualified-701/src/runtime/list_ASTTupleLiteral.c' '/private/tmp/nanolang-file-source-qualified-701/src/runtime/list_ASTTupleIndex.c' '/private/tmp/nanolang-file-source-qualified-701/src/runtime/token_helpers.c' '/private/tmp/nanolang-file-source-qualified-701/src/runtime/gc.c' '/private/tmp/nanolang-file-source-qualified-701/src/runtime/effect_runtime.c' '/private/tmp/nanolang-file-source-qualified-701/src/runtime/dyn_array.c' '/private/tmp/nanolang-file-source-qualified-701/src/runtime/gc_struct.c' '/private/tmp/nanolang-file-source-qualified-701/src/runtime/nl_string.c' '/private/tmp/nanolang-file-source-qualified-701/src/runtime/cli.c' '/private/tmp/nanolang-file-source-qualified-701/src/runtime/regex.c' '/private/tmp/nanolang-file-source-qualified-701/src/utf8.c' '/private/tmp/nanolang-file-source-qualified-701/src/coroutine.c'  -lm
✓ Compilation successful: /private/tmp/nanolang-file-source-701-puck/apple-ordinary/nano-file-source-plan-qu7kfy7u/nanoc_c
