NANO_SERVICE_PARSER_CC="/opt/homebrew/opt/llvm/bin/clang" NANO_SERVICE_PARSER_CFLAGS="-Wall -Wextra -Werror -std=c99 -g -O3 -ftree-vectorize -fPIC -Isrc -D_GNU_SOURCE -I'/Applications/Xcode.app/Contents/Developer/Platforms/MacOSX.platform/Developer/SDKs/MacOSX27.0.sdk/usr/include/ffi' -I/opt/homebrew/Cellar/openssl@3/3.6.4/include" NANO_SERVICE_PARSER_LDFLAGS="-lm -lcrypto -lffi -L/opt/homebrew/Cellar/openssl@3/3.6.4/lib" NANO_SERVICE_PARSER_OBJECTS="obj/bcp47.o obj/bench.o obj/bench_native.o obj/builtins_registry.o obj/cJSON.o obj/c_backend.o obj/catalog.o obj/channel.o obj/coroutine.o obj/cps_pass.o obj/dce_pass.o obj/diag_id.o obj/docgen.o obj/docgen_md.o obj/dwarf_info.o obj/effects.o obj/emit_typed_ast.o obj/eval/eval_hashmap.o obj/eval/eval_io.o obj/eval/eval_math.o obj/eval/eval_string.o obj/fmt.o obj/fold_constants.o obj/interpreter_ffi.o obj/json_diagnostics.o obj/locale.o obj/module.o obj/module_builder.o obj/module_metadata.o obj/nanocore_export.o obj/nanocore_subset.o obj/nanoisa/affine_bytecode.o obj/nanoisa/affine_state.o obj/nanoisa/assembler.o obj/nanoisa/disassembler.o obj/nanoisa/file_flow.o obj/nanoisa/frontend.o obj/nanoisa/isa.o obj/nanoisa/local_bindings.o obj/nanoisa/managed_array_shapes.o obj/nanoisa/mixed_float_proof.o obj/nanoisa/nanoisa_facade.o obj/nanoisa/nvm2c.o obj/nanoisa/nvm2c_callables.o obj/nanoisa/nvm2c_shape.o obj/nanoisa/nvm_format.o obj/nanoisa/nvm_format_v2.o obj/nanoisa/nvm_v2_constants.o obj/nanoisa/nvm_v2_convert.o obj/nanoisa/nvm_v2_cursor.o obj/nanoisa/nvm_v2_functions.o obj/nanoisa/nvm_v2_imports.o obj/nanoisa/nvm_v2_layouts.o obj/nanoisa/nvm_v2_module.o obj/nanoisa/nvm_v2_signatures.o obj/nanoisa/ownership_contracts.o obj/nanoisa/passive.o obj/nanoisa/reference_places.o obj/nanoisa/retained_layouts.o obj/nanoisa/service_bindings.o obj/nanoisa/service_bindings_module.o obj/nanoisa/service_file_nominal.o obj/nanoisa/service_file_nominal_plan.o obj/nanoisa/verifier.o obj/nanoisa/verifier_types.o obj/nanovirt/codegen.o obj/nanovirt/shadow_runner.o obj/nanovirt/wrapper_gen.o obj/nanovm/cop_protocol.o obj/nanovm/heap.o obj/nanovm/heap_cycles.o obj/nanovm/value.o obj/nanovm/vm.o obj/nanovm/vm_builtins.o obj/nanovm/vm_callback.o obj/nanovm/vm_decode.o obj/nanovm/vm_dispatch.o obj/nanovm/vm_ffi.o obj/nanovm/vm_ffi_arrays.o obj/nominal_types.o obj/nsi_file_plan.o obj/opencl_backend.o obj/par_let_pass.o obj/pgo_pass.o obj/ptx_backend.o obj/reflection.o obj/resource_flow.o obj/resource_tracking.o obj/riscv_backend.o obj/runtime/callback_runtime.o obj/runtime/cli.o obj/runtime/dyn_array.o obj/runtime/effect_runtime.o obj/runtime/ffi_loader.o obj/runtime/gc.o obj/runtime/gc_struct.o obj/runtime/list_ASTArrayLiteral.o obj/runtime/list_ASTAssert.o obj/runtime/list_ASTBinaryOp.o obj/runtime/list_ASTBlock.o obj/runtime/list_ASTBool.o obj/runtime/list_ASTCall.o obj/runtime/list_ASTEnum.o obj/runtime/list_ASTFieldAccess.o obj/runtime/list_ASTFloat.o obj/runtime/list_ASTFor.o obj/runtime/list_ASTFunction.o obj/runtime/list_ASTIdentifier.o obj/runtime/list_ASTIf.o obj/runtime/list_ASTImport.o obj/runtime/list_ASTLet.o obj/runtime/list_ASTMatch.o obj/runtime/list_ASTModuleQualifiedCall.o obj/runtime/list_ASTNumber.o obj/runtime/list_ASTOpaqueType.o obj/runtime/list_ASTPrint.o obj/runtime/list_ASTReturn.o obj/runtime/list_ASTServiceDecl.o obj/runtime/list_ASTSet.o obj/runtime/list_ASTShadow.o obj/runtime/list_ASTStmtRef.o obj/runtime/list_ASTString.o obj/runtime/list_ASTStruct.o obj/runtime/list_ASTStructLiteral.o obj/runtime/list_ASTTupleIndex.o obj/runtime/list_ASTTupleLiteral.o obj/runtime/list_ASTUnion.o obj/runtime/list_ASTUnionConstruct.o obj/runtime/list_ASTUnsafeBlock.o obj/runtime/list_ASTWhile.o obj/runtime/list_CompilerDiagnostic.o obj/runtime/list_CompilerSourceLocation.o obj/runtime/list_LexerToken.o obj/runtime/list_bool.o obj/runtime/list_int.o obj/runtime/list_string.o obj/runtime/list_token.o obj/runtime/module_build_dir.o obj/runtime/nl_string.o obj/runtime/regex.o obj/runtime/token_helpers.o obj/stdlib_runtime.o obj/tco_pass.o obj/toon_output.o obj/type_infer.o obj/typechecker.o" python3 -m unittest -f -v tests.test_file_service_parser
I retain parser artifacts at /private/tmp/nanolang-file-parser-continuation-20261008/nano-file-service-parser-dunstfju
test_c_ownership_and_refusal (tests.test_file_service_parser.FileServiceParser.test_c_ownership_and_refusal) ... ok
test_paired_compilers_schema_and_consumers (tests.test_file_service_parser.FileServiceParser.test_paired_compilers_schema_and_consumers) ... FAIL

======================================================================
FAIL: test_paired_compilers_schema_and_consumers (tests.test_file_service_parser.FileServiceParser.test_paired_compilers_schema_and_consumers)
----------------------------------------------------------------------
Traceback (most recent call last):
  File "/Users/jordanh/Src/nanolang/tests/test_file_service_parser.py", line 83, in test_paired_compilers_schema_and_consumers
    retained_schema.TokenValueBytes.test_paired_fresh_compilers(self)
    ~~~~~~~~~~~~~~~~~~~~~~~~~~~~~~~~~~~~~~~~~~~~~~~~~~~~~~~~~~~^^^^^^
  File "/Users/jordanh/Src/nanolang/tests/test_token_value_bytes.py", line 94, in test_paired_fresh_compilers
    out,err=self.command(label+'-'+compiler+'-build',args,timeout=900,extra={'NANO_SHADOW_TRACE':'1','TMPDIR':str(temp)})
            ~~~~~~~~~~~~^^^^^^^^^^^^^^^^^^^^^^^^^^^^^^^^^^^^^^^^^^^^^^^^^^^^^^^^^^^^^^^^^^^^^^^^^^^^^^^^^^^^^^^^^^^^^^^^^
  File "/Users/jordanh/Src/nanolang/tests/test_file_source_plan.py", line 110, in command
    raise AssertionError((name,status,out[-8000:],err[-8000:]))
AssertionError: ('token_value_bytes-nanoc_stage1-build', {'returncode': 1, 'timeout': False, 'cleanup_errors': [], 'group_absent': True, 'first_terminal': 'exit', 'remaining_group_killed': False, 'child_returncode': 1}, b'I cannot lower this checked program: undefined function list_LexerToken_insert\n', b'')

----------------------------------------------------------------------
Ran 2 tests in 31.280s

FAILED (failures=1)
make: *** [test-file-service-parser] Error 1
