cc -Wall -Wextra -Werror -std=c99 -g -O3 -ftree-vectorize -fPIC -Isrc -D_GNU_SOURCE -I'/Applications/Xcode.app/Contents/Developer/Platforms/MacOSX.platform/Developer/SDKs/MacOSX27.0.sdk/usr/include/ffi' -I/opt/homebrew/Cellar/openssl@3/3.6.4/include -MMD -MP -Isrc/nanoisa -c src/nanoisa/nvm2c_callables.c -o obj/nanoisa/nvm2c_callables.o
cc -Wall -Wextra -Werror -std=c99 -g -O3 -ftree-vectorize -fPIC -Isrc -D_GNU_SOURCE -I'/Applications/Xcode.app/Contents/Developer/Platforms/MacOSX.platform/Developer/SDKs/MacOSX27.0.sdk/usr/include/ffi' -I/opt/homebrew/Cellar/openssl@3/3.6.4/include -Isrc/nanoisa -o obj/test_nvm2c_callables \
		tests/nanoisa/test_nvm2c_callables.c obj/nanoisa/file_flow.o obj/nanoisa/service_file_nominal.o obj/nanoisa/service_file_nominal_plan.o obj/nanoisa/service_bindings.o obj/nanoisa/service_bindings_module.o obj/nanoisa/mixed_float_proof.o obj/nanoisa/managed_array_shapes.o obj/nanoisa/local_bindings.o obj/nanoisa/affine_bytecode.o obj/nanoisa/affine_state.o obj/nanoisa/ownership_contracts.o obj/nanoisa/retained_layouts.o obj/nanoisa/reference_places.o obj/nanoisa/passive.o obj/nanoisa/isa.o obj/nanoisa/verifier_types.o obj/nanoisa/nvm_format.o obj/nanoisa/nvm_format_v2.o obj/nanoisa/nvm_v2_cursor.o obj/nanoisa/nvm_v2_constants.o obj/nanoisa/nvm_v2_signatures.o obj/nanoisa/nvm_v2_layouts.o obj/nanoisa/nvm_v2_functions.o obj/nanoisa/nvm_v2_imports.o obj/nanoisa/nvm_v2_module.o obj/nanoisa/nvm_v2_convert.o obj/nanoisa/assembler.o obj/nanoisa/disassembler.o obj/nanoisa/verifier.o obj/nanoisa/nvm2c.o obj/nanoisa/nvm2c_shape.o obj/nanoisa/nvm2c_callables.o obj/nanoisa/frontend.o obj/nanoisa/nanoisa_facade.o obj/nanovm/vm_decode.o obj/nanovm/vm_dispatch.o obj/nsi_file_plan.o obj/utf8.o -lm -lcrypto -lffi -L/opt/homebrew/Cellar/openssl@3/3.6.4/lib
tests/nanoisa/test_nvm2c_callables.c:21:9: error: use of undeclared identifier 'DecodedInstruction'
   21 |         DecodedInstruction in;
      |         ^~~~~~~~~~~~~~~~~~
tests/nanoisa/test_nvm2c_callables.c:22:25: error: call to undeclared function 'isa_decode'; ISO C99 and later do not support implicit function declarations [-Wimplicit-function-declaration]
   22 |         uint32_t size = isa_decode(module->code + fn->code_offset + pc, fn->code_length - pc, &in);
      |                         ^
tests/nanoisa/test_nvm2c_callables.c:22:96: error: use of undeclared identifier 'in'
   22 |         uint32_t size = isa_decode(module->code + fn->code_offset + pc, fn->code_length - pc, &in);
      |                                                                                                ^~
tests/nanoisa/test_nvm2c_callables.c:25:13: error: use of undeclared identifier 'in'
   25 |         if (in.opcode == OP_CALL_INDIRECT && ordinal-- == 0) {
      |             ^~
tests/nanoisa/test_nvm2c_callables.c:25:26: error: use of undeclared identifier 'OP_CALL_INDIRECT'
   25 |         if (in.opcode == OP_CALL_INDIRECT && ordinal-- == 0) {
      |                          ^~~~~~~~~~~~~~~~
5 errors generated.
make: *** [test-nvm2c-callables] Error 1
