/bin/ld: cannot find /tmp/nanovm/value.o: No such file or directory
/bin/ld: cannot find /tmp/nanovm/heap.o: No such file or directory
/bin/ld: cannot find /tmp/nanovm/heap_cycles.o: No such file or directory
/bin/ld: cannot find /tmp/nanovm/vm.o: No such file or directory
/bin/ld: cannot find /tmp/nanovm/vm_ffi.o: No such file or directory
/bin/ld: cannot find /tmp/nanovm/vm_ffi_arrays.o: No such file or directory
/bin/ld: cannot find /tmp/nanovm/vm_builtins.o: No such file or directory
/bin/ld: cannot find /tmp/nanovm/cop_protocol.o: No such file or directory
/bin/ld: cannot find /tmp/nanovm/vm_callback.o: No such file or directory
/bin/ld: cannot find /tmp/runtime/callback_runtime.o: No such file or directory
/bin/ld: cannot find /tmp/nanovm/vm_decode.o: No such file or directory
/bin/ld: cannot find /tmp/nanovm/vm_dispatch.o: No such file or directory
/bin/ld: cannot find /tmp/nanoisa/isa.o: No such file or directory
/bin/ld: cannot find /tmp/nanoisa/local_bindings.o: No such file or directory
/bin/ld: cannot find /tmp/nanoisa/passive.o: No such file or directory
/bin/ld: cannot find /tmp/nanoisa/nvm_format.o: No such file or directory
/bin/ld: cannot find /tmp/nanoisa/affine_bytecode.o: No such file or directory
/bin/ld: cannot find /tmp/nanoisa/affine_state.o: No such file or directory
/bin/ld: cannot find /tmp/nanoisa/mixed_float_proof.o: No such file or directory
/bin/ld: cannot find /tmp/nanoisa/ownership_contracts.o: No such file or directory
/bin/ld: cannot find /tmp/nanoisa/retained_layouts.o: No such file or directory
/bin/ld: cannot find /tmp/nanoisa/reference_places.o: No such file or directory
/bin/ld: cannot find /tmp/nanoisa/file_flow.o: No such file or directory
/bin/ld: cannot find /tmp/nanoisa/service_file_nominal.o: No such file or directory
/bin/ld: cannot find /tmp/nanoisa/service_file_nominal_plan.o: No such file or directory
/bin/ld: cannot find /tmp/nanoisa/service_bindings.o: No such file or directory
/bin/ld: cannot find /tmp/nanoisa/service_bindings_module.o: No such file or directory
/bin/ld: cannot find /tmp/nsi_file_plan.o: No such file or directory
/bin/ld: cannot find /tmp/nanoisa/nvm_format_v2.o: No such file or directory
/bin/ld: cannot find /tmp/nanoisa/nvm_v2_cursor.o: No such file or directory
/bin/ld: cannot find /tmp/nanoisa/nvm_v2_constants.o: No such file or directory
/bin/ld: cannot find /tmp/nanoisa/nvm_v2_signatures.o: No such file or directory
/bin/ld: cannot find /tmp/nanoisa/nvm_v2_layouts.o: No such file or directory
/bin/ld: cannot find /tmp/nanoisa/nvm_v2_functions.o: No such file or directory
/bin/ld: cannot find /tmp/nanoisa/nvm_v2_imports.o: No such file or directory
/bin/ld: cannot find /tmp/nanoisa/nvm_v2_module.o: No such file or directory
/bin/ld: cannot find /tmp/nanoisa/nvm_v2_convert.o: No such file or directory
/bin/ld: cannot find /tmp/nanoisa/assembler.o: No such file or directory
/bin/ld: cannot find /tmp/nanoisa/disassembler.o: No such file or directory
/bin/ld: cannot find /tmp/nanoisa/verifier.o: No such file or directory
/bin/ld: cannot find /tmp/nanoisa/managed_array_shapes.o: No such file or directory
/bin/ld: cannot find /tmp/nanoisa/verifier_types.o: No such file or directory
/bin/ld: cannot find /tmp/nanoisa/nanoisa_facade.o: No such file or directory
/bin/ld: cannot find /tmp/lexer.o: No such file or directory
/bin/ld: cannot find /tmp/parser.o: No such file or directory
/bin/ld: cannot find /tmp/typechecker.o: No such file or directory
/bin/ld: cannot find /tmp/transpiler.o: No such file or directory
/bin/ld: cannot find /tmp/stdlib_runtime.o: No such file or directory
/bin/ld: cannot find /tmp/env.o: No such file or directory
/bin/ld: cannot find /tmp/builtins_registry.o: No such file or directory
/bin/ld: cannot find /tmp/module.o: No such file or directory
/bin/ld: cannot find /tmp/module_metadata.o: No such file or directory
/bin/ld: cannot find /tmp/utf8.o: No such file or directory
/bin/ld: cannot find /tmp/cJSON.o: No such file or directory
/bin/ld: cannot find /tmp/toon_output.o: No such file or directory
/bin/ld: cannot find /tmp/module_builder.o: No such file or directory
/bin/ld: cannot find /tmp/resource_tracking.o: No such file or directory
/bin/ld: cannot find /tmp/resource_flow.o: No such file or directory
/bin/ld: cannot find /tmp/nominal_types.o: No such file or directory
/bin/ld: cannot find /tmp/eval.o: No such file or directory
/bin/ld: cannot find /tmp/interpreter_ffi.o: No such file or directory
/bin/ld: cannot find /tmp/json_diagnostics.o: No such file or directory
/bin/ld: cannot find /tmp/reflection.o: No such file or directory
/bin/ld: cannot find /tmp/effects.o: No such file or directory
/bin/ld: cannot find /tmp/coroutine.o: No such file or directory
/bin/ld: cannot find /tmp/eval/eval_hashmap.o: No such file or directory
/bin/ld: cannot find /tmp/eval/eval_math.o: No such file or directory
/bin/ld: cannot find /tmp/eval/eval_string.o: No such file or directory
/bin/ld: cannot find /tmp/eval/eval_io.o: No such file or directory
/bin/ld: cannot find /tmp/runtime/list_int.o: No such file or directory
/bin/ld: cannot find /tmp/runtime/list_string.o: No such file or directory
/bin/ld: cannot find /tmp/runtime/list_LexerToken.o: No such file or directory
/bin/ld: cannot find /tmp/runtime/list_token.o: No such file or directory
/bin/ld: cannot find /tmp/runtime/list_CompilerDiagnostic.o: No such file or directory
/bin/ld: cannot find /tmp/runtime/list_CompilerSourceLocation.o: No such file or directory
/bin/ld: cannot find /tmp/runtime/list_ASTNumber.o: No such file or directory
/bin/ld: cannot find /tmp/runtime/list_ASTFloat.o: No such file or directory
/bin/ld: cannot find /tmp/runtime/list_ASTString.o: No such file or directory
/bin/ld: cannot find /tmp/runtime/list_ASTBool.o: No such file or directory
/bin/ld: cannot find /tmp/runtime/list_ASTIdentifier.o: No such file or directory
/bin/ld: cannot find /tmp/runtime/list_ASTBinaryOp.o: No such file or directory
/bin/ld: cannot find /tmp/runtime/list_ASTCall.o: No such file or directory
/bin/ld: cannot find /tmp/runtime/list_ASTModuleQualifiedCall.o: No such file or directory
/bin/ld: cannot find /tmp/runtime/list_ASTArrayLiteral.o: No such file or directory
/bin/ld: cannot find /tmp/runtime/list_ASTLet.o: No such file or directory
/bin/ld: cannot find /tmp/runtime/list_ASTSet.o: No such file or directory
/bin/ld: cannot find /tmp/runtime/list_ASTStmtRef.o: No such file or directory
/bin/ld: cannot find /tmp/runtime/list_ASTIf.o: No such file or directory
/bin/ld: cannot find /tmp/runtime/list_ASTWhile.o: No such file or directory
/bin/ld: cannot find /tmp/runtime/list_ASTFor.o: No such file or directory
/bin/ld: cannot find /tmp/runtime/list_ASTReturn.o: No such file or directory
/bin/ld: cannot find /tmp/runtime/list_ASTBlock.o: No such file or directory
/bin/ld: cannot find /tmp/runtime/list_ASTUnsafeBlock.o: No such file or directory
/bin/ld: cannot find /tmp/runtime/list_ASTPrint.o: No such file or directory
/bin/ld: cannot find /tmp/runtime/list_ASTAssert.o: No such file or directory
/bin/ld: cannot find /tmp/runtime/list_ASTFunction.o: No such file or directory
/bin/ld: cannot find /tmp/runtime/list_ASTShadow.o: No such file or directory
/bin/ld: cannot find /tmp/runtime/list_ASTStruct.o: No such file or directory
/bin/ld: cannot find /tmp/runtime/list_ASTStructLiteral.o: No such file or directory
/bin/ld: cannot find /tmp/runtime/list_ASTFieldAccess.o: No such file or directory
/bin/ld: cannot find /tmp/runtime/list_ASTEnum.o: No such file or directory
/bin/ld: cannot find /tmp/runtime/list_ASTUnion.o: No such file or directory
/bin/ld: cannot find /tmp/runtime/list_ASTUnionConstruct.o: No such file or directory
/bin/ld: cannot find /tmp/runtime/list_ASTMatch.o: No such file or directory
/bin/ld: cannot find /tmp/runtime/list_ASTImport.o: No such file or directory
/bin/ld: cannot find /tmp/runtime/list_ASTOpaqueType.o: No such file or directory
/bin/ld: cannot find /tmp/runtime/list_ASTServiceDecl.o: No such file or directory
/bin/ld: cannot find /tmp/runtime/list_ASTTupleLiteral.o: No such file or directory
/bin/ld: cannot find /tmp/runtime/list_ASTTupleIndex.o: No such file or directory
/bin/ld: cannot find /tmp/runtime/token_helpers.o: No such file or directory
/bin/ld: cannot find /tmp/runtime/gc.o: No such file or directory
/bin/ld: cannot find /tmp/runtime/effect_runtime.o: No such file or directory
/bin/ld: cannot find /tmp/runtime/dyn_array.o: No such file or directory
/bin/ld: cannot find /tmp/runtime/gc_struct.o: No such file or directory
/bin/ld: cannot find /tmp/runtime/nl_string.o: No such file or directory
/bin/ld: cannot find /tmp/runtime/ffi_loader.o: No such file or directory
/bin/ld: cannot find /tmp/runtime/module_build_dir.o: No such file or directory
/bin/ld: cannot find /tmp/runtime/cli.o: No such file or directory
/bin/ld: cannot find /tmp/runtime/regex.o: No such file or directory
collect2: error: ld returned 1 exit status
I could not publish the wrapper; I did not replace the destination
/bin/ld: cannot find /tmp/nanovm/vmd_protocol.o: No such file or directory
/bin/ld: cannot find /tmp/nanovm/vmd_client.o: No such file or directory
collect2: error: ld returned 1 exit status
I could not publish the wrapper; I did not replace the destination
I could not publish the wrapper; I did not replace the destination
........
----------------------------------------------------------------------
Ran 8 tests in 2.961s

OK
