test_captured_local_shadows_imported_alias (tests.test_imported_globals.ImportedGlobals.test_captured_local_shadows_imported_alias) ... ok
test_conflicting_aliases_preserve_output (tests.test_imported_globals.ImportedGlobals.test_conflicting_aliases_preserve_output) ... ok
test_diamond_initialization_runs_once (tests.test_imported_globals.ImportedGlobals.test_diamond_initialization_runs_once) ... ok
test_immutable_public_value_in_pure_function (tests.test_imported_globals.ImportedGlobals.test_immutable_public_value_in_pure_function) ... ok
test_imported_call_snapshot_before_argument (tests.test_imported_globals.ImportedGlobals.test_imported_call_snapshot_before_argument) ... ok
test_imported_callable_globals (tests.test_imported_globals.ImportedGlobals.test_imported_callable_globals) ... ok
test_imported_closure_global_capture (tests.test_imported_globals.ImportedGlobals.test_imported_closure_global_capture) ... ok
test_imported_integer_arrays (tests.test_imported_globals.ImportedGlobals.test_imported_integer_arrays) ... ok
test_imported_qualified_map (tests.test_imported_globals.ImportedGlobals.test_imported_qualified_map) ... ok
test_imported_qualified_record (tests.test_imported_globals.ImportedGlobals.test_imported_qualified_record) ... ok
test_imported_qualified_string_array (tests.test_imported_globals.ImportedGlobals.test_imported_qualified_string_array) ... ok
test_imported_record_module_identity (tests.test_imported_globals.ImportedGlobals.test_imported_record_module_identity) ... ok
test_imported_selective_map (tests.test_imported_globals.ImportedGlobals.test_imported_selective_map) ... ok
test_imported_selective_record (tests.test_imported_globals.ImportedGlobals.test_imported_selective_record) ... ok
test_imported_selective_string_array (tests.test_imported_globals.ImportedGlobals.test_imported_selective_string_array) ... ok
test_legacy_plain_import_keeps_immutable_constants (tests.test_imported_globals.ImportedGlobals.test_legacy_plain_import_keeps_immutable_constants) ... ok
test_mutable_aliases_share_storage (tests.test_imported_globals.ImportedGlobals.test_mutable_aliases_share_storage) ... ok
test_private_missing_wrong_type_and_immutable_write_preserve_output (tests.test_imported_globals.ImportedGlobals.test_private_missing_wrong_type_and_immutable_write_preserve_output) ... ok
test_qualified_distinct_types_and_dependency_shadows (tests.test_imported_globals.ImportedGlobals.test_qualified_distinct_types_and_dependency_shadows) ... ok
test_qualified_map_type_refusals (tests.test_imported_globals.ImportedGlobals.test_qualified_map_type_refusals) ... ok
test_qualified_write_refusals_preserve_output (tests.test_imported_globals.ImportedGlobals.test_qualified_write_refusals_preserve_output) ... ok
test_qualified_writes_share_alias_storage (tests.test_imported_globals.ImportedGlobals.test_qualified_writes_share_alias_storage) ... ok
test_relative_spellings_share_canonical_storage (tests.test_imported_globals.ImportedGlobals.test_relative_spellings_share_canonical_storage) ... ok
test_repeated_alias_keeps_identity (tests.test_imported_globals.ImportedGlobals.test_repeated_alias_keeps_identity) ... ok
test_resource_bearing_globals_preserve_output (tests.test_imported_globals.ImportedGlobals.test_resource_bearing_globals_preserve_output) ... ok
test_selective_aliases_and_lexical_shadowing (tests.test_imported_globals.ImportedGlobals.test_selective_aliases_and_lexical_shadowing) ... ok
test_transitive_selective_import_keeps_declaring_context (tests.test_imported_globals.ImportedGlobals.test_transitive_selective_import_keeps_declaring_context) ... ok
test_wildcard_public_globals (tests.test_imported_globals.ImportedGlobals.test_wildcard_public_globals) ... ok
test_direct_nested_projections_retain_record_identity (tests.test_cseed_record_array_literals.RecordArrayLiterals.test_direct_nested_projections_retain_record_identity) ... ok
test_mixed_nominal_elements_reject (tests.test_cseed_record_array_literals.RecordArrayLiterals.test_mixed_nominal_elements_reject) ... ok
test_native_and_vm_values_and_order (tests.test_cseed_record_array_literals.RecordArrayLiterals.test_native_and_vm_values_and_order) ... ok
test_record_append_captures_receiver_and_returned_value_in_order (tests.test_cseed_record_array_literals.RecordArrayLiterals.test_record_append_captures_receiver_and_returned_value_in_order) ... ok
test_dependency_selection (tests.test_canonical_vm_shadows.CanonicalVMShadows.test_dependency_selection) ... ok
test_failure_and_deadline_preserve_previous_output (tests.test_canonical_vm_shadows.CanonicalVMShadows.test_failure_and_deadline_preserve_previous_output) ... ok
test_missing_vm_preserves_output_and_no_shadow_needs_no_runner (tests.test_canonical_vm_shadows.CanonicalVMShadows.test_missing_vm_preserves_output_and_no_shadow_needs_no_runner) ... ok
test_runner_path_with_spaces (tests.test_canonical_vm_shadows.CanonicalVMShadows.test_runner_path_with_spaces) ... ok
test_shared_state_order_and_ordinary_main (tests.test_canonical_vm_shadows.CanonicalVMShadows.test_shared_state_order_and_ordinary_main) ... ok
test_external_schema_type_keeps_abi (tests.test_native_record_names.NativeRecordNames.test_external_schema_type_keeps_abi) ... ok
test_generic_record_arguments_and_results (tests.test_native_record_names.NativeRecordNames.test_generic_record_arguments_and_results) ... ok
test_imported_record (tests.test_native_record_names.NativeRecordNames.test_imported_record) ... ok
test_original_nested_record_array_fixture (tests.test_native_record_names.NativeRecordNames.test_original_nested_record_array_fixture) ... ok
test_record_array_callbacks (tests.test_native_record_names.NativeRecordNames.test_record_array_callbacks) ... ok
test_runtime_name_families_and_ordinary_neighbor (tests.test_native_record_names.NativeRecordNames.test_runtime_name_families_and_ordinary_neighbor) ... ok

----------------------------------------------------------------------
Ran 43 tests in 35.703s

OK
