/private/tmp/nanolang-record-final.c:604182:main	48	static
/private/tmp/nanolang-record-final.c:32:nf64_to_i64	32	static
/private/tmp/nanolang-record-final.c:629:nparse_binary64	80	static
/private/tmp/nanolang-record-final.c:223:nano_rt_f64_format	64	static
/private/tmp/nanolang-record-final.c:223:nano_rt_f64_print	64	static
/private/tmp/nanolang-record-final.c:283:nano_rt_f64_add	48	static
/private/tmp/nanolang-record-final.c:287:nano_rt_f64_sub	48	static
/private/tmp/nanolang-record-final.c:291:nano_rt_f64_mul	48	static
/private/tmp/nanolang-record-final.c:295:nano_rt_f64_div	64	static
/private/tmp/nanolang-record-final.c:28:nrec_f64	16	static
/private/tmp/nanolang-record-final.c:2830:nl_is_identifier_start	400	static
/private/tmp/nanolang-record-final.c:2905:nl_is_identifier_char	320	static
/private/tmp/nanolang-record-final.c:2957:nl_is_whitespace_char	368	static
/private/tmp/nanolang-record-final.c:3021:nl_is_digit_char	288	static
/private/tmp/nanolang-record-final.c:3061:nl_keyword_group1	560	static
/private/tmp/nanolang-record-final.c:3147:nl_keyword_group2	1840	static
/private/tmp/nanolang-record-final.c:3463:nl_keyword_group3	608	static
/private/tmp/nanolang-record-final.c:3559:nl_keyword_group4	400	static
/private/tmp/nanolang-record-final.c:3615:nl_keyword_group5	272	static
/private/tmp/nanolang-record-final.c:3651:nl_keyword_or_identifier	560	static
/private/tmp/nanolang-record-final.c:3772:nl_push_tok	5056	static
/private/tmp/nanolang-record-final.c:3853:nl_process_string	992	static
/private/tmp/nanolang-record-final.c:4006:nl_process_number	1744	static
/private/tmp/nanolang-record-final.c:4274:nl_process_grammar_body	5776	static
/private/tmp/nanolang-record-final.c:4516:nl_process_identifier	960	static
/private/tmp/nanolang-record-final.c:4660:nl_process_char_literal	1280	static
/private/tmp/nanolang-record-final.c:4898:nl_emit_fstring_part_tokens	10336	static
/private/tmp/nanolang-record-final.c:5096:nl_process_fstring	5392	static
/private/tmp/nanolang-record-final.c:5996:nl_tokenize_string	11712	static
/private/tmp/nanolang-record-final.c:8080:nl_tokenize_file	448	static
/private/tmp/nanolang-record-final.c:8131:nl_parser_init_ast_lists	1408	static
/private/tmp/nanolang-record-final.c:8535:nl_parser_new	1200	static
/private/tmp/nanolang-record-final.c:8917:nl_parser_allocate_id	384	static
/private/tmp/nanolang-record-final.c:8955:nl_parser_is_at_end	4848	static
/private/tmp/nanolang-record-final.c:9014:nl_parser_with_position	1520	static
/private/tmp/nanolang-record-final.c:9506:nl_parser_advance	320	static
/private/tmp/nanolang-record-final.c:9558:nl_parser_position	320	static
/private/tmp/nanolang-record-final.c:9592:nl_parser_current	4800	static
/private/tmp/nanolang-record-final.c:9658:nl_parser_match	352	static
/private/tmp/nanolang-record-final.c:9715:nl_parser_expect	320	static
/private/tmp/nanolang-record-final.c:9767:nl_parser_peek	4944	static
/private/tmp/nanolang-record-final.c:9832:nl_parser_with_error	1520	static
/private/tmp/nanolang-record-final.c:10324:nl_parser_has_error	224	static
/private/tmp/nanolang-record-final.c:10355:nl_token_number	192	static
/private/tmp/nanolang-record-final.c:10379:nl_token_identifier	192	static
/private/tmp/nanolang-record-final.c:10403:nl_token_string	192	static
/private/tmp/nanolang-record-final.c:10427:nl_token_true	192	static
/private/tmp/nanolang-record-final.c:10451:nl_token_false	192	static
/private/tmp/nanolang-record-final.c:10475:nl_token_lparen	192	static
/private/tmp/nanolang-record-final.c:10499:nl_token_rparen	192	static
/private/tmp/nanolang-record-final.c:10523:nl_token_plus	192	static
/private/tmp/nanolang-record-final.c:10547:nl_token_minus	192	static
/private/tmp/nanolang-record-final.c:10571:nl_token_star	192	static
/private/tmp/nanolang-record-final.c:10595:nl_token_slash	192	static
/private/tmp/nanolang-record-final.c:10619:nl_token_eq	192	static
/private/tmp/nanolang-record-final.c:10643:nl_token_ne	192	static
/private/tmp/nanolang-record-final.c:10667:nl_token_lt	192	static
/private/tmp/nanolang-record-final.c:10691:nl_token_le	192	static
/private/tmp/nanolang-record-final.c:10715:nl_token_gt	192	static
/private/tmp/nanolang-record-final.c:10739:nl_token_ge	192	static
/private/tmp/nanolang-record-final.c:10763:nl_token_and	192	static
/private/tmp/nanolang-record-final.c:10787:nl_token_or	192	static
/private/tmp/nanolang-record-final.c:10811:nl_token_comma	192	static
/private/tmp/nanolang-record-final.c:10835:nl_token_lbrace	192	static
/private/tmp/nanolang-record-final.c:10859:nl_token_rbrace	192	static
/private/tmp/nanolang-record-final.c:10883:nl_token_let	192	static
/private/tmp/nanolang-record-final.c:10907:nl_token_if	192	static
/private/tmp/nanolang-record-final.c:10931:nl_token_else	192	static
/private/tmp/nanolang-record-final.c:10955:nl_token_while	192	static
/private/tmp/nanolang-record-final.c:10979:nl_token_return	192	static
/private/tmp/nanolang-record-final.c:11003:nl_token_colon	192	static
/private/tmp/nanolang-record-final.c:11027:nl_token_mut	192	static
/private/tmp/nanolang-record-final.c:11051:nl_token_assign	192	static
/private/tmp/nanolang-record-final.c:11075:nl_token_arrow	192	static
/private/tmp/nanolang-record-final.c:11099:nl_token_fn	192	static
/private/tmp/nanolang-record-final.c:11123:nl_token_extern	192	static
/private/tmp/nanolang-record-final.c:11147:nl_token_set	192	static
/private/tmp/nanolang-record-final.c:11171:nl_token_struct	192	static
/private/tmp/nanolang-record-final.c:11195:nl_token_enum	192	static
/private/tmp/nanolang-record-final.c:11219:nl_token_union	192	static
/private/tmp/nanolang-record-final.c:11243:nl_token_for	192	static
/private/tmp/nanolang-record-final.c:11267:nl_token_in	192	static
/private/tmp/nanolang-record-final.c:11291:nl_token_assert	192	static
/private/tmp/nanolang-record-final.c:11315:nl_token_requires	192	static
/private/tmp/nanolang-record-final.c:11339:nl_token_ensures	192	static
/private/tmp/nanolang-record-final.c:11363:nl_token_unsafe	192	static
/private/tmp/nanolang-record-final.c:11387:nl_token_shadow	192	static
/private/tmp/nanolang-record-final.c:11411:nl_token_match	192	static
/private/tmp/nanolang-record-final.c:11435:nl_token_import	192	static
/private/tmp/nanolang-record-final.c:11459:nl_token_as	192	static
/private/tmp/nanolang-record-final.c:11483:nl_token_pub	192	static
/private/tmp/nanolang-record-final.c:11507:nl_token_pure	192	static
/private/tmp/nanolang-record-final.c:11531:nl_token_opaque	192	static
/private/tmp/nanolang-record-final.c:11555:nl_token_lbracket	192	static
/private/tmp/nanolang-record-final.c:11579:nl_token_rbracket	192	static
/private/tmp/nanolang-record-final.c:11603:nl_token_dot	192	static
/private/tmp/nanolang-record-final.c:11627:nl_token_double_colon	192	static
/private/tmp/nanolang-record-final.c:11651:nl_token_percent	192	static
/private/tmp/nanolang-record-final.c:11675:nl_token_not	192	static
/private/tmp/nanolang-record-final.c:11699:nl_token_pipe	192	static
/private/tmp/nanolang-record-final.c:11723:nl_token_grammar	192	static
/private/tmp/nanolang-record-final.c:11747:nl_token_larrow	192	static
/private/tmp/nanolang-record-final.c:11771:nl_token_question	192	static
/private/tmp/nanolang-record-final.c:11795:nl_token_array	192	static
/private/tmp/nanolang-record-final.c:11819:nl_token_type_int	192	static
/private/tmp/nanolang-record-final.c:11843:nl_token_type_u8	192	static
/private/tmp/nanolang-record-final.c:11867:nl_token_type_float	192	static
/private/tmp/nanolang-record-final.c:11891:nl_token_type_bool	192	static
/private/tmp/nanolang-record-final.c:11915:nl_token_type_string	192	static
/private/tmp/nanolang-record-final.c:11939:nl_token_type_bstring	192	static
/private/tmp/nanolang-record-final.c:11963:nl_token_type_void	192	static
/private/tmp/nanolang-record-final.c:11987:nl_parse_qualified_name	28016	static
/private/tmp/nanolang-record-final.c:12314:nl_parse_call_name	37472	static
/private/tmp/nanolang-record-final.c:12815:nl_is_type_start_token_type	640	static
/private/tmp/nanolang-record-final.c:12976:nl_parse_type_string	118896	static
/private/tmp/nanolang-record-final.c:15932:nl_parser_store_number	6160	static
/private/tmp/nanolang-record-final.c:16457:nl_parser_store_string	6160	static
/private/tmp/nanolang-record-final.c:16982:nl_parser_store_bool	6160	static
/private/tmp/nanolang-record-final.c:17507:nl_parser_store_identifier	6160	static
/private/tmp/nanolang-record-final.c:18032:nl_parser_store_binary_op	6272	static
/private/tmp/nanolang-record-final.c:18580:nl_parser_mark_unary	4960	static
/private/tmp/nanolang-record-final.c:18684:nl_parser_store_call	6240	static
/private/tmp/nanolang-record-final.c:19227:nl_parser_store_module_qualified_call	6224	static
/private/tmp/nanolang-record-final.c:19767:nl_name_contains_dot	400	static
/private/tmp/nanolang-record-final.c:19835:nl_parser_store_call_arg	6208	static
/private/tmp/nanolang-record-final.c:20351:nl_parser_store_array_element	6208	static
/private/tmp/nanolang-record-final.c:20867:nl_parse_named_literal	1552	static
/private/tmp/nanolang-record-final.c:21123:nl_parse_union_construct	1776	static
/private/tmp/nanolang-record-final.c:21670:nl_parse_struct_literal	2048	static
/private/tmp/nanolang-record-final.c:22355:nl_parse_cond_expression	704	static
/private/tmp/nanolang-record-final.c:22527:nl_parse_cond_clauses	11552	static
/private/tmp/nanolang-record-final.c:23409:nl_parser_expect_match_arrow	224	static
/private/tmp/nanolang-record-final.c:23445:nl_parse_match_guard	416	static
/private/tmp/nanolang-record-final.c:23527:nl_parser_match_arm_unconditional	736	static
/private/tmp/nanolang-record-final.c:23608:nl_parse_match	10704	static
/private/tmp/nanolang-record-final.c:28887:nl_parse_primary	55376	static
/private/tmp/nanolang-record-final.c:62011:nl_parse_parenthesized_head	688	static
/private/tmp/nanolang-record-final.c:62179:nl_parenthesized_call_start	720	static
/private/tmp/nanolang-record-final.c:62361:nl_is_binary_op	720	static
/private/tmp/nanolang-record-final.c:62554:nl_parse_expression_recursive	6960	static
/private/tmp/nanolang-record-final.c:64771:nl_parse_expression	224	static
/private/tmp/nanolang-record-final.c:64803:nl_parser_store_let	6352	static
/private/tmp/nanolang-record-final.c:65360:nl_parser_store_set	6224	static
/private/tmp/nanolang-record-final.c:65900:nl_parser_store_if	6240	static
/private/tmp/nanolang-record-final.c:66440:nl_parser_store_while	6208	static
/private/tmp/nanolang-record-final.c:66975:nl_parser_store_for	6224	static
/private/tmp/nanolang-record-final.c:67515:nl_parser_finish_array_literal	880	static
/private/tmp/nanolang-record-final.c:67618:nl_parser_store_array_literal	6208	static
/private/tmp/nanolang-record-final.c:68153:nl_parser_is_value_expression	704	static
/private/tmp/nanolang-record-final.c:68329:nl_parser_always_returns	6160	static
/private/tmp/nanolang-record-final.c:68561:nl_parser_decode_import_path	880	static
/private/tmp/nanolang-record-final.c:68750:nl_parser_store_import	6432	static
/private/tmp/nanolang-record-final.c:69349:nl_parser_store_service	6240	static
/private/tmp/nanolang-record-final.c:69895:nl_parser_store_opaque_type	6160	static
/private/tmp/nanolang-record-final.c:70420:nl_parser_store_shadow	6176	static
/private/tmp/nanolang-record-final.c:70950:nl_parser_store_field_access	6272	static
/private/tmp/nanolang-record-final.c:71487:nl_parser_store_float	6176	static
/private/tmp/nanolang-record-final.c:72012:nl_parser_store_return	6192	static
/private/tmp/nanolang-record-final.c:72542:nl_parser_store_assert	6192	static
/private/tmp/nanolang-record-final.c:73072:nl_parser_store_block	6176	static
/private/tmp/nanolang-record-final.c:73603:nl_parser_wrap_if_in_block	4880	static
/private/tmp/nanolang-record-final.c:73662:nl_expr_kind_to_pnode	448	static
/private/tmp/nanolang-record-final.c:73758:nl_parser_starts_owned_pattern	672	static
/private/tmp/nanolang-record-final.c:73911:nl_parser_mark_owned	720	static
/private/tmp/nanolang-record-final.c:74035:nl_parse_owned_pattern	12704	static
/private/tmp/nanolang-record-final.c:75003:nl_parse_block_recursive	6512	static
/private/tmp/nanolang-record-final.c:75594:nl_parse_block	544	static
/private/tmp/nanolang-record-final.c:75713:nl_parser_store_unsafe_block	6160	static
/private/tmp/nanolang-record-final.c:76238:nl_parse_unsafe_block_recursive	5440	static
/private/tmp/nanolang-record-final.c:76483:nl_parse_unsafe_block	832	static
/private/tmp/nanolang-record-final.c:76699:nl_parse_let_body	2032	static
/private/tmp/nanolang-record-final.c:77333:nl_parse_tuple_destructure	11808	static
/private/tmp/nanolang-record-final.c:78173:nl_parse_let_statement	848	static
/private/tmp/nanolang-record-final.c:78379:nl_parse_if_statement	1824	static
/private/tmp/nanolang-record-final.c:78959:nl_parse_while_statement	784	static
/private/tmp/nanolang-record-final.c:79161:nl_parse_return_statement	1040	static
/private/tmp/nanolang-record-final.c:79429:nl_parse_assert_statement	512	static
/private/tmp/nanolang-record-final.c:79558:nl_parse_for_statement	1488	static
/private/tmp/nanolang-record-final.c:80039:nl_parser_with_node	1520	static
/private/tmp/nanolang-record-final.c:80530:nl_parser_with_statement	272	static
/private/tmp/nanolang-record-final.c:80565:nl_parser_mark_passive	576	static
/private/tmp/nanolang-record-final.c:80678:nl_parser_mark_par	224	static
/private/tmp/nanolang-record-final.c:80710:nl_parse_statement	2944	static
/private/tmp/nanolang-record-final.c:81706:nl_parser_mark_pure	5040	static
/private/tmp/nanolang-record-final.c:81845:nl_parser_store_function	6256	static
/private/tmp/nanolang-record-final.c:82393:nl_parser_store_struct	6272	static
/private/tmp/nanolang-record-final.c:82946:nl_parser_store_enum	6208	static
/private/tmp/nanolang-record-final.c:83486:nl_parser_store_union	6320	static
/private/tmp/nanolang-record-final.c:84046:nl_parser_store_union_construct	6336	static
/private/tmp/nanolang-record-final.c:84598:nl_parser_store_struct_literal	6240	static
/private/tmp/nanolang-record-final.c:85143:nl_parser_store_match	6352	static
/private/tmp/nanolang-record-final.c:85708:nl_parser_store_tuple_literal	6208	static
/private/tmp/nanolang-record-final.c:86243:nl_parser_store_tuple_index	6208	static
/private/tmp/nanolang-record-final.c:86778:nl_parse_parameter_type	5248	static
/private/tmp/nanolang-record-final.c:86981:nl_parse_function_params	52080	static
/private/tmp/nanolang-record-final.c:87912:nl_parse_extern_function_definition	1728	static
/private/tmp/nanolang-record-final.c:88572:nl_parse_function_definition	18400	static
/private/tmp/nanolang-record-final.c:90786:nl_parse_struct_fields	1824	static
/private/tmp/nanolang-record-final.c:91358:nl_parse_struct_definition	1296	static
/private/tmp/nanolang-record-final.c:91763:nl_parse_enum_variants	2576	static
/private/tmp/nanolang-record-final.c:92547:nl_parse_enum_definition	944	static
/private/tmp/nanolang-record-final.c:92832:nl_parse_union_variants	6384	static
/private/tmp/nanolang-record-final.c:95604:nl_parse_union_definition	2384	static
/private/tmp/nanolang-record-final.c:96457:nl_parse_import	1856	static
/private/tmp/nanolang-record-final.c:97026:nl_parse_module_import	1552	static
/private/tmp/nanolang-record-final.c:97467:nl_parse_from_import	2768	static
/private/tmp/nanolang-record-final.c:98469:nl_parse_opaque_type	976	static
/private/tmp/nanolang-record-final.c:98744:nl_parse_shadow	736	static
/private/tmp/nanolang-record-final.c:98955:nl_parser_service_utf8	1264	static
/private/tmp/nanolang-record-final.c:99289:nl_parse_service_declaration	34992	static
/private/tmp/nanolang-record-final.c:100254:nl_parse_definition	3840	static
/private/tmp/nanolang-record-final.c:101644:nl_parse_program	688	static
/private/tmp/nanolang-record-final.c:101792:nl_create_number_node	272	static
/private/tmp/nanolang-record-final.c:101835:nl_create_identifier_node	272	static
/private/tmp/nanolang-record-final.c:101878:nl_test_parser_structure	592	static
/private/tmp/nanolang-record-final.c:101970:nl_parser_get_function_count	240	static
/private/tmp/nanolang-record-final.c:102002:nl_parser_get_function	4800	static
/private/tmp/nanolang-record-final.c:102038:nl_parser_get_let_count	240	static
/private/tmp/nanolang-record-final.c:102070:nl_parser_get_let	4800	static
/private/tmp/nanolang-record-final.c:102106:nl_parser_set_let_var_type	5248	static
/private/tmp/nanolang-record-final.c:102228:nl_parser_get_identifier_count	320	static
/private/tmp/nanolang-record-final.c:102260:nl_parser_get_identifier	4800	static
/private/tmp/nanolang-record-final.c:102296:nl_parser_get_number_count	320	static
/private/tmp/nanolang-record-final.c:102328:nl_parser_get_number	4800	static
/private/tmp/nanolang-record-final.c:102364:nl_parser_get_float_count	320	static
/private/tmp/nanolang-record-final.c:102396:nl_parser_get_float	4800	static
/private/tmp/nanolang-record-final.c:102432:nl_parser_get_binary_op_count	320	static
/private/tmp/nanolang-record-final.c:102464:nl_parser_get_binary_op	4800	static
/private/tmp/nanolang-record-final.c:102500:nl_parser_get_return_count	320	static
/private/tmp/nanolang-record-final.c:102532:nl_parser_get_return	4800	static
/private/tmp/nanolang-record-final.c:102568:nl_parser_get_block_count	320	static
/private/tmp/nanolang-record-final.c:102600:nl_parser_get_block	4800	static
/private/tmp/nanolang-record-final.c:102636:nl_parser_get_if	4800	static
/private/tmp/nanolang-record-final.c:102672:nl_parser_get_if_count	320	static
/private/tmp/nanolang-record-final.c:102704:nl_parser_get_while	4800	static
/private/tmp/nanolang-record-final.c:102740:nl_parser_get_while_count	320	static
/private/tmp/nanolang-record-final.c:102772:nl_parser_get_for	4800	static
/private/tmp/nanolang-record-final.c:102808:nl_parser_get_unsafe_block	4800	static
/private/tmp/nanolang-record-final.c:102844:nl_parser_get_call	4800	static
/private/tmp/nanolang-record-final.c:102880:nl_parser_get_call_count	240	static
/private/tmp/nanolang-record-final.c:102912:nl_parser_get_module_qualified_call	4800	static
/private/tmp/nanolang-record-final.c:102948:nl_parser_get_module_qualified_call_count	320	static
/private/tmp/nanolang-record-final.c:102980:nl_parser_get_call_arg_count	320	static
/private/tmp/nanolang-record-final.c:103012:nl_parser_get_call_arg	4752	static
/private/tmp/nanolang-record-final.c:103047:nl_parser_get_set	4800	static
/private/tmp/nanolang-record-final.c:103083:nl_parser_get_set_count	320	static
/private/tmp/nanolang-record-final.c:103115:nl_parser_get_string_count	320	static
/private/tmp/nanolang-record-final.c:103147:nl_parser_get_string	4800	static
/private/tmp/nanolang-record-final.c:103183:nl_parser_get_bool_count	320	static
/private/tmp/nanolang-record-final.c:103215:nl_parser_get_bool	4800	static
/private/tmp/nanolang-record-final.c:103251:nl_parser_get_assert_count	320	static
/private/tmp/nanolang-record-final.c:103283:nl_parser_get_assert	4800	static
/private/tmp/nanolang-record-final.c:103319:nl_parser_get_field_access_count	320	static
/private/tmp/nanolang-record-final.c:103351:nl_parser_get_field_access	4800	static
/private/tmp/nanolang-record-final.c:103387:nl_parser_get_array_literal_count	320	static
/private/tmp/nanolang-record-final.c:103419:nl_parser_get_array_literal	4800	static
/private/tmp/nanolang-record-final.c:103455:nl_parser_set_array_literal_element_type	4912	static
/private/tmp/nanolang-record-final.c:103541:nl_parser_get_array_element_count	320	static
/private/tmp/nanolang-record-final.c:103573:nl_parser_get_array_element	4752	static
/private/tmp/nanolang-record-final.c:103608:nl_parser_get_struct_def_count	240	static
/private/tmp/nanolang-record-final.c:103640:nl_parser_get_struct_def	4800	static
/private/tmp/nanolang-record-final.c:103676:nl_parser_get_struct_literal_count	240	static
/private/tmp/nanolang-record-final.c:103708:nl_parser_get_struct_literal	4800	static
/private/tmp/nanolang-record-final.c:103744:nl_parser_get_enum_count	240	static
/private/tmp/nanolang-record-final.c:103776:nl_parser_get_enum	4752	static
/private/tmp/nanolang-record-final.c:103811:nl_parser_get_union_count	240	static
/private/tmp/nanolang-record-final.c:103843:nl_parser_get_union	4800	static
/private/tmp/nanolang-record-final.c:103879:nl_parser_get_union_construct_count	320	static
/private/tmp/nanolang-record-final.c:103911:nl_parser_get_union_construct	4800	static
/private/tmp/nanolang-record-final.c:103947:nl_parser_get_match_count	240	static
/private/tmp/nanolang-record-final.c:103979:nl_parser_get_match	4800	static
/private/tmp/nanolang-record-final.c:104015:nl_parser_get_tuple_literal_count	320	static
/private/tmp/nanolang-record-final.c:104047:nl_parser_get_tuple_literal	4800	static
/private/tmp/nanolang-record-final.c:104083:nl_parser_get_tuple_index_count	320	static
/private/tmp/nanolang-record-final.c:104115:nl_parser_get_tuple_index	4800	static
/private/tmp/nanolang-record-final.c:104151:nl_parser_get_service_count	320	static
/private/tmp/nanolang-record-final.c:104185:nl_parser_get_service	4752	static
/private/tmp/nanolang-record-final.c:104220:nl_parser_get_import_count	240	static
/private/tmp/nanolang-record-final.c:104252:nl_parser_get_import	4752	static
/private/tmp/nanolang-record-final.c:104287:nl_parse_phase_run	14672	static
/private/tmp/nanolang-record-final.c:104522:nl_resource_name_in	544	static
/private/tmp/nanolang-record-final.c:104586:nl_resource_variant_key	304	static
/private/tmp/nanolang-record-final.c:104622:nl_resource_type_identity	3456	static
/private/tmp/nanolang-record-final.c:105141:nl_resource_concrete_identity	1504	static
/private/tmp/nanolang-record-final.c:105338:nl_resource_fixed_payload_bearing	1264	static
/private/tmp/nanolang-record-final.c:105515:nl_resource_concrete_payload_fact	3808	static
/private/tmp/nanolang-record-final.c:106216:nl_resource_classify	8544	static
/private/tmp/nanolang-record-final.c:107968:nl_resource_type_is_declared	336	static
/private/tmp/nanolang-record-final.c:108007:nl_resource_has_collection_payload	352	static
/private/tmp/nanolang-record-final.c:108045:nl_resource_find	5024	static
/private/tmp/nanolang-record-final.c:108122:nl_resource_test_parser	512	static
/private/tmp/nanolang-record-final.c:108173:nl_resource_copy	9360	static
/private/tmp/nanolang-record-final.c:108234:nl_resource_place_root	912	static
/private/tmp/nanolang-record-final.c:108349:nl_resource_place_path	848	static
/private/tmp/nanolang-record-final.c:108431:nl_resource_path_prefix	336	static
/private/tmp/nanolang-record-final.c:108473:nl_resource_place_conflict	880	static
/private/tmp/nanolang-record-final.c:108607:nl_resource_place_hold	9984	static
/private/tmp/nanolang-record-final.c:108792:nl_resource_restore_holds	14080	static
/private/tmp/nanolang-record-final.c:108923:nl_resource_replace	9584	static
/private/tmp/nanolang-record-final.c:109048:nl_resource_flow_error	512	static
/private/tmp/nanolang-record-final.c:109116:nl_resource_resolve_exit	5264	static
/private/tmp/nanolang-record-final.c:109244:nl_resource_join	9888	static
/private/tmp/nanolang-record-final.c:109422:nl_resource_loop_edge	9920	static
/private/tmp/nanolang-record-final.c:109584:nl_resource_value_type	13424	static
/private/tmp/nanolang-record-final.c:112144:nl_tc_generic_arguments	800	static
/private/tmp/nanolang-record-final.c:112244:nl_tc_substitute_generic	336	static
/private/tmp/nanolang-record-final.c:112284:nl_resource_instantiated_classify	4400	static
/private/tmp/nanolang-record-final.c:113082:nl_resource_generic_contains	400	static
/private/tmp/nanolang-record-final.c:113126:nl_resource_transfer_supported	2576	static
/private/tmp/nanolang-record-final.c:113575:nl_resource_callback_unsupported	6016	static
/private/tmp/nanolang-record-final.c:113826:nl_resource_check_annotation	7504	static
/private/tmp/nanolang-record-final.c:114302:nl_resource_flow_block	5856	static
/private/tmp/nanolang-record-final.c:114560:nl_resource_union_index	640	static
/private/tmp/nanolang-record-final.c:114656:nl_resource_selected_identity	480	static
/private/tmp/nanolang-record-final.c:114727:nl_resource_owned_union_index	944	static
/private/tmp/nanolang-record-final.c:114854:nl_resource_guard_preserves	10368	static
/private/tmp/nanolang-record-final.c:115103:nl_resource_match_supported	1472	static
/private/tmp/nanolang-record-final.c:115307:nl_resource_parameter_type	1072	static
/private/tmp/nanolang-record-final.c:115508:nl_resource_flow_value	6288	static
/private/tmp/nanolang-record-final.c:116649:nl_resource_flow_node	89152	static
/private/tmp/nanolang-record-final.c:132385:nl_resource_check_global	1744	static
/private/tmp/nanolang-record-final.c:132640:nl_resource_check_function	6688	static
/private/tmp/nanolang-record-final.c:133033:nl_type_int	208	static
/private/tmp/nanolang-record-final.c:133070:nl_type_float	208	static
/private/tmp/nanolang-record-final.c:133107:nl_type_bool	208	static
/private/tmp/nanolang-record-final.c:133144:nl_type_string	208	static
/private/tmp/nanolang-record-final.c:133181:nl_type_void	208	static
/private/tmp/nanolang-record-final.c:133218:nl_type_unknown_named	240	static
/private/tmp/nanolang-record-final.c:133259:nl_type_from_kind	400	static
/private/tmp/nanolang-record-final.c:133366:nl_init_struct_metadata	1084112	static
/private/tmp/nanolang-record-final.c:138146:nl_capitalize_first	1936	static
/private/tmp/nanolang-record-final.c:138329:nl_extract_user_struct_metadata	10048	static
/private/tmp/nanolang-record-final.c:138501:nl_merge_struct_metadata	9424	static
/private/tmp/nanolang-record-final.c:138587:nl_field_metadata_key	432	static
/private/tmp/nanolang-record-final.c:138621:nl_field_metadata_type_string	2064	static
/private/tmp/nanolang-record-final.c:138826:nl_build_field_metadata_index	5152	static
/private/tmp/nanolang-record-final.c:138925:nl_lookup_field_type_kind	1248	static
/private/tmp/nanolang-record-final.c:139074:nl_lookup_field_type	1328	static
/private/tmp/nanolang-record-final.c:139251:nl_option_type_some	4736	static
/private/tmp/nanolang-record-final.c:139286:nl_option_type_none	4768	static
/private/tmp/nanolang-record-final.c:139322:nl_type_kind_from_string	864	static
/private/tmp/nanolang-record-final.c:139398:nl_type_array	272	static
/private/tmp/nanolang-record-final.c:139441:nl_type_array_of	544	static
/private/tmp/nanolang-record-final.c:139521:nl_type_list_generic	224	static
/private/tmp/nanolang-record-final.c:139560:nl_type_union	224	static
/private/tmp/nanolang-record-final.c:139599:nl_type_tuple	208	static
/private/tmp/nanolang-record-final.c:139636:nl_strip_spaces	608	static
/private/tmp/nanolang-record-final.c:139722:nl_types_equal	4176	static
/private/tmp/nanolang-record-final.c:140326:nl_fn_type_return_type	1648	static
/private/tmp/nanolang-record-final.c:140635:nl_fn_type_param_types	11632	static
/private/tmp/nanolang-record-final.c:141108:nl_type_from_string	1968	static
/private/tmp/nanolang-record-final.c:141359:nl_split_tuple_type_names	1136	static
/private/tmp/nanolang-record-final.c:141557:nl_tuple_type_string_from_literal	1168	static
/private/tmp/nanolang-record-final.c:141715:nl_base_type_name	496	static
/private/tmp/nanolang-record-final.c:141767:nl_is_union_name	4976	static
/private/tmp/nanolang-record-final.c:141853:nl_is_enum_name	496	static
/private/tmp/nanolang-record-final.c:141945:nl_tc_is_opaque_name	8400	static
/private/tmp/nanolang-record-final.c:142287:nl_type_from_string_with_parser	1088	static
/private/tmp/nanolang-record-final.c:142483:nl_fn_type_params_with_parser	9600	static
/private/tmp/nanolang-record-final.c:142583:nl_tc_str_index_of	640	static
/private/tmp/nanolang-record-final.c:142669:nl_extract_list_element_type	592	static
/private/tmp/nanolang-record-final.c:142747:nl_tc_str_starts_with	512	static
/private/tmp/nanolang-record-final.c:142802:nl_tc_str_last_index_of	496	static
/private/tmp/nanolang-record-final.c:142881:nl_check_list_function_call	1104	static
/private/tmp/nanolang-record-final.c:143055:nl_is_builtin_function	8784	static
/private/tmp/nanolang-record-final.c:144478:nl_type_u8_array	272	static
/private/tmp/nanolang-record-final.c:144509:nl_check_builtin_function	12528	static
/private/tmp/nanolang-record-final.c:146617:nl_extract_list_type_from_function	400	static
/private/tmp/nanolang-record-final.c:146678:nl_type_from_element_name	496	static
/private/tmp/nanolang-record-final.c:146774:nl_type_to_string	2192	static
/private/tmp/nanolang-record-final.c:147050:nl_type_kind_to_string	944	static
/private/tmp/nanolang-record-final.c:147216:nl_env_new	208	static
/private/tmp/nanolang-record-final.c:147252:nl_symbol_new	9392	static
/private/tmp/nanolang-record-final.c:147318:nl_empty_param_types	208	static
/private/tmp/nanolang-record-final.c:147346:nl_env_add_symbol	4768	static
/private/tmp/nanolang-record-final.c:147378:nl_env_copy_symbols	9376	static
/private/tmp/nanolang-record-final.c:147438:nl_typecheck_local_lets	240	static
/private/tmp/nanolang-record-final.c:147470:nl_env_lookup	5056	static
/private/tmp/nanolang-record-final.c:147552:nl_last_index_of_dot	432	static
/private/tmp/nanolang-record-final.c:147629:nl_module_qualified_suffix	512	static
/private/tmp/nanolang-record-final.c:147715:nl_tc_str_ends_with	592	static
/private/tmp/nanolang-record-final.c:147790:nl_env_has_symbol	272	static
/private/tmp/nanolang-record-final.c:147828:nl_env_get_type	9888	static
/private/tmp/nanolang-record-final.c:148054:nl_check_number_literal	240	static
/private/tmp/nanolang-record-final.c:148093:nl_check_string_literal	176	static
/private/tmp/nanolang-record-final.c:148117:nl_check_bool_literal	176	static
/private/tmp/nanolang-record-final.c:148141:nl_array_arithmetic_element	1104	static
/private/tmp/nanolang-record-final.c:148266:nl_array_arithmetic_selected	640	static
/private/tmp/nanolang-record-final.c:148375:nl_array_arithmetic_matches	768	static
/private/tmp/nanolang-record-final.c:148475:nl_check_binary_op	2608	static
/private/tmp/nanolang-record-final.c:149073:nl_op_token_to_string	640	static
/private/tmp/nanolang-record-final.c:149229:nl_ensure_known_expr_node	800	static
/private/tmp/nanolang-record-final.c:149435:nl_check_constructor_argument	6480	static
/private/tmp/nanolang-record-final.c:150630:nl_check_union_construct	720	static
/private/tmp/nanolang-record-final.c:150742:nl_check_match_coverage	4192	static
/private/tmp/nanolang-record-final.c:151486:nl_check_match_expr	6256	static
/private/tmp/nanolang-record-final.c:152737:nl_check_variant_field_type	2112	static
/private/tmp/nanolang-record-final.c:152998:nl_tc_bound_name	4912	static
/private/tmp/nanolang-record-final.c:153081:nl_reduce_type_known	8576	static
/private/tmp/nanolang-record-final.c:153921:nl_reduce_types_exact	704	static
/private/tmp/nanolang-record-final.c:154038:nl_check_reduce_call	13680	static
/private/tmp/nanolang-record-final.c:155032:nl_check_map_call	8224	static
/private/tmp/nanolang-record-final.c:155832:nl_check_expr_node	118928	static
/private/tmp/nanolang-record-final.c:192932:nl_typecheck_return_expr	912	static
/private/tmp/nanolang-record-final.c:193069:nl_array_elem_type_from_array_decl	672	static
/private/tmp/nanolang-record-final.c:193150:nl_owned_pattern_complete	2608	static
/private/tmp/nanolang-record-final.c:193580:nl_check_let_statement	10112	static
/private/tmp/nanolang-record-final.c:196049:nl_check_return_statement	2320	static
/private/tmp/nanolang-record-final.c:196514:nl_check_set_statement	9040	static
/private/tmp/nanolang-record-final.c:197549:nl_expr_kind_from_pnode	592	static
/private/tmp/nanolang-record-final.c:197687:nl_par_scalar_expr	13200	static
/private/tmp/nanolang-record-final.c:198527:nl_check_flow_statement	6592	static
/private/tmp/nanolang-record-final.c:198888:nl_check_par_statement	16208	static
/private/tmp/nanolang-record-final.c:199374:nl_check_block_value	720	static
/private/tmp/nanolang-record-final.c:199454:nl_check_statement_list	20928	static
/private/tmp/nanolang-record-final.c:202763:nl_check_block	656	static
/private/tmp/nanolang-record-final.c:202830:nl_scalar_borrow_shape	1376	static
/private/tmp/nanolang-record-final.c:203041:nl_check_function	7968	static
/private/tmp/nanolang-record-final.c:203839:nl_typecheck_output	4816	static
/private/tmp/nanolang-record-final.c:203894:nl_apply_return_type_hint	1136	static
/private/tmp/nanolang-record-final.c:204183:nl_apply_value_type_hint	736	static
/private/tmp/nanolang-record-final.c:204305:nl_typecheck_phase	288	static
/private/tmp/nanolang-record-final.c:204348:nl_typecheck_phase_with_symbols	464	static
/private/tmp/nanolang-record-final.c:204398:nl_purity_join	528	static
/private/tmp/nanolang-record-final.c:204484:nl_purity_local	544	static
/private/tmp/nanolang-record-final.c:204556:nl_purity_add	400	static
/private/tmp/nanolang-record-final.c:204611:nl_purity_type	720	static
/private/tmp/nanolang-record-final.c:204769:nl_purity_input_value	6800	static
/private/tmp/nanolang-record-final.c:205080:nl_purity_identifier	10736	static
/private/tmp/nanolang-record-final.c:205417:nl_purity_call	864	static
/private/tmp/nanolang-record-final.c:205592:nl_purity_node	25792	static
/private/tmp/nanolang-record-final.c:209264:nl_purity_function	2272	static
/private/tmp/nanolang-record-final.c:209713:nl_purity_summary	480	static
/private/tmp/nanolang-record-final.c:209809:nl_typecheck_phase_with_shadows	21808	static
/private/tmp/nanolang-record-final.c:215722:nl_typecheck_parser	1360	static
/private/tmp/nanolang-record-final.c:215918:nl_typecheck_with_count	416	static
/private/tmp/nanolang-record-final.c:215977:nl_typecheck	192	static
/private/tmp/nanolang-record-final.c:216003:nl_register_extern_names	784	static
/private/tmp/nanolang-record-final.c:216103:nl_would_collide_with_extern	736	static
/private/tmp/nanolang-record-final.c:216186:nl_is_opaque_type	3712	static
/private/tmp/nanolang-record-final.c:216511:nl_reset_module_aliases	304	static
/private/tmp/nanolang-record-final.c:216541:nl_reset_func_aliases	304	static
/private/tmp/nanolang-record-final.c:216571:nl_add_module_alias	576	static
/private/tmp/nanolang-record-final.c:216607:nl_add_func_alias	592	static
/private/tmp/nanolang-record-final.c:216643:nl_resolve_module_alias	736	static
/private/tmp/nanolang-record-final.c:216714:nl_resolve_func_alias	752	static
/private/tmp/nanolang-record-final.c:216785:nl_reset_fn_types	304	static
/private/tmp/nanolang-record-final.c:216815:nl_is_fn_type	304	static
/private/tmp/nanolang-record-final.c:216847:nl_register_fn_type	2368	static
/private/tmp/nanolang-record-final.c:217106:nl_parse_fn_type_params	2064	static
/private/tmp/nanolang-record-final.c:217504:nl_parse_fn_type_return	1552	static
/private/tmp/nanolang-record-final.c:217789:nl_generate_fn_type_typedefs	2592	static
/private/tmp/nanolang-record-final.c:218164:nl_codegen_new	208	static
/private/tmp/nanolang-record-final.c:218198:nl_gen_indent	320	static
/private/tmp/nanolang-record-final.c:218242:nl_cg_append	304	static
/private/tmp/nanolang-record-final.c:218272:nl_cg_build	1536	static
/private/tmp/nanolang-record-final.c:218431:nl_gen_temp_var	400	static
/private/tmp/nanolang-record-final.c:218471:nl_codegen_next_temp	288	static
/private/tmp/nanolang-record-final.c:218520:nl_mangle_name	1152	static
/private/tmp/nanolang-record-final.c:218705:nl_transp_str_starts_with	624	static
/private/tmp/nanolang-record-final.c:218795:nl_transp_str_index_of	640	static
/private/tmp/nanolang-record-final.c:218881:nl_transp_extract_list_element_type	560	static
/private/tmp/nanolang-record-final.c:218960:nl_is_generic_type	304	static
/private/tmp/nanolang-record-final.c:218989:nl_extract_base_type_name	496	static
/private/tmp/nanolang-record-final.c:219041:nl_extract_type_args	1664	static
/private/tmp/nanolang-record-final.c:219352:nl_monomorphize_type_name	1008	static
/private/tmp/nanolang-record-final.c:219480:nl_hashset_new_string	208	static
/private/tmp/nanolang-record-final.c:219508:nl_hashset_has_string	224	static
/private/tmp/nanolang-record-final.c:219538:nl_hashset_add_string	368	static
/private/tmp/nanolang-record-final.c:219585:nl_transp_str_ends_with	416	static
/private/tmp/nanolang-record-final.c:219640:nl_last_double_colon_index	608	static
/private/tmp/nanolang-record-final.c:219746:nl_last_dot_index	448	static
/private/tmp/nanolang-record-final.c:219822:nl_last_slash_index	448	static
/private/tmp/nanolang-record-final.c:219898:nl_module_name_from_path	544	static
/private/tmp/nanolang-record-final.c:220004:nl_build_module_alias_map	2096	static
/private/tmp/nanolang-record-final.c:220447:nl_mangle_module_ident	1136	static
/private/tmp/nanolang-record-final.c:220657:nl_is_unprefixed_list_runtime_fn	640	static
/private/tmp/nanolang-record-final.c:220740:nl_is_generic_list_runtime_fn	368	static
/private/tmp/nanolang-record-final.c:220790:nl_c_name_for_qualified_function	1840	static
/private/tmp/nanolang-record-final.c:221219:nl_map_builtin_func_name	7552	static
/private/tmp/nanolang-record-final.c:222442:nl_c_func_name_for_call	960	static
/private/tmp/nanolang-record-final.c:222620:nl_c_func_name_for_definition	672	static
/private/tmp/nanolang-record-final.c:222713:nl_type_is_float	240	static
/private/tmp/nanolang-record-final.c:222741:nl_func_returns_float	1232	static
/private/tmp/nanolang-record-final.c:222933:nl_func_returns_string	944	static
/private/tmp/nanolang-record-final.c:223076:nl_infer_binary_expr_type	944	static
/private/tmp/nanolang-record-final.c:223267:nl_infer_expr_type	7056	static
/private/tmp/nanolang-record-final.c:224767:nl_is_schema_struct_name	944	static
/private/tmp/nanolang-record-final.c:224910:nl_parse_type_c_from_tokens	31680	static
/private/tmp/nanolang-record-final.c:226051:nl_generate_enum_definitions_from_tokens	29600	static
/private/tmp/nanolang-record-final.c:226587:nl_native_nominal_field_type	640	static
/private/tmp/nanolang-record-final.c:226677:nl_collect_native_structs	39472	static
/private/tmp/nanolang-record-final.c:227472:nl_generate_struct_definitions_from_tokens	4912	static
/private/tmp/nanolang-record-final.c:227554:nl_has_function_named	544	static
/private/tmp/nanolang-record-final.c:227647:nl_is_runtime_declared_extern	8912	static
/private/tmp/nanolang-record-final.c:229024:nl_generate_function_prototypes	5664	static
/private/tmp/nanolang-record-final.c:230138:nl_lookup_struct_field_type	1136	static
/private/tmp/nanolang-record-final.c:230294:nl_lookup_union_payload_type	1904	static
/private/tmp/nanolang-record-final.c:230543:nl_function_value_argument_type	672	static
/private/tmp/nanolang-record-final.c:230622:nl_declared_call_argument_type	784	static
/private/tmp/nanolang-record-final.c:230754:nl_reduce_emission_fail	352	static
/private/tmp/nanolang-record-final.c:230791:nl_transpile_last_error	224	static
/private/tmp/nanolang-record-final.c:230816:nl_legacy_push_builtin	848	static
/private/tmp/nanolang-record-final.c:230941:nl_generate_bound_push	3488	static
/private/tmp/nanolang-record-final.c:231680:nl_legacy_reduce_builtin	720	static
/private/tmp/nanolang-record-final.c:231795:nl_generate_scalar_reduce	6272	static
/private/tmp/nanolang-record-final.c:233024:nl_generate_scalar_map	4640	static
/private/tmp/nanolang-record-final.c:233790:nl_is_extern_function	592	static
/private/tmp/nanolang-record-final.c:233898:nl_extern_has_native_array	1088	static
/private/tmp/nanolang-record-final.c:234091:nl_guard_native_array_reference	1232	static
/private/tmp/nanolang-record-final.c:234271:nl_genenv_new	272	static
/private/tmp/nanolang-record-final.c:234320:nl_genenv_copy	1200	static
/private/tmp/nanolang-record-final.c:234461:nl_genenv_put	736	static
/private/tmp/nanolang-record-final.c:234586:nl_genenv_put_global	736	static
/private/tmp/nanolang-record-final.c:234711:nl_genenv_with_underscore	320	static
/private/tmp/nanolang-record-final.c:234776:nl_genenv_c_name	496	static
/private/tmp/nanolang-record-final.c:234829:nl_genenv_get	752	static
/private/tmp/nanolang-record-final.c:234909:nl_genenv_get_mut	896	static
/private/tmp/nanolang-record-final.c:234989:nl_genenv_get_global	736	static
/private/tmp/nanolang-record-final.c:235069:nl_transp_is_ident_start_str	240	static
/private/tmp/nanolang-record-final.c:235097:nl_transp_is_ident_char_str	240	static
/private/tmp/nanolang-record-final.c:235125:nl_interp_to_str_expr	624	static
/private/tmp/nanolang-record-final.c:235214:nl_expand_string_interp	2432	static
/private/tmp/nanolang-record-final.c:235640:nl_is_array_type	304	static
/private/tmp/nanolang-record-final.c:235669:nl_full_array_element_type	704	static
/private/tmp/nanolang-record-final.c:235751:nl_array_elem_type_from_array_type	304	static
/private/tmp/nanolang-record-final.c:235781:nl_elem_enum_from_elem_type	672	static
/private/tmp/nanolang-record-final.c:235877:nl_get_fn_from_elem_type	944	static
/private/tmp/nanolang-record-final.c:235971:nl_push_fn_from_elem_type	672	static
/private/tmp/nanolang-record-final.c:236067:nl_is_array_of_struct	592	static
/private/tmp/nanolang-record-final.c:236142:nl_set_fn_from_elem_type	944	static
/private/tmp/nanolang-record-final.c:236236:nl_type_is_struct	2112	static
/private/tmp/nanolang-record-final.c:236439:nl_box_struct_expr	1072	static
/private/tmp/nanolang-record-final.c:236585:nl_c_type_from_elem_type	1344	static
/private/tmp/nanolang-record-final.c:236711:nl_is_tuple_type	656	static
/private/tmp/nanolang-record-final.c:236785:nl_mangle_type_name	1344	static
/private/tmp/nanolang-record-final.c:237002:nl_tuple_typedef_name	832	static
/private/tmp/nanolang-record-final.c:237125:nl_type_to_c	5280	static
/private/tmp/nanolang-record-final.c:237656:nl_tuple_split_types	1248	static
/private/tmp/nanolang-record-final.c:237890:nl_collect_tuple_types_from_type	1072	static
/private/tmp/nanolang-record-final.c:238017:nl_gen_tuple_typedef	912	static
/private/tmp/nanolang-record-final.c:238158:nl_gen_tuple_typedefs	1456	static
/private/tmp/nanolang-record-final.c:238416:nl_gen_number	208	static
/private/tmp/nanolang-record-final.c:238442:nl_gen_string	1264	static
/private/tmp/nanolang-record-final.c:238624:nl_gen_bool	208	static
/private/tmp/nanolang-record-final.c:238658:nl_gen_identifier	320	static
/private/tmp/nanolang-record-final.c:238692:nl_gen_binary_op	2112	static
/private/tmp/nanolang-record-final.c:239017:nl_gen_call	1344	static
/private/tmp/nanolang-record-final.c:239180:nl_gen_let	1120	static
/private/tmp/nanolang-record-final.c:239343:nl_gen_if	1776	static
/private/tmp/nanolang-record-final.c:239578:nl_gen_while	992	static
/private/tmp/nanolang-record-final.c:239715:nl_gen_return	672	static
/private/tmp/nanolang-record-final.c:239802:nl_gen_function_signature	1776	static
/private/tmp/nanolang-record-final.c:240068:nl_gen_function	816	static
/private/tmp/nanolang-record-final.c:240192:nl_gen_c_includes	12736	static
/private/tmp/nanolang-record-final.c:241525:nl_gen_c_runtime	42528	static
/private/tmp/nanolang-record-final.c:245946:nl_generate_module_forward_declarations	304	static
/private/tmp/nanolang-record-final.c:245993:nl_gen_c_program	656	static
/private/tmp/nanolang-record-final.c:246082:nl_parser_has_guarded_globals	816	static
/private/tmp/nanolang-record-final.c:246218:nl_gen_c_program_with_modules	2816	static
/private/tmp/nanolang-record-final.c:246699:nl_detect_list_types	608	static
/private/tmp/nanolang-record-final.c:246821:nl_scan_block_for_lists	6384	static
/private/tmp/nanolang-record-final.c:247215:nl_generate_list_specializations	1808	static
/private/tmp/nanolang-record-final.c:247458:nl_generate_list_for_type	6400	static
/private/tmp/nanolang-record-final.c:248330:nl_substitute_union_field_type	448	static
/private/tmp/nanolang-record-final.c:248378:nl_collect_native_union_instances	1520	static
/private/tmp/nanolang-record-final.c:248562:nl_find_union_instantiations	2064	static
/private/tmp/nanolang-record-final.c:248964:nl_emit_union_typedefs	5856	static
/private/tmp/nanolang-record-final.c:250090:nl_native_union_definition	768	static
/private/tmp/nanolang-record-final.c:250239:nl_generate_native_nominal_definitions	26128	static
/private/tmp/nanolang-record-final.c:251033:nl_generate_union_definitions	2272	static
/private/tmp/nanolang-record-final.c:251489:nl_operator_to_string	640	static
/private/tmp/nanolang-record-final.c:251645:nl_legacy_array_element_operation	880	static
/private/tmp/nanolang-record-final.c:251765:nl_build_array_binop_expr	7040	static
/private/tmp/nanolang-record-final.c:252997:nl_legacy_array_operand_type	1504	static
/private/tmp/nanolang-record-final.c:253236:nl_generate_expression	197136	static
/private/tmp/nanolang-record-final.c:436214:nl_generate_return_stmt	1360	static
/private/tmp/nanolang-record-final.c:436392:nl_guarded_type_name	1168	static
/private/tmp/nanolang-record-final.c:436509:nl_is_guarded_primitive	544	static
/private/tmp/nanolang-record-final.c:436587:nl_generate_let_stmt	2416	static
/private/tmp/nanolang-record-final.c:436953:nl_generate_assert_stmt	1072	static
/private/tmp/nanolang-record-final.c:437091:nl_generate_match_arm_value	6768	static
/private/tmp/nanolang-record-final.c:437463:nl_generate_match_ordered	11136	static
/private/tmp/nanolang-record-final.c:439361:nl_generate_match_expr	400	static
/private/tmp/nanolang-record-final.c:439408:nl_get_variant_field_type	2320	static
/private/tmp/nanolang-record-final.c:439697:nl_get_variant_first_field_access	1840	static
/private/tmp/nanolang-record-final.c:439965:nl_gen_match_variant_binding	8064	static
/private/tmp/nanolang-record-final.c:441671:nl_generate_match_stmt	416	static
/private/tmp/nanolang-record-final.c:441720:nl_get_stmt_line	2384	static
/private/tmp/nanolang-record-final.c:442139:nl_generate_statement	86144	static
/private/tmp/nanolang-record-final.c:445036:nl_generate_block	5968	static
/private/tmp/nanolang-record-final.c:445289:nl_generate_set_stmt	3216	static
/private/tmp/nanolang-record-final.c:445812:nl_generate_if_stmt	2560	static
/private/tmp/nanolang-record-final.c:446159:nl_generate_for_stmt	15696	static
/private/tmp/nanolang-record-final.c:451643:nl_generate_while_stmt	1696	static
/private/tmp/nanolang-record-final.c:451868:nl_is_expr_pnode	1056	static
/private/tmp/nanolang-record-final.c:452089:nl_generate_block_tail_return	14320	static
/private/tmp/nanolang-record-final.c:453113:nl_generate_function_body	896	static
/private/tmp/nanolang-record-final.c:453193:nl_is_let_in_block	7520	static
/private/tmp/nanolang-record-final.c:453716:nl_is_let_in_function	10768	static
/private/tmp/nanolang-record-final.c:454061:nl_global_init_literal	1120	static
/private/tmp/nanolang-record-final.c:454256:nl_global_bit_initializer	928	static
/private/tmp/nanolang-record-final.c:454407:nl_global_float_arithmetic_initializer	1568	static
/private/tmp/nanolang-record-final.c:454626:nl_generate_global_constants	6992	static
/private/tmp/nanolang-record-final.c:455987:nl_lookup_func_return_type_in_parser	544	static
/private/tmp/nanolang-record-final.c:456084:nl_parser_uses_grammar_literal	736	static
/private/tmp/nanolang-record-final.c:456206:nl_parser_has_peg2_import	896	static
/private/tmp/nanolang-record-final.c:456369:nl_transpile_parser_mode	16256	static
/private/tmp/nanolang-record-final.c:458225:nl_transpile_parser	240	static
/private/tmp/nanolang-record-final.c:458258:nl_transpile_parser_shadows	384	static
/private/tmp/nanolang-record-final.c:458320:nl_transpile_phase	1088	static
/private/tmp/nanolang-record-final.c:458542:nl_transpile_with_count	1504	static
/private/tmp/nanolang-record-final.c:458827:nl_transpile	192	static
/private/tmp/nanolang-record-final.c:458853:nl_nisa_ordinary_hex	768	static
/private/tmp/nanolang-record-final.c:458949:nl_nisa_ordinary_tag	1376	static
/private/tmp/nanolang-record-final.c:459090:nl_nisa_ordinary_contract	1536	static
/private/tmp/nanolang-record-final.c:459289:nl_nisa_ordinary_record_index	640	static
/private/tmp/nanolang-record-final.c:459385:nl_nisa_ordinary_graph	2864	static
/private/tmp/nanolang-record-final.c:459794:nl_nisa_ordinary_publication	8048	static
/private/tmp/nanolang-record-final.c:460411:nl_nisa_reset	1248	static
/private/tmp/nanolang-record-final.c:460508:nl_nisa_fail	416	static
/private/tmp/nanolang-record-final.c:460552:nl_nanoisa_last_lowering_error	224	static
/private/tmp/nanolang-record-final.c:460577:nl_nisa_local_find	640	static
/private/tmp/nanolang-record-final.c:460654:nl_nisa_intern	1168	static
/private/tmp/nanolang-record-final.c:460735:nl_nisa_decode_string	992	static
/private/tmp/nanolang-record-final.c:460954:nl_nisa_escape_string	1088	static
/private/tmp/nanolang-record-final.c:461160:nl_nisa_str_prelude	752	static
/private/tmp/nanolang-record-final.c:461242:nl_nisa_array_arithmetic_mnemonic	352	static
/private/tmp/nanolang-record-final.c:461308:nl_nisa_array_arithmetic_type	816	static
/private/tmp/nanolang-record-final.c:461452:nl_nisa_binop_mnemonic	640	static
/private/tmp/nanolang-record-final.c:461608:nl_nisa_line	240	static
/private/tmp/nanolang-record-final.c:461638:nl_nisa_line_imm	368	static
/private/tmp/nanolang-record-final.c:461675:nl_nisa_map_value_type	480	static
/private/tmp/nanolang-record-final.c:461721:nl_nisa_local_type_ok	2368	static
/private/tmp/nanolang-record-final.c:461914:nl_nisa_compact_type	736	static
/private/tmp/nanolang-record-final.c:462032:nl_nisa_tuple_elements	1552	static
/private/tmp/nanolang-record-final.c:462350:nl_nisa_is_arr_builtin	576	static
/private/tmp/nanolang-record-final.c:462434:nl_nisa_is_print_builtin	320	static
/private/tmp/nanolang-record-final.c:462474:nl_nisa_is_list_call	480	static
/private/tmp/nanolang-record-final.c:462570:nl_nisa_is_set_call	352	static
/private/tmp/nanolang-record-final.c:462624:nl_nisa_list_element_tag	1104	static
/private/tmp/nanolang-record-final.c:462823:nl_nisa_string_binary_opcode	384	static
/private/tmp/nanolang-record-final.c:462879:nl_nisa_is_inline_call	1360	static
/private/tmp/nanolang-record-final.c:463128:nl_nisa_struct_index	672	static
/private/tmp/nanolang-record-final.c:463223:nl_nisa_is_int_record	816	static
/private/tmp/nanolang-record-final.c:463330:nl_nisa_enum_index	576	static
/private/tmp/nanolang-record-final.c:463430:nl_nisa_enum_receiver	752	static
/private/tmp/nanolang-record-final.c:463546:nl_nisa_value_type_matches	944	static
/private/tmp/nanolang-record-final.c:463647:nl_nisa_union_base	512	static
/private/tmp/nanolang-record-final.c:463723:nl_nisa_union_arguments	1360	static
/private/tmp/nanolang-record-final.c:463985:nl_nisa_union_index	1040	static
/private/tmp/nanolang-record-final.c:464162:nl_nisa_union_variant	624	static
/private/tmp/nanolang-record-final.c:464248:nl_nisa_union_offset	464	static
/private/tmp/nanolang-record-final.c:464315:nl_nisa_union_payload_type	912	static
/private/tmp/nanolang-record-final.c:464388:nl_nisa_union_concrete_field	656	static
/private/tmp/nanolang-record-final.c:464471:nl_nisa_union_supported	3600	static
/private/tmp/nanolang-record-final.c:465042:nl_nisa_union_payload_owner	1024	static
/private/tmp/nanolang-record-final.c:465202:nl_nisa_union_field	1456	static
/private/tmp/nanolang-record-final.c:465400:nl_nisa_union_field_type	1264	static
/private/tmp/nanolang-record-final.c:465590:nl_nisa_emit_union_context	6336	static
/private/tmp/nanolang-record-final.c:466524:nl_nisa_emit_union	528	static
/private/tmp/nanolang-record-final.c:466578:nl_nisa_match_coverage	1456	static
/private/tmp/nanolang-record-final.c:466800:nl_nisa_match_result_type	4224	static
/private/tmp/nanolang-record-final.c:467346:nl_nisa_emit_match_value	544	static
/private/tmp/nanolang-record-final.c:467415:nl_nisa_emit_match_body_checked	7392	static
/private/tmp/nanolang-record-final.c:468657:nl_nisa_emit_match_body	1088	static
/private/tmp/nanolang-record-final.c:468771:nl_nisa_emit_match	352	static
/private/tmp/nanolang-record-final.c:468810:nl_nisa_field_shape_supported	3424	static
/private/tmp/nanolang-record-final.c:469162:nl_nisa_record_shape_supported	1488	static
/private/tmp/nanolang-record-final.c:469347:nl_nisa_is_pin_record	352	static
/private/tmp/nanolang-record-final.c:469387:nl_nisa_tuple_type_ok	1472	static
/private/tmp/nanolang-record-final.c:469558:nl_nisa_type_ok	2304	static
/private/tmp/nanolang-record-final.c:469852:nl_nisa_fresh	432	static
/private/tmp/nanolang-record-final.c:469889:nl_nisa_label_line	224	static
/private/tmp/nanolang-record-final.c:469917:nl_nisa_fn_index	560	static
/private/tmp/nanolang-record-final.c:470012:nl_nisa_require_function	784	static
/private/tmp/nanolang-record-final.c:470093:nl_nisa_is_global_let	10720	static
/private/tmp/nanolang-record-final.c:470427:nl_nisa_global_let_flags	512	static
/private/tmp/nanolang-record-final.c:470498:nl_nisa_global_find	816	static
/private/tmp/nanolang-record-final.c:470587:nl_nisa_emit_globals	4000	static
/private/tmp/nanolang-record-final.c:471046:nl_nisa_map_opcode	624	static
/private/tmp/nanolang-record-final.c:471146:nl_nisa_map_result	544	static
/private/tmp/nanolang-record-final.c:471234:nl_nisa_emit_map_call	2064	static
/private/tmp/nanolang-record-final.c:471671:nl_nisa_host_result	1680	static
/private/tmp/nanolang-record-final.c:471859:nl_nisa_host_arity	800	static
/private/tmp/nanolang-record-final.c:471988:nl_nisa_host_parameter	512	static
/private/tmp/nanolang-record-final.c:472072:nl_nisa_builtin_host_symbol	768	static
/private/tmp/nanolang-record-final.c:472155:nl_nisa_call_host_symbol	704	static
/private/tmp/nanolang-record-final.c:472284:nl_nisa_import_find	528	static
/private/tmp/nanolang-record-final.c:472345:nl_nisa_import_add	1136	static
/private/tmp/nanolang-record-final.c:472477:nl_nisa_artifact_arity	1616	static
/private/tmp/nanolang-record-final.c:472727:nl_nisa_artifact_result	1072	static
/private/tmp/nanolang-record-final.c:472909:nl_nisa_artifact_path	1200	static
/private/tmp/nanolang-record-final.c:473036:nl_nisa_register_artifact	2160	static
/private/tmp/nanolang-record-final.c:473430:nl_nisa_register_extern	1216	static
/private/tmp/nanolang-record-final.c:473727:nl_nisa_emit_host_call	1136	static
/private/tmp/nanolang-record-final.c:473945:nl_nisa_get_call	672	static
/private/tmp/nanolang-record-final.c:474049:nl_nisa_call_name	1056	static
/private/tmp/nanolang-record-final.c:474231:nl_nisa_call_index	1472	static
/private/tmp/nanolang-record-final.c:474525:nl_nisa_declared_push	528	static
/private/tmp/nanolang-record-final.c:474607:nl_nisa_element_type	2880	static
/private/tmp/nanolang-record-final.c:474897:nl_nisa_access_result	1536	static
/private/tmp/nanolang-record-final.c:475164:nl_nisa_push_container_type	1536	static
/private/tmp/nanolang-record-final.c:475376:nl_nisa_expr_type	21680	static
/private/tmp/nanolang-record-final.c:480635:nl_nisa_expr_is_string	496	static
/private/tmp/nanolang-record-final.c:480678:nl_nisa_is_map_constructor	848	static
/private/tmp/nanolang-record-final.c:480798:nl_nisa_emit_tuple_literal	2672	static
/private/tmp/nanolang-record-final.c:481167:nl_nisa_emit_expected_expr	7248	static
/private/tmp/nanolang-record-final.c:482357:nl_nisa_emit_call_args	1264	static
/private/tmp/nanolang-record-final.c:482551:nl_nisa_emit_array_literal	800	static
/private/tmp/nanolang-record-final.c:482625:nl_nisa_emit_struct_literal	3696	static
/private/tmp/nanolang-record-final.c:483162:nl_nisa_emit_field_access	3472	static
/private/tmp/nanolang-record-final.c:483613:nl_nisa_temp_local	640	static
/private/tmp/nanolang-record-final.c:483653:nl_nisa_increment_local	560	static
/private/tmp/nanolang-record-final.c:483727:nl_nisa_emit_range	2608	static
/private/tmp/nanolang-record-final.c:484326:nl_nisa_emit_filled_array	4736	static
/private/tmp/nanolang-record-final.c:485490:nl_nisa_emit_push_call	2048	static
/private/tmp/nanolang-record-final.c:485851:nl_nisa_emit_set_call	2144	static
/private/tmp/nanolang-record-final.c:486224:nl_nisa_functional_name	400	static
/private/tmp/nanolang-record-final.c:486275:nl_nisa_functional_index	3728	static
/private/tmp/nanolang-record-final.c:487201:nl_nisa_functional_result	816	static
/private/tmp/nanolang-record-final.c:487324:nl_nisa_emit_abs	1968	static
/private/tmp/nanolang-record-final.c:487656:nl_nisa_emit_functional_array	6224	static
/private/tmp/nanolang-record-final.c:489341:nl_nisa_emit_call	15280	static
/private/tmp/nanolang-record-final.c:494329:nl_nisa_float_mnemonic	544	static
/private/tmp/nanolang-record-final.c:494455:nl_nisa_emit_float_binary	1088	static
/private/tmp/nanolang-record-final.c:494624:nl_nisa_emit_logical_binary	1328	static
/private/tmp/nanolang-record-final.c:494887:nl_nisa_emit_expr	18544	static
/private/tmp/nanolang-record-final.c:499555:nl_nisa_statements_fall_through	4896	static
/private/tmp/nanolang-record-final.c:499627:nl_nisa_block_falls_through	480	static
/private/tmp/nanolang-record-final.c:499691:nl_nisa_stmt_terminates	1840	static
/private/tmp/nanolang-record-final.c:500000:nl_nisa_emit_if	1680	static
/private/tmp/nanolang-record-final.c:500277:nl_nisa_emit_while	1872	static
/private/tmp/nanolang-record-final.c:500567:nl_nisa_emit_for	4960	static
/private/tmp/nanolang-record-final.c:501517:nl_nisa_emit_assert	528	static
/private/tmp/nanolang-record-final.c:501577:nl_nisa_call_has_result	704	static
/private/tmp/nanolang-record-final.c:501712:nl_nisa_par_scalar	448	static
/private/tmp/nanolang-record-final.c:501774:nl_nisa_passive_expression	4672	static
/private/tmp/nanolang-record-final.c:502593:nl_nisa_par_expression	512	static
/private/tmp/nanolang-record-final.c:502646:nl_nisa_par_reads	2656	static
/private/tmp/nanolang-record-final.c:502973:nl_nisa_named_scalar	912	static
/private/tmp/nanolang-record-final.c:503047:nl_nisa_local_name_begin	688	static
/private/tmp/nanolang-record-final.c:503122:nl_nisa_emit_typed_let	2320	static
/private/tmp/nanolang-record-final.c:503311:nl_nisa_emit_flow	13568	static
/private/tmp/nanolang-record-final.c:504063:nl_nisa_emit_par	16752	static
/private/tmp/nanolang-record-final.c:504694:nl_nisa_emit_stmt	14544	static
/private/tmp/nanolang-record-final.c:508439:nl_nisa_emit_statements	6240	static
/private/tmp/nanolang-record-final.c:508688:nl_nisa_emit_block	480	static
/private/tmp/nanolang-record-final.c:508758:nl_nisa_result_tag	1632	static
/private/tmp/nanolang-record-final.c:509007:nl_nisa_emit_function	6128	static
/private/tmp/nanolang-record-final.c:510077:nl_nanoisa_emit_nasm	608	static
/private/tmp/nanolang-record-final.c:510166:nl_nanoisa_emit_parser_nasm	240	static
/private/tmp/nanolang-record-final.c:510199:nl_nanoisa_emit_program_nasm	240	static
/private/tmp/nanolang-record-final.c:510232:nl_nisa_shadow_name	352	static
/private/tmp/nanolang-record-final.c:510295:nl_nanoisa_emit_shadows_nasm	8112	static
/private/tmp/nanolang-record-final.c:511120:nl_nisa_emit_module_nasm	4032	static
/private/tmp/nanolang-record-final.c:511989:nl_load_print	224	static
/private/tmp/nanolang-record-final.c:512020:nl_load_pretty	224	static
/private/tmp/nanolang-record-final.c:512051:nl_assemble_save	240	static
/private/tmp/nanolang-record-final.c:512087:nl_assemble_text_save	320	static
/private/tmp/nanolang-record-final.c:512124:nl_last_error	192	static
/private/tmp/nanolang-record-final.c:512150:nl_diag_location	352	static
/private/tmp/nanolang-record-final.c:512194:nl_diag_location_empty	384	static
/private/tmp/nanolang-record-final.c:512224:nl_diag_new	4816	static
/private/tmp/nanolang-record-final.c:512276:nl_diag_simple	336	static
/private/tmp/nanolang-record-final.c:512329:nl_diag_error	320	static
/private/tmp/nanolang-record-final.c:512374:nl_diag_error_simple	272	static
/private/tmp/nanolang-record-final.c:512412:nl_diag_warning	320	static
/private/tmp/nanolang-record-final.c:512457:nl_diag_warning_simple	272	static
/private/tmp/nanolang-record-final.c:512495:nl_diag_info	320	static
/private/tmp/nanolang-record-final.c:512540:nl_diag_info_simple	272	static
/private/tmp/nanolang-record-final.c:512578:nl_diag_lexer_error	288	static
/private/tmp/nanolang-record-final.c:512620:nl_diag_parser_error	288	static
/private/tmp/nanolang-record-final.c:512662:nl_diag_typecheck_error	288	static
/private/tmp/nanolang-record-final.c:512704:nl_diag_transpiler_error	288	static
/private/tmp/nanolang-record-final.c:512746:nl_diag_list_new	192	static
/private/tmp/nanolang-record-final.c:512770:nl_diag_list_add	4752	static
/private/tmp/nanolang-record-final.c:512800:nl_diag_list_count	208	static
/private/tmp/nanolang-record-final.c:512827:nl_diag_list_get	4736	static
/private/tmp/nanolang-record-final.c:512857:nl_diag_list_has_errors	432	static
/private/tmp/nanolang-record-final.c:512944:nl_diag_make_type_error	272	static
/private/tmp/nanolang-record-final.c:512980:nl_diag_make_undefined_error	224	static
/private/tmp/nanolang-record-final.c:513008:nl_diag_id_io_open	192	static
/private/tmp/nanolang-record-final.c:513032:nl_diag_id_lex_failed	192	static
/private/tmp/nanolang-record-final.c:513056:nl_diag_id_parse_failed	192	static
/private/tmp/nanolang-record-final.c:513080:nl_diag_id_import_failed	192	static
/private/tmp/nanolang-record-final.c:513104:nl_diag_id_type_failed	192	static
/private/tmp/nanolang-record-final.c:513128:nl_diag_id_mod_compile	192	static
/private/tmp/nanolang-record-final.c:513152:nl_diag_id_shadow_failed	192	static
/private/tmp/nanolang-record-final.c:513176:nl_diag_id_trans_failed	192	static
/private/tmp/nanolang-record-final.c:513200:nl_diag_id_c_temp	192	static
/private/tmp/nanolang-record-final.c:513224:nl_diag_id_cc_cmd	192	static
/private/tmp/nanolang-record-final.c:513248:nl_diag_id_cc_failed	192	static
/private/tmp/nanolang-record-final.c:513272:nl_diag_id_src_utf8	192	static
/private/tmp/nanolang-record-final.c:513296:nl_diag_en	1984	static
/private/tmp/nanolang-record-final.c:513608:nl_module_path_has_suffix	528	static
/private/tmp/nanolang-record-final.c:513665:nl_module_cache_new	496	static
/private/tmp/nanolang-record-final.c:513744:nl_module_cache_contains	544	static
/private/tmp/nanolang-record-final.c:513818:nl_module_cache_add	368	static
/private/tmp/nanolang-record-final.c:513885:nl_module_cache_get	1152	static
/private/tmp/nanolang-record-final.c:514049:nl_module_path_dirname	656	static
/private/tmp/nanolang-record-final.c:514131:nl_module_path_join	784	static
/private/tmp/nanolang-record-final.c:514213:nl_resolve_module_path	7904	static
/private/tmp/nanolang-record-final.c:516618:nl_type_struct	224	static
/private/tmp/nanolang-record-final.c:516657:nl_extract_type_symbols	28576	static
/private/tmp/nanolang-record-final.c:517053:nl_process_imports_recursive	1856	static
/private/tmp/nanolang-record-final.c:517454:nl_merge_module_unions	6144	static
/private/tmp/nanolang-record-final.c:517743:nl_mi_identifier	736	static
/private/tmp/nanolang-record-final.c:517910:nl_mi_unique	528	static
/private/tmp/nanolang-record-final.c:517976:nl_mi_scan	16096	static
/private/tmp/nanolang-record-final.c:518633:nl_mi_quote	832	static
/private/tmp/nanolang-record-final.c:518790:nl_mi_inventory	848	static
/private/tmp/nanolang-record-final.c:518908:nl_mi_emit	1152	static
/private/tmp/nanolang-record-final.c:519117:nl_mb_active	224	static
/private/tmp/nanolang-record-final.c:519142:nl_mb_reset	480	static
/private/tmp/nanolang-record-final.c:519187:nl_mb_owner	560	static
/private/tmp/nanolang-record-final.c:519269:nl_mb_add_target	1456	static
/private/tmp/nanolang-record-final.c:519375:nl_mb_add	320	static
/private/tmp/nanolang-record-final.c:519414:nl_mb_lookup	896	static
/private/tmp/nanolang-record-final.c:519508:nl_mb_resolve	624	static
/private/tmp/nanolang-record-final.c:519585:nl_mb_target_owner	880	static
/private/tmp/nanolang-record-final.c:519679:nl_mb_set_sources	208	static
/private/tmp/nanolang-record-final.c:519704:nl_mb_source	480	static
/private/tmp/nanolang-record-final.c:519756:nl_nb_key	288	static
/private/tmp/nanolang-record-final.c:519785:nl_nb_external	240	static
/private/tmp/nanolang-record-final.c:519817:nl_nb_register	2464	static
/private/tmp/nanolang-record-final.c:520389:nl_nb_import	4464	static
/private/tmp/nanolang-record-final.c:521085:nl_nb_name_char	528	static
/private/tmp/nanolang-record-final.c:521194:nl_nb_scoped_type	1680	static
/private/tmp/nanolang-record-final.c:521460:nl_nb_type	320	static
/private/tmp/nanolang-record-final.c:521497:nl_nb_scoped_types	560	static
/private/tmp/nanolang-record-final.c:521574:nl_nb_types	240	static
/private/tmp/nanolang-record-final.c:521610:nl_nb_rewrite	34464	static
/private/tmp/nanolang-record-final.c:522554:nl_walkdir	208	static
/private/tmp/nanolang-record-final.c:522585:nl_normalize	304	static
/private/tmp/nanolang-record-final.c:522617:nl_canonical	304	static
/private/tmp/nanolang-record-final.c:522649:nl_join	240	static
/private/tmp/nanolang-record-final.c:522685:nl_basename	304	static
/private/tmp/nanolang-record-final.c:522717:nl_dirname	224	static
/private/tmp/nanolang-record-final.c:522748:nl_relpath	240	static
/private/tmp/nanolang-record-final.c:522784:nl_cwd	192	static
/private/tmp/nanolang-record-final.c:522810:nl_glob_match_impl	1184	static
/private/tmp/nanolang-record-final.c:523060:nl_glob_match	240	static
/private/tmp/nanolang-record-final.c:523097:nl_glob	768	static
/private/tmp/nanolang-record-final.c:523219:nl_read	224	static
/private/tmp/nanolang-record-final.c:523250:nl_write	240	static
/private/tmp/nanolang-record-final.c:523286:nl_append	240	static
/private/tmp/nanolang-record-final.c:523322:nl_exists	304	static
/private/tmp/nanolang-record-final.c:523354:nl_delete	208	static
/private/tmp/nanolang-record-final.c:523385:nl_mkdir_p	208	static
/private/tmp/nanolang-record-final.c:523416:nl_copy_file	240	static
/private/tmp/nanolang-record-final.c:523452:nl_copy_dir	240	static
/private/tmp/nanolang-record-final.c:523488:nl_default_options	192	static
/private/tmp/nanolang-record-final.c:523515:nl_c_source_output_path	768	static
/private/tmp/nanolang-record-final.c:523630:nl_parse_options	5344	static
/private/tmp/nanolang-record-final.c:524309:nl_parse_args	368	static
/private/tmp/nanolang-record-final.c:524379:nl_resolve_cc_binary	400	static
/private/tmp/nanolang-record-final.c:524443:nl_native_product_cflags	272	static
/private/tmp/nanolang-record-final.c:524479:nl_nlc_str_starts_with	624	static
/private/tmp/nanolang-record-final.c:524569:nl_nlc_str_ends_with	656	static
/private/tmp/nanolang-record-final.c:524667:nl_nlc_str_index_of	768	static
/private/tmp/nanolang-record-final.c:524801:nl_nlc_str_last_index_of	768	static
/private/tmp/nanolang-record-final.c:524935:nl_nlc_hashset_new_string	208	static
/private/tmp/nanolang-record-final.c:524963:nl_nlc_hashset_has_string	224	static
/private/tmp/nanolang-record-final.c:524993:nl_nlc_hashset_add_string	368	static
/private/tmp/nanolang-record-final.c:525040:nl_nl_path_dirname	1024	static
/private/tmp/nanolang-record-final.c:525147:nl_nl_path_join	992	static
/private/tmp/nanolang-record-final.c:525224:nl_parse_env_int	400	static
/private/tmp/nanolang-record-final.c:525287:nl_find_repo_root	1200	static
/private/tmp/nanolang-record-final.c:525496:nl_split_lines	656	static
/private/tmp/nanolang-record-final.c:525612:nl_parse_import_path_from_line	1392	static
/private/tmp/nanolang-record-final.c:525848:nl_nlc_str_trim	880	static
/private/tmp/nanolang-record-final.c:526027:nl_extract_from_aliases	2560	static
/private/tmp/nanolang-record-final.c:526551:nl_apply_alias	1104	static
/private/tmp/nanolang-record-final.c:526776:nl_is_ident_char	576	static
/private/tmp/nanolang-record-final.c:526890:nl_apply_all_aliases	752	static
/private/tmp/nanolang-record-final.c:526980:nl_strip_pub_decl	1440	static
/private/tmp/nanolang-record-final.c:527107:nl_resolve_import_path	3200	static
/private/tmp/nanolang-record-final.c:527540:nl_collect_files_dfs	3888	static
/private/tmp/nanolang-record-final.c:528413:nl_merged_file_owner	512	static
/private/tmp/nanolang-record-final.c:528485:nl_merged_function_names_valid	1040	static
/private/tmp/nanolang-record-final.c:528697:nl_merged_binding_prefix	5072	static
/private/tmp/nanolang-record-final.c:528817:nl_merged_path_owner	528	static
/private/tmp/nanolang-record-final.c:528883:nl_merged_qualified_calls_valid	640	static
/private/tmp/nanolang-record-final.c:528991:nl_bind_merged_functions	9680	static
/private/tmp/nanolang-record-final.c:530195:nl_source_location_for_line	976	static
/private/tmp/nanolang-record-final.c:530284:nl_remap_diagnostics	9632	static
/private/tmp/nanolang-record-final.c:530417:nl_json_extract_string_array	1520	static
/private/tmp/nanolang-record-final.c:530686:nl_json_extract_string	1184	static
/private/tmp/nanolang-record-final.c:530875:nl_nlc_path_basename	480	static
/private/tmp/nanolang-record-final.c:530953:nl_collect_module_dirs	1424	static
/private/tmp/nanolang-record-final.c:531179:nl_native_source_already_linked	336	static
/private/tmp/nanolang-record-final.c:531221:nl_collect_module_build_flags	12480	static
/private/tmp/nanolang-record-final.c:535223:nl_merge_with_imports	3392	static
/private/tmp/nanolang-record-final.c:536086:nl_collect_introspection	3600	static
/private/tmp/nanolang-record-final.c:536754:nl_llm_escape_json	848	static
/private/tmp/nanolang-record-final.c:536917:nl_llm_write_diags_json	8736	static
/private/tmp/nanolang-record-final.c:537548:nl_native_shell_quote	608	static
/private/tmp/nanolang-record-final.c:537637:nl_native_shadow_start	4912	static
/private/tmp/nanolang-record-final.c:537713:nl_bytecode_shadow_cleanup	320	static
/private/tmp/nanolang-record-final.c:537758:nl_native_cleanup	432	static
/private/tmp/nanolang-record-final.c:537830:nl_outputs_preserve_sources	1520	static
/private/tmp/nanolang-record-final.c:537999:nl_output_destinations_distinct	688	static
/private/tmp/nanolang-record-final.c:538082:nl_compile_program	33632	static
/private/tmp/nanolang-record-final.c:550151:nl_show_usage	752	static
/private/tmp/nanolang-record-final.c:550267:nl_native_array_abi_link_flags	336	static
/private/tmp/nanolang-record-final.c:550313:nl_main	1392	static
/private/tmp/nanolang-record-final.c:550485:nl_token_literal_value_bytes	976	static
/private/tmp/nanolang-record-final.c:550671:nl_passive_reads	3168	static
/private/tmp/nanolang-record-final.c:551092:nl_passive_order	11616	static
/private/tmp/nanolang-record-final.c:551550:nl_par_scalar_type	448	static
/private/tmp/nanolang-record-final.c:551612:nl_par_local	512	static
/private/tmp/nanolang-record-final.c:551677:nl_par_call_index	1040	static
/private/tmp/nanolang-record-final.c:551898:nl_par_closed_target	752	static
/private/tmp/nanolang-record-final.c:552039:nl_par_closed_node	14096	static
/private/tmp/nanolang-record-final.c:553989:nl_par_closed_function	1744	static
/private/tmp/nanolang-record-final.c:554266:nl_par_closed_call	480	static
/private/tmp/nanolang-record-final.c:554353:nl_declaration_local_lets	19472	static
/private/tmp/nanolang-record-final.c:554715:nl_type_parameter_word_char	528	static
/private/tmp/nanolang-record-final.c:554824:nl_substitute_type_parameters	1728	static
/private/tmp/nanolang-record-final.c:555035:nl_purity_intrinsic	5584	static
/private/tmp/nanolang-record-final.c:556021:nl_purity_observable	1728	static
/private/tmp/nanolang-record-final.c:556317:nl_error_message_new	320	static
/private/tmp/nanolang-record-final.c:556374:nl_repeat_string	352	static
/private/tmp/nanolang-record-final.c:556433:nl_pad_right	368	static
/private/tmp/nanolang-record-final.c:556487:nl_wrap_backticks	320	static
/private/tmp/nanolang-record-final.c:556518:nl_get_line_from_source	608	static
/private/tmp/nanolang-record-final.c:556630:nl_format_error_elm_style	1200	static
/private/tmp/nanolang-record-final.c:556883:nl_build_error_explanations	640	static
/private/tmp/nanolang-record-final.c:556931:nl_build_error_suggestions	640	static
/private/tmp/nanolang-record-final.c:556979:nl_explanation_for_code	336	static
/private/tmp/nanolang-record-final.c:557026:nl_suggestion_for_code	336	static
/private/tmp/nanolang-record-final.c:557073:nl_diagnostic_to_elm_error	1104	static
/private/tmp/nanolang-record-final.c:557253:nl_format_diagnostics_elm_style	496	static
/private/tmp/nanolang-record-final.c:557370:nl_error_type_mismatch	880	static
/private/tmp/nanolang-record-final.c:557544:nl_error_undefined_variable	1008	static
/private/tmp/nanolang-record-final.c:557726:nl_error_arity_mismatch	592	static
/private/tmp/nanolang-record-final.c:557841:nl_error_missing_return	608	static
/private/tmp/nanolang-record-final.c:557941:nl_error_immutable_assignment	416	static
/private/tmp/nanolang-record-final.c:558023:nl_encode_type_mismatch_message	752	static
/private/tmp/nanolang-record-final.c:558132:nl_encode_undefined_name_message	352	static
/private/tmp/nanolang-record-final.c:558173:nl_encode_wrong_arg_count_message	448	static
/private/tmp/nanolang-record-final.c:558228:nl_encode_missing_return_message	512	static
/private/tmp/nanolang-record-final.c:558289:nl_encode_immutable_assignment_message	352	static
/private/tmp/nanolang-record-final.c:558330:nl_error_unsafe_required	512	static
/private/tmp/nanolang-record-final.c:558418:nl_error_use_after_consume	656	static
/private/tmp/nanolang-record-final.c:558521:nl_error_resource_leak	816	static
/private/tmp/nanolang-record-final.c:558650:nl_get_error_template	512	static
/private/tmp/nanolang-record-final.c:558728:nl_gen_binary64_format_runtime	192	static
/private/tmp/nanolang-record-final.c:558752:nl_gen_binary64_arithmetic_runtime	192	static
/private/tmp/nanolang-record-final.c:558776:nl_nos_reset	464	static
/private/tmp/nanolang-record-final.c:558817:nl_nos_scalar	1008	static
/private/tmp/nanolang-record-final.c:558994:nl_nos_function	544	static
/private/tmp/nanolang-record-final.c:559090:nl_nos_bound	688	static
/private/tmp/nanolang-record-final.c:559157:nl_nos_bind	992	static
/private/tmp/nanolang-record-final.c:559236:nl_nos_scan	16736	static
/private/tmp/nanolang-record-final.c:561731:nl_nanoisa_selected_ownership	10864	static
/private/tmp/nanolang-record-final.c:562762:nl_nanoisa_borrow_error	224	static
/private/tmp/nanolang-record-final.c:562787:nl_nb_fail	400	static
/private/tmp/nanolang-record-final.c:562828:nl_nb_tag	480	static
/private/tmp/nanolang-record-final.c:562874:nl_nb_field_tag	432	static
/private/tmp/nanolang-record-final.c:562914:nl_nb_local_tag	336	static
/private/tmp/nanolang-record-final.c:562955:nl_nb_parameter_tag	336	static
/private/tmp/nanolang-record-final.c:562996:nl_nb_decode_string	1040	static
/private/tmp/nanolang-record-final.c:563226:nl_nb_escape_string	1088	static
/private/tmp/nanolang-record-final.c:563432:nl_nb_hex	768	static
/private/tmp/nanolang-record-final.c:563530:nl_nb_descriptor	1008	static
/private/tmp/nanolang-record-final.c:563647:nl_nb_emit	496	static
/private/tmp/nanolang-record-final.c:563691:nl_nb_op1	384	static
/private/tmp/nanolang-record-final.c:563729:nl_nb_op2	432	static
/private/tmp/nanolang-record-final.c:563774:nl_nb_label	400	static
/private/tmp/nanolang-record-final.c:563811:nl_nb_record	592	static
/private/tmp/nanolang-record-final.c:563892:nl_nb_ordinary_layout	608	static
/private/tmp/nanolang-record-final.c:563949:nl_nb_ordinary_local	848	static
/private/tmp/nanolang-record-final.c:564027:nl_nb_arrays	384	static
/private/tmp/nanolang-record-final.c:564063:nl_nb_owner_field_tag	1152	static
/private/tmp/nanolang-record-final.c:564160:nl_nb_local	528	static
/private/tmp/nanolang-record-final.c:564221:nl_nb_slot	2576	static
/private/tmp/nanolang-record-final.c:564324:nl_nb_reset_locals	1040	static
/private/tmp/nanolang-record-final.c:564410:nl_nb_name_begin	848	static
/private/tmp/nanolang-record-final.c:564482:nl_nb_names_end	784	static
/private/tmp/nanolang-record-final.c:564554:nl_nb_field	1248	static
/private/tmp/nanolang-record-final.c:564712:nl_nb_invalid_place	272	static
/private/tmp/nanolang-record-final.c:564757:nl_nb_leaf	672	static
/private/tmp/nanolang-record-final.c:564847:nl_nb_layout_field	784	static
/private/tmp/nanolang-record-final.c:564946:nl_nb_place	2624	static
/private/tmp/nanolang-record-final.c:565337:nl_nb_observe_owner_path	2272	static
/private/tmp/nanolang-record-final.c:565604:nl_nb_overlap	400	static
/private/tmp/nanolang-record-final.c:565680:nl_nb_reference	1728	static
/private/tmp/nanolang-record-final.c:565909:nl_nb_unpack	3392	static
/private/tmp/nanolang-record-final.c:566198:nl_nb_project_binding	3952	static
/private/tmp/nanolang-record-final.c:566665:nl_nb_cleanup	3008	static
/private/tmp/nanolang-record-final.c:566918:nl_nb_consumed	1936	static
/private/tmp/nanolang-record-final.c:567065:nl_nb_copy_flags	544	static
/private/tmp/nanolang-record-final.c:567127:nl_nb_same_owners	1472	static
/private/tmp/nanolang-record-final.c:567259:nl_nb_profile_opcode	1360	static
/private/tmp/nanolang-record-final.c:567499:nl_nb_binary	1216	static
/private/tmp/nanolang-record-final.c:567833:nl_nb_function_index	720	static
/private/tmp/nanolang-record-final.c:567927:nl_nb_result_tag	608	static
/private/tmp/nanolang-record-final.c:567998:nl_nb_float_array	1536	static
/private/tmp/nanolang-record-final.c:568230:nl_nb_array_builtin_arity	400	static
/private/tmp/nanolang-record-final.c:568286:nl_nb_union_expr	7664	static
/private/tmp/nanolang-record-final.c:569494:nl_nb_match_coverage	1056	static
/private/tmp/nanolang-record-final.c:569682:nl_nb_match_scope_end	528	static
/private/tmp/nanolang-record-final.c:569741:nl_nb_match_binding	1568	static
/private/tmp/nanolang-record-final.c:569861:nl_nb_match_instance	1152	static
/private/tmp/nanolang-record-final.c:569995:nl_nb_match_expr	3616	static
/private/tmp/nanolang-record-final.c:570715:nl_nb_match_statement	7200	static
/private/tmp/nanolang-record-final.c:571941:nl_nb_declared_match_binding	784	static
/private/tmp/nanolang-record-final.c:572055:nl_nb_value_call	5552	static
/private/tmp/nanolang-record-final.c:572694:nl_nb_expr	42320	static
/private/tmp/nanolang-record-final.c:584025:nl_nb_owner	9104	static
/private/tmp/nanolang-record-final.c:585120:nl_nb_ordinary	4944	static
/private/tmp/nanolang-record-final.c:585767:nl_nb_binding	9024	static
/private/tmp/nanolang-record-final.c:586776:nl_nb_increment	608	static
/private/tmp/nanolang-record-final.c:586857:nl_nb_body	512	static
/private/tmp/nanolang-record-final.c:586942:nl_nb_body_statements	30848	static
/private/tmp/nanolang-record-final.c:593121:nl_nb_function	10096	static
/private/tmp/nanolang-record-final.c:594066:nl_nb_function_contract	1424	static
/private/tmp/nanolang-record-final.c:594187:nl_nb_string	720	static
/private/tmp/nanolang-record-final.c:594252:nl_nb_route_parts	1312	static
/private/tmp/nanolang-record-final.c:594537:nl_nb_union_canonical	1216	static
/private/tmp/nanolang-record-final.c:594682:nl_nb_union_arguments	640	static
/private/tmp/nanolang-record-final.c:594762:nl_nb_union_source	976	static
/private/tmp/nanolang-record-final.c:594901:nl_nb_union_declaration_identity	544	static
/private/tmp/nanolang-record-final.c:594986:nl_nb_union_type_identity	2064	static
/private/tmp/nanolang-record-final.c:595338:nl_nb_union_variant	560	static
/private/tmp/nanolang-record-final.c:595409:nl_nb_union_offset	528	static
/private/tmp/nanolang-record-final.c:595479:nl_nb_union_field_type	656	static
/private/tmp/nanolang-record-final.c:595562:nl_nb_union_payload_tag	544	static
/private/tmp/nanolang-record-final.c:595612:nl_nb_union_supported	2064	static
/private/tmp/nanolang-record-final.c:595966:nl_nb_union_instance	768	static
/private/tmp/nanolang-record-final.c:596057:nl_nb_union_identity_instance	528	static
/private/tmp/nanolang-record-final.c:596118:nl_nb_register_union	1472	static
/private/tmp/nanolang-record-final.c:596261:nl_nb_union_layout_bytes	1984	static
/private/tmp/nanolang-record-final.c:596515:nl_nb_union_fact_bytes	1840	static
/private/tmp/nanolang-record-final.c:596722:nl_nb_path_suffix	1072	static
/private/tmp/nanolang-record-final.c:596831:nl_nb_record_has_owner	5584	static
/private/tmp/nanolang-record-final.c:597776:nl_nanoisa_has_borrows	1904	static
/private/tmp/nanolang-record-final.c:598139:nl_nanoisa_borrow_emit	22864	static
/private/tmp/nanolang-record-final.c:603570:nl_nb_fixture	560	static
/private/tmp/nanolang-record-final.c:603627:nl_nb_consuming_fixture	560	static
/private/tmp/nanolang-record-final.c:603684:nl_nb_mixed_fixture	560	static
/private/tmp/nanolang-record-final.c:603741:nl_nb_owner_array_fixture	560	static
/private/tmp/nanolang-record-final.c:603798:nl_nb_owner_array_mutation_fixture	608	static
/private/tmp/nanolang-record-final.c:603869:nl_module_artifact	240	static
/private/tmp/nanolang-record-final.c:603903:nl___init__	3568	static
/private/tmp/nanolang-record-final.c:939:nmap_owned_new	80	static
/private/tmp/nanolang-record-final.c:795:nmap_set	240	static
/private/tmp/nanolang-record-final.c:809:nmap_get	96	static
/private/tmp/nanolang-record-final.c:840:nmap_owned_get	160	static
/private/tmp/nanolang-record-final.c:856:nvalue_numeric	240	static
/private/tmp/nanolang-record-final.c:849:nvalue_from_float	16	static
/private/tmp/nanolang-record-final.c:879:nvalue_require_int	48	static
/private/tmp/nanolang-record-final.c:883:nvalue_require_bool	48	static
/private/tmp/nanolang-record-final.c:887:nvalue_require_string	48	static
/private/tmp/nanolang-record-final.c:891:nvalue_require_map	48	static
/private/tmp/nanolang-record-final.c:906:nvalue_cast_int	96	static
/private/tmp/nanolang-record-final.c:902:nvalue_cast_u8	48	static
/private/tmp/nanolang-record-final.c:895:nvalue_cast_float	80	static
/private/tmp/nanolang-record-final.c:910:nvalue_equal	192	static
/private/tmp/nanolang-record-final.c:923:nvalue_compare	144	static
/private/tmp/nanolang-record-final.c:1742:nvalue_require_int_array	48	static
/private/tmp/nanolang-record-final.c:1746:nvalue_array_len	64	static
/private/tmp/nanolang-record-final.c:1753:nvalue_array_get	112	static
/private/tmp/nanolang-record-final.c:1761:nvalue_array_set	272	static
/private/tmp/nanolang-record-final.c:1771:nvalue_array_push	304	static
/private/tmp/nanolang-record-final.c:808:nmap_has	48	static
/private/tmp/nanolang-record-final.c:813:nmap_len	48	static
/private/tmp/nanolang-record-final.c:814:nmap_delete	96	static
/private/tmp/nanolang-record-final.c:1615:nmap_collect	128	static
/private/tmp/nanolang-record-final.c:1485:nroot_reset	32	static
/private/tmp/nanolang-record-final.c:1630:nmap_collect_if_needed	16	static
/private/tmp/nanolang-record-final.c:241:nagg_add	48	static
/private/tmp/nanolang-record-final.c:246:nagg_drop	48	static
/private/tmp/nanolang-record-final.c:225:nf64_print	48	static
/private/tmp/nanolang-record-final.c:646:nsarr_new	48	static
/private/tmp/nanolang-record-final.c:650:nsarr_reserve	112	static
/private/tmp/nanolang-record-final.c:671:nsarr_copy_string	64	static
/private/tmp/nanolang-record-final.c:694:narr_new	48	static
/private/tmp/nanolang-record-final.c:698:narr_reserve	112	static
/private/tmp/nanolang-record-final.c:1424:nrarr_new	48	static
/private/tmp/nanolang-record-final.c:1428:nrarr_reserve	112	static
/private/tmp/nanolang-record-final.c:1458:nrarr_get	64	static
/private/tmp/nanolang-record-final.c:1733:nsarr_push	64	static
/private/tmp/nanolang-record-final.c:1715:narr_push	48	static
/private/tmp/nanolang-record-final.c:1399:nrec_snapshot	64	static
/private/tmp/nanolang-record-final.c:1387:nrec_field_storage_matches	96	static
/private/tmp/nanolang-record-final.c:63:nstr_copy	48	static
/private/tmp/nanolang-record-final.c:70:nstr_take	48	static
/private/tmp/nanolang-record-final.c:57:nstr_copy_release	80	static
/private/tmp/nanolang-record-final.c:1690:nstr_from_i64	112	static
/private/tmp/nanolang-record-final.c:1699:nstr_from_f64	144	static
/private/tmp/nanolang-record-final.c:1779:nvalue_array_print	192	static
/private/tmp/nanolang-record-final.c:1451:nrarr_push	64	static
/private/tmp/nanolang-record-final.c:995:nhost_artifact_0	128	static
/private/tmp/nanolang-record-final.c:1019:nhost_artifact_1	128	static
/private/tmp/nanolang-record-final.c:1043:nhost_artifact_2	64	static
/private/tmp/nanolang-record-final.c:1057:nhost_artifact_3	64	static
/private/tmp/nanolang-record-final.c:1071:nhost_artifact_4	128	static
/private/tmp/nanolang-record-final.c:960:nhost_walk_6	192	static
/private/tmp/nanolang-record-final.c:1095:nhost_artifact_7	128	static
/private/tmp/nanolang-record-final.c:1119:nhost_artifact_8	128	static
/private/tmp/nanolang-record-final.c:1143:nhost_artifact_9	144	static
/private/tmp/nanolang-record-final.c:1167:nhost_artifact_10	128	static
/private/tmp/nanolang-record-final.c:1191:nhost_artifact_11	128	static
/private/tmp/nanolang-record-final.c:1215:nhost_artifact_12	144	static
/private/tmp/nanolang-record-final.c:1239:nhost_artifact_13	128	static
/private/tmp/nanolang-record-final.c:1263:nhost_artifact_14	64	static
/private/tmp/nanolang-record-final.c:1277:nhost_artifact_15	64	static
/private/tmp/nanolang-record-final.c:1291:nhost_artifact_16	48	static
/private/tmp/nanolang-record-final.c:1305:nhost_artifact_17	48	static
/private/tmp/nanolang-record-final.c:1319:nhost_artifact_18	48	static
/private/tmp/nanolang-record-final.c:1333:nhost_artifact_19	64	static
/private/tmp/nanolang-record-final.c:1347:nhost_artifact_20	64	static
/private/tmp/nanolang-record-final.c:1361:nhost_artifact_32	128	static
/private/tmp/nanolang-record-final.c:1406:nrec_release_snapshots	32	static
/private/tmp/nanolang-record-final.c:947:nmap_release_owned	64	static
/private/tmp/nanolang-record-final.c:1420:nrarr_release_owned	32	static
/private/tmp/nanolang-record-final.c:680:nsarr_release_owned	32	static
/private/tmp/nanolang-record-final.c:719:narr_release_owned	32	static
/private/tmp/nanolang-record-final.c:74:nstr_release_owned	32	static
/private/tmp/nanolang-record-final.c:625:nbp_parse	48	static
/private/tmp/nanolang-record-final.c:612:nbp_parse_end	80	static
/private/tmp/nanolang-record-final.c:483:nbp_parse_impl	2368	static
/private/tmp/nanolang-record-final.c:439:nbp_word	64	static
/private/tmp/nanolang-record-final.c:448:nbp_nan_payload	80	static
/private/tmp/nanolang-record-final.c:430:nbp_lower	16	static
/private/tmp/nanolang-record-final.c:433:nbp_digit	32	static
/private/tmp/nanolang-record-final.c:313:nbp_zero	592	static
/private/tmp/nanolang-record-final.c:318:nbp_multiply	48	static
/private/tmp/nanolang-record-final.c:332:nbp_bits	32	static
/private/tmp/nanolang-record-final.c:343:nbp_shift	608	static
/private/tmp/nanolang-record-final.c:379:nbp_rational	704	static
/private/tmp/nanolang-record-final.c:362:nbp_compare	32	static
/private/tmp/nanolang-record-final.c:370:nbp_subtract	80	static
/private/tmp/nanolang-record-final.c:314:nbp_normalize	16	static
/private/tmp/nanolang-record-final.c:223:nano_rt_f64_nonfinite	32	static
/private/tmp/nanolang-record-final.c:271:nano_rt_f64_arithmetic_result	16	static
/private/tmp/nanolang-record-final.c:23:ni64_from_bits	16	static
/private/tmp/nanolang-record-final.c:1489:nroot_destroy	96	static
/private/tmp/nanolang-record-final.c:1492:nroot_add	160	static
/private/tmp/nanolang-record-final.c:1482:nroot_contains	64	static
/private/tmp/nanolang-record-final.c:1473:nroot_slot	64	static
/private/tmp/nanolang-record-final.c:1467:nroot_hash	32	static
/private/tmp/nanolang-record-final.c:1667:nstr_char_at	64	static
/private/tmp/nanolang-record-final.c:1644:nstr_substr	96	static
/private/tmp/nanolang-record-final.c:54:nstr_allocate	48	static
/private/tmp/nanolang-record-final.c:44:nstr_try_allocate	48	static
/private/tmp/nanolang-record-final.c:1633:nstr_concat	128	static
/private/tmp/nanolang-record-final.c:1719:nsarr_lit	64	static
/private/tmp/nanolang-record-final.c:1705:narr_lit	64	static
/private/tmp/nanolang-record-final.c:1674:nstr_starts_with	80	static
/private/tmp/nanolang-record-final.c:852:nvalue_require_float	64	static
/private/tmp/nanolang-record-final.c:123:nhost_is_alnum	32	static
/private/tmp/nanolang-record-final.c:125:nhost_from_char	32	static
/private/tmp/nanolang-record-final.c:1681:nstr_ends_with	96	static
/private/tmp/nanolang-record-final.c:206:nhost_getenv	32	static
/private/tmp/nanolang-record-final.c:199:nhost_copy	32	static
/private/tmp/nanolang-record-final.c:209:nhost_getcwd	1088	static
/private/tmp/nanolang-record-final.c:85:nhost_file_read	4272	static
/private/tmp/nanolang-record-final.c:114:nhost_file_write	80	static
/private/tmp/nanolang-record-final.c:195:nhost_file_exists	176	static
/private/tmp/nanolang-record-final.c:202:nhost_argc	0	static
/private/tmp/nanolang-record-final.c:203:nhost_argv	32	static
/private/tmp/nanolang-record-final.c:148:nhost_capture	4208	static
/private/tmp/nanolang-record-final.c:144:nhost_shell	32	static
/private/tmp/nanolang-record-final.c:163:nhost_identity	352	static
/private/tmp/nanolang-record-final.c:176:nhost_destinations	368	static
/private/tmp/nanolang-record-final.c:170:nhost_destination_stat	48	static
/private/tmp/nanolang-record-final.c:130:nhost_mktemp_dir	80	static
/private/tmp/nanolang-record-final.c:1655:nstr_trim	80	static
/private/tmp/nanolang-record-final.c:767:nmap_new	48	static
/private/tmp/nanolang-record-final.c:825:nmap_destroy	80	static
/private/tmp/nanolang-record-final.c:727:nmap_bytes_add	48	static
/private/tmp/nanolang-record-final.c:740:nmap_release_text	32	static
/private/tmp/nanolang-record-final.c:759:nmap_release_value	32	static
/private/tmp/nanolang-record-final.c:732:nmap_bytes_drop	48	static
/private/tmp/nanolang-record-final.c:736:nmap_text_bytes	48	static
/private/tmp/nanolang-record-final.c:760:nmap_hash	64	static
/private/tmp/nanolang-record-final.c:776:nmap_find	80	static
/private/tmp/nanolang-record-final.c:753:nmap_copy_value	64	static
/private/tmp/nanolang-record-final.c:747:nmap_copy_text	64	static
/private/tmp/nanolang-record-final.c:782:nmap_grow	96	static
/private/tmp/nanolang-record-final.c:1711:narr_get	48	static
/private/tmp/nanolang-record-final.c:1728:nsarr_get	64	static
/private/tmp/nanolang-record-final.c:1515:nroot_value	48	static
/private/tmp/nanolang-record-final.c:1520:nroot_trace	224	static
/private/tmp/nanolang-record-final.c:1571:nstr_sweep	48	static
/private/tmp/nanolang-record-final.c:1581:nagg_sweep	112	static
/private/tmp/nanolang-record-final.c:1556:nmap_sweep	80	static
/private/tmp/nanolang-record-final.c:639:nsarr_track	64	static
/private/tmp/nanolang-record-final.c:688:narr_track	64	static
/private/tmp/nanolang-record-final.c:1413:nrarr_track	64	static
