Warning at line 175, column 9: Unused variable 'ignored'
Warning at line 2092, column 9: Unused variable 'rejected'
Warning at line 2213, column 9: Unused variable 'rejected'
Warning at line 2220, column 13: Unused variable 'rejected'
Warning at line 2258, column 9: Unused variable 'rejected'
Warning at line 2262, column 9: Unused variable 'rejected'
Warning at line 2269, column 13: Unused variable 'rejected'
Warning at line 5384, column 17: Unused variable 'imported'
[shadow-progress] elapsed_ms=0.000 admission_calls=2 admission_ms=15.144 assert_traps=0 full_calls=2 full_ns=15143945 reuse_calls=0 reuse_ns=0 admission_ns=15143945 enter fn=563 pc=153628 name=$shadow_0_diag_location
[shadow-progress] elapsed_ms=0.061 admission_calls=5 admission_ms=15.144 assert_traps=3 full_calls=2 full_ns=15143945 reuse_calls=3 reuse_ns=192 admission_ns=15144137 leave fn=563 pc=153628 name=$shadow_0_diag_location
[shadow-progress] elapsed_ms=0.064 admission_calls=5 admission_ms=15.144 assert_traps=3 full_calls=2 full_ns=15143945 reuse_calls=3 reuse_ns=192 admission_ns=15144137 enter fn=564 pc=153707 name=$shadow_1_diag_location_empty
[shadow-progress] elapsed_ms=0.067 admission_calls=8 admission_ms=15.144 assert_traps=6 full_calls=2 full_ns=15143945 reuse_calls=6 reuse_ns=272 admission_ns=15144217 leave fn=564 pc=153707 name=$shadow_1_diag_location_empty
[shadow-progress] elapsed_ms=0.069 admission_calls=8 admission_ms=15.144 assert_traps=6 full_calls=2 full_ns=15143945 reuse_calls=6 reuse_ns=272 admission_ns=15144217 enter fn=565 pc=153763 name=$shadow_2_diag_error
[shadow-progress] elapsed_ms=0.072 admission_calls=10 admission_ms=15.144 assert_traps=8 full_calls=2 full_ns=15143945 reuse_calls=8 reuse_ns=320 admission_ns=15144265 leave fn=565 pc=153763 name=$shadow_2_diag_error
[shadow-progress] elapsed_ms=0.074 admission_calls=10 admission_ms=15.144 assert_traps=8 full_calls=2 full_ns=15143945 reuse_calls=8 reuse_ns=320 admission_ns=15144265 enter fn=566 pc=153855 name=$shadow_3_diag_warning
[shadow-progress] elapsed_ms=0.077 admission_calls=12 admission_ms=15.144 assert_traps=10 full_calls=2 full_ns=15143945 reuse_calls=10 reuse_ns=384 admission_ns=15144329 leave fn=566 pc=153855 name=$shadow_3_diag_warning
[shadow-progress] elapsed_ms=0.079 admission_calls=12 admission_ms=15.144 assert_traps=10 full_calls=2 full_ns=15143945 reuse_calls=10 reuse_ns=384 admission_ns=15144329 enter fn=567 pc=153913 name=$shadow_4_diag_parser_error
[shadow-progress] elapsed_ms=0.082 admission_calls=14 admission_ms=15.144 assert_traps=12 full_calls=2 full_ns=15143945 reuse_calls=12 reuse_ns=432 admission_ns=15144377 leave fn=567 pc=153913 name=$shadow_4_diag_parser_error
[shadow-progress] elapsed_ms=0.084 admission_calls=14 admission_ms=15.144 assert_traps=12 full_calls=2 full_ns=15143945 reuse_calls=12 reuse_ns=432 admission_ns=15144377 enter fn=568 pc=154000 name=$shadow_5_diag_list_new
[shadow-progress] elapsed_ms=0.087 admission_calls=15 admission_ms=15.144 assert_traps=13 full_calls=2 full_ns=15143945 reuse_calls=13 reuse_ns=464 admission_ns=15144409 leave fn=568 pc=154000 name=$shadow_5_diag_list_new
[shadow-progress] elapsed_ms=0.088 admission_calls=15 admission_ms=15.144 assert_traps=13 full_calls=2 full_ns=15143945 reuse_calls=13 reuse_ns=464 admission_ns=15144409 enter fn=569 pc=154028 name=$shadow_6_diag_list_add
[shadow-progress] elapsed_ms=0.091 admission_calls=16 admission_ms=15.144 assert_traps=14 full_calls=2 full_ns=15143945 reuse_calls=14 reuse_ns=496 admission_ns=15144441 leave fn=569 pc=154028 name=$shadow_6_diag_list_add
[shadow-progress] elapsed_ms=0.093 admission_calls=16 admission_ms=15.144 assert_traps=14 full_calls=2 full_ns=15143945 reuse_calls=14 reuse_ns=496 admission_ns=15144441 enter fn=570 pc=154094 name=$shadow_7_diag_list_has_errors
[shadow-progress] elapsed_ms=15.151 admission_calls=21 admission_ms=30.186 assert_traps=17 full_calls=4 full_ns=30185378 reuse_calls=17 reuse_ns=576 admission_ns=30185954 leave fn=570 pc=154094 name=$shadow_7_diag_list_has_errors
[shadow-progress] elapsed_ms=15.154 admission_calls=21 admission_ms=30.186 assert_traps=17 full_calls=4 full_ns=30185378 reuse_calls=17 reuse_ns=576 admission_ns=30185954 enter fn=571 pc=154208 name=$shadow_8_diag_make_type_error
[shadow-progress] elapsed_ms=15.170 admission_calls=22 admission_ms=30.186 assert_traps=18 full_calls=4 full_ns=30185378 reuse_calls=18 reuse_ns=608 admission_ns=30185986 leave fn=571 pc=154208 name=$shadow_8_diag_make_type_error
[shadow-progress] elapsed_ms=15.171 admission_calls=22 admission_ms=30.186 assert_traps=18 full_calls=4 full_ns=30185378 reuse_calls=18 reuse_ns=608 admission_ns=30185986 enter fn=572 pc=154237 name=$shadow_9_diag_make_undefined_error
[shadow-progress] elapsed_ms=15.174 admission_calls=23 admission_ms=30.186 assert_traps=19 full_calls=4 full_ns=30185378 reuse_calls=19 reuse_ns=624 admission_ns=30186002 leave fn=572 pc=154237 name=$shadow_9_diag_make_undefined_error
[shadow-progress] elapsed_ms=15.176 admission_calls=23 admission_ms=30.186 assert_traps=19 full_calls=4 full_ns=30185378 reuse_calls=19 reuse_ns=624 admission_ns=30186002 enter fn=573 pc=154261 name=$shadow_10_diag_new
[shadow-progress] elapsed_ms=15.178 admission_calls=24 admission_ms=30.186 assert_traps=20 full_calls=4 full_ns=30185378 reuse_calls=20 reuse_ns=656 admission_ns=30186034 leave fn=573 pc=154261 name=$shadow_10_diag_new
[shadow-progress] elapsed_ms=15.180 admission_calls=24 admission_ms=30.186 assert_traps=20 full_calls=4 full_ns=30185378 reuse_calls=20 reuse_ns=656 admission_ns=30186034 enter fn=574 pc=154345 name=$shadow_11_diag_simple
[shadow-progress] elapsed_ms=15.182 admission_calls=25 admission_ms=30.186 assert_traps=21 full_calls=4 full_ns=30185378 reuse_calls=21 reuse_ns=688 admission_ns=30186066 leave fn=574 pc=154345 name=$shadow_11_diag_simple
[shadow-progress] elapsed_ms=15.185 admission_calls=25 admission_ms=30.186 assert_traps=21 full_calls=4 full_ns=30185378 reuse_calls=21 reuse_ns=688 admission_ns=30186066 enter fn=575 pc=154395 name=$shadow_12_diag_error_simple
[shadow-progress] elapsed_ms=15.187 admission_calls=26 admission_ms=30.186 assert_traps=22 full_calls=4 full_ns=30185378 reuse_calls=22 reuse_ns=720 admission_ns=30186098 leave fn=575 pc=154395 name=$shadow_12_diag_error_simple
[shadow-progress] elapsed_ms=15.189 admission_calls=26 admission_ms=30.186 assert_traps=22 full_calls=4 full_ns=30185378 reuse_calls=22 reuse_ns=720 admission_ns=30186098 enter fn=576 pc=154440 name=$shadow_13_diag_warning_simple
[shadow-progress] elapsed_ms=15.191 admission_calls=27 admission_ms=30.186 assert_traps=23 full_calls=4 full_ns=30185378 reuse_calls=23 reuse_ns=736 admission_ns=30186114 leave fn=576 pc=154440 name=$shadow_13_diag_warning_simple
[shadow-progress] elapsed_ms=15.193 admission_calls=27 admission_ms=30.186 assert_traps=23 full_calls=4 full_ns=30185378 reuse_calls=23 reuse_ns=736 admission_ns=30186114 enter fn=577 pc=154485 name=$shadow_14_diag_info
[shadow-progress] elapsed_ms=15.195 admission_calls=28 admission_ms=30.186 assert_traps=24 full_calls=4 full_ns=30185378 reuse_calls=24 reuse_ns=752 admission_ns=30186130 leave fn=577 pc=154485 name=$shadow_14_diag_info
[shadow-progress] elapsed_ms=15.197 admission_calls=28 admission_ms=30.186 assert_traps=24 full_calls=4 full_ns=30185378 reuse_calls=24 reuse_ns=752 admission_ns=30186130 enter fn=578 pc=154564 name=$shadow_15_diag_info_simple
[shadow-progress] elapsed_ms=15.199 admission_calls=29 admission_ms=30.186 assert_traps=25 full_calls=4 full_ns=30185378 reuse_calls=25 reuse_ns=784 admission_ns=30186162 leave fn=578 pc=154564 name=$shadow_15_diag_info_simple
[shadow-progress] elapsed_ms=15.200 admission_calls=29 admission_ms=30.186 assert_traps=25 full_calls=4 full_ns=30185378 reuse_calls=25 reuse_ns=784 admission_ns=30186162 enter fn=579 pc=154605 name=$shadow_16_diag_lexer_error
[shadow-progress] elapsed_ms=15.203 admission_calls=30 admission_ms=30.186 assert_traps=26 full_calls=4 full_ns=30185378 reuse_calls=26 reuse_ns=816 admission_ns=30186194 leave fn=579 pc=154605 name=$shadow_16_diag_lexer_error
[shadow-progress] elapsed_ms=15.204 admission_calls=30 admission_ms=30.186 assert_traps=26 full_calls=4 full_ns=30185378 reuse_calls=26 reuse_ns=816 admission_ns=30186194 enter fn=580 pc=154675 name=$shadow_17_diag_typecheck_error
[shadow-progress] elapsed_ms=15.209 admission_calls=31 admission_ms=30.186 assert_traps=27 full_calls=4 full_ns=30185378 reuse_calls=27 reuse_ns=848 admission_ns=30186226 leave fn=580 pc=154675 name=$shadow_17_diag_typecheck_error
[shadow-progress] elapsed_ms=15.210 admission_calls=31 admission_ms=30.186 assert_traps=27 full_calls=4 full_ns=30185378 reuse_calls=27 reuse_ns=848 admission_ns=30186226 enter fn=581 pc=154745 name=$shadow_18_diag_transpiler_error
[shadow-progress] elapsed_ms=15.212 admission_calls=32 admission_ms=30.186 assert_traps=28 full_calls=4 full_ns=30185378 reuse_calls=28 reuse_ns=880 admission_ns=30186258 leave fn=581 pc=154745 name=$shadow_18_diag_transpiler_error
[shadow-progress] elapsed_ms=15.214 admission_calls=32 admission_ms=30.186 assert_traps=28 full_calls=4 full_ns=30185378 reuse_calls=28 reuse_ns=880 admission_ns=30186258 enter fn=582 pc=154815 name=$shadow_19_diag_list_count
[shadow-progress] elapsed_ms=15.217 admission_calls=34 admission_ms=30.186 assert_traps=30 full_calls=4 full_ns=30185378 reuse_calls=30 reuse_ns=944 admission_ns=30186322 leave fn=582 pc=154815 name=$shadow_19_diag_list_count
[shadow-progress] elapsed_ms=15.218 admission_calls=34 admission_ms=30.186 assert_traps=30 full_calls=4 full_ns=30185378 reuse_calls=30 reuse_ns=944 admission_ns=30186322 enter fn=583 pc=154900 name=$shadow_20_diag_list_get
[shadow-progress] elapsed_ms=15.221 admission_calls=35 admission_ms=30.186 assert_traps=31 full_calls=4 full_ns=30185378 reuse_calls=31 reuse_ns=976 admission_ns=30186354 leave fn=583 pc=154900 name=$shadow_20_diag_list_get
[shadow-progress] elapsed_ms=15.223 admission_calls=35 admission_ms=30.186 assert_traps=31 full_calls=4 full_ns=30185378 reuse_calls=31 reuse_ns=976 admission_ns=30186354 enter fn=584 pc=154980 name=$shadow_21_diag_id_io_open
[shadow-progress] elapsed_ms=15.224 admission_calls=36 admission_ms=30.186 assert_traps=32 full_calls=4 full_ns=30185378 reuse_calls=32 reuse_ns=1008 admission_ns=30186386 leave fn=584 pc=154980 name=$shadow_21_diag_id_io_open
[shadow-progress] elapsed_ms=15.226 admission_calls=36 admission_ms=30.186 assert_traps=32 full_calls=4 full_ns=30185378 reuse_calls=32 reuse_ns=1008 admission_ns=30186386 enter fn=585 pc=154993 name=$shadow_22_diag_id_lex_failed
[shadow-progress] elapsed_ms=15.228 admission_calls=37 admission_ms=30.186 assert_traps=33 full_calls=4 full_ns=30185378 reuse_calls=33 reuse_ns=1040 admission_ns=30186418 leave fn=585 pc=154993 name=$shadow_22_diag_id_lex_failed
[shadow-progress] elapsed_ms=15.229 admission_calls=37 admission_ms=30.186 assert_traps=33 full_calls=4 full_ns=30185378 reuse_calls=33 reuse_ns=1040 admission_ns=30186418 enter fn=586 pc=155006 name=$shadow_23_diag_id_parse_failed
[shadow-progress] elapsed_ms=15.231 admission_calls=38 admission_ms=30.186 assert_traps=34 full_calls=4 full_ns=30185378 reuse_calls=34 reuse_ns=1072 admission_ns=30186450 leave fn=586 pc=155006 name=$shadow_23_diag_id_parse_failed
[shadow-progress] elapsed_ms=15.232 admission_calls=38 admission_ms=30.186 assert_traps=34 full_calls=4 full_ns=30185378 reuse_calls=34 reuse_ns=1072 admission_ns=30186450 enter fn=587 pc=155019 name=$shadow_24_diag_id_import_failed
[shadow-progress] elapsed_ms=15.234 admission_calls=39 admission_ms=30.186 assert_traps=35 full_calls=4 full_ns=30185378 reuse_calls=35 reuse_ns=1088 admission_ns=30186466 leave fn=587 pc=155019 name=$shadow_24_diag_id_import_failed
[shadow-progress] elapsed_ms=15.235 admission_calls=39 admission_ms=30.186 assert_traps=35 full_calls=4 full_ns=30185378 reuse_calls=35 reuse_ns=1088 admission_ns=30186466 enter fn=588 pc=155032 name=$shadow_25_diag_id_type_failed
[shadow-progress] elapsed_ms=15.237 admission_calls=40 admission_ms=30.186 assert_traps=36 full_calls=4 full_ns=30185378 reuse_calls=36 reuse_ns=1120 admission_ns=30186498 leave fn=588 pc=155032 name=$shadow_25_diag_id_type_failed
[shadow-progress] elapsed_ms=15.239 admission_calls=40 admission_ms=30.186 assert_traps=36 full_calls=4 full_ns=30185378 reuse_calls=36 reuse_ns=1120 admission_ns=30186498 enter fn=589 pc=155045 name=$shadow_26_diag_id_mod_compile
[shadow-progress] elapsed_ms=15.242 admission_calls=41 admission_ms=30.187 assert_traps=37 full_calls=4 full_ns=30185378 reuse_calls=37 reuse_ns=1136 admission_ns=30186514 leave fn=589 pc=155045 name=$shadow_26_diag_id_mod_compile
[shadow-progress] elapsed_ms=15.243 admission_calls=41 admission_ms=30.187 assert_traps=37 full_calls=4 full_ns=30185378 reuse_calls=37 reuse_ns=1136 admission_ns=30186514 enter fn=590 pc=155058 name=$shadow_27_diag_id_shadow_failed
[shadow-progress] elapsed_ms=15.245 admission_calls=42 admission_ms=30.187 assert_traps=38 full_calls=4 full_ns=30185378 reuse_calls=38 reuse_ns=1168 admission_ns=30186546 leave fn=590 pc=155058 name=$shadow_27_diag_id_shadow_failed
[shadow-progress] elapsed_ms=15.247 admission_calls=42 admission_ms=30.187 assert_traps=38 full_calls=4 full_ns=30185378 reuse_calls=38 reuse_ns=1168 admission_ns=30186546 enter fn=591 pc=155071 name=$shadow_28_diag_id_trans_failed
[shadow-progress] elapsed_ms=15.248 admission_calls=43 admission_ms=30.187 assert_traps=39 full_calls=4 full_ns=30185378 reuse_calls=39 reuse_ns=1200 admission_ns=30186578 leave fn=591 pc=155071 name=$shadow_28_diag_id_trans_failed
[shadow-progress] elapsed_ms=15.250 admission_calls=43 admission_ms=30.187 assert_traps=39 full_calls=4 full_ns=30185378 reuse_calls=39 reuse_ns=1200 admission_ns=30186578 enter fn=592 pc=155084 name=$shadow_29_diag_id_c_temp
[shadow-progress] elapsed_ms=15.251 admission_calls=44 admission_ms=30.187 assert_traps=40 full_calls=4 full_ns=30185378 reuse_calls=40 reuse_ns=1232 admission_ns=30186610 leave fn=592 pc=155084 name=$shadow_29_diag_id_c_temp
[shadow-progress] elapsed_ms=15.253 admission_calls=44 admission_ms=30.187 assert_traps=40 full_calls=4 full_ns=30185378 reuse_calls=40 reuse_ns=1232 admission_ns=30186610 enter fn=593 pc=155097 name=$shadow_30_diag_id_cc_cmd
[shadow-progress] elapsed_ms=15.254 admission_calls=45 admission_ms=30.187 assert_traps=41 full_calls=4 full_ns=30185378 reuse_calls=41 reuse_ns=1248 admission_ns=30186626 leave fn=593 pc=155097 name=$shadow_30_diag_id_cc_cmd
[shadow-progress] elapsed_ms=15.256 admission_calls=45 admission_ms=30.187 assert_traps=41 full_calls=4 full_ns=30185378 reuse_calls=41 reuse_ns=1248 admission_ns=30186626 enter fn=594 pc=155110 name=$shadow_31_diag_id_cc_failed
[shadow-progress] elapsed_ms=15.258 admission_calls=46 admission_ms=30.187 assert_traps=42 full_calls=4 full_ns=30185378 reuse_calls=42 reuse_ns=1280 admission_ns=30186658 leave fn=594 pc=155110 name=$shadow_31_diag_id_cc_failed
[shadow-progress] elapsed_ms=15.259 admission_calls=46 admission_ms=30.187 assert_traps=42 full_calls=4 full_ns=30185378 reuse_calls=42 reuse_ns=1280 admission_ns=30186658 enter fn=595 pc=155123 name=$shadow_32_diag_id_src_utf8
[shadow-progress] elapsed_ms=15.261 admission_calls=47 admission_ms=30.187 assert_traps=43 full_calls=4 full_ns=30185378 reuse_calls=43 reuse_ns=1296 admission_ns=30186674 leave fn=595 pc=155123 name=$shadow_32_diag_id_src_utf8
[shadow-progress] elapsed_ms=15.262 admission_calls=47 admission_ms=30.187 assert_traps=43 full_calls=4 full_ns=30185378 reuse_calls=43 reuse_ns=1296 admission_ns=30186674 enter fn=596 pc=155136 name=$shadow_33_diag_en
[shadow-progress] elapsed_ms=360.329 admission_calls=97 admission_ms=375.239 assert_traps=47 full_calls=50 full_ns=375237613 reuse_calls=47 reuse_ns=1392 admission_ns=375239005 leave fn=596 pc=155136 name=$shadow_33_diag_en
[shadow-progress] elapsed_ms=360.333 admission_calls=97 admission_ms=375.239 assert_traps=47 full_calls=50 full_ns=375237613 reuse_calls=47 reuse_ns=1392 admission_ns=375239005 enter fn=597 pc=155205 name=$shadow_34_walkdir
[shadow-progress] elapsed_ms=404.462 admission_calls=108 admission_ms=412.790 assert_traps=53 full_calls=55 full_ns=412788459 reuse_calls=53 reuse_ns=1584 admission_ns=412790043 leave fn=597 pc=155205 name=$shadow_34_walkdir
[shadow-progress] elapsed_ms=404.468 admission_calls=108 admission_ms=412.790 assert_traps=53 full_calls=55 full_ns=412788459 reuse_calls=53 reuse_ns=1584 admission_ns=412790043 enter fn=598 pc=155361 name=$shadow_35_canonical
[shadow-progress] elapsed_ms=455.321 admission_calls=120 admission_ms=457.821 assert_traps=59 full_calls=61 full_ns=457819492 reuse_calls=59 reuse_ns=1744 admission_ns=457821236 leave fn=598 pc=155361 name=$shadow_35_canonical
[shadow-progress] elapsed_ms=455.324 admission_calls=120 admission_ms=457.821 assert_traps=59 full_calls=61 full_ns=457819492 reuse_calls=59 reuse_ns=1744 admission_ns=457821236 enter fn=599 pc=155496 name=$shadow_36_normalize
[shadow-progress] elapsed_ms=480.947 admission_calls=126 admission_ms=480.351 assert_traps=62 full_calls=64 full_ns=480348922 reuse_calls=62 reuse_ns=1824 admission_ns=480350746 leave fn=599 pc=155496 name=$shadow_36_normalize
[shadow-progress] elapsed_ms=480.950 admission_calls=126 admission_ms=480.351 assert_traps=62 full_calls=64 full_ns=480348922 reuse_calls=62 reuse_ns=1824 admission_ns=480350746 enter fn=600 pc=155548 name=$shadow_37_join
[shadow-progress] elapsed_ms=506.546 admission_calls=132 admission_ms=502.856 assert_traps=65 full_calls=67 full_ns=502853983 reuse_calls=65 reuse_ns=1920 admission_ns=502855903 leave fn=600 pc=155548 name=$shadow_37_join
[shadow-progress] elapsed_ms=506.549 admission_calls=132 admission_ms=502.856 assert_traps=65 full_calls=67 full_ns=502853983 reuse_calls=65 reuse_ns=1920 admission_ns=502855903 enter fn=601 pc=155615 name=$shadow_38_basename
[shadow-progress] elapsed_ms=523.730 admission_calls=136 admission_ms=517.821 assert_traps=67 full_calls=69 full_ns=517819431 reuse_calls=67 reuse_ns=1968 admission_ns=517821399 leave fn=601 pc=155615 name=$shadow_38_basename
[shadow-progress] elapsed_ms=523.732 admission_calls=136 admission_ms=517.821 assert_traps=67 full_calls=69 full_ns=517819431 reuse_calls=67 reuse_ns=1968 admission_ns=517821399 enter fn=602 pc=155650 name=$shadow_39_dirname
[shadow-progress] elapsed_ms=540.914 admission_calls=140 admission_ms=532.801 assert_traps=69 full_calls=71 full_ns=532798751 reuse_calls=69 reuse_ns=2016 admission_ns=532800767 leave fn=602 pc=155650 name=$shadow_39_dirname
[shadow-progress] elapsed_ms=540.917 admission_calls=140 admission_ms=532.801 assert_traps=69 full_calls=71 full_ns=532798751 reuse_calls=69 reuse_ns=2016 admission_ns=532800767 enter fn=603 pc=155685 name=$shadow_40_relpath
[shadow-progress] elapsed_ms=658.981 admission_calls=160 admission_ms=637.633 assert_traps=75 full_calls=85 full_ns=637630315 reuse_calls=75 reuse_ns=2192 admission_ns=637632507 leave fn=603 pc=155685 name=$shadow_40_relpath
[shadow-progress] elapsed_ms=658.986 admission_calls=160 admission_ms=637.633 assert_traps=75 full_calls=85 full_ns=637630315 reuse_calls=75 reuse_ns=2192 admission_ns=637632507 enter fn=604 pc=155868 name=$shadow_41_cwd
[shadow-progress] elapsed_ms=667.375 admission_calls=162 admission_ms=645.135 assert_traps=76 full_calls=86 full_ns=645133176 reuse_calls=76 reuse_ns=2224 admission_ns=645135400 leave fn=604 pc=155868 name=$shadow_41_cwd
[shadow-progress] elapsed_ms=667.377 admission_calls=162 admission_ms=645.135 assert_traps=76 full_calls=86 full_ns=645133176 reuse_calls=76 reuse_ns=2224 admission_ns=645135400 enter fn=605 pc=155892 name=$shadow_42_glob_match_impl
[shadow-progress] elapsed_ms=667.385 admission_calls=165 admission_ms=645.135 assert_traps=79 full_calls=86 full_ns=645133176 reuse_calls=79 reuse_ns=2304 admission_ns=645135480 leave fn=605 pc=155892 name=$shadow_42_glob_match_impl
[shadow-progress] elapsed_ms=667.387 admission_calls=165 admission_ms=645.135 assert_traps=79 full_calls=86 full_ns=645133176 reuse_calls=79 reuse_ns=2304 admission_ns=645135480 enter fn=606 pc=155996 name=$shadow_43_glob_match
[shadow-progress] elapsed_ms=667.408 admission_calls=169 admission_ms=645.136 assert_traps=83 full_calls=86 full_ns=645133176 reuse_calls=83 reuse_ns=2432 admission_ns=645135608 leave fn=606 pc=155996 name=$shadow_43_glob_match
[shadow-progress] elapsed_ms=667.409 admission_calls=169 admission_ms=645.136 assert_traps=83 full_calls=86 full_ns=645133176 reuse_calls=83 reuse_ns=2432 admission_ns=645135608 enter fn=607 pc=156062 name=$shadow_44_glob
[shadow-progress] elapsed_ms=743.011 admission_calls=186 admission_ms=712.652 assert_traps=91 full_calls=95 full_ns=712649067 reuse_calls=91 reuse_ns=2640 admission_ns=712651707 leave fn=607 pc=156062 name=$shadow_44_glob
[shadow-progress] elapsed_ms=743.015 admission_calls=186 admission_ms=712.652 assert_traps=91 full_calls=95 full_ns=712649067 reuse_calls=91 reuse_ns=2640 admission_ns=712651707 enter fn=608 pc=156278 name=$shadow_45_read
[shadow-progress] elapsed_ms=785.391 admission_calls=196 admission_ms=750.089 assert_traps=96 full_calls=100 full_ns=750086458 reuse_calls=96 reuse_ns=2768 admission_ns=750089226 leave fn=608 pc=156278 name=$shadow_45_read
[shadow-progress] elapsed_ms=785.394 admission_calls=196 admission_ms=750.089 assert_traps=96 full_calls=100 full_ns=750086458 reuse_calls=96 reuse_ns=2768 admission_ns=750089226 enter fn=609 pc=156405 name=$shadow_46_write
[shadow-progress] elapsed_ms=827.326 admission_calls=206 admission_ms=787.549 assert_traps=101 full_calls=105 full_ns=787546423 reuse_calls=101 reuse_ns=2912 admission_ns=787549335 leave fn=609 pc=156405 name=$shadow_46_write
[shadow-progress] elapsed_ms=827.329 admission_calls=206 admission_ms=787.549 assert_traps=101 full_calls=105 full_ns=787546423 reuse_calls=101 reuse_ns=2912 admission_ns=787549335 enter fn=610 pc=156532 name=$shadow_47_append
[shadow-progress] elapsed_ms=878.298 admission_calls=218 admission_ms=832.687 assert_traps=107 full_calls=111 full_ns=832684162 reuse_calls=107 reuse_ns=3088 admission_ns=832687250 leave fn=610 pc=156532 name=$shadow_47_append
[shadow-progress] elapsed_ms=878.301 admission_calls=218 admission_ms=832.687 assert_traps=107 full_calls=111 full_ns=832684162 reuse_calls=107 reuse_ns=3088 admission_ns=832687250 enter fn=611 pc=156683 name=$shadow_48_exists
[shadow-progress] elapsed_ms=937.424 admission_calls=232 admission_ms=885.140 assert_traps=114 full_calls=118 full_ns=885136664 reuse_calls=114 reuse_ns=3264 admission_ns=885139928 leave fn=611 pc=156683 name=$shadow_48_exists
[shadow-progress] elapsed_ms=937.427 admission_calls=232 admission_ms=885.140 assert_traps=114 full_calls=118 full_ns=885136664 reuse_calls=114 reuse_ns=3264 admission_ns=885139928 enter fn=612 pc=156824 name=$shadow_49_delete
[shadow-progress] elapsed_ms=987.697 admission_calls=244 admission_ms=930.070 assert_traps=120 full_calls=124 full_ns=930066850 reuse_calls=120 reuse_ns=3424 admission_ns=930070274 leave fn=612 pc=156824 name=$shadow_49_delete
[shadow-progress] elapsed_ms=987.700 admission_calls=244 admission_ms=930.070 assert_traps=120 full_calls=124 full_ns=930066850 reuse_calls=120 reuse_ns=3424 admission_ns=930070274 enter fn=613 pc=156955 name=$shadow_50_mkdir_p
[shadow-progress] elapsed_ms=1046.811 admission_calls=258 admission_ms=982.486 assert_traps=127 full_calls=131 full_ns=982482490 reuse_calls=127 reuse_ns=3600 admission_ns=982486090 leave fn=613 pc=156955 name=$shadow_50_mkdir_p
[shadow-progress] elapsed_ms=1046.814 admission_calls=258 admission_ms=982.486 assert_traps=127 full_calls=131 full_ns=982482490 reuse_calls=127 reuse_ns=3600 admission_ns=982486090 enter fn=614 pc=157115 name=$shadow_51_copy_file
[shadow-progress] elapsed_ms=1105.968 admission_calls=272 admission_ms=1034.943 assert_traps=134 full_calls=138 full_ns=1034939327 reuse_calls=134 reuse_ns=3792 admission_ns=1034943119 leave fn=614 pc=157115 name=$shadow_51_copy_file
[shadow-progress] elapsed_ms=1105.972 admission_calls=272 admission_ms=1034.943 assert_traps=134 full_calls=138 full_ns=1034939327 reuse_calls=134 reuse_ns=3792 admission_ns=1034943119 enter fn=615 pc=157295 name=$shadow_52_copy_dir
[shadow-progress] elapsed_ms=1190.309 admission_calls=292 admission_ms=1109.882 assert_traps=144 full_calls=148 full_ns=1109877915 reuse_calls=144 reuse_ns=4080 admission_ns=1109881995 leave fn=615 pc=157295 name=$shadow_52_copy_dir
[shadow-progress] elapsed_ms=1190.312 admission_calls=292 admission_ms=1109.882 assert_traps=144 full_calls=148 full_ns=1109877915 reuse_calls=144 reuse_ns=4080 admission_ns=1109881995 enter fn=616 pc=157556 name=$shadow_53_is_identifier_start
[shadow-progress] elapsed_ms=1190.320 admission_calls=300 admission_ms=1109.882 assert_traps=152 full_calls=148 full_ns=1109877915 reuse_calls=152 reuse_ns=4256 admission_ns=1109882171 leave fn=616 pc=157556 name=$shadow_53_is_identifier_start
[shadow-progress] elapsed_ms=1190.322 admission_calls=300 admission_ms=1109.882 assert_traps=152 full_calls=148 full_ns=1109877915 reuse_calls=152 reuse_ns=4256 admission_ns=1109882171 enter fn=617 pc=157680 name=$shadow_54_is_identifier_char
[shadow-progress] elapsed_ms=1190.327 admission_calls=307 admission_ms=1109.882 assert_traps=159 full_calls=148 full_ns=1109877915 reuse_calls=159 reuse_ns=4480 admission_ns=1109882395 leave fn=617 pc=157680 name=$shadow_54_is_identifier_char
[shadow-progress] elapsed_ms=1190.328 admission_calls=307 admission_ms=1109.882 assert_traps=159 full_calls=148 full_ns=1109877915 reuse_calls=159 reuse_ns=4480 admission_ns=1109882395 enter fn=618 pc=157788 name=$shadow_55_is_whitespace_char
[shadow-progress] elapsed_ms=1190.331 admission_calls=312 admission_ms=1109.883 assert_traps=164 full_calls=148 full_ns=1109877915 reuse_calls=164 reuse_ns=4608 admission_ns=1109882523 leave fn=618 pc=157788 name=$shadow_55_is_whitespace_char
[shadow-progress] elapsed_ms=1190.333 admission_calls=312 admission_ms=1109.883 assert_traps=164 full_calls=148 full_ns=1109877915 reuse_calls=164 reuse_ns=4608 admission_ns=1109882523 enter fn=619 pc=157865 name=$shadow_56_is_digit_char
[shadow-progress] elapsed_ms=1190.336 admission_calls=318 admission_ms=1109.883 assert_traps=170 full_calls=148 full_ns=1109877915 reuse_calls=170 reuse_ns=4736 admission_ns=1109882651 leave fn=619 pc=157865 name=$shadow_56_is_digit_char
[shadow-progress] elapsed_ms=1190.337 admission_calls=318 admission_ms=1109.883 assert_traps=170 full_calls=148 full_ns=1109877915 reuse_calls=170 reuse_ns=4736 admission_ns=1109882651 enter fn=620 pc=157959 name=$shadow_57_keyword_group1
[shadow-progress] elapsed_ms=1190.343 admission_calls=325 admission_ms=1109.883 assert_traps=177 full_calls=148 full_ns=1109877915 reuse_calls=177 reuse_ns=4912 admission_ns=1109882827 leave fn=620 pc=157959 name=$shadow_57_keyword_group1
[shadow-progress] elapsed_ms=1190.344 admission_calls=325 admission_ms=1109.883 assert_traps=177 full_calls=148 full_ns=1109877915 reuse_calls=177 reuse_ns=4912 admission_ns=1109882827 enter fn=621 pc=158117 name=$shadow_58_keyword_group2
[shadow-progress] elapsed_ms=1190.359 admission_calls=336 admission_ms=1109.883 assert_traps=188 full_calls=148 full_ns=1109877915 reuse_calls=188 reuse_ns=5216 admission_ns=1109883131 leave fn=621 pc=158117 name=$shadow_58_keyword_group2
[shadow-progress] elapsed_ms=1190.361 admission_calls=336 admission_ms=1109.883 assert_traps=188 full_calls=148 full_ns=1109877915 reuse_calls=188 reuse_ns=5216 admission_ns=1109883131 enter fn=622 pc=158359 name=$shadow_59_keyword_group3
[shadow-progress] elapsed_ms=1190.365 admission_calls=343 admission_ms=1109.883 assert_traps=195 full_calls=148 full_ns=1109877915 reuse_calls=195 reuse_ns=5440 admission_ns=1109883355 leave fn=622 pc=158359 name=$shadow_59_keyword_group3
[shadow-progress] elapsed_ms=1190.367 admission_calls=343 admission_ms=1109.883 assert_traps=195 full_calls=148 full_ns=1109877915 reuse_calls=195 reuse_ns=5440 admission_ns=1109883355 enter fn=623 pc=158517 name=$shadow_60_keyword_group4
[shadow-progress] elapsed_ms=1190.370 admission_calls=347 admission_ms=1109.883 assert_traps=199 full_calls=148 full_ns=1109877915 reuse_calls=199 reuse_ns=5552 admission_ns=1109883467 leave fn=623 pc=158517 name=$shadow_60_keyword_group4
[shadow-progress] elapsed_ms=1190.371 admission_calls=347 admission_ms=1109.883 assert_traps=199 full_calls=148 full_ns=1109877915 reuse_calls=199 reuse_ns=5552 admission_ns=1109883467 enter fn=624 pc=158612 name=$shadow_61_keyword_group5
[shadow-progress] elapsed_ms=1190.373 admission_calls=349 admission_ms=1109.884 assert_traps=201 full_calls=148 full_ns=1109877915 reuse_calls=201 reuse_ns=5616 admission_ns=1109883531 leave fn=624 pc=158612 name=$shadow_61_keyword_group5
[shadow-progress] elapsed_ms=1190.376 admission_calls=349 admission_ms=1109.884 assert_traps=201 full_calls=148 full_ns=1109877915 reuse_calls=201 reuse_ns=5616 admission_ns=1109883531 enter fn=625 pc=158665 name=$shadow_62_keyword_or_identifier
[shadow-progress] elapsed_ms=1190.389 admission_calls=354 admission_ms=1109.884 assert_traps=206 full_calls=148 full_ns=1109877915 reuse_calls=206 reuse_ns=5760 admission_ns=1109883675 leave fn=625 pc=158665 name=$shadow_62_keyword_or_identifier
[shadow-progress] elapsed_ms=1190.391 admission_calls=354 admission_ms=1109.884 assert_traps=206 full_calls=148 full_ns=1109877915 reuse_calls=206 reuse_ns=5760 admission_ns=1109883675 enter fn=626 pc=158771 name=$shadow_63_push_tok
[shadow-progress] elapsed_ms=1190.395 admission_calls=358 admission_ms=1109.884 assert_traps=210 full_calls=148 full_ns=1109877915 reuse_calls=210 reuse_ns=5872 admission_ns=1109883787 leave fn=626 pc=158771 name=$shadow_63_push_tok
[shadow-progress] elapsed_ms=1190.396 admission_calls=358 admission_ms=1109.884 assert_traps=210 full_calls=148 full_ns=1109877915 reuse_calls=210 reuse_ns=5872 admission_ns=1109883787 enter fn=627 pc=158899 name=$shadow_64_process_string
[shadow-progress] elapsed_ms=1190.402 admission_calls=360 admission_ms=1109.884 assert_traps=212 full_calls=148 full_ns=1109877915 reuse_calls=212 reuse_ns=5920 admission_ns=1109883835 leave fn=627 pc=158899 name=$shadow_64_process_string
[shadow-progress] elapsed_ms=1190.404 admission_calls=360 admission_ms=1109.884 assert_traps=212 full_calls=148 full_ns=1109877915 reuse_calls=212 reuse_ns=5920 admission_ns=1109883835 enter fn=628 pc=158992 name=$shadow_65_process_number
[shadow-progress] elapsed_ms=1197.903 admission_calls=364 admission_ms=1117.377 assert_traps=215 full_calls=149 full_ns=1117371431 reuse_calls=215 reuse_ns=6000 admission_ns=1117377431 leave fn=628 pc=158992 name=$shadow_65_process_number
[shadow-progress] elapsed_ms=1197.906 admission_calls=364 admission_ms=1117.377 assert_traps=215 full_calls=149 full_ns=1117371431 reuse_calls=215 reuse_ns=6000 admission_ns=1117377431 enter fn=629 pc=159118 name=$shadow_66_process_grammar_body
[shadow-progress] elapsed_ms=1302.823 admission_calls=381 admission_ms=1222.281 assert_traps=218 full_calls=163 full_ns=1222274838 reuse_calls=218 reuse_ns=6080 admission_ns=1222280918 leave fn=629 pc=159118 name=$shadow_66_process_grammar_body
[shadow-progress] elapsed_ms=1302.826 admission_calls=381 admission_ms=1222.281 assert_traps=218 full_calls=163 full_ns=1222274838 reuse_calls=218 reuse_ns=6080 admission_ns=1222280918 enter fn=630 pc=159244 name=$shadow_67_process_identifier
[shadow-progress] elapsed_ms=1302.836 admission_calls=384 admission_ms=1222.281 assert_traps=221 full_calls=163 full_ns=1222274838 reuse_calls=221 reuse_ns=6160 admission_ns=1222280998 leave fn=630 pc=159244 name=$shadow_67_process_identifier
[shadow-progress] elapsed_ms=1302.838 admission_calls=384 admission_ms=1222.281 assert_traps=221 full_calls=163 full_ns=1222274838 reuse_calls=221 reuse_ns=6160 admission_ns=1222280998 enter fn=631 pc=159370 name=$shadow_68_process_identifier
[shadow-progress] elapsed_ms=1407.822 admission_calls=402 admission_ms=1327.247 assert_traps=225 full_calls=177 full_ns=1327240292 reuse_calls=225 reuse_ns=6256 admission_ns=1327246548 leave fn=631 pc=159370 name=$shadow_68_process_identifier
[shadow-progress] elapsed_ms=1407.826 admission_calls=402 admission_ms=1327.247 assert_traps=225 full_calls=177 full_ns=1327240292 reuse_calls=225 reuse_ns=6256 admission_ns=1327246548 enter fn=632 pc=159529 name=$shadow_69_process_char_literal
[shadow-progress] elapsed_ms=1430.319 admission_calls=408 admission_ms=1349.733 assert_traps=228 full_calls=180 full_ns=1349727002 reuse_calls=228 reuse_ns=6352 admission_ns=1349733354 leave fn=632 pc=159529 name=$shadow_69_process_char_literal
[shadow-progress] elapsed_ms=1430.321 admission_calls=408 admission_ms=1349.733 assert_traps=228 full_calls=180 full_ns=1349727002 reuse_calls=228 reuse_ns=6352 admission_ns=1349733354 enter fn=633 pc=159655 name=$shadow_70_emit_fstring_part_tokens
[shadow-progress] elapsed_ms=1437.842 admission_calls=415 admission_ms=1357.227 assert_traps=234 full_calls=181 full_ns=1357220134 reuse_calls=234 reuse_ns=6480 admission_ns=1357226614 leave fn=633 pc=159655 name=$shadow_70_emit_fstring_part_tokens
[shadow-progress] elapsed_ms=1437.845 admission_calls=415 admission_ms=1357.227 assert_traps=234 full_calls=181 full_ns=1357220134 reuse_calls=234 reuse_ns=6480 admission_ns=1357226614 enter fn=634 pc=159912 name=$shadow_71_process_fstring
[shadow-progress] elapsed_ms=1512.867 admission_calls=428 admission_ms=1432.215 assert_traps=237 full_calls=191 full_ns=1432208564 reuse_calls=237 reuse_ns=6560 admission_ns=1432215124 leave fn=634 pc=159912 name=$shadow_71_process_fstring
[shadow-progress] elapsed_ms=1512.870 admission_calls=428 admission_ms=1432.215 assert_traps=237 full_calls=191 full_ns=1432208564 reuse_calls=237 reuse_ns=6560 admission_ns=1432215124 enter fn=635 pc=160026 name=$shadow_72_tokenize_file
[shadow-progress] elapsed_ms=1543.995 admission_calls=434 admission_ms=1462.249 assert_traps=239 full_calls=195 full_ns=1462242376 reuse_calls=239 reuse_ns=6608 admission_ns=1462248984 leave fn=635 pc=160026 name=$shadow_72_tokenize_file
[shadow-progress] elapsed_ms=1543.997 admission_calls=434 admission_ms=1462.249 assert_traps=239 full_calls=195 full_ns=1462242376 reuse_calls=239 reuse_ns=6608 admission_ns=1462248984 enter fn=636 pc=160076 name=$shadow_73_tokenize_string
[shadow-progress] elapsed_ms=1761.888 admission_calls=482 admission_ms=1679.825 assert_traps=258 full_calls=224 full_ns=1679817843 reuse_calls=258 reuse_ns=7120 admission_ns=1679824963 leave fn=636 pc=160076 name=$shadow_73_tokenize_string
[shadow-progress] elapsed_ms=1761.892 admission_calls=482 admission_ms=1679.825 assert_traps=258 full_calls=224 full_ns=1679817843 reuse_calls=258 reuse_ns=7120 admission_ns=1679824963 enter fn=637 pc=160799 name=$shadow_74_parser_init_ast_lists
[shadow-progress] elapsed_ms=1761.898 admission_calls=488 admission_ms=1679.825 assert_traps=264 full_calls=224 full_ns=1679817843 reuse_calls=264 reuse_ns=7264 admission_ns=1679825107 leave fn=637 pc=160799 name=$shadow_74_parser_init_ast_lists
[shadow-progress] elapsed_ms=1761.899 admission_calls=488 admission_ms=1679.825 assert_traps=264 full_calls=224 full_ns=1679817843 reuse_calls=264 reuse_ns=7264 admission_ns=1679825107 enter fn=638 pc=160910 name=$shadow_75_parser_new
[shadow-progress] elapsed_ms=1761.907 admission_calls=491 admission_ms=1679.825 assert_traps=267 full_calls=224 full_ns=1679817843 reuse_calls=267 reuse_ns=7344 admission_ns=1679825187 leave fn=638 pc=160910 name=$shadow_75_parser_new
[shadow-progress] elapsed_ms=1761.909 admission_calls=491 admission_ms=1679.825 assert_traps=267 full_calls=224 full_ns=1679817843 reuse_calls=267 reuse_ns=7344 admission_ns=1679825187 enter fn=639 pc=160992 name=$shadow_76_parser_allocate_id
[shadow-progress] elapsed_ms=1761.915 admission_calls=493 admission_ms=1679.825 assert_traps=269 full_calls=224 full_ns=1679817843 reuse_calls=269 reuse_ns=7408 admission_ns=1679825251 leave fn=639 pc=160992 name=$shadow_76_parser_allocate_id
[shadow-progress] elapsed_ms=1761.917 admission_calls=493 admission_ms=1679.825 assert_traps=269 full_calls=224 full_ns=1679817843 reuse_calls=269 reuse_ns=7408 admission_ns=1679825251 enter fn=640 pc=161067 name=$shadow_77_parser_is_at_end
[shadow-progress] elapsed_ms=1761.923 admission_calls=494 admission_ms=1679.825 assert_traps=270 full_calls=224 full_ns=1679817843 reuse_calls=270 reuse_ns=7440 admission_ns=1679825283 leave fn=640 pc=161067 name=$shadow_77_parser_is_at_end
[shadow-progress] elapsed_ms=1761.925 admission_calls=494 admission_ms=1679.825 assert_traps=270 full_calls=224 full_ns=1679817843 reuse_calls=270 reuse_ns=7440 admission_ns=1679825283 enter fn=641 pc=161107 name=$shadow_78_parser_with_position
[shadow-progress] elapsed_ms=1761.934 admission_calls=499 admission_ms=1679.825 assert_traps=275 full_calls=224 full_ns=1679817843 reuse_calls=275 reuse_ns=7584 admission_ns=1679825427 leave fn=641 pc=161107 name=$shadow_78_parser_with_position
[shadow-progress] elapsed_ms=1761.939 admission_calls=499 admission_ms=1679.825 assert_traps=275 full_calls=224 full_ns=1679817843 reuse_calls=275 reuse_ns=7584 admission_ns=1679825427 enter fn=642 pc=161230 name=$shadow_79_parser_advance
[shadow-progress] elapsed_ms=1761.946 admission_calls=500 admission_ms=1679.825 assert_traps=276 full_calls=224 full_ns=1679817843 reuse_calls=276 reuse_ns=7600 admission_ns=1679825443 leave fn=642 pc=161230 name=$shadow_79_parser_advance
[shadow-progress] elapsed_ms=1761.948 admission_calls=500 admission_ms=1679.825 assert_traps=276 full_calls=224 full_ns=1679817843 reuse_calls=276 reuse_ns=7600 admission_ns=1679825443 enter fn=643 pc=161289 name=$shadow_80_parser_position
[shadow-progress] elapsed_ms=1761.954 admission_calls=501 admission_ms=1679.825 assert_traps=277 full_calls=224 full_ns=1679817843 reuse_calls=277 reuse_ns=7632 admission_ns=1679825475 leave fn=643 pc=161289 name=$shadow_80_parser_position
[shadow-progress] elapsed_ms=1761.955 admission_calls=501 admission_ms=1679.825 assert_traps=277 full_calls=224 full_ns=1679817843 reuse_calls=277 reuse_ns=7632 admission_ns=1679825475 enter fn=644 pc=161339 name=$shadow_81_parser_current
[shadow-progress] elapsed_ms=1761.962 admission_calls=503 admission_ms=1679.826 assert_traps=279 full_calls=224 full_ns=1679817843 reuse_calls=279 reuse_ns=7680 admission_ns=1679825523 leave fn=644 pc=161339 name=$shadow_81_parser_current
[shadow-progress] elapsed_ms=1761.964 admission_calls=503 admission_ms=1679.826 assert_traps=279 full_calls=224 full_ns=1679817843 reuse_calls=279 reuse_ns=7680 admission_ns=1679825523 enter fn=645 pc=161411 name=$shadow_82_parser_match
[shadow-progress] elapsed_ms=1761.971 admission_calls=504 admission_ms=1679.826 assert_traps=280 full_calls=224 full_ns=1679817843 reuse_calls=280 reuse_ns=7712 admission_ns=1679825555 leave fn=645 pc=161411 name=$shadow_82_parser_match
[shadow-progress] elapsed_ms=1761.972 admission_calls=504 admission_ms=1679.826 assert_traps=280 full_calls=224 full_ns=1679817843 reuse_calls=280 reuse_ns=7712 admission_ns=1679825555 enter fn=646 pc=161461 name=$shadow_83_parser_expect
[shadow-progress] elapsed_ms=1761.981 admission_calls=506 admission_ms=1679.826 assert_traps=282 full_calls=224 full_ns=1679817843 reuse_calls=282 reuse_ns=7776 admission_ns=1679825619 leave fn=646 pc=161461 name=$shadow_83_parser_expect
[shadow-progress] elapsed_ms=1761.983 admission_calls=506 admission_ms=1679.826 assert_traps=282 full_calls=224 full_ns=1679817843 reuse_calls=282 reuse_ns=7776 admission_ns=1679825619 enter fn=647 pc=161536 name=$shadow_84_parser_peek
[shadow-progress] elapsed_ms=1761.990 admission_calls=508 admission_ms=1679.826 assert_traps=284 full_calls=224 full_ns=1679817843 reuse_calls=284 reuse_ns=7824 admission_ns=1679825667 leave fn=647 pc=161536 name=$shadow_84_parser_peek
[shadow-progress] elapsed_ms=1761.992 admission_calls=508 admission_ms=1679.826 assert_traps=284 full_calls=224 full_ns=1679817843 reuse_calls=284 reuse_ns=7824 admission_ns=1679825667 enter fn=648 pc=161623 name=$shadow_85_parser_with_error
[shadow-progress] elapsed_ms=1761.993 admission_calls=509 admission_ms=1679.826 assert_traps=285 full_calls=224 full_ns=1679817843 reuse_calls=285 reuse_ns=7840 admission_ns=1679825683 leave fn=648 pc=161623 name=$shadow_85_parser_with_error
[shadow-progress] elapsed_ms=1761.995 admission_calls=509 admission_ms=1679.826 assert_traps=285 full_calls=224 full_ns=1679817843 reuse_calls=285 reuse_ns=7840 admission_ns=1679825683 enter fn=649 pc=161644 name=$shadow_86_parser_has_error
[shadow-progress] elapsed_ms=1762.001 admission_calls=510 admission_ms=1679.826 assert_traps=286 full_calls=224 full_ns=1679817843 reuse_calls=286 reuse_ns=7872 admission_ns=1679825715 leave fn=649 pc=161644 name=$shadow_86_parser_has_error
[shadow-progress] elapsed_ms=1762.003 admission_calls=510 admission_ms=1679.826 assert_traps=286 full_calls=224 full_ns=1679817843 reuse_calls=286 reuse_ns=7872 admission_ns=1679825715 enter fn=650 pc=161687 name=$shadow_87_token_number
[shadow-progress] elapsed_ms=1762.006 admission_calls=511 admission_ms=1679.826 assert_traps=287 full_calls=224 full_ns=1679817843 reuse_calls=287 reuse_ns=7904 admission_ns=1679825747 leave fn=650 pc=161687 name=$shadow_87_token_number
[shadow-progress] elapsed_ms=1762.008 admission_calls=511 admission_ms=1679.826 assert_traps=287 full_calls=224 full_ns=1679817843 reuse_calls=287 reuse_ns=7904 admission_ns=1679825747 enter fn=651 pc=161704 name=$shadow_88_token_identifier
[shadow-progress] elapsed_ms=1762.010 admission_calls=512 admission_ms=1679.826 assert_traps=288 full_calls=224 full_ns=1679817843 reuse_calls=288 reuse_ns=7936 admission_ns=1679825779 leave fn=651 pc=161704 name=$shadow_88_token_identifier
[shadow-progress] elapsed_ms=1762.011 admission_calls=512 admission_ms=1679.826 assert_traps=288 full_calls=224 full_ns=1679817843 reuse_calls=288 reuse_ns=7936 admission_ns=1679825779 enter fn=652 pc=161721 name=$shadow_89_token_string
[shadow-progress] elapsed_ms=1762.013 admission_calls=513 admission_ms=1679.826 assert_traps=289 full_calls=224 full_ns=1679817843 reuse_calls=289 reuse_ns=7968 admission_ns=1679825811 leave fn=652 pc=161721 name=$shadow_89_token_string
[shadow-progress] elapsed_ms=1762.014 admission_calls=513 admission_ms=1679.826 assert_traps=289 full_calls=224 full_ns=1679817843 reuse_calls=289 reuse_ns=7968 admission_ns=1679825811 enter fn=653 pc=161738 name=$shadow_90_token_true
[shadow-progress] elapsed_ms=1762.016 admission_calls=514 admission_ms=1679.826 assert_traps=290 full_calls=224 full_ns=1679817843 reuse_calls=290 reuse_ns=8000 admission_ns=1679825843 leave fn=653 pc=161738 name=$shadow_90_token_true
[shadow-progress] elapsed_ms=1762.017 admission_calls=514 admission_ms=1679.826 assert_traps=290 full_calls=224 full_ns=1679817843 reuse_calls=290 reuse_ns=8000 admission_ns=1679825843 enter fn=654 pc=161755 name=$shadow_91_token_false
[shadow-progress] elapsed_ms=1762.019 admission_calls=515 admission_ms=1679.826 assert_traps=291 full_calls=224 full_ns=1679817843 reuse_calls=291 reuse_ns=8032 admission_ns=1679825875 leave fn=654 pc=161755 name=$shadow_91_token_false
[shadow-progress] elapsed_ms=1762.020 admission_calls=515 admission_ms=1679.826 assert_traps=291 full_calls=224 full_ns=1679817843 reuse_calls=291 reuse_ns=8032 admission_ns=1679825875 enter fn=655 pc=161772 name=$shadow_92_token_lparen
[shadow-progress] elapsed_ms=1762.022 admission_calls=516 admission_ms=1679.826 assert_traps=292 full_calls=224 full_ns=1679817843 reuse_calls=292 reuse_ns=8048 admission_ns=1679825891 leave fn=655 pc=161772 name=$shadow_92_token_lparen
[shadow-progress] elapsed_ms=1762.023 admission_calls=516 admission_ms=1679.826 assert_traps=292 full_calls=224 full_ns=1679817843 reuse_calls=292 reuse_ns=8048 admission_ns=1679825891 enter fn=656 pc=161789 name=$shadow_93_token_rparen
[shadow-progress] elapsed_ms=1762.025 admission_calls=517 admission_ms=1679.826 assert_traps=293 full_calls=224 full_ns=1679817843 reuse_calls=293 reuse_ns=8080 admission_ns=1679825923 leave fn=656 pc=161789 name=$shadow_93_token_rparen
[shadow-progress] elapsed_ms=1762.027 admission_calls=517 admission_ms=1679.826 assert_traps=293 full_calls=224 full_ns=1679817843 reuse_calls=293 reuse_ns=8080 admission_ns=1679825923 enter fn=657 pc=161806 name=$shadow_94_token_plus
[shadow-progress] elapsed_ms=1762.028 admission_calls=518 admission_ms=1679.826 assert_traps=294 full_calls=224 full_ns=1679817843 reuse_calls=294 reuse_ns=8112 admission_ns=1679825955 leave fn=657 pc=161806 name=$shadow_94_token_plus
[shadow-progress] elapsed_ms=1762.030 admission_calls=518 admission_ms=1679.826 assert_traps=294 full_calls=224 full_ns=1679817843 reuse_calls=294 reuse_ns=8112 admission_ns=1679825955 enter fn=658 pc=161823 name=$shadow_95_token_minus
[shadow-progress] elapsed_ms=1762.031 admission_calls=519 admission_ms=1679.826 assert_traps=295 full_calls=224 full_ns=1679817843 reuse_calls=295 reuse_ns=8144 admission_ns=1679825987 leave fn=658 pc=161823 name=$shadow_95_token_minus
[shadow-progress] elapsed_ms=1762.034 admission_calls=519 admission_ms=1679.826 assert_traps=295 full_calls=224 full_ns=1679817843 reuse_calls=295 reuse_ns=8144 admission_ns=1679825987 enter fn=659 pc=161840 name=$shadow_96_token_star
[shadow-progress] elapsed_ms=1762.036 admission_calls=520 admission_ms=1679.826 assert_traps=296 full_calls=224 full_ns=1679817843 reuse_calls=296 reuse_ns=8176 admission_ns=1679826019 leave fn=659 pc=161840 name=$shadow_96_token_star
[shadow-progress] elapsed_ms=1762.037 admission_calls=520 admission_ms=1679.826 assert_traps=296 full_calls=224 full_ns=1679817843 reuse_calls=296 reuse_ns=8176 admission_ns=1679826019 enter fn=660 pc=161857 name=$shadow_97_token_slash
[shadow-progress] elapsed_ms=1762.039 admission_calls=521 admission_ms=1679.826 assert_traps=297 full_calls=224 full_ns=1679817843 reuse_calls=297 reuse_ns=8192 admission_ns=1679826035 leave fn=660 pc=161857 name=$shadow_97_token_slash
[shadow-progress] elapsed_ms=1762.040 admission_calls=521 admission_ms=1679.826 assert_traps=297 full_calls=224 full_ns=1679817843 reuse_calls=297 reuse_ns=8192 admission_ns=1679826035 enter fn=661 pc=161874 name=$shadow_98_token_eq
[shadow-progress] elapsed_ms=1762.042 admission_calls=522 admission_ms=1679.826 assert_traps=298 full_calls=224 full_ns=1679817843 reuse_calls=298 reuse_ns=8224 admission_ns=1679826067 leave fn=661 pc=161874 name=$shadow_98_token_eq
[shadow-progress] elapsed_ms=1762.044 admission_calls=522 admission_ms=1679.826 assert_traps=298 full_calls=224 full_ns=1679817843 reuse_calls=298 reuse_ns=8224 admission_ns=1679826067 enter fn=662 pc=161891 name=$shadow_99_token_ne
[shadow-progress] elapsed_ms=1762.045 admission_calls=523 admission_ms=1679.826 assert_traps=299 full_calls=224 full_ns=1679817843 reuse_calls=299 reuse_ns=8240 admission_ns=1679826083 leave fn=662 pc=161891 name=$shadow_99_token_ne
[shadow-progress] elapsed_ms=1762.047 admission_calls=523 admission_ms=1679.826 assert_traps=299 full_calls=224 full_ns=1679817843 reuse_calls=299 reuse_ns=8240 admission_ns=1679826083 enter fn=663 pc=161908 name=$shadow_100_token_lt
[shadow-progress] elapsed_ms=1762.048 admission_calls=524 admission_ms=1679.826 assert_traps=300 full_calls=224 full_ns=1679817843 reuse_calls=300 reuse_ns=8272 admission_ns=1679826115 leave fn=663 pc=161908 name=$shadow_100_token_lt
[shadow-progress] elapsed_ms=1762.050 admission_calls=524 admission_ms=1679.826 assert_traps=300 full_calls=224 full_ns=1679817843 reuse_calls=300 reuse_ns=8272 admission_ns=1679826115 enter fn=664 pc=161925 name=$shadow_101_token_le
[shadow-progress] elapsed_ms=1762.052 admission_calls=525 admission_ms=1679.826 assert_traps=301 full_calls=224 full_ns=1679817843 reuse_calls=301 reuse_ns=8304 admission_ns=1679826147 leave fn=664 pc=161925 name=$shadow_101_token_le
[shadow-progress] elapsed_ms=1762.053 admission_calls=525 admission_ms=1679.826 assert_traps=301 full_calls=224 full_ns=1679817843 reuse_calls=301 reuse_ns=8304 admission_ns=1679826147 enter fn=665 pc=161942 name=$shadow_102_token_gt
[shadow-progress] elapsed_ms=1762.055 admission_calls=526 admission_ms=1679.826 assert_traps=302 full_calls=224 full_ns=1679817843 reuse_calls=302 reuse_ns=8320 admission_ns=1679826163 leave fn=665 pc=161942 name=$shadow_102_token_gt
[shadow-progress] elapsed_ms=1762.056 admission_calls=526 admission_ms=1679.826 assert_traps=302 full_calls=224 full_ns=1679817843 reuse_calls=302 reuse_ns=8320 admission_ns=1679826163 enter fn=666 pc=161959 name=$shadow_103_token_ge
[shadow-progress] elapsed_ms=1762.058 admission_calls=527 admission_ms=1679.826 assert_traps=303 full_calls=224 full_ns=1679817843 reuse_calls=303 reuse_ns=8336 admission_ns=1679826179 leave fn=666 pc=161959 name=$shadow_103_token_ge
[shadow-progress] elapsed_ms=1762.059 admission_calls=527 admission_ms=1679.826 assert_traps=303 full_calls=224 full_ns=1679817843 reuse_calls=303 reuse_ns=8336 admission_ns=1679826179 enter fn=667 pc=161976 name=$shadow_104_token_and
[shadow-progress] elapsed_ms=1762.061 admission_calls=528 admission_ms=1679.826 assert_traps=304 full_calls=224 full_ns=1679817843 reuse_calls=304 reuse_ns=8368 admission_ns=1679826211 leave fn=667 pc=161976 name=$shadow_104_token_and
[shadow-progress] elapsed_ms=1762.065 admission_calls=528 admission_ms=1679.826 assert_traps=304 full_calls=224 full_ns=1679817843 reuse_calls=304 reuse_ns=8368 admission_ns=1679826211 enter fn=668 pc=161993 name=$shadow_105_token_or
[shadow-progress] elapsed_ms=1762.066 admission_calls=529 admission_ms=1679.826 assert_traps=305 full_calls=224 full_ns=1679817843 reuse_calls=305 reuse_ns=8400 admission_ns=1679826243 leave fn=668 pc=161993 name=$shadow_105_token_or
[shadow-progress] elapsed_ms=1762.068 admission_calls=529 admission_ms=1679.826 assert_traps=305 full_calls=224 full_ns=1679817843 reuse_calls=305 reuse_ns=8400 admission_ns=1679826243 enter fn=669 pc=162010 name=$shadow_106_token_comma
[shadow-progress] elapsed_ms=1762.069 admission_calls=530 admission_ms=1679.826 assert_traps=306 full_calls=224 full_ns=1679817843 reuse_calls=306 reuse_ns=8432 admission_ns=1679826275 leave fn=669 pc=162010 name=$shadow_106_token_comma
[shadow-progress] elapsed_ms=1762.071 admission_calls=530 admission_ms=1679.826 assert_traps=306 full_calls=224 full_ns=1679817843 reuse_calls=306 reuse_ns=8432 admission_ns=1679826275 enter fn=670 pc=162027 name=$shadow_107_token_lbrace
[shadow-progress] elapsed_ms=1762.072 admission_calls=531 admission_ms=1679.826 assert_traps=307 full_calls=224 full_ns=1679817843 reuse_calls=307 reuse_ns=8448 admission_ns=1679826291 leave fn=670 pc=162027 name=$shadow_107_token_lbrace
[shadow-progress] elapsed_ms=1762.074 admission_calls=531 admission_ms=1679.826 assert_traps=307 full_calls=224 full_ns=1679817843 reuse_calls=307 reuse_ns=8448 admission_ns=1679826291 enter fn=671 pc=162044 name=$shadow_108_token_rbrace
[shadow-progress] elapsed_ms=1762.075 admission_calls=532 admission_ms=1679.826 assert_traps=308 full_calls=224 full_ns=1679817843 reuse_calls=308 reuse_ns=8480 admission_ns=1679826323 leave fn=671 pc=162044 name=$shadow_108_token_rbrace
[shadow-progress] elapsed_ms=1762.077 admission_calls=532 admission_ms=1679.826 assert_traps=308 full_calls=224 full_ns=1679817843 reuse_calls=308 reuse_ns=8480 admission_ns=1679826323 enter fn=672 pc=162061 name=$shadow_109_token_let
[shadow-progress] elapsed_ms=1762.078 admission_calls=533 admission_ms=1679.826 assert_traps=309 full_calls=224 full_ns=1679817843 reuse_calls=309 reuse_ns=8496 admission_ns=1679826339 leave fn=672 pc=162061 name=$shadow_109_token_let
[shadow-progress] elapsed_ms=1762.080 admission_calls=533 admission_ms=1679.826 assert_traps=309 full_calls=224 full_ns=1679817843 reuse_calls=309 reuse_ns=8496 admission_ns=1679826339 enter fn=673 pc=162078 name=$shadow_110_token_if
[shadow-progress] elapsed_ms=1762.081 admission_calls=534 admission_ms=1679.826 assert_traps=310 full_calls=224 full_ns=1679817843 reuse_calls=310 reuse_ns=8528 admission_ns=1679826371 leave fn=673 pc=162078 name=$shadow_110_token_if
[shadow-progress] elapsed_ms=1762.083 admission_calls=534 admission_ms=1679.826 assert_traps=310 full_calls=224 full_ns=1679817843 reuse_calls=310 reuse_ns=8528 admission_ns=1679826371 enter fn=674 pc=162095 name=$shadow_111_token_else
[shadow-progress] elapsed_ms=1762.085 admission_calls=535 admission_ms=1679.826 assert_traps=311 full_calls=224 full_ns=1679817843 reuse_calls=311 reuse_ns=8560 admission_ns=1679826403 leave fn=674 pc=162095 name=$shadow_111_token_else
[shadow-progress] elapsed_ms=1762.086 admission_calls=535 admission_ms=1679.826 assert_traps=311 full_calls=224 full_ns=1679817843 reuse_calls=311 reuse_ns=8560 admission_ns=1679826403 enter fn=675 pc=162112 name=$shadow_112_token_while
[shadow-progress] elapsed_ms=1762.088 admission_calls=536 admission_ms=1679.826 assert_traps=312 full_calls=224 full_ns=1679817843 reuse_calls=312 reuse_ns=8576 admission_ns=1679826419 leave fn=675 pc=162112 name=$shadow_112_token_while
[shadow-progress] elapsed_ms=1762.089 admission_calls=536 admission_ms=1679.826 assert_traps=312 full_calls=224 full_ns=1679817843 reuse_calls=312 reuse_ns=8576 admission_ns=1679826419 enter fn=676 pc=162129 name=$shadow_113_token_return
[shadow-progress] elapsed_ms=1762.093 admission_calls=537 admission_ms=1679.826 assert_traps=313 full_calls=224 full_ns=1679817843 reuse_calls=313 reuse_ns=8608 admission_ns=1679826451 leave fn=676 pc=162129 name=$shadow_113_token_return
[shadow-progress] elapsed_ms=1762.094 admission_calls=537 admission_ms=1679.826 assert_traps=313 full_calls=224 full_ns=1679817843 reuse_calls=313 reuse_ns=8608 admission_ns=1679826451 enter fn=677 pc=162146 name=$shadow_114_token_colon
[shadow-progress] elapsed_ms=1762.096 admission_calls=538 admission_ms=1679.826 assert_traps=314 full_calls=224 full_ns=1679817843 reuse_calls=314 reuse_ns=8640 admission_ns=1679826483 leave fn=677 pc=162146 name=$shadow_114_token_colon
[shadow-progress] elapsed_ms=1762.097 admission_calls=538 admission_ms=1679.826 assert_traps=314 full_calls=224 full_ns=1679817843 reuse_calls=314 reuse_ns=8640 admission_ns=1679826483 enter fn=678 pc=162163 name=$shadow_115_token_mut
[shadow-progress] elapsed_ms=1762.099 admission_calls=539 admission_ms=1679.826 assert_traps=315 full_calls=224 full_ns=1679817843 reuse_calls=315 reuse_ns=8656 admission_ns=1679826499 leave fn=678 pc=162163 name=$shadow_115_token_mut
[shadow-progress] elapsed_ms=1762.100 admission_calls=539 admission_ms=1679.826 assert_traps=315 full_calls=224 full_ns=1679817843 reuse_calls=315 reuse_ns=8656 admission_ns=1679826499 enter fn=679 pc=162180 name=$shadow_116_token_assign
[shadow-progress] elapsed_ms=1762.102 admission_calls=540 admission_ms=1679.827 assert_traps=316 full_calls=224 full_ns=1679817843 reuse_calls=316 reuse_ns=8688 admission_ns=1679826531 leave fn=679 pc=162180 name=$shadow_116_token_assign
[shadow-progress] elapsed_ms=1762.103 admission_calls=540 admission_ms=1679.827 assert_traps=316 full_calls=224 full_ns=1679817843 reuse_calls=316 reuse_ns=8688 admission_ns=1679826531 enter fn=680 pc=162197 name=$shadow_117_token_arrow
[shadow-progress] elapsed_ms=1762.105 admission_calls=541 admission_ms=1679.827 assert_traps=317 full_calls=224 full_ns=1679817843 reuse_calls=317 reuse_ns=8704 admission_ns=1679826547 leave fn=680 pc=162197 name=$shadow_117_token_arrow
[shadow-progress] elapsed_ms=1762.106 admission_calls=541 admission_ms=1679.827 assert_traps=317 full_calls=224 full_ns=1679817843 reuse_calls=317 reuse_ns=8704 admission_ns=1679826547 enter fn=681 pc=162214 name=$shadow_118_token_fn
[shadow-progress] elapsed_ms=1762.108 admission_calls=542 admission_ms=1679.827 assert_traps=318 full_calls=224 full_ns=1679817843 reuse_calls=318 reuse_ns=8720 admission_ns=1679826563 leave fn=681 pc=162214 name=$shadow_118_token_fn
[shadow-progress] elapsed_ms=1762.109 admission_calls=542 admission_ms=1679.827 assert_traps=318 full_calls=224 full_ns=1679817843 reuse_calls=318 reuse_ns=8720 admission_ns=1679826563 enter fn=682 pc=162231 name=$shadow_119_token_extern
[shadow-progress] elapsed_ms=1762.111 admission_calls=543 admission_ms=1679.827 assert_traps=319 full_calls=224 full_ns=1679817843 reuse_calls=319 reuse_ns=8752 admission_ns=1679826595 leave fn=682 pc=162231 name=$shadow_119_token_extern
[shadow-progress] elapsed_ms=1762.112 admission_calls=543 admission_ms=1679.827 assert_traps=319 full_calls=224 full_ns=1679817843 reuse_calls=319 reuse_ns=8752 admission_ns=1679826595 enter fn=683 pc=162248 name=$shadow_120_token_set
[shadow-progress] elapsed_ms=1762.114 admission_calls=544 admission_ms=1679.827 assert_traps=320 full_calls=224 full_ns=1679817843 reuse_calls=320 reuse_ns=8784 admission_ns=1679826627 leave fn=683 pc=162248 name=$shadow_120_token_set
[shadow-progress] elapsed_ms=1762.115 admission_calls=544 admission_ms=1679.827 assert_traps=320 full_calls=224 full_ns=1679817843 reuse_calls=320 reuse_ns=8784 admission_ns=1679826627 enter fn=684 pc=162265 name=$shadow_121_token_struct
[shadow-progress] elapsed_ms=1762.117 admission_calls=545 admission_ms=1679.827 assert_traps=321 full_calls=224 full_ns=1679817843 reuse_calls=321 reuse_ns=8816 admission_ns=1679826659 leave fn=684 pc=162265 name=$shadow_121_token_struct
[shadow-progress] elapsed_ms=1762.120 admission_calls=545 admission_ms=1679.827 assert_traps=321 full_calls=224 full_ns=1679817843 reuse_calls=321 reuse_ns=8816 admission_ns=1679826659 enter fn=685 pc=162282 name=$shadow_122_token_enum
[shadow-progress] elapsed_ms=1762.122 admission_calls=546 admission_ms=1679.827 assert_traps=322 full_calls=224 full_ns=1679817843 reuse_calls=322 reuse_ns=8832 admission_ns=1679826675 leave fn=685 pc=162282 name=$shadow_122_token_enum
[shadow-progress] elapsed_ms=1762.123 admission_calls=546 admission_ms=1679.827 assert_traps=322 full_calls=224 full_ns=1679817843 reuse_calls=322 reuse_ns=8832 admission_ns=1679826675 enter fn=686 pc=162299 name=$shadow_123_token_union
[shadow-progress] elapsed_ms=1762.125 admission_calls=547 admission_ms=1679.827 assert_traps=323 full_calls=224 full_ns=1679817843 reuse_calls=323 reuse_ns=8864 admission_ns=1679826707 leave fn=686 pc=162299 name=$shadow_123_token_union
[shadow-progress] elapsed_ms=1762.127 admission_calls=547 admission_ms=1679.827 assert_traps=323 full_calls=224 full_ns=1679817843 reuse_calls=323 reuse_ns=8864 admission_ns=1679826707 enter fn=687 pc=162316 name=$shadow_124_token_for
[shadow-progress] elapsed_ms=1762.128 admission_calls=548 admission_ms=1679.827 assert_traps=324 full_calls=224 full_ns=1679817843 reuse_calls=324 reuse_ns=8880 admission_ns=1679826723 leave fn=687 pc=162316 name=$shadow_124_token_for
[shadow-progress] elapsed_ms=1762.130 admission_calls=548 admission_ms=1679.827 assert_traps=324 full_calls=224 full_ns=1679817843 reuse_calls=324 reuse_ns=8880 admission_ns=1679826723 enter fn=688 pc=162333 name=$shadow_125_token_in
[shadow-progress] elapsed_ms=1762.131 admission_calls=549 admission_ms=1679.827 assert_traps=325 full_calls=224 full_ns=1679817843 reuse_calls=325 reuse_ns=8896 admission_ns=1679826739 leave fn=688 pc=162333 name=$shadow_125_token_in
[shadow-progress] elapsed_ms=1762.133 admission_calls=549 admission_ms=1679.827 assert_traps=325 full_calls=224 full_ns=1679817843 reuse_calls=325 reuse_ns=8896 admission_ns=1679826739 enter fn=689 pc=162350 name=$shadow_126_token_assert
[shadow-progress] elapsed_ms=1762.135 admission_calls=550 admission_ms=1679.827 assert_traps=326 full_calls=224 full_ns=1679817843 reuse_calls=326 reuse_ns=8912 admission_ns=1679826755 leave fn=689 pc=162350 name=$shadow_126_token_assert
[shadow-progress] elapsed_ms=1762.136 admission_calls=550 admission_ms=1679.827 assert_traps=326 full_calls=224 full_ns=1679817843 reuse_calls=326 reuse_ns=8912 admission_ns=1679826755 enter fn=690 pc=162367 name=$shadow_127_token_requires
[shadow-progress] elapsed_ms=1762.138 admission_calls=551 admission_ms=1679.827 assert_traps=327 full_calls=224 full_ns=1679817843 reuse_calls=327 reuse_ns=8944 admission_ns=1679826787 leave fn=690 pc=162367 name=$shadow_127_token_requires
[shadow-progress] elapsed_ms=1762.139 admission_calls=551 admission_ms=1679.827 assert_traps=327 full_calls=224 full_ns=1679817843 reuse_calls=327 reuse_ns=8944 admission_ns=1679826787 enter fn=691 pc=162384 name=$shadow_128_token_ensures
[shadow-progress] elapsed_ms=1762.141 admission_calls=552 admission_ms=1679.827 assert_traps=328 full_calls=224 full_ns=1679817843 reuse_calls=328 reuse_ns=8960 admission_ns=1679826803 leave fn=691 pc=162384 name=$shadow_128_token_ensures
[shadow-progress] elapsed_ms=1762.142 admission_calls=552 admission_ms=1679.827 assert_traps=328 full_calls=224 full_ns=1679817843 reuse_calls=328 reuse_ns=8960 admission_ns=1679826803 enter fn=692 pc=162401 name=$shadow_129_token_unsafe
[shadow-progress] elapsed_ms=1762.144 admission_calls=553 admission_ms=1679.827 assert_traps=329 full_calls=224 full_ns=1679817843 reuse_calls=329 reuse_ns=8976 admission_ns=1679826819 leave fn=692 pc=162401 name=$shadow_129_token_unsafe
[shadow-progress] elapsed_ms=1762.146 admission_calls=553 admission_ms=1679.827 assert_traps=329 full_calls=224 full_ns=1679817843 reuse_calls=329 reuse_ns=8976 admission_ns=1679826819 enter fn=693 pc=162418 name=$shadow_130_token_shadow
[shadow-progress] elapsed_ms=1762.147 admission_calls=554 admission_ms=1679.827 assert_traps=330 full_calls=224 full_ns=1679817843 reuse_calls=330 reuse_ns=9008 admission_ns=1679826851 leave fn=693 pc=162418 name=$shadow_130_token_shadow
[shadow-progress] elapsed_ms=1762.150 admission_calls=554 admission_ms=1679.827 assert_traps=330 full_calls=224 full_ns=1679817843 reuse_calls=330 reuse_ns=9008 admission_ns=1679826851 enter fn=694 pc=162435 name=$shadow_131_token_match
[shadow-progress] elapsed_ms=1762.152 admission_calls=555 admission_ms=1679.827 assert_traps=331 full_calls=224 full_ns=1679817843 reuse_calls=331 reuse_ns=9024 admission_ns=1679826867 leave fn=694 pc=162435 name=$shadow_131_token_match
[shadow-progress] elapsed_ms=1762.154 admission_calls=555 admission_ms=1679.827 assert_traps=331 full_calls=224 full_ns=1679817843 reuse_calls=331 reuse_ns=9024 admission_ns=1679826867 enter fn=695 pc=162452 name=$shadow_132_token_import
[shadow-progress] elapsed_ms=1762.155 admission_calls=556 admission_ms=1679.827 assert_traps=332 full_calls=224 full_ns=1679817843 reuse_calls=332 reuse_ns=9056 admission_ns=1679826899 leave fn=695 pc=162452 name=$shadow_132_token_import
[shadow-progress] elapsed_ms=1762.157 admission_calls=556 admission_ms=1679.827 assert_traps=332 full_calls=224 full_ns=1679817843 reuse_calls=332 reuse_ns=9056 admission_ns=1679826899 enter fn=696 pc=162469 name=$shadow_133_token_as
[shadow-progress] elapsed_ms=1762.158 admission_calls=557 admission_ms=1679.827 assert_traps=333 full_calls=224 full_ns=1679817843 reuse_calls=333 reuse_ns=9088 admission_ns=1679826931 leave fn=696 pc=162469 name=$shadow_133_token_as
[shadow-progress] elapsed_ms=1762.160 admission_calls=557 admission_ms=1679.827 assert_traps=333 full_calls=224 full_ns=1679817843 reuse_calls=333 reuse_ns=9088 admission_ns=1679826931 enter fn=697 pc=162486 name=$shadow_134_token_pub
[shadow-progress] elapsed_ms=1762.161 admission_calls=558 admission_ms=1679.827 assert_traps=334 full_calls=224 full_ns=1679817843 reuse_calls=334 reuse_ns=9120 admission_ns=1679826963 leave fn=697 pc=162486 name=$shadow_134_token_pub
[shadow-progress] elapsed_ms=1762.163 admission_calls=558 admission_ms=1679.827 assert_traps=334 full_calls=224 full_ns=1679817843 reuse_calls=334 reuse_ns=9120 admission_ns=1679826963 enter fn=698 pc=162503 name=$shadow_135_token_pure
[shadow-progress] elapsed_ms=1762.164 admission_calls=559 admission_ms=1679.827 assert_traps=335 full_calls=224 full_ns=1679817843 reuse_calls=335 reuse_ns=9152 admission_ns=1679826995 leave fn=698 pc=162503 name=$shadow_135_token_pure
[shadow-progress] elapsed_ms=1762.166 admission_calls=559 admission_ms=1679.827 assert_traps=335 full_calls=224 full_ns=1679817843 reuse_calls=335 reuse_ns=9152 admission_ns=1679826995 enter fn=699 pc=162520 name=$shadow_136_token_opaque
[shadow-progress] elapsed_ms=1762.168 admission_calls=560 admission_ms=1679.827 assert_traps=336 full_calls=224 full_ns=1679817843 reuse_calls=336 reuse_ns=9184 admission_ns=1679827027 leave fn=699 pc=162520 name=$shadow_136_token_opaque
[shadow-progress] elapsed_ms=1762.169 admission_calls=560 admission_ms=1679.827 assert_traps=336 full_calls=224 full_ns=1679817843 reuse_calls=336 reuse_ns=9184 admission_ns=1679827027 enter fn=700 pc=162537 name=$shadow_137_token_lbracket
[shadow-progress] elapsed_ms=1762.171 admission_calls=561 admission_ms=1679.827 assert_traps=337 full_calls=224 full_ns=1679817843 reuse_calls=337 reuse_ns=9216 admission_ns=1679827059 leave fn=700 pc=162537 name=$shadow_137_token_lbracket
[shadow-progress] elapsed_ms=1762.172 admission_calls=561 admission_ms=1679.827 assert_traps=337 full_calls=224 full_ns=1679817843 reuse_calls=337 reuse_ns=9216 admission_ns=1679827059 enter fn=701 pc=162554 name=$shadow_138_token_rbracket
[shadow-progress] elapsed_ms=1762.174 admission_calls=562 admission_ms=1679.827 assert_traps=338 full_calls=224 full_ns=1679817843 reuse_calls=338 reuse_ns=9248 admission_ns=1679827091 leave fn=701 pc=162554 name=$shadow_138_token_rbracket
[shadow-progress] elapsed_ms=1762.175 admission_calls=562 admission_ms=1679.827 assert_traps=338 full_calls=224 full_ns=1679817843 reuse_calls=338 reuse_ns=9248 admission_ns=1679827091 enter fn=702 pc=162571 name=$shadow_139_token_dot
[shadow-progress] elapsed_ms=1762.179 admission_calls=563 admission_ms=1679.827 assert_traps=339 full_calls=224 full_ns=1679817843 reuse_calls=339 reuse_ns=9264 admission_ns=1679827107 leave fn=702 pc=162571 name=$shadow_139_token_dot
[shadow-progress] elapsed_ms=1762.180 admission_calls=563 admission_ms=1679.827 assert_traps=339 full_calls=224 full_ns=1679817843 reuse_calls=339 reuse_ns=9264 admission_ns=1679827107 enter fn=703 pc=162588 name=$shadow_140_token_double_colon
[shadow-progress] elapsed_ms=1762.182 admission_calls=564 admission_ms=1679.827 assert_traps=340 full_calls=224 full_ns=1679817843 reuse_calls=340 reuse_ns=9280 admission_ns=1679827123 leave fn=703 pc=162588 name=$shadow_140_token_double_colon
[shadow-progress] elapsed_ms=1762.183 admission_calls=564 admission_ms=1679.827 assert_traps=340 full_calls=224 full_ns=1679817843 reuse_calls=340 reuse_ns=9280 admission_ns=1679827123 enter fn=704 pc=162605 name=$shadow_141_token_percent
[shadow-progress] elapsed_ms=1762.185 admission_calls=565 admission_ms=1679.827 assert_traps=341 full_calls=224 full_ns=1679817843 reuse_calls=341 reuse_ns=9312 admission_ns=1679827155 leave fn=704 pc=162605 name=$shadow_141_token_percent
[shadow-progress] elapsed_ms=1762.186 admission_calls=565 admission_ms=1679.827 assert_traps=341 full_calls=224 full_ns=1679817843 reuse_calls=341 reuse_ns=9312 admission_ns=1679827155 enter fn=705 pc=162622 name=$shadow_142_token_not
[shadow-progress] elapsed_ms=1762.188 admission_calls=566 admission_ms=1679.827 assert_traps=342 full_calls=224 full_ns=1679817843 reuse_calls=342 reuse_ns=9328 admission_ns=1679827171 leave fn=705 pc=162622 name=$shadow_142_token_not
[shadow-progress] elapsed_ms=1762.190 admission_calls=566 admission_ms=1679.827 assert_traps=342 full_calls=224 full_ns=1679817843 reuse_calls=342 reuse_ns=9328 admission_ns=1679827171 enter fn=706 pc=162639 name=$shadow_143_token_pipe
[shadow-progress] elapsed_ms=1762.191 admission_calls=567 admission_ms=1679.827 assert_traps=343 full_calls=224 full_ns=1679817843 reuse_calls=343 reuse_ns=9360 admission_ns=1679827203 leave fn=706 pc=162639 name=$shadow_143_token_pipe
[shadow-progress] elapsed_ms=1762.193 admission_calls=567 admission_ms=1679.827 assert_traps=343 full_calls=224 full_ns=1679817843 reuse_calls=343 reuse_ns=9360 admission_ns=1679827203 enter fn=707 pc=162656 name=$shadow_144_token_grammar
[shadow-progress] elapsed_ms=1762.194 admission_calls=568 admission_ms=1679.827 assert_traps=344 full_calls=224 full_ns=1679817843 reuse_calls=344 reuse_ns=9392 admission_ns=1679827235 leave fn=707 pc=162656 name=$shadow_144_token_grammar
[shadow-progress] elapsed_ms=1762.196 admission_calls=568 admission_ms=1679.827 assert_traps=344 full_calls=224 full_ns=1679817843 reuse_calls=344 reuse_ns=9392 admission_ns=1679827235 enter fn=708 pc=162673 name=$shadow_145_token_larrow
[shadow-progress] elapsed_ms=1762.197 admission_calls=569 admission_ms=1679.827 assert_traps=345 full_calls=224 full_ns=1679817843 reuse_calls=345 reuse_ns=9424 admission_ns=1679827267 leave fn=708 pc=162673 name=$shadow_145_token_larrow
[shadow-progress] elapsed_ms=1762.199 admission_calls=569 admission_ms=1679.827 assert_traps=345 full_calls=224 full_ns=1679817843 reuse_calls=345 reuse_ns=9424 admission_ns=1679827267 enter fn=709 pc=162690 name=$shadow_146_token_question
[shadow-progress] elapsed_ms=1762.200 admission_calls=570 admission_ms=1679.827 assert_traps=346 full_calls=224 full_ns=1679817843 reuse_calls=346 reuse_ns=9456 admission_ns=1679827299 leave fn=709 pc=162690 name=$shadow_146_token_question
[shadow-progress] elapsed_ms=1762.202 admission_calls=570 admission_ms=1679.827 assert_traps=346 full_calls=224 full_ns=1679817843 reuse_calls=346 reuse_ns=9456 admission_ns=1679827299 enter fn=710 pc=162707 name=$shadow_147_token_array
[shadow-progress] elapsed_ms=1762.204 admission_calls=571 admission_ms=1679.827 assert_traps=347 full_calls=224 full_ns=1679817843 reuse_calls=347 reuse_ns=9488 admission_ns=1679827331 leave fn=710 pc=162707 name=$shadow_147_token_array
[shadow-progress] elapsed_ms=1762.209 admission_calls=571 admission_ms=1679.827 assert_traps=347 full_calls=224 full_ns=1679817843 reuse_calls=347 reuse_ns=9488 admission_ns=1679827331 enter fn=711 pc=162724 name=$shadow_148_token_type_int
[shadow-progress] elapsed_ms=1762.210 admission_calls=572 admission_ms=1679.827 assert_traps=348 full_calls=224 full_ns=1679817843 reuse_calls=348 reuse_ns=9504 admission_ns=1679827347 leave fn=711 pc=162724 name=$shadow_148_token_type_int
[shadow-progress] elapsed_ms=1762.212 admission_calls=572 admission_ms=1679.827 assert_traps=348 full_calls=224 full_ns=1679817843 reuse_calls=348 reuse_ns=9504 admission_ns=1679827347 enter fn=712 pc=162741 name=$shadow_149_token_type_u8
[shadow-progress] elapsed_ms=1762.213 admission_calls=573 admission_ms=1679.827 assert_traps=349 full_calls=224 full_ns=1679817843 reuse_calls=349 reuse_ns=9536 admission_ns=1679827379 leave fn=712 pc=162741 name=$shadow_149_token_type_u8
[shadow-progress] elapsed_ms=1762.215 admission_calls=573 admission_ms=1679.827 assert_traps=349 full_calls=224 full_ns=1679817843 reuse_calls=349 reuse_ns=9536 admission_ns=1679827379 enter fn=713 pc=162758 name=$shadow_150_token_type_float
[shadow-progress] elapsed_ms=1762.217 admission_calls=574 admission_ms=1679.827 assert_traps=350 full_calls=224 full_ns=1679817843 reuse_calls=350 reuse_ns=9552 admission_ns=1679827395 leave fn=713 pc=162758 name=$shadow_150_token_type_float
[shadow-progress] elapsed_ms=1762.218 admission_calls=574 admission_ms=1679.827 assert_traps=350 full_calls=224 full_ns=1679817843 reuse_calls=350 reuse_ns=9552 admission_ns=1679827395 enter fn=714 pc=162775 name=$shadow_151_token_type_bool
[shadow-progress] elapsed_ms=1762.220 admission_calls=575 admission_ms=1679.827 assert_traps=351 full_calls=224 full_ns=1679817843 reuse_calls=351 reuse_ns=9584 admission_ns=1679827427 leave fn=714 pc=162775 name=$shadow_151_token_type_bool
[shadow-progress] elapsed_ms=1762.221 admission_calls=575 admission_ms=1679.827 assert_traps=351 full_calls=224 full_ns=1679817843 reuse_calls=351 reuse_ns=9584 admission_ns=1679827427 enter fn=715 pc=162792 name=$shadow_152_token_type_string
[shadow-progress] elapsed_ms=1762.223 admission_calls=576 admission_ms=1679.827 assert_traps=352 full_calls=224 full_ns=1679817843 reuse_calls=352 reuse_ns=9616 admission_ns=1679827459 leave fn=715 pc=162792 name=$shadow_152_token_type_string
[shadow-progress] elapsed_ms=1762.224 admission_calls=576 admission_ms=1679.827 assert_traps=352 full_calls=224 full_ns=1679817843 reuse_calls=352 reuse_ns=9616 admission_ns=1679827459 enter fn=716 pc=162809 name=$shadow_153_token_type_bstring
[shadow-progress] elapsed_ms=1762.226 admission_calls=577 admission_ms=1679.827 assert_traps=353 full_calls=224 full_ns=1679817843 reuse_calls=353 reuse_ns=9648 admission_ns=1679827491 leave fn=716 pc=162809 name=$shadow_153_token_type_bstring
[shadow-progress] elapsed_ms=1762.228 admission_calls=577 admission_ms=1679.827 assert_traps=353 full_calls=224 full_ns=1679817843 reuse_calls=353 reuse_ns=9648 admission_ns=1679827491 enter fn=717 pc=162826 name=$shadow_154_token_type_void
[shadow-progress] elapsed_ms=1762.229 admission_calls=578 admission_ms=1679.828 assert_traps=354 full_calls=224 full_ns=1679817843 reuse_calls=354 reuse_ns=9664 admission_ns=1679827507 leave fn=717 pc=162826 name=$shadow_154_token_type_void
[shadow-progress] elapsed_ms=1762.231 admission_calls=578 admission_ms=1679.828 assert_traps=354 full_calls=224 full_ns=1679817843 reuse_calls=354 reuse_ns=9664 admission_ns=1679827507 enter fn=718 pc=162843 name=$shadow_155_parse_qualified_name
[shadow-progress] elapsed_ms=1762.271 admission_calls=580 admission_ms=1679.828 assert_traps=356 full_calls=224 full_ns=1679817843 reuse_calls=356 reuse_ns=9712 admission_ns=1679827555 leave fn=718 pc=162843 name=$shadow_155_parse_qualified_name
[shadow-progress] elapsed_ms=1762.273 admission_calls=580 admission_ms=1679.828 assert_traps=356 full_calls=224 full_ns=1679817843 reuse_calls=356 reuse_ns=9712 admission_ns=1679827555 enter fn=719 pc=162930 name=$shadow_156_parse_call_name
[shadow-progress] elapsed_ms=1762.313 admission_calls=582 admission_ms=1679.828 assert_traps=358 full_calls=224 full_ns=1679817843 reuse_calls=358 reuse_ns=9760 admission_ns=1679827603 leave fn=719 pc=162930 name=$shadow_156_parse_call_name
[shadow-progress] elapsed_ms=1762.314 admission_calls=582 admission_ms=1679.828 assert_traps=358 full_calls=224 full_ns=1679817843 reuse_calls=358 reuse_ns=9760 admission_ns=1679827603 enter fn=720 pc=163017 name=$shadow_157_is_type_start_token_type
[shadow-progress] elapsed_ms=1762.317 admission_calls=584 admission_ms=1679.828 assert_traps=360 full_calls=224 full_ns=1679817843 reuse_calls=360 reuse_ns=9824 admission_ns=1679827667 leave fn=720 pc=163017 name=$shadow_157_is_type_start_token_type
[shadow-progress] elapsed_ms=1762.319 admission_calls=584 admission_ms=1679.828 assert_traps=360 full_calls=224 full_ns=1679817843 reuse_calls=360 reuse_ns=9824 admission_ns=1679827667 enter fn=721 pc=163041 name=$shadow_158_parse_type_string
[shadow-progress] elapsed_ms=1762.416 admission_calls=588 admission_ms=1679.828 assert_traps=364 full_calls=224 full_ns=1679817843 reuse_calls=364 reuse_ns=9936 admission_ns=1679827779 leave fn=721 pc=163041 name=$shadow_158_parse_type_string
[shadow-progress] elapsed_ms=1762.418 admission_calls=588 admission_ms=1679.828 assert_traps=364 full_calls=224 full_ns=1679817843 reuse_calls=364 reuse_ns=9936 admission_ns=1679827779 enter fn=722 pc=163199 name=$shadow_159_parser_store_number
[shadow-progress] elapsed_ms=1762.419 admission_calls=589 admission_ms=1679.828 assert_traps=365 full_calls=224 full_ns=1679817843 reuse_calls=365 reuse_ns=9968 admission_ns=1679827811 leave fn=722 pc=163199 name=$shadow_159_parser_store_number
[shadow-progress] elapsed_ms=1762.421 admission_calls=589 admission_ms=1679.828 assert_traps=365 full_calls=224 full_ns=1679817843 reuse_calls=365 reuse_ns=9968 admission_ns=1679827811 enter fn=723 pc=163220 name=$shadow_160_parser_store_string
[shadow-progress] elapsed_ms=1762.423 admission_calls=590 admission_ms=1679.828 assert_traps=366 full_calls=224 full_ns=1679817843 reuse_calls=366 reuse_ns=10000 admission_ns=1679827843 leave fn=723 pc=163220 name=$shadow_160_parser_store_string
[shadow-progress] elapsed_ms=1762.424 admission_calls=590 admission_ms=1679.828 assert_traps=366 full_calls=224 full_ns=1679817843 reuse_calls=366 reuse_ns=10000 admission_ns=1679827843 enter fn=724 pc=163241 name=$shadow_161_parser_store_bool
[shadow-progress] elapsed_ms=1762.426 admission_calls=591 admission_ms=1679.828 assert_traps=367 full_calls=224 full_ns=1679817843 reuse_calls=367 reuse_ns=10032 admission_ns=1679827875 leave fn=724 pc=163241 name=$shadow_161_parser_store_bool
[shadow-progress] elapsed_ms=1762.427 admission_calls=591 admission_ms=1679.828 assert_traps=367 full_calls=224 full_ns=1679817843 reuse_calls=367 reuse_ns=10032 admission_ns=1679827875 enter fn=725 pc=163262 name=$shadow_162_parser_store_identifier
[shadow-progress] elapsed_ms=1762.429 admission_calls=592 admission_ms=1679.828 assert_traps=368 full_calls=224 full_ns=1679817843 reuse_calls=368 reuse_ns=10064 admission_ns=1679827907 leave fn=725 pc=163262 name=$shadow_162_parser_store_identifier
[shadow-progress] elapsed_ms=1762.431 admission_calls=592 admission_ms=1679.828 assert_traps=368 full_calls=224 full_ns=1679817843 reuse_calls=368 reuse_ns=10064 admission_ns=1679827907 enter fn=726 pc=163283 name=$shadow_163_parser_store_binary_op
[shadow-progress] elapsed_ms=1762.432 admission_calls=593 admission_ms=1679.828 assert_traps=369 full_calls=224 full_ns=1679817843 reuse_calls=369 reuse_ns=10080 admission_ns=1679827923 leave fn=726 pc=163283 name=$shadow_163_parser_store_binary_op
[shadow-progress] elapsed_ms=1762.434 admission_calls=593 admission_ms=1679.828 assert_traps=369 full_calls=224 full_ns=1679817843 reuse_calls=369 reuse_ns=10080 admission_ns=1679827923 enter fn=727 pc=163304 name=$shadow_164_parser_mark_unary
[shadow-progress] elapsed_ms=1830.251 admission_calls=603 admission_ms=1747.463 assert_traps=370 full_calls=233 full_ns=1747452500 reuse_calls=370 reuse_ns=10192 admission_ns=1747462692 leave fn=727 pc=163304 name=$shadow_164_parser_mark_unary
[shadow-progress] elapsed_ms=1830.257 admission_calls=603 admission_ms=1747.463 assert_traps=370 full_calls=233 full_ns=1747452500 reuse_calls=370 reuse_ns=10192 admission_ns=1747462692 enter fn=728 pc=163372 name=$shadow_165_parser_store_call
[shadow-progress] elapsed_ms=1830.259 admission_calls=604 admission_ms=1747.463 assert_traps=371 full_calls=233 full_ns=1747452500 reuse_calls=371 reuse_ns=10224 admission_ns=1747462724 leave fn=728 pc=163372 name=$shadow_165_parser_store_call
[shadow-progress] elapsed_ms=1830.261 admission_calls=604 admission_ms=1747.463 assert_traps=371 full_calls=233 full_ns=1747452500 reuse_calls=371 reuse_ns=10224 admission_ns=1747462724 enter fn=729 pc=163393 name=$shadow_166_parser_store_module_qualified_ca
[shadow-progress] elapsed_ms=1830.263 admission_calls=605 admission_ms=1747.463 assert_traps=372 full_calls=233 full_ns=1747452500 reuse_calls=372 reuse_ns=10256 admission_ns=1747462756 leave fn=729 pc=163393 name=$shadow_166_parser_store_module_qualified_ca
[shadow-progress] elapsed_ms=1830.265 admission_calls=605 admission_ms=1747.463 assert_traps=372 full_calls=233 full_ns=1747452500 reuse_calls=372 reuse_ns=10256 admission_ns=1747462756 enter fn=730 pc=163414 name=$shadow_167_name_contains_dot
[shadow-progress] elapsed_ms=2070.201 admission_calls=640 admission_ms=1987.384 assert_traps=375 full_calls=265 full_ns=1987373972 reuse_calls=375 reuse_ns=10336 admission_ns=1987384308 leave fn=730 pc=163414 name=$shadow_167_name_contains_dot
[shadow-progress] elapsed_ms=2070.204 admission_calls=640 admission_ms=1987.384 assert_traps=375 full_calls=265 full_ns=1987373972 reuse_calls=375 reuse_ns=10336 admission_ns=1987384308 enter fn=731 pc=163457 name=$shadow_168_parser_store_call_arg
[shadow-progress] elapsed_ms=2070.206 admission_calls=641 admission_ms=1987.384 assert_traps=376 full_calls=265 full_ns=1987373972 reuse_calls=376 reuse_ns=10352 admission_ns=1987384324 leave fn=731 pc=163457 name=$shadow_168_parser_store_call_arg
[shadow-progress] elapsed_ms=2070.207 admission_calls=641 admission_ms=1987.384 assert_traps=376 full_calls=265 full_ns=1987373972 reuse_calls=376 reuse_ns=10352 admission_ns=1987384324 enter fn=732 pc=163478 name=$shadow_169_parser_store_array_element
[shadow-progress] elapsed_ms=2070.209 admission_calls=642 admission_ms=1987.384 assert_traps=377 full_calls=265 full_ns=1987373972 reuse_calls=377 reuse_ns=10384 admission_ns=1987384356 leave fn=732 pc=163478 name=$shadow_169_parser_store_array_element
[shadow-progress] elapsed_ms=2070.211 admission_calls=642 admission_ms=1987.384 assert_traps=377 full_calls=265 full_ns=1987373972 reuse_calls=377 reuse_ns=10384 admission_ns=1987384356 enter fn=733 pc=163499 name=$shadow_170_parse_named_literal
[shadow-progress] elapsed_ms=2551.105 admission_calls=712 admission_ms=2467.332 assert_traps=383 full_calls=329 full_ns=2467321737 reuse_calls=383 reuse_ns=10752 admission_ns=2467332489 leave fn=733 pc=163499 name=$shadow_170_parse_named_literal
[shadow-progress] elapsed_ms=2551.115 admission_calls=712 admission_ms=2467.332 assert_traps=383 full_calls=329 full_ns=2467321737 reuse_calls=383 reuse_ns=10752 admission_ns=2467332489 enter fn=734 pc=163693 name=$shadow_171_parse_union_construct
[shadow-progress] elapsed_ms=2551.117 admission_calls=713 admission_ms=2467.333 assert_traps=384 full_calls=329 full_ns=2467321737 reuse_calls=384 reuse_ns=10768 admission_ns=2467332505 leave fn=734 pc=163693 name=$shadow_171_parse_union_construct
[shadow-progress] elapsed_ms=2551.119 admission_calls=713 admission_ms=2467.333 assert_traps=384 full_calls=329 full_ns=2467321737 reuse_calls=384 reuse_ns=10768 admission_ns=2467332505 enter fn=735 pc=163714 name=$shadow_172_parse_struct_literal
[shadow-progress] elapsed_ms=2551.121 admission_calls=714 admission_ms=2467.333 assert_traps=385 full_calls=329 full_ns=2467321737 reuse_calls=385 reuse_ns=10800 admission_ns=2467332537 leave fn=735 pc=163714 name=$shadow_172_parse_struct_literal
[shadow-progress] elapsed_ms=2551.127 admission_calls=714 admission_ms=2467.333 assert_traps=385 full_calls=329 full_ns=2467321737 reuse_calls=385 reuse_ns=10800 admission_ns=2467332537 enter fn=736 pc=163735 name=$shadow_173_parse_cond_expression
[shadow-progress] elapsed_ms=2551.130 admission_calls=715 admission_ms=2467.333 assert_traps=386 full_calls=329 full_ns=2467321737 reuse_calls=386 reuse_ns=10816 admission_ns=2467332553 leave fn=736 pc=163735 name=$shadow_173_parse_cond_expression
[shadow-progress] elapsed_ms=2551.132 admission_calls=715 admission_ms=2467.333 assert_traps=386 full_calls=329 full_ns=2467321737 reuse_calls=386 reuse_ns=10816 admission_ns=2467332553 enter fn=737 pc=163756 name=$shadow_174_parse_cond_clauses
[shadow-progress] elapsed_ms=2551.133 admission_calls=716 admission_ms=2467.333 assert_traps=387 full_calls=329 full_ns=2467321737 reuse_calls=387 reuse_ns=10848 admission_ns=2467332585 leave fn=737 pc=163756 name=$shadow_174_parse_cond_clauses
[shadow-progress] elapsed_ms=2551.135 admission_calls=716 admission_ms=2467.333 assert_traps=387 full_calls=329 full_ns=2467321737 reuse_calls=387 reuse_ns=10848 admission_ns=2467332585 enter fn=738 pc=163777 name=$shadow_175_parse_match_guard
[shadow-progress] elapsed_ms=2566.218 admission_calls=724 admission_ms=2482.357 assert_traps=393 full_calls=331 full_ns=2482345715 reuse_calls=393 reuse_ns=11008 admission_ns=2482356723 leave fn=738 pc=163777 name=$shadow_175_parse_match_guard
[shadow-progress] elapsed_ms=2566.222 admission_calls=724 admission_ms=2482.357 assert_traps=393 full_calls=331 full_ns=2482345715 reuse_calls=393 reuse_ns=11008 admission_ns=2482356723 enter fn=739 pc=163935 name=$shadow_176_parser_match_arm_unconditional
[shadow-progress] elapsed_ms=2754.171 admission_calls=755 admission_ms=2669.951 assert_traps=399 full_calls=356 full_ns=2669940144 reuse_calls=399 reuse_ns=11280 admission_ns=2669951424 leave fn=739 pc=163935 name=$shadow_176_parser_match_arm_unconditional
[shadow-progress] elapsed_ms=2754.177 admission_calls=755 admission_ms=2669.951 assert_traps=399 full_calls=356 full_ns=2669940144 reuse_calls=399 reuse_ns=11280 admission_ns=2669951424 enter fn=740 pc=164123 name=$shadow_177_parser_expect_match_arrow
[shadow-progress] elapsed_ms=2754.207 admission_calls=757 admission_ms=2669.951 assert_traps=401 full_calls=356 full_ns=2669940144 reuse_calls=401 reuse_ns=11328 admission_ns=2669951472 leave fn=740 pc=164123 name=$shadow_177_parser_expect_match_arrow
[shadow-progress] elapsed_ms=2754.209 admission_calls=757 admission_ms=2669.951 assert_traps=401 full_calls=356 full_ns=2669940144 reuse_calls=401 reuse_ns=11328 admission_ns=2669951472 enter fn=741 pc=164208 name=$shadow_178_parse_match
[shadow-progress] elapsed_ms=2754.210 admission_calls=758 admission_ms=2669.951 assert_traps=402 full_calls=356 full_ns=2669940144 reuse_calls=402 reuse_ns=11344 admission_ns=2669951488 leave fn=741 pc=164208 name=$shadow_178_parse_match
[shadow-progress] elapsed_ms=2754.212 admission_calls=758 admission_ms=2669.951 assert_traps=402 full_calls=356 full_ns=2669940144 reuse_calls=402 reuse_ns=11344 admission_ns=2669951488 enter fn=742 pc=164229 name=$shadow_179_parse_primary
[shadow-progress] elapsed_ms=3529.431 admission_calls=918 admission_ms=3443.207 assert_traps=459 full_calls=459 full_ns=3443194023 reuse_calls=459 reuse_ns=12912 admission_ns=3443206935 leave fn=742 pc=164229 name=$shadow_179_parse_primary
[shadow-progress] elapsed_ms=3529.444 admission_calls=918 admission_ms=3443.207 assert_traps=459 full_calls=459 full_ns=3443194023 reuse_calls=459 reuse_ns=12912 admission_ns=3443206935 enter fn=743 pc=165030 name=$shadow_180_parse_parenthesized_head
[shadow-progress] elapsed_ms=3627.186 admission_calls=937 admission_ms=3540.679 assert_traps=465 full_calls=472 full_ns=3540665819 reuse_calls=465 reuse_ns=13056 admission_ns=3540678875 leave fn=743 pc=165030 name=$shadow_180_parse_parenthesized_head
[shadow-progress] elapsed_ms=3627.192 admission_calls=937 admission_ms=3540.679 assert_traps=465 full_calls=472 full_ns=3540665819 reuse_calls=465 reuse_ns=13056 admission_ns=3540678875 enter fn=744 pc=165205 name=$shadow_181_parenthesized_call_start
[shadow-progress] elapsed_ms=3680.148 admission_calls=954 admission_ms=3593.150 assert_traps=475 full_calls=479 full_ns=3593136338 reuse_calls=475 reuse_ns=13296 admission_ns=3593149634 leave fn=744 pc=165205 name=$shadow_181_parenthesized_call_start
[shadow-progress] elapsed_ms=3680.152 admission_calls=954 admission_ms=3593.150 assert_traps=475 full_calls=479 full_ns=3593136338 reuse_calls=475 reuse_ns=13296 admission_ns=3593149634 enter fn=745 pc=165389 name=$shadow_182_is_binary_op
[shadow-progress] elapsed_ms=3680.156 admission_calls=957 admission_ms=3593.150 assert_traps=478 full_calls=479 full_ns=3593136338 reuse_calls=478 reuse_ns=13376 admission_ns=3593149714 leave fn=745 pc=165389 name=$shadow_182_is_binary_op
[shadow-progress] elapsed_ms=3680.158 admission_calls=957 admission_ms=3593.150 assert_traps=478 full_calls=479 full_ns=3593136338 reuse_calls=478 reuse_ns=13376 admission_ns=3593149714 enter fn=746 pc=165432 name=$shadow_183_parse_expression_recursive
[shadow-progress] elapsed_ms=3680.160 admission_calls=958 admission_ms=3593.150 assert_traps=479 full_calls=479 full_ns=3593136338 reuse_calls=479 reuse_ns=13392 admission_ns=3593149730 leave fn=746 pc=165432 name=$shadow_183_parse_expression_recursive
[shadow-progress] elapsed_ms=3680.161 admission_calls=958 admission_ms=3593.150 assert_traps=479 full_calls=479 full_ns=3593136338 reuse_calls=479 reuse_ns=13392 admission_ns=3593149730 enter fn=747 pc=165453 name=$shadow_184_parse_expression
[shadow-progress] elapsed_ms=3680.163 admission_calls=959 admission_ms=3593.150 assert_traps=480 full_calls=479 full_ns=3593136338 reuse_calls=480 reuse_ns=13408 admission_ns=3593149746 leave fn=747 pc=165453 name=$shadow_184_parse_expression
[shadow-progress] elapsed_ms=3680.165 admission_calls=959 admission_ms=3593.150 assert_traps=480 full_calls=479 full_ns=3593136338 reuse_calls=480 reuse_ns=13408 admission_ns=3593149746 enter fn=748 pc=165474 name=$shadow_185_parser_store_let
[shadow-progress] elapsed_ms=3680.167 admission_calls=960 admission_ms=3593.150 assert_traps=481 full_calls=479 full_ns=3593136338 reuse_calls=481 reuse_ns=13424 admission_ns=3593149762 leave fn=748 pc=165474 name=$shadow_185_parser_store_let
[shadow-progress] elapsed_ms=3680.168 admission_calls=960 admission_ms=3593.150 assert_traps=481 full_calls=479 full_ns=3593136338 reuse_calls=481 reuse_ns=13424 admission_ns=3593149762 enter fn=749 pc=165495 name=$shadow_186_parser_store_set
[shadow-progress] elapsed_ms=3680.184 admission_calls=964 admission_ms=3593.150 assert_traps=485 full_calls=479 full_ns=3593136338 reuse_calls=485 reuse_ns=13520 admission_ns=3593149858 leave fn=749 pc=165495 name=$shadow_186_parser_store_set
[shadow-progress] elapsed_ms=3680.185 admission_calls=964 admission_ms=3593.150 assert_traps=485 full_calls=479 full_ns=3593136338 reuse_calls=485 reuse_ns=13520 admission_ns=3593149858 enter fn=750 pc=165660 name=$shadow_187_parser_store_if
[shadow-progress] elapsed_ms=3680.187 admission_calls=965 admission_ms=3593.150 assert_traps=486 full_calls=479 full_ns=3593136338 reuse_calls=486 reuse_ns=13552 admission_ns=3593149890 leave fn=750 pc=165660 name=$shadow_187_parser_store_if
[shadow-progress] elapsed_ms=3680.189 admission_calls=965 admission_ms=3593.150 assert_traps=486 full_calls=479 full_ns=3593136338 reuse_calls=486 reuse_ns=13552 admission_ns=3593149890 enter fn=751 pc=165681 name=$shadow_188_parser_store_while
[shadow-progress] elapsed_ms=3680.190 admission_calls=966 admission_ms=3593.150 assert_traps=487 full_calls=479 full_ns=3593136338 reuse_calls=487 reuse_ns=13584 admission_ns=3593149922 leave fn=751 pc=165681 name=$shadow_188_parser_store_while
[shadow-progress] elapsed_ms=3680.192 admission_calls=966 admission_ms=3593.150 assert_traps=487 full_calls=479 full_ns=3593136338 reuse_calls=487 reuse_ns=13584 admission_ns=3593149922 enter fn=752 pc=165702 name=$shadow_189_parser_finish_array_literal
[shadow-progress] elapsed_ms=3680.215 admission_calls=970 admission_ms=3593.150 assert_traps=491 full_calls=479 full_ns=3593136338 reuse_calls=491 reuse_ns=13696 admission_ns=3593150034 leave fn=752 pc=165702 name=$shadow_189_parser_finish_array_literal
[shadow-progress] elapsed_ms=3680.217 admission_calls=970 admission_ms=3593.150 assert_traps=491 full_calls=479 full_ns=3593136338 reuse_calls=491 reuse_ns=13696 admission_ns=3593150034 enter fn=753 pc=165930 name=$shadow_190_parser_always_returns
[shadow-progress] elapsed_ms=3770.504 admission_calls=984 admission_ms=3683.160 assert_traps=493 full_calls=491 full_ns=3683145834 reuse_calls=493 reuse_ns=13760 admission_ns=3683159594 leave fn=753 pc=165930 name=$shadow_190_parser_always_returns
[shadow-progress] elapsed_ms=3770.509 admission_calls=984 admission_ms=3683.160 assert_traps=493 full_calls=491 full_ns=3683145834 reuse_calls=493 reuse_ns=13760 admission_ns=3683159594 enter fn=754 pc=166043 name=$shadow_191_parser_is_value_expression
[shadow-progress] elapsed_ms=3770.514 admission_calls=988 admission_ms=3683.160 assert_traps=497 full_calls=491 full_ns=3683145834 reuse_calls=497 reuse_ns=13872 admission_ns=3683159706 leave fn=754 pc=166043 name=$shadow_191_parser_is_value_expression
[shadow-progress] elapsed_ms=3770.516 admission_calls=988 admission_ms=3683.160 assert_traps=497 full_calls=491 full_ns=3683145834 reuse_calls=497 reuse_ns=13872 admission_ns=3683159706 enter fn=755 pc=166106 name=$shadow_192_parser_decode_import_path
[shadow-progress] elapsed_ms=3770.536 admission_calls=992 admission_ms=3683.160 assert_traps=501 full_calls=491 full_ns=3683145834 reuse_calls=501 reuse_ns=13968 admission_ns=3683159802 leave fn=755 pc=166106 name=$shadow_192_parser_decode_import_path
[shadow-progress] elapsed_ms=3770.538 admission_calls=992 admission_ms=3683.160 assert_traps=501 full_calls=491 full_ns=3683145834 reuse_calls=501 reuse_ns=13968 admission_ns=3683159802 enter fn=756 pc=166175 name=$shadow_193_parser_store_return
[shadow-progress] elapsed_ms=3770.539 admission_calls=993 admission_ms=3683.160 assert_traps=502 full_calls=491 full_ns=3683145834 reuse_calls=502 reuse_ns=14000 admission_ns=3683159834 leave fn=756 pc=166175 name=$shadow_193_parser_store_return
[shadow-progress] elapsed_ms=3770.541 admission_calls=993 admission_ms=3683.160 assert_traps=502 full_calls=491 full_ns=3683145834 reuse_calls=502 reuse_ns=14000 admission_ns=3683159834 enter fn=757 pc=166196 name=$shadow_194_parser_store_assert
[shadow-progress] elapsed_ms=3770.543 admission_calls=994 admission_ms=3683.160 assert_traps=503 full_calls=491 full_ns=3683145834 reuse_calls=503 reuse_ns=14032 admission_ns=3683159866 leave fn=757 pc=166196 name=$shadow_194_parser_store_assert
[shadow-progress] elapsed_ms=3770.544 admission_calls=994 admission_ms=3683.160 assert_traps=503 full_calls=491 full_ns=3683145834 reuse_calls=503 reuse_ns=14032 admission_ns=3683159866 enter fn=758 pc=166217 name=$shadow_195_parser_store_block
[shadow-progress] elapsed_ms=3770.546 admission_calls=995 admission_ms=3683.160 assert_traps=504 full_calls=491 full_ns=3683145834 reuse_calls=504 reuse_ns=14064 admission_ns=3683159898 leave fn=758 pc=166217 name=$shadow_195_parser_store_block
[shadow-progress] elapsed_ms=3770.548 admission_calls=995 admission_ms=3683.160 assert_traps=504 full_calls=491 full_ns=3683145834 reuse_calls=504 reuse_ns=14064 admission_ns=3683159898 enter fn=759 pc=166238 name=$shadow_196_parser_wrap_if_in_block
[shadow-progress] elapsed_ms=3770.550 admission_calls=996 admission_ms=3683.160 assert_traps=505 full_calls=491 full_ns=3683145834 reuse_calls=505 reuse_ns=14080 admission_ns=3683159914 leave fn=759 pc=166238 name=$shadow_196_parser_wrap_if_in_block
[shadow-progress] elapsed_ms=3770.551 admission_calls=996 admission_ms=3683.160 assert_traps=505 full_calls=491 full_ns=3683145834 reuse_calls=505 reuse_ns=14080 admission_ns=3683159914 enter fn=760 pc=166259 name=$shadow_197_expr_kind_to_pnode
[shadow-progress] elapsed_ms=3770.554 admission_calls=999 admission_ms=3683.160 assert_traps=508 full_calls=491 full_ns=3683145834 reuse_calls=508 reuse_ns=14160 admission_ns=3683159994 leave fn=760 pc=166259 name=$shadow_197_expr_kind_to_pnode
[shadow-progress] elapsed_ms=3770.559 admission_calls=999 admission_ms=3683.160 assert_traps=508 full_calls=491 full_ns=3683145834 reuse_calls=508 reuse_ns=14160 admission_ns=3683159994 enter fn=761 pc=166335 name=$shadow_198_parser_starts_owned_pattern
[shadow-progress] elapsed_ms=3770.615 admission_calls=1000 admission_ms=3683.160 assert_traps=509 full_calls=491 full_ns=3683145834 reuse_calls=509 reuse_ns=14192 admission_ns=3683160026 leave fn=761 pc=166335 name=$shadow_198_parser_starts_owned_pattern
[shadow-progress] elapsed_ms=3770.617 admission_calls=1000 admission_ms=3683.160 assert_traps=509 full_calls=491 full_ns=3683145834 reuse_calls=509 reuse_ns=14192 admission_ns=3683160026 enter fn=762 pc=166385 name=$shadow_199_parser_mark_owned
[shadow-progress] elapsed_ms=3770.629 admission_calls=1002 admission_ms=3683.160 assert_traps=511 full_calls=491 full_ns=3683145834 reuse_calls=511 reuse_ns=14256 admission_ns=3683160090 leave fn=762 pc=166385 name=$shadow_199_parser_mark_owned
[shadow-progress] elapsed_ms=3770.631 admission_calls=1002 admission_ms=3683.160 assert_traps=511 full_calls=491 full_ns=3683145834 reuse_calls=511 reuse_ns=14256 admission_ns=3683160090 enter fn=763 pc=166525 name=$shadow_200_parse_owned_pattern
[shadow-progress] elapsed_ms=3770.681 admission_calls=1002 admission_ms=3683.160 assert_traps=511 full_calls=491 full_ns=3683145834 reuse_calls=511 reuse_ns=14256 admission_ns=3683160090 enter fn=357 pc=43268 name=parse_owned_pattern
[shadow-progress] elapsed_ms=3793.311 admission_calls=1005 admission_ms=3705.730 assert_traps=511 full_calls=494 full_ns=3705715361 reuse_calls=511 reuse_ns=14256 admission_ns=3705729617 leave fn=357 pc=43268 name=parse_owned_pattern
[shadow-progress] elapsed_ms=3793.381 admission_calls=1009 admission_ms=3705.730 assert_traps=515 full_calls=494 full_ns=3705715361 reuse_calls=515 reuse_ns=14352 admission_ns=3705729713 enter fn=357 pc=43268 name=parse_owned_pattern
[shadow-progress] elapsed_ms=3815.941 admission_calls=1012 admission_ms=3728.231 assert_traps=515 full_calls=497 full_ns=3728216263 reuse_calls=515 reuse_ns=14352 admission_ns=3728230615 leave fn=357 pc=43268 name=parse_owned_pattern
[shadow-progress] elapsed_ms=3815.945 admission_calls=1016 admission_ms=3728.231 assert_traps=519 full_calls=497 full_ns=3728216263 reuse_calls=519 reuse_ns=14464 admission_ns=3728230727 leave fn=763 pc=166525 name=$shadow_200_parse_owned_pattern
[shadow-progress] elapsed_ms=3815.947 admission_calls=1016 admission_ms=3728.231 assert_traps=519 full_calls=497 full_ns=3728216263 reuse_calls=519 reuse_ns=14464 admission_ns=3728230727 enter fn=764 pc=166770 name=$shadow_201_parse_block_recursive
I stopped shadow execution after 10 seconds
