Compiling /Users/jordanh/Src/nanolang/tests/token_value_bytes.nano...
✓ Lexing complete (589 tokens)
✓ Parsing complete
✓ Loaded 9 module(s)
✓ Type checking complete
[Modules] Processing 9 module(s)...
[Modules] Compiling nanolang module '/Users/jordanh/Src/nanolang/src_nano/generated/compiler_schema.nano'
✓ Generated module C code: obj/nano_modules/.nano-module-6Gx4Iz/source.c
Compiling module: /opt/homebrew/opt/llvm/bin/clang -std=c99 -I'/Users/jordanh/Src/nanolang'/src -I'/Users/jordanh/Src/nanolang'/modules/std -I'/Users/jordanh/Src/nanolang'/modules/std/collections -I'/Users/jordanh/Src/nanolang'/modules/std/json -I'/Users/jordanh/Src/nanolang'/modules/std/io -I'/Users/jordanh/Src/nanolang'/modules/std/math -I'/Users/jordanh/Src/nanolang'/modules/std/peg -I'/Users/jordanh/Src/nanolang'/modules/std/string -I'/Users/jordanh/Src/nanolang'/modules/sdl_helpers '-I/Users/jordanh/Src/nanolang/src_nano/generated' -I/opt/homebrew/include/SDL2 -D_THREAD_SAFE  -c -o 'obj/nano_modules/.nano-module-6Gx4Iz/object.o' 'obj/nano_modules/.nano-module-6Gx4Iz/source.c'
✓ Compiled module to object file: obj/nano_modules/compiler_schema.o
  C source kept at: obj/nano_modules/.nano-module-6Gx4Iz/source.c
[Modules] Compiling nanolang module '/Users/jordanh/Src/nanolang/src_nano/generated/compiler_contracts.nano'
✓ Generated module C code: obj/nano_modules/.nano-module-JXt51C/source.c
[Modules] Generating List<LexerToken> runtime...
[Modules] Generating List<CompilerDiagnostic> runtime...
[Modules] Generating List<LexerToken_new> runtime...
[Modules] Generating List<LexerToken_push> runtime...
[Modules] Generating List<LexerToken_get> runtime...
[Modules] Generating List<LexerToken_length> runtime...
[Modules] Generating List<CompilerDiagnostic_new> runtime...
[Modules] Generating List<CompilerDiagnostic_push> runtime...
[Modules] Generating List<CompilerDiagnostic_get> runtime...
[Modules] Generating List<CompilerDiagnostic_length> runtime...
Compiling module: /opt/homebrew/opt/llvm/bin/clang -std=c99 -I'/Users/jordanh/Src/nanolang'/src -I'/Users/jordanh/Src/nanolang'/modules/std -I'/Users/jordanh/Src/nanolang'/modules/std/collections -I'/Users/jordanh/Src/nanolang'/modules/std/json -I'/Users/jordanh/Src/nanolang'/modules/std/io -I'/Users/jordanh/Src/nanolang'/modules/std/math -I'/Users/jordanh/Src/nanolang'/modules/std/peg -I'/Users/jordanh/Src/nanolang'/modules/std/string -I'/Users/jordanh/Src/nanolang'/modules/sdl_helpers '-I/Users/jordanh/Src/nanolang/src_nano/generated' -I/opt/homebrew/include/SDL2 -D_THREAD_SAFE  -c -o 'obj/nano_modules/.nano-module-JXt51C/object.o' 'obj/nano_modules/.nano-module-JXt51C/source.c'
✓ Compiled module to object file: obj/nano_modules/compiler_contracts.o
  C source kept at: obj/nano_modules/.nano-module-JXt51C/source.c
[Modules] Compiling nanolang module '/Users/jordanh/Src/nanolang/src_nano/generated/compiler_ast.nano'
✓ Generated module C code: obj/nano_modules/.nano-module-tO3Vbl/source.c
[Modules] Generating List<LexerToken> runtime...
[Modules] Generating List<CompilerDiagnostic> runtime...
[Modules] Generating List<ASTStmtRef> runtime...
[Modules] Generating List<ASTNumber> runtime...
[Modules] Generating List<ASTFloat> runtime...
[Modules] Generating List<ASTString> runtime...
[Modules] Generating List<ASTBool> runtime...
[Modules] Generating List<ASTIdentifier> runtime...
[Modules] Generating List<ASTBinaryOp> runtime...
[Modules] Generating List<ASTCall> runtime...
[Modules] Generating List<ASTModuleQualifiedCall> runtime...
[Modules] Generating List<ASTArrayLiteral> runtime...
[Modules] Generating List<ASTLet> runtime...
[Modules] Generating List<ASTSet> runtime...
[Modules] Generating List<ASTIf> runtime...
[Modules] Generating List<ASTWhile> runtime...
[Modules] Generating List<ASTFor> runtime...
[Modules] Generating List<ASTReturn> runtime...
[Modules] Generating List<ASTBlock> runtime...
[Modules] Generating List<ASTUnsafeBlock> runtime...
[Modules] Generating List<ASTPrint> runtime...
[Modules] Generating List<ASTAssert> runtime...
[Modules] Generating List<ASTFunction> runtime...
[Modules] Generating List<ASTShadow> runtime...
[Modules] Generating List<ASTStruct> runtime...
[Modules] Generating List<ASTStructLiteral> runtime...
[Modules] Generating List<ASTFieldAccess> runtime...
[Modules] Generating List<ASTEnum> runtime...
[Modules] Generating List<ASTUnion> runtime...
[Modules] Generating List<ASTUnionConstruct> runtime...
[Modules] Generating List<ASTMatch> runtime...
[Modules] Generating List<ASTImport> runtime...
[Modules] Generating List<ASTOpaqueType> runtime...
[Modules] Generating List<ASTTupleLiteral> runtime...
[Modules] Generating List<ASTTupleIndex> runtime...
[Modules] Generating List<ASTServiceDecl> runtime...
[Modules] Generating List<LexerToken_new> runtime...
[Modules] Generating List<LexerToken_push> runtime...
[Modules] Generating List<LexerToken_get> runtime...
[Modules] Generating List<LexerToken_length> runtime...
[Modules] Generating List<CompilerDiagnostic_new> runtime...
[Modules] Generating List<CompilerDiagnostic_push> runtime...
[Modules] Generating List<CompilerDiagnostic_get> runtime...
[Modules] Generating List<CompilerDiagnostic_length> runtime...
[Modules] Generating List<ASTStmtRef_new> runtime...
[Modules] Generating List<ASTStmtRef_push> runtime...
[Modules] Generating List<ASTStmtRef_get> runtime...
[Modules] Generating List<ASTStmtRef_length> runtime...
[Modules] Generating List<ASTNumber_new> runtime...
[Modules] Generating List<ASTNumber_push> runtime...
[Modules] Generating List<ASTNumber_get> runtime...
[Modules] Generating List<ASTNumber_length> runtime...
[Modules] Generating List<ASTFloat_new> runtime...
[Modules] Generating List<ASTFloat_push> runtime...
[Modules] Generating List<ASTFloat_get> runtime...
[Modules] Generating List<ASTFloat_length> runtime...
[Modules] Generating List<ASTString_new> runtime...
[Modules] Generating List<ASTString_push> runtime...
[Modules] Generating List<ASTString_get> runtime...
[Modules] Generating List<ASTString_length> runtime...
[Modules] Generating List<ASTBool_new> runtime...
[Modules] Generating List<ASTBool_push> runtime...
[Modules] Generating List<ASTBool_get> runtime...
[Modules] Generating List<ASTBool_length> runtime...
Compiling module: /opt/homebrew/opt/llvm/bin/clang -std=c99 -I'/Users/jordanh/Src/nanolang'/src -I'/Users/jordanh/Src/nanolang'/modules/std -I'/Users/jordanh/Src/nanolang'/modules/std/collections -I'/Users/jordanh/Src/nanolang'/modules/std/json -I'/Users/jordanh/Src/nanolang'/modules/std/io -I'/Users/jordanh/Src/nanolang'/modules/std/math -I'/Users/jordanh/Src/nanolang'/modules/std/peg -I'/Users/jordanh/Src/nanolang'/modules/std/string -I'/Users/jordanh/Src/nanolang'/modules/sdl_helpers '-I/Users/jordanh/Src/nanolang/src_nano/generated' -I/opt/homebrew/include/SDL2 -D_THREAD_SAFE  -c -o 'obj/nano_modules/.nano-module-tO3Vbl/object.o' 'obj/nano_modules/.nano-module-tO3Vbl/source.c'
✓ Compiled module to object file: obj/nano_modules/compiler_ast.o
  C source kept at: obj/nano_modules/.nano-module-tO3Vbl/source.c
[Modules] Compiling nanolang module '/Users/jordanh/Src/nanolang/src_nano/ast_shared.nano'
✓ Generated module C code: obj/nano_modules/.nano-module-tw4bSu/source.c
[Modules] Generating List<LexerToken> runtime...
[Modules] Generating List<CompilerDiagnostic> runtime...
[Modules] Generating List<ASTStmtRef> runtime...
[Modules] Generating List<ASTNumber> runtime...
[Modules] Generating List<ASTFloat> runtime...
[Modules] Generating List<ASTString> runtime...
[Modules] Generating List<ASTBool> runtime...
[Modules] Generating List<ASTIdentifier> runtime...
[Modules] Generating List<ASTBinaryOp> runtime...
[Modules] Generating List<ASTCall> runtime...
[Modules] Generating List<ASTModuleQualifiedCall> runtime...
[Modules] Generating List<ASTArrayLiteral> runtime...
[Modules] Generating List<ASTLet> runtime...
[Modules] Generating List<ASTSet> runtime...
[Modules] Generating List<ASTIf> runtime...
[Modules] Generating List<ASTWhile> runtime...
[Modules] Generating List<ASTFor> runtime...
[Modules] Generating List<ASTReturn> runtime...
[Modules] Generating List<ASTBlock> runtime...
[Modules] Generating List<ASTUnsafeBlock> runtime...
[Modules] Generating List<ASTPrint> runtime...
[Modules] Generating List<ASTAssert> runtime...
[Modules] Generating List<ASTFunction> runtime...
[Modules] Generating List<ASTShadow> runtime...
[Modules] Generating List<ASTStruct> runtime...
[Modules] Generating List<ASTStructLiteral> runtime...
[Modules] Generating List<ASTFieldAccess> runtime...
[Modules] Generating List<ASTEnum> runtime...
[Modules] Generating List<ASTUnion> runtime...
[Modules] Generating List<ASTUnionConstruct> runtime...
[Modules] Generating List<ASTMatch> runtime...
[Modules] Generating List<ASTImport> runtime...
[Modules] Generating List<ASTOpaqueType> runtime...
[Modules] Generating List<ASTTupleLiteral> runtime...
[Modules] Generating List<ASTTupleIndex> runtime...
[Modules] Generating List<ASTServiceDecl> runtime...
[Modules] Generating List<LexerToken_new> runtime...
[Modules] Generating List<LexerToken_push> runtime...
[Modules] Generating List<LexerToken_get> runtime...
[Modules] Generating List<LexerToken_length> runtime...
[Modules] Generating List<CompilerDiagnostic_new> runtime...
[Modules] Generating List<CompilerDiagnostic_push> runtime...
[Modules] Generating List<CompilerDiagnostic_get> runtime...
[Modules] Generating List<CompilerDiagnostic_length> runtime...
[Modules] Generating List<ASTStmtRef_new> runtime...
[Modules] Generating List<ASTStmtRef_push> runtime...
[Modules] Generating List<ASTStmtRef_get> runtime...
[Modules] Generating List<ASTStmtRef_length> runtime...
[Modules] Generating List<ASTNumber_new> runtime...
[Modules] Generating List<ASTNumber_push> runtime...
[Modules] Generating List<ASTNumber_get> runtime...
[Modules] Generating List<ASTNumber_length> runtime...
[Modules] Generating List<ASTFloat_new> runtime...
[Modules] Generating List<ASTFloat_push> runtime...
[Modules] Generating List<ASTFloat_get> runtime...
[Modules] Generating List<ASTFloat_length> runtime...
[Modules] Generating List<ASTString_new> runtime...
[Modules] Generating List<ASTString_push> runtime...
[Modules] Generating List<ASTString_get> runtime...
[Modules] Generating List<ASTString_length> runtime...
[Modules] Generating List<ASTBool_new> runtime...
[Modules] Generating List<ASTBool_push> runtime...
[Modules] Generating List<ASTBool_get> runtime...
[Modules] Generating List<ASTBool_length> runtime...
Compiling module: /opt/homebrew/opt/llvm/bin/clang -std=c99 -I'/Users/jordanh/Src/nanolang'/src -I'/Users/jordanh/Src/nanolang'/modules/std -I'/Users/jordanh/Src/nanolang'/modules/std/collections -I'/Users/jordanh/Src/nanolang'/modules/std/json -I'/Users/jordanh/Src/nanolang'/modules/std/io -I'/Users/jordanh/Src/nanolang'/modules/std/math -I'/Users/jordanh/Src/nanolang'/modules/std/peg -I'/Users/jordanh/Src/nanolang'/modules/std/string -I'/Users/jordanh/Src/nanolang'/modules/sdl_helpers '-I/Users/jordanh/Src/nanolang/src_nano' -I/opt/homebrew/include/SDL2 -D_THREAD_SAFE  -c -o 'obj/nano_modules/.nano-module-tw4bSu/object.o' 'obj/nano_modules/.nano-module-tw4bSu/source.c'
✓ Compiled module to object file: obj/nano_modules/ast_shared.o
  C source kept at: obj/nano_modules/.nano-module-tw4bSu/source.c
[Modules] Compiling nanolang module '/Users/jordanh/Src/nanolang/src_nano/compiler/ir.nano'
✓ Generated module C code: obj/nano_modules/.nano-module-gzUbPP/source.c
[Modules] Generating List<LexerToken> runtime...
[Modules] Generating List<CompilerDiagnostic> runtime...
[Modules] Generating List<ASTStmtRef> runtime...
[Modules] Generating List<ASTNumber> runtime...
[Modules] Generating List<ASTFloat> runtime...
[Modules] Generating List<ASTString> runtime...
[Modules] Generating List<ASTBool> runtime...
[Modules] Generating List<ASTIdentifier> runtime...
[Modules] Generating List<ASTBinaryOp> runtime...
[Modules] Generating List<ASTCall> runtime...
[Modules] Generating List<ASTModuleQualifiedCall> runtime...
[Modules] Generating List<ASTArrayLiteral> runtime...
[Modules] Generating List<ASTLet> runtime...
[Modules] Generating List<ASTSet> runtime...
[Modules] Generating List<ASTIf> runtime...
[Modules] Generating List<ASTWhile> runtime...
[Modules] Generating List<ASTFor> runtime...
[Modules] Generating List<ASTReturn> runtime...
[Modules] Generating List<ASTBlock> runtime...
[Modules] Generating List<ASTUnsafeBlock> runtime...
[Modules] Generating List<ASTPrint> runtime...
[Modules] Generating List<ASTAssert> runtime...
[Modules] Generating List<ASTFunction> runtime...
[Modules] Generating List<ASTShadow> runtime...
[Modules] Generating List<ASTStruct> runtime...
[Modules] Generating List<ASTStructLiteral> runtime...
[Modules] Generating List<ASTFieldAccess> runtime...
[Modules] Generating List<ASTEnum> runtime...
[Modules] Generating List<ASTUnion> runtime...
[Modules] Generating List<ASTUnionConstruct> runtime...
[Modules] Generating List<ASTMatch> runtime...
[Modules] Generating List<ASTImport> runtime...
[Modules] Generating List<ASTOpaqueType> runtime...
[Modules] Generating List<ASTTupleLiteral> runtime...
[Modules] Generating List<ASTTupleIndex> runtime...
[Modules] Generating List<ASTServiceDecl> runtime...
[Modules] Generating List<LexerToken_new> runtime...
[Modules] Generating List<LexerToken_push> runtime...
[Modules] Generating List<LexerToken_get> runtime...
[Modules] Generating List<LexerToken_length> runtime...
[Modules] Generating List<CompilerDiagnostic_new> runtime...
[Modules] Generating List<CompilerDiagnostic_push> runtime...
[Modules] Generating List<CompilerDiagnostic_get> runtime...
[Modules] Generating List<CompilerDiagnostic_length> runtime...
[Modules] Generating List<ASTStmtRef_new> runtime...
[Modules] Generating List<ASTStmtRef_push> runtime...
[Modules] Generating List<ASTStmtRef_get> runtime...
[Modules] Generating List<ASTStmtRef_length> runtime...
[Modules] Generating List<ASTNumber_new> runtime...
[Modules] Generating List<ASTNumber_push> runtime...
[Modules] Generating List<ASTNumber_get> runtime...
[Modules] Generating List<ASTNumber_length> runtime...
[Modules] Generating List<ASTFloat_new> runtime...
[Modules] Generating List<ASTFloat_push> runtime...
[Modules] Generating List<ASTFloat_get> runtime...
[Modules] Generating List<ASTFloat_length> runtime...
[Modules] Generating List<ASTString_new> runtime...
[Modules] Generating List<ASTString_push> runtime...
[Modules] Generating List<ASTString_get> runtime...
[Modules] Generating List<ASTString_length> runtime...
[Modules] Generating List<ASTBool_new> runtime...
[Modules] Generating List<ASTBool_push> runtime...
[Modules] Generating List<ASTBool_get> runtime...
[Modules] Generating List<ASTBool_length> runtime...
Compiling module: /opt/homebrew/opt/llvm/bin/clang -std=c99 -I'/Users/jordanh/Src/nanolang'/src -I'/Users/jordanh/Src/nanolang'/modules/std -I'/Users/jordanh/Src/nanolang'/modules/std/collections -I'/Users/jordanh/Src/nanolang'/modules/std/json -I'/Users/jordanh/Src/nanolang'/modules/std/io -I'/Users/jordanh/Src/nanolang'/modules/std/math -I'/Users/jordanh/Src/nanolang'/modules/std/peg -I'/Users/jordanh/Src/nanolang'/modules/std/string -I'/Users/jordanh/Src/nanolang'/modules/sdl_helpers '-I/Users/jordanh/Src/nanolang/src_nano/compiler' -I/opt/homebrew/include/SDL2 -D_THREAD_SAFE  -c -o 'obj/nano_modules/.nano-module-gzUbPP/object.o' 'obj/nano_modules/.nano-module-gzUbPP/source.c'
✓ Compiled module to object file: obj/nano_modules/ir.o
  C source kept at: obj/nano_modules/.nano-module-gzUbPP/source.c
[Modules] Compiling nanolang module '/Users/jordanh/Src/nanolang/src_nano/compiler/token_value_bytes.nano'
✓ Generated module C code: obj/nano_modules/.nano-module-OyR1Un/source.c
Compiling module: /opt/homebrew/opt/llvm/bin/clang -std=c99 -I'/Users/jordanh/Src/nanolang'/src -I'/Users/jordanh/Src/nanolang'/modules/std -I'/Users/jordanh/Src/nanolang'/modules/std/collections -I'/Users/jordanh/Src/nanolang'/modules/std/json -I'/Users/jordanh/Src/nanolang'/modules/std/io -I'/Users/jordanh/Src/nanolang'/modules/std/math -I'/Users/jordanh/Src/nanolang'/modules/std/peg -I'/Users/jordanh/Src/nanolang'/modules/std/string -I'/Users/jordanh/Src/nanolang'/modules/sdl_helpers '-I/Users/jordanh/Src/nanolang/src_nano/compiler' -I/opt/homebrew/include/SDL2 -D_THREAD_SAFE  -c -o 'obj/nano_modules/.nano-module-OyR1Un/object.o' 'obj/nano_modules/.nano-module-OyR1Un/source.c'
✓ Compiled module to object file: obj/nano_modules/token_value_bytes.o
  C source kept at: obj/nano_modules/.nano-module-OyR1Un/source.c
[Modules] Compiling nanolang module '/Users/jordanh/Src/nanolang/src_nano/compiler/diagnostics.nano'
✓ Generated module C code: obj/nano_modules/.nano-module-PStBQW/source.c
[Modules] Generating List<LexerToken> runtime...
[Modules] Generating List<CompilerDiagnostic> runtime...
[Modules] Generating List<ASTStmtRef> runtime...
[Modules] Generating List<ASTNumber> runtime...
[Modules] Generating List<ASTFloat> runtime...
[Modules] Generating List<ASTString> runtime...
[Modules] Generating List<ASTBool> runtime...
[Modules] Generating List<ASTIdentifier> runtime...
[Modules] Generating List<ASTBinaryOp> runtime...
[Modules] Generating List<ASTCall> runtime...
[Modules] Generating List<ASTModuleQualifiedCall> runtime...
[Modules] Generating List<ASTArrayLiteral> runtime...
[Modules] Generating List<ASTLet> runtime...
[Modules] Generating List<ASTSet> runtime...
[Modules] Generating List<ASTIf> runtime...
[Modules] Generating List<ASTWhile> runtime...
[Modules] Generating List<ASTFor> runtime...
[Modules] Generating List<ASTReturn> runtime...
[Modules] Generating List<ASTBlock> runtime...
[Modules] Generating List<ASTUnsafeBlock> runtime...
[Modules] Generating List<ASTPrint> runtime...
[Modules] Generating List<ASTAssert> runtime...
[Modules] Generating List<ASTFunction> runtime...
[Modules] Generating List<ASTShadow> runtime...
[Modules] Generating List<ASTStruct> runtime...
[Modules] Generating List<ASTStructLiteral> runtime...
[Modules] Generating List<ASTFieldAccess> runtime...
[Modules] Generating List<ASTEnum> runtime...
[Modules] Generating List<ASTUnion> runtime...
[Modules] Generating List<ASTUnionConstruct> runtime...
[Modules] Generating List<ASTMatch> runtime...
[Modules] Generating List<ASTImport> runtime...
[Modules] Generating List<ASTOpaqueType> runtime...
[Modules] Generating List<ASTTupleLiteral> runtime...
[Modules] Generating List<ASTTupleIndex> runtime...
[Modules] Generating List<ASTServiceDecl> runtime...
[Modules] Generating List<LexerToken_new> runtime...
[Modules] Generating List<LexerToken_push> runtime...
[Modules] Generating List<LexerToken_get> runtime...
[Modules] Generating List<LexerToken_length> runtime...
[Modules] Generating List<CompilerDiagnostic_new> runtime...
[Modules] Generating List<CompilerDiagnostic_push> runtime...
[Modules] Generating List<CompilerDiagnostic_get> runtime...
[Modules] Generating List<CompilerDiagnostic_length> runtime...
[Modules] Generating List<ASTStmtRef_new> runtime...
[Modules] Generating List<ASTStmtRef_push> runtime...
[Modules] Generating List<ASTStmtRef_get> runtime...
[Modules] Generating List<ASTStmtRef_length> runtime...
[Modules] Generating List<ASTNumber_new> runtime...
[Modules] Generating List<ASTNumber_push> runtime...
[Modules] Generating List<ASTNumber_get> runtime...
[Modules] Generating List<ASTNumber_length> runtime...
[Modules] Generating List<ASTFloat_new> runtime...
[Modules] Generating List<ASTFloat_push> runtime...
[Modules] Generating List<ASTFloat_get> runtime...
[Modules] Generating List<ASTFloat_length> runtime...
[Modules] Generating List<ASTString_new> runtime...
[Modules] Generating List<ASTString_push> runtime...
[Modules] Generating List<ASTString_get> runtime...
[Modules] Generating List<ASTString_length> runtime...
[Modules] Generating List<ASTBool_new> runtime...
[Modules] Generating List<ASTBool_push> runtime...
[Modules] Generating List<ASTBool_get> runtime...
[Modules] Generating List<ASTBool_length> runtime...
Compiling module: /opt/homebrew/opt/llvm/bin/clang -std=c99 -I'/Users/jordanh/Src/nanolang'/src -I'/Users/jordanh/Src/nanolang'/modules/std -I'/Users/jordanh/Src/nanolang'/modules/std/collections -I'/Users/jordanh/Src/nanolang'/modules/std/json -I'/Users/jordanh/Src/nanolang'/modules/std/io -I'/Users/jordanh/Src/nanolang'/modules/std/math -I'/Users/jordanh/Src/nanolang'/modules/std/peg -I'/Users/jordanh/Src/nanolang'/modules/std/string -I'/Users/jordanh/Src/nanolang'/modules/sdl_helpers '-I/Users/jordanh/Src/nanolang/src_nano/compiler' -I/opt/homebrew/include/SDL2 -D_THREAD_SAFE  -c -o 'obj/nano_modules/.nano-module-PStBQW/object.o' 'obj/nano_modules/.nano-module-PStBQW/source.c'
✓ Compiled module to object file: obj/nano_modules/diagnostics.o
  C source kept at: obj/nano_modules/.nano-module-PStBQW/source.c
[Modules] Building C module 'std' (/Users/jordanh/Src/nanolang/modules/std)
[Modules] Also compiling nanolang parts of C module 'std'
✓ Generated module C code: obj/nano_modules/.nano-module-kaAl3T/source.c
Compiling module: /opt/homebrew/opt/llvm/bin/clang -std=c99 -I'/Users/jordanh/Src/nanolang'/src -I'/Users/jordanh/Src/nanolang'/modules/std -I'/Users/jordanh/Src/nanolang'/modules/std/collections -I'/Users/jordanh/Src/nanolang'/modules/std/json -I'/Users/jordanh/Src/nanolang'/modules/std/io -I'/Users/jordanh/Src/nanolang'/modules/std/math -I'/Users/jordanh/Src/nanolang'/modules/std/peg -I'/Users/jordanh/Src/nanolang'/modules/std/string -I'/Users/jordanh/Src/nanolang'/modules/sdl_helpers '-I/Users/jordanh/Src/nanolang/modules/std' -I/opt/homebrew/include/SDL2 -D_THREAD_SAFE  -c -o 'obj/nano_modules/.nano-module-kaAl3T/object.o' 'obj/nano_modules/.nano-module-kaAl3T/source.c'
✓ Compiled module to object file: obj/nano_modules/std_nano_fs.o
  C source kept at: obj/nano_modules/.nano-module-kaAl3T/source.c
[Modules] Compiling nanolang module '/Users/jordanh/Src/nanolang/src_nano/compiler/lexer.nano'
✓ Generated module C code: obj/nano_modules/.nano-module-ssEP35/source.c
[Modules] Generating List<LexerToken> runtime...
[Modules] Generating List<CompilerDiagnostic> runtime...
[Modules] Generating List<ASTStmtRef> runtime...
[Modules] Generating List<ASTNumber> runtime...
[Modules] Generating List<ASTFloat> runtime...
[Modules] Generating List<ASTString> runtime...
[Modules] Generating List<ASTBool> runtime...
[Modules] Generating List<ASTIdentifier> runtime...
[Modules] Generating List<ASTBinaryOp> runtime...
[Modules] Generating List<ASTCall> runtime...
[Modules] Generating List<ASTModuleQualifiedCall> runtime...
[Modules] Generating List<ASTArrayLiteral> runtime...
[Modules] Generating List<ASTLet> runtime...
[Modules] Generating List<ASTSet> runtime...
[Modules] Generating List<ASTIf> runtime...
[Modules] Generating List<ASTWhile> runtime...
[Modules] Generating List<ASTFor> runtime...
[Modules] Generating List<ASTReturn> runtime...
[Modules] Generating List<ASTBlock> runtime...
[Modules] Generating List<ASTUnsafeBlock> runtime...
[Modules] Generating List<ASTPrint> runtime...
[Modules] Generating List<ASTAssert> runtime...
[Modules] Generating List<ASTFunction> runtime...
[Modules] Generating List<ASTShadow> runtime...
[Modules] Generating List<ASTStruct> runtime...
[Modules] Generating List<ASTStructLiteral> runtime...
[Modules] Generating List<ASTFieldAccess> runtime...
[Modules] Generating List<ASTEnum> runtime...
[Modules] Generating List<ASTUnion> runtime...
[Modules] Generating List<ASTUnionConstruct> runtime...
[Modules] Generating List<ASTMatch> runtime...
[Modules] Generating List<ASTImport> runtime...
[Modules] Generating List<ASTOpaqueType> runtime...
[Modules] Generating List<ASTTupleLiteral> runtime...
[Modules] Generating List<ASTTupleIndex> runtime...
[Modules] Generating List<ASTServiceDecl> runtime...
[Modules] Generating List<LexerToken_new> runtime...
[Modules] Generating List<LexerToken_push> runtime...
[Modules] Generating List<LexerToken_get> runtime...
[Modules] Generating List<LexerToken_length> runtime...
[Modules] Generating List<CompilerDiagnostic_new> runtime...
[Modules] Generating List<CompilerDiagnostic_push> runtime...
[Modules] Generating List<CompilerDiagnostic_get> runtime...
[Modules] Generating List<CompilerDiagnostic_length> runtime...
[Modules] Generating List<ASTStmtRef_new> runtime...
[Modules] Generating List<ASTStmtRef_push> runtime...
[Modules] Generating List<ASTStmtRef_get> runtime...
[Modules] Generating List<ASTStmtRef_length> runtime...
[Modules] Generating List<ASTNumber_new> runtime...
[Modules] Generating List<ASTNumber_push> runtime...
[Modules] Generating List<ASTNumber_get> runtime...
[Modules] Generating List<ASTNumber_length> runtime...
[Modules] Generating List<ASTFloat_new> runtime...
[Modules] Generating List<ASTFloat_push> runtime...
[Modules] Generating List<ASTFloat_get> runtime...
[Modules] Generating List<ASTFloat_length> runtime...
[Modules] Generating List<ASTString_new> runtime...
[Modules] Generating List<ASTString_push> runtime...
[Modules] Generating List<ASTString_get> runtime...
[Modules] Generating List<ASTString_length> runtime...
[Modules] Generating List<ASTBool_new> runtime...
[Modules] Generating List<ASTBool_push> runtime...
[Modules] Generating List<ASTBool_get> runtime...
[Modules] Generating List<ASTBool_length> runtime...
Compiling module: /opt/homebrew/opt/llvm/bin/clang -std=c99 -I'/Users/jordanh/Src/nanolang'/src -I'/Users/jordanh/Src/nanolang'/modules/std -I'/Users/jordanh/Src/nanolang'/modules/std/collections -I'/Users/jordanh/Src/nanolang'/modules/std/json -I'/Users/jordanh/Src/nanolang'/modules/std/io -I'/Users/jordanh/Src/nanolang'/modules/std/math -I'/Users/jordanh/Src/nanolang'/modules/std/peg -I'/Users/jordanh/Src/nanolang'/modules/std/string -I'/Users/jordanh/Src/nanolang'/modules/sdl_helpers '-I/Users/jordanh/Src/nanolang/src_nano/compiler' -I/opt/homebrew/include/SDL2 -D_THREAD_SAFE  -c -o 'obj/nano_modules/.nano-module-ssEP35/object.o' 'obj/nano_modules/.nano-module-ssEP35/source.c'
✓ Compiled module to object file: obj/nano_modules/lexer.o
  C source kept at: obj/nano_modules/.nano-module-ssEP35/source.c
[Modules] ✓ Complete: 8 nanolang, 1 C, 0 FFI-only
[FFI] No shared library found for module 'compiler_schema'
[FFI] No shared library found for module 'compiler_contracts'
[FFI] No shared library found for module 'compiler_ast'
[FFI] No shared library found for module 'ast_shared'
[FFI] No shared library found for module 'ir'
[FFI] No shared library found for module 'token_value_bytes'
[FFI] No shared library found for module 'diagnostics'
[FFI] Loaded module 'std' from /Users/jordanh/Src/nanolang/obj/module_cache/v2-616efd80512a2778925874a16684652704390c7033e3ec69724ec9d6b2d22d5b/.nano-gen-H6EoGj/libstd.dylib
[FFI] No shared library found for module 'lexer'
✓ Shadow tests passed
Ensuring module ASTs are cached for declaration generation...
✓ Module ASTs cached
Transpiling to C...
✓ Transpilation complete (2946 lines of C, 117636 bytes)
✓ Generated C code: /private/tmp/nanolang-file-parser-record-pop-20261008/nano-file-service-parser-k8zqh2l8/token_value_bytes-nanoc_c.c
Adding module include path: /Users/jordanh/Src/nanolang/src_nano/generated
Adding module include path: /Users/jordanh/Src/nanolang/src_nano
Adding module include path: /Users/jordanh/Src/nanolang/src_nano/compiler
Adding module include path: /Users/jordanh/Src/nanolang/modules/std
Detected 36 generic list type(s): ASTArrayLiteral, ASTAssert, ASTBinaryOp, ASTBlock, ASTBool, ASTCall, ASTEnum, ASTFieldAccess, ASTFloat, ASTFor, ASTFunction, ASTIdentifier, ASTIf, ASTImport, ASTLet, ASTMatch, ASTModuleQualifiedCall, ASTNumber, ASTOpaqueType, ASTPrint, ASTReturn, ASTServiceDecl, ASTSet, ASTShadow, ASTStmtRef, ASTString, ASTStruct, ASTStructLiteral, ASTTupleIndex, ASTTupleLiteral, ASTUnion, ASTUnionConstruct, ASTUnsafeBlock, ASTWhile, CompilerDiagnostic, LexerToken
Compiling C code: /opt/homebrew/opt/llvm/bin/clang -std=c99 -Wall -Wextra -Werror -Wno-error=unused-function -Wno-error=unused-parameter -Wno-error=unused-variable -Wno-error=unused-but-set-variable -Wno-error=logical-not-parentheses -Wno-error=duplicate-decl-specifier     -I'/Users/jordanh/Src/nanolang/src' -I'/Users/jordanh/Src/nanolang/src_nano/generated' -I'/Users/jordanh/Src/nanolang/src_nano' -I'/Users/jordanh/Src/nanolang/src_nano/compiler' -I'/Users/jordanh/Src/nanolang/modules/std' -I'/private/tmp/nanolang-file-parser-record-pop-20261008/nano-file-service-parser-k8zqh2l8/token_value_bytes-nanoc_c-tmp'  -o '/private/tmp/nanolang-file-parser-record-pop-20261008/nano-file-service-parser-k8zqh2l8/token_value_bytes-nanoc_c' '/private/tmp/nanolang-file-parser-record-pop-20261008/nano-file-service-parser-k8zqh2l8/token_value_bytes-nanoc_c.c' 'obj/nano_modules/compiler_schema.o' 'obj/nano_modules/compiler_contracts.o' 'obj/nano_modules/compiler_ast.o' 'obj/nano_modules/ast_shared.o' 'obj/nano_modules/ir.o' 'obj/nano_modules/token_value_bytes.o' 'obj/nano_modules/diagnostics.o' 'obj/nano_modules/std_nano_fs.o' 'obj/nano_modules/lexer.o' /Users/jordanh/Src/nanolang/obj/module_cache/v2-616efd80512a2778925874a16684652704390c7033e3ec69724ec9d6b2d22d5b/.nano-gen-H6EoGj/std.o  '/Users/jordanh/Src/nanolang/src/runtime/list_int.c' '/Users/jordanh/Src/nanolang/src/runtime/list_bool.c' '/Users/jordanh/Src/nanolang/src/runtime/list_string.c' '/Users/jordanh/Src/nanolang/src/runtime/list_LexerToken.c' '/Users/jordanh/Src/nanolang/src/runtime/list_token.c' '/Users/jordanh/Src/nanolang/src/runtime/list_CompilerDiagnostic.c' '/Users/jordanh/Src/nanolang/src/runtime/list_CompilerSourceLocation.c' '/Users/jordanh/Src/nanolang/src/runtime/list_ASTNumber.c' '/Users/jordanh/Src/nanolang/src/runtime/list_ASTFloat.c' '/Users/jordanh/Src/nanolang/src/runtime/list_ASTString.c' '/Users/jordanh/Src/nanolang/src/runtime/list_ASTBool.c' '/Users/jordanh/Src/nanolang/src/runtime/list_ASTIdentifier.c' '/Users/jordanh/Src/nanolang/src/runtime/list_ASTBinaryOp.c' '/Users/jordanh/Src/nanolang/src/runtime/list_ASTCall.c' '/Users/jordanh/Src/nanolang/src/runtime/list_ASTModuleQualifiedCall.c' '/Users/jordanh/Src/nanolang/src/runtime/list_ASTArrayLiteral.c' '/Users/jordanh/Src/nanolang/src/runtime/list_ASTLet.c' '/Users/jordanh/Src/nanolang/src/runtime/list_ASTSet.c' '/Users/jordanh/Src/nanolang/src/runtime/list_ASTStmtRef.c' '/Users/jordanh/Src/nanolang/src/runtime/list_ASTIf.c' '/Users/jordanh/Src/nanolang/src/runtime/list_ASTWhile.c' '/Users/jordanh/Src/nanolang/src/runtime/list_ASTFor.c' '/Users/jordanh/Src/nanolang/src/runtime/list_ASTReturn.c' '/Users/jordanh/Src/nanolang/src/runtime/list_ASTBlock.c' '/Users/jordanh/Src/nanolang/src/runtime/list_ASTUnsafeBlock.c' '/Users/jordanh/Src/nanolang/src/runtime/list_ASTPrint.c' '/Users/jordanh/Src/nanolang/src/runtime/list_ASTAssert.c' '/Users/jordanh/Src/nanolang/src/runtime/list_ASTFunction.c' '/Users/jordanh/Src/nanolang/src/runtime/list_ASTShadow.c' '/Users/jordanh/Src/nanolang/src/runtime/list_ASTStruct.c' '/Users/jordanh/Src/nanolang/src/runtime/list_ASTStructLiteral.c' '/Users/jordanh/Src/nanolang/src/runtime/list_ASTFieldAccess.c' '/Users/jordanh/Src/nanolang/src/runtime/list_ASTEnum.c' '/Users/jordanh/Src/nanolang/src/runtime/list_ASTUnion.c' '/Users/jordanh/Src/nanolang/src/runtime/list_ASTUnionConstruct.c' '/Users/jordanh/Src/nanolang/src/runtime/list_ASTMatch.c' '/Users/jordanh/Src/nanolang/src/runtime/list_ASTImport.c' '/Users/jordanh/Src/nanolang/src/runtime/list_ASTOpaqueType.c' '/Users/jordanh/Src/nanolang/src/runtime/list_ASTServiceDecl.c' '/Users/jordanh/Src/nanolang/src/runtime/list_ASTTupleLiteral.c' '/Users/jordanh/Src/nanolang/src/runtime/list_ASTTupleIndex.c' '/Users/jordanh/Src/nanolang/src/runtime/token_helpers.c' '/Users/jordanh/Src/nanolang/src/runtime/gc.c' '/Users/jordanh/Src/nanolang/src/runtime/effect_runtime.c' '/Users/jordanh/Src/nanolang/src/runtime/dyn_array.c' '/Users/jordanh/Src/nanolang/src/runtime/gc_struct.c' '/Users/jordanh/Src/nanolang/src/runtime/nl_string.c' '/Users/jordanh/Src/nanolang/src/runtime/cli.c' '/Users/jordanh/Src/nanolang/src/runtime/regex.c' '/Users/jordanh/Src/nanolang/src/utf8.c' '/Users/jordanh/Src/nanolang/src/coroutine.c'  -lm
✓ Compilation successful: /private/tmp/nanolang-file-parser-record-pop-20261008/nano-file-service-parser-k8zqh2l8/token_value_bytes-nanoc_c
