python3 scripts/embed_managed_runtime.py --clang "clang" --opt "opt" --header obj/nanoisa/managed_runtime_ir.h --manifest obj/nanoisa/managed_runtime_ir.json
Traceback (most recent call last):
  File "/Users/jordanh/Src/nanolang/scripts/embed_managed_runtime.py", line 92, in <module>
    main()
    ~~~~^^
  File "/Users/jordanh/Src/nanolang/scripts/embed_managed_runtime.py", line 83, in main
    header, manifest, _ = generate(shlex.split(args.clang), shlex.split(args.opt))
                          ~~~~~~~~^^^^^^^^^^^^^^^^^^^^^^^^^^^^^^^^^^^^^^^^^^^^^^^^
  File "/Users/jordanh/Src/nanolang/scripts/embed_managed_runtime.py", line 43, in generate
    invoke(opt + ['-passes=verify', '-disable-output', str(output)])
    ~~~~~~^^^^^^^^^^^^^^^^^^^^^^^^^^^^^^^^^^^^^^^^^^^^^^^^^^^^^^^^^^
  File "/Users/jordanh/Src/nanolang/scripts/embed_managed_runtime.py", line 20, in invoke
    result = subprocess.run(args, capture_output=True, text=True,
                            timeout=60, cwd=ROOT, **kwargs)
  File "/Library/Frameworks/Python.framework/Versions/3.14/lib/python3.14/subprocess.py", line 555, in run
    with Popen(*popenargs, **kwargs) as process:
         ~~~~~^^^^^^^^^^^^^^^^^^^^^^
  File "/Library/Frameworks/Python.framework/Versions/3.14/lib/python3.14/subprocess.py", line 1039, in __init__
    self._execute_child(args, executable, preexec_fn, close_fds,
    ~~~~~~~~~~~~~~~~~~~^^^^^^^^^^^^^^^^^^^^^^^^^^^^^^^^^^^^^^^^^
                        pass_fds, cwd, env,
                        ^^^^^^^^^^^^^^^^^^^
    ...<5 lines>...
                        gid, gids, uid, umask,
                        ^^^^^^^^^^^^^^^^^^^^^^
                        start_new_session, process_group)
                        ^^^^^^^^^^^^^^^^^^^^^^^^^^^^^^^^^
  File "/Library/Frameworks/Python.framework/Versions/3.14/lib/python3.14/subprocess.py", line 1990, in _execute_child
    raise child_exception_type(errno_num, err_msg, err_filename)
FileNotFoundError: [Errno 2] No such file or directory: 'opt'
make: *** [managed-runtime-package] Error 1
