I checked build evidence: phase=reuse-initial-context expected=0 observed=17781090337132988952 accepted=1
I checked build evidence: phase=reuse-declared-headers expected=1 observed=1 accepted=1
I checked build evidence: phase=reuse-dependencies expected=1 observed=1 accepted=1
I checked build evidence: phase=reuse-link-inputs expected=1 observed=1 accepted=1
I checked build evidence: phase=tool-spawn-ms expected=1 observed=0 accepted=1
I checked build evidence: phase=tool-first-output-ms expected=1 observed=44 accepted=1
I checked build evidence: phase=tool-eof-ms expected=1 observed=45 accepted=1
I checked build evidence: phase=tool-reaped-ms expected=1 observed=71 accepted=1
I checked build evidence: phase=tool-query-ms expected=30000 observed=71 accepted=1
I checked build evidence: phase=tool-spawn-ms expected=1 observed=0 accepted=1
I checked build evidence: phase=tool-first-output-ms expected=1 observed=22 accepted=1
I checked build evidence: phase=tool-eof-ms expected=1 observed=24 accepted=1
I checked build evidence: phase=tool-reaped-ms expected=1 observed=50 accepted=1
I checked build evidence: phase=tool-query-ms expected=29929 observed=50 accepted=1
I checked build evidence: phase=tool-spawn-ms expected=1 observed=2 accepted=1
I checked build evidence: phase=tool-first-output-ms expected=1 observed=0 accepted=0
I checked build evidence: phase=tool-eof-ms expected=1 observed=8 accepted=1
I checked build evidence: phase=tool-reaped-ms expected=1 observed=34 accepted=1
I checked build evidence: phase=tool-run-ms expected=29726 observed=34 accepted=1
I checked build evidence: phase=tool-spawn-ms expected=1 observed=1 accepted=1
I checked build evidence: phase=tool-first-output-ms expected=1 observed=43 accepted=1
I checked build evidence: phase=tool-eof-ms expected=1 observed=44 accepted=1
I checked build evidence: phase=tool-reaped-ms expected=1 observed=70 accepted=1
I checked build evidence: phase=tool-query-ms expected=30000 observed=71 accepted=1
I checked build evidence: phase=tool-spawn-ms expected=1 observed=0 accepted=1
I checked build evidence: phase=tool-first-output-ms expected=1 observed=19 accepted=1
I checked build evidence: phase=tool-eof-ms expected=1 observed=21 accepted=1
I checked build evidence: phase=tool-reaped-ms expected=1 observed=47 accepted=1
I checked build evidence: phase=tool-query-ms expected=29929 observed=47 accepted=1
I checked build evidence: phase=tool-spawn-ms expected=1 observed=1 accepted=1
I checked build evidence: phase=tool-first-output-ms expected=1 observed=43 accepted=1
I checked build evidence: phase=tool-eof-ms expected=1 observed=45 accepted=1
I checked build evidence: phase=tool-reaped-ms expected=1 observed=71 accepted=1
I checked build evidence: phase=tool-query-ms expected=29729 observed=71 accepted=1
I checked build evidence: phase=tool-spawn-ms expected=1 observed=0 accepted=1
I checked build evidence: phase=tool-first-output-ms expected=1 observed=21 accepted=1
I checked build evidence: phase=tool-eof-ms expected=1 observed=22 accepted=1
I checked build evidence: phase=tool-reaped-ms expected=1 observed=48 accepted=1
I checked build evidence: phase=tool-query-ms expected=29658 observed=48 accepted=1
I checked build evidence: phase=tool-spawn-ms expected=1 observed=2 accepted=1
I checked build evidence: phase=tool-first-output-ms expected=1 observed=0 accepted=0
I checked build evidence: phase=tool-eof-ms expected=1 observed=8 accepted=1
I checked build evidence: phase=tool-reaped-ms expected=1 observed=33 accepted=1
I checked build evidence: phase=tool-run-ms expected=29458 observed=33 accepted=1
I checked build evidence: phase=tool-spawn-ms expected=1 observed=2 accepted=1
I checked build evidence: phase=tool-first-output-ms expected=1 observed=0 accepted=0
I checked build evidence: phase=tool-eof-ms expected=1 observed=8 accepted=1
I checked build evidence: phase=tool-reaped-ms expected=1 observed=34 accepted=1
I checked build evidence: phase=tool-run-ms expected=29424 observed=34 accepted=1
I checked build evidence: phase=reuse-preprocessing expected=0 observed=6327649936850962764 accepted=1
I checked build evidence: phase=reuse-context expected=17781090337132988952 observed=17781090337132988952 accepted=1
I checked build evidence: phase=reuse expected=1 observed=1 accepted=1
