I checked build evidence: phase=reuse-initial-context expected=0 observed=17781090337132988952 accepted=1
I checked build evidence: phase=reuse-declared-headers expected=1 observed=1 accepted=1
I checked build evidence: phase=reuse-dependencies expected=1 observed=1 accepted=1
I checked build evidence: phase=reuse-link-inputs expected=1 observed=1 accepted=1
I checked build evidence: phase=tool-spawn-ms expected=1 observed=0 accepted=1
I checked build evidence: phase=tool-first-output-ms expected=1 observed=57 accepted=1
I checked build evidence: phase=tool-eof-ms expected=1 observed=59 accepted=1
I checked build evidence: phase=tool-reaped-ms expected=1 observed=85 accepted=1
I checked build evidence: phase=tool-query-ms expected=30000 observed=85 accepted=1
I checked build evidence: phase=tool-spawn-ms expected=1 observed=0 accepted=1
I checked build evidence: phase=tool-first-output-ms expected=1 observed=29 accepted=1
I checked build evidence: phase=tool-eof-ms expected=1 observed=33 accepted=1
I checked build evidence: phase=tool-reaped-ms expected=1 observed=59 accepted=1
I checked build evidence: phase=tool-query-ms expected=29915 observed=59 accepted=1
I checked build evidence: phase=tool-spawn-ms expected=1 observed=2 accepted=1
I checked build evidence: phase=tool-first-output-ms expected=1 observed=0 accepted=0
I checked build evidence: phase=tool-eof-ms expected=1 observed=10 accepted=1
I checked build evidence: phase=tool-reaped-ms expected=1 observed=36 accepted=1
I checked build evidence: phase=tool-run-ms expected=29663 observed=36 accepted=1
I checked build evidence: phase=tool-spawn-ms expected=1 observed=1 accepted=1
I checked build evidence: phase=tool-first-output-ms expected=1 observed=48 accepted=1
I checked build evidence: phase=tool-eof-ms expected=1 observed=50 accepted=1
I checked build evidence: phase=tool-reaped-ms expected=1 observed=76 accepted=1
I checked build evidence: phase=tool-query-ms expected=30000 observed=76 accepted=1
I checked build evidence: phase=tool-spawn-ms expected=1 observed=0 accepted=1
I checked build evidence: phase=tool-first-output-ms expected=1 observed=23 accepted=1
I checked build evidence: phase=tool-eof-ms expected=1 observed=25 accepted=1
I checked build evidence: phase=tool-reaped-ms expected=1 observed=51 accepted=1
I checked build evidence: phase=tool-query-ms expected=29924 observed=51 accepted=1
I checked build evidence: phase=tool-spawn-ms expected=1 observed=1 accepted=1
I checked build evidence: phase=tool-first-output-ms expected=1 observed=44 accepted=1
I checked build evidence: phase=tool-eof-ms expected=1 observed=45 accepted=1
I checked build evidence: phase=tool-reaped-ms expected=1 observed=71 accepted=1
I checked build evidence: phase=tool-query-ms expected=29718 observed=71 accepted=1
I checked build evidence: phase=tool-spawn-ms expected=1 observed=0 accepted=1
I checked build evidence: phase=tool-first-output-ms expected=1 observed=21 accepted=1
I checked build evidence: phase=tool-eof-ms expected=1 observed=23 accepted=1
I checked build evidence: phase=tool-reaped-ms expected=1 observed=49 accepted=1
I checked build evidence: phase=tool-query-ms expected=29647 observed=49 accepted=1
I checked build evidence: phase=tool-output expected=0 observed=186 accepted=0
I checked build evidence: phase=tool-spawn-ms expected=1 observed=1 accepted=1
I checked build evidence: phase=tool-first-output-ms expected=1 observed=6 accepted=1
I checked build evidence: phase=tool-eof-ms expected=1 observed=7 accepted=1
I checked build evidence: phase=tool-reaped-ms expected=1 observed=33 accepted=1
I checked build evidence: phase=tool-run-ms expected=29443 observed=33 accepted=0
/private/var/folders/9z/xpmfgw8j09l4g6wwxrxtt97w0000gn/T/nano-as-search-y1mjwm6n/foreign/payload.S:4:10: error: Could not find include file 'selected.s'
.include "selected.s"
         ^
I checked build evidence: phase=reuse-preprocessing expected=0 observed=0 accepted=0
I checked build evidence: phase=reuse-context expected=17781090337132988952 observed=0 accepted=0
I checked build evidence: phase=reuse expected=1 observed=0 accepted=0
I checked build evidence: phase=tool-spawn-ms expected=1 observed=1 accepted=1
I checked build evidence: phase=tool-first-output-ms expected=1 observed=47 accepted=1
I checked build evidence: phase=tool-eof-ms expected=1 observed=49 accepted=1
I checked build evidence: phase=tool-reaped-ms expected=1 observed=74 accepted=1
I checked build evidence: phase=tool-query-ms expected=30000 observed=74 accepted=1
I checked build evidence: phase=tool-spawn-ms expected=1 observed=1 accepted=1
I checked build evidence: phase=tool-first-output-ms expected=1 observed=18 accepted=1
I checked build evidence: phase=tool-eof-ms expected=1 observed=20 accepted=1
I checked build evidence: phase=tool-reaped-ms expected=1 observed=46 accepted=1
I checked build evidence: phase=tool-query-ms expected=29926 observed=46 accepted=1
I checked build evidence: phase=tool-spawn-ms expected=1 observed=1 accepted=1
I checked build evidence: phase=tool-first-output-ms expected=1 observed=0 accepted=0
I checked build evidence: phase=tool-eof-ms expected=1 observed=8 accepted=1
I checked build evidence: phase=tool-reaped-ms expected=1 observed=34 accepted=1
I checked build evidence: phase=tool-run-ms expected=29725 observed=34 accepted=1
I checked build evidence: phase=tool-spawn-ms expected=1 observed=1 accepted=1
I checked build evidence: phase=tool-first-output-ms expected=1 observed=47 accepted=1
I checked build evidence: phase=tool-eof-ms expected=1 observed=49 accepted=1
I checked build evidence: phase=tool-reaped-ms expected=1 observed=75 accepted=1
I checked build evidence: phase=tool-query-ms expected=30000 observed=75 accepted=1
I checked build evidence: phase=tool-spawn-ms expected=1 observed=0 accepted=1
I checked build evidence: phase=tool-first-output-ms expected=1 observed=20 accepted=1
I checked build evidence: phase=tool-eof-ms expected=1 observed=22 accepted=1
I checked build evidence: phase=tool-reaped-ms expected=1 observed=48 accepted=1
I checked build evidence: phase=tool-query-ms expected=29925 observed=48 accepted=1
I checked build evidence: phase=tool-spawn-ms expected=1 observed=1 accepted=1
I checked build evidence: phase=tool-first-output-ms expected=1 observed=44 accepted=1
I checked build evidence: phase=tool-eof-ms expected=1 observed=46 accepted=1
I checked build evidence: phase=tool-reaped-ms expected=1 observed=71 accepted=1
I checked build evidence: phase=tool-query-ms expected=29722 observed=71 accepted=1
I checked build evidence: phase=tool-spawn-ms expected=1 observed=0 accepted=1
I checked build evidence: phase=tool-first-output-ms expected=1 observed=19 accepted=1
I checked build evidence: phase=tool-eof-ms expected=1 observed=21 accepted=1
I checked build evidence: phase=tool-reaped-ms expected=1 observed=47 accepted=1
I checked build evidence: phase=tool-query-ms expected=29651 observed=47 accepted=1
I checked build evidence: phase=tool-output expected=0 observed=186 accepted=0
I checked build evidence: phase=tool-spawn-ms expected=1 observed=2 accepted=1
I checked build evidence: phase=tool-first-output-ms expected=1 observed=7 accepted=1
I checked build evidence: phase=tool-eof-ms expected=1 observed=8 accepted=1
I checked build evidence: phase=tool-reaped-ms expected=1 observed=34 accepted=1
I checked build evidence: phase=tool-run-ms expected=29450 observed=34 accepted=0
/private/var/folders/9z/xpmfgw8j09l4g6wwxrxtt97w0000gn/T/nano-as-search-y1mjwm6n/foreign/payload.S:4:10: error: Could not find include file 'selected.s'
.include "selected.s"
         ^
I could not retain external-assembler inputs for answer_native; I will not compile live sources after capture failure
I checked build evidence: phase=build-result expected=1 observed=0 accepted=0
