I checked build evidence: phase=reuse-initial-context expected=0 observed=17781090337132988952 accepted=1
I checked build evidence: phase=reuse-declared-headers expected=1 observed=1 accepted=1
I checked build evidence: phase=reuse-dependencies expected=1 observed=1 accepted=1
I checked build evidence: phase=reuse-link-inputs expected=1 observed=1 accepted=1
I checked build evidence: phase=tool-spawn-ms expected=1 observed=1 accepted=1
I checked build evidence: phase=tool-first-output-ms expected=1 observed=40 accepted=1
I checked build evidence: phase=tool-eof-ms expected=1 observed=42 accepted=1
I checked build evidence: phase=tool-reaped-ms expected=1 observed=68 accepted=1
I checked build evidence: phase=tool-query-ms expected=30000 observed=68 accepted=1
I checked build evidence: phase=tool-spawn-ms expected=1 observed=0 accepted=1
I checked build evidence: phase=tool-first-output-ms expected=1 observed=18 accepted=1
I checked build evidence: phase=tool-eof-ms expected=1 observed=20 accepted=1
I checked build evidence: phase=tool-reaped-ms expected=1 observed=46 accepted=1
I checked build evidence: phase=tool-query-ms expected=29932 observed=46 accepted=1
I checked build evidence: phase=tool-spawn-ms expected=1 observed=2 accepted=1
I checked build evidence: phase=tool-first-output-ms expected=1 observed=0 accepted=0
I checked build evidence: phase=tool-eof-ms expected=1 observed=9 accepted=1
I checked build evidence: phase=tool-reaped-ms expected=1 observed=35 accepted=1
I checked build evidence: phase=tool-run-ms expected=29733 observed=35 accepted=1
I checked build evidence: phase=tool-spawn-ms expected=1 observed=0 accepted=1
I checked build evidence: phase=tool-first-output-ms expected=1 observed=40 accepted=1
I checked build evidence: phase=tool-eof-ms expected=1 observed=42 accepted=1
I checked build evidence: phase=tool-reaped-ms expected=1 observed=68 accepted=1
I checked build evidence: phase=tool-query-ms expected=30000 observed=68 accepted=1
I checked build evidence: phase=tool-spawn-ms expected=1 observed=0 accepted=1
I checked build evidence: phase=tool-first-output-ms expected=1 observed=19 accepted=1
I checked build evidence: phase=tool-eof-ms expected=1 observed=20 accepted=1
I checked build evidence: phase=tool-reaped-ms expected=1 observed=46 accepted=1
I checked build evidence: phase=tool-query-ms expected=29932 observed=46 accepted=1
I checked build evidence: phase=tool-spawn-ms expected=1 observed=1 accepted=1
I checked build evidence: phase=tool-first-output-ms expected=1 observed=42 accepted=1
I checked build evidence: phase=tool-eof-ms expected=1 observed=43 accepted=1
I checked build evidence: phase=tool-reaped-ms expected=1 observed=69 accepted=1
I checked build evidence: phase=tool-query-ms expected=29731 observed=69 accepted=1
I checked build evidence: phase=tool-spawn-ms expected=1 observed=1 accepted=1
I checked build evidence: phase=tool-first-output-ms expected=1 observed=16 accepted=1
I checked build evidence: phase=tool-eof-ms expected=1 observed=18 accepted=1
I checked build evidence: phase=tool-reaped-ms expected=1 observed=44 accepted=1
I checked build evidence: phase=tool-query-ms expected=29662 observed=44 accepted=1
I checked build evidence: phase=tool-spawn-ms expected=1 observed=2 accepted=1
I checked build evidence: phase=tool-first-output-ms expected=1 observed=0 accepted=0
I checked build evidence: phase=tool-eof-ms expected=1 observed=7 accepted=1
I checked build evidence: phase=tool-reaped-ms expected=1 observed=33 accepted=1
I checked build evidence: phase=tool-run-ms expected=29467 observed=33 accepted=1
I checked build evidence: phase=tool-spawn-ms expected=1 observed=2 accepted=1
I checked build evidence: phase=tool-first-output-ms expected=1 observed=0 accepted=0
I checked build evidence: phase=tool-eof-ms expected=1 observed=8 accepted=1
I checked build evidence: phase=tool-reaped-ms expected=1 observed=34 accepted=1
I checked build evidence: phase=tool-run-ms expected=29433 observed=34 accepted=1
I checked build evidence: phase=reuse-preprocessing expected=0 observed=8350487028124967616 accepted=1
I checked build evidence: phase=reuse-context expected=17781090337132988952 observed=17781090337132988952 accepted=1
I checked build evidence: phase=reuse expected=1 observed=1 accepted=1
