I checked build evidence: phase=reuse-initial-context expected=0 observed=11152466694167766344 accepted=1
I checked build evidence: phase=reuse-declared-headers expected=1 observed=1 accepted=1
I checked build evidence: phase=reuse-dependencies expected=1 observed=1 accepted=1
I checked build evidence: phase=reuse-link-inputs expected=1 observed=1 accepted=1
I checked build evidence: phase=tool-spawn-ms expected=1 observed=1 accepted=1
I checked build evidence: phase=tool-first-output-ms expected=1 observed=42 accepted=1
I checked build evidence: phase=tool-eof-ms expected=1 observed=43 accepted=1
I checked build evidence: phase=tool-reaped-ms expected=1 observed=69 accepted=1
I checked build evidence: phase=tool-query-ms expected=30000 observed=69 accepted=1
I checked build evidence: phase=tool-spawn-ms expected=1 observed=2 accepted=1
I checked build evidence: phase=tool-first-output-ms expected=1 observed=0 accepted=0
I checked build evidence: phase=tool-eof-ms expected=1 observed=8 accepted=1
I checked build evidence: phase=tool-reaped-ms expected=1 observed=34 accepted=1
I checked build evidence: phase=tool-run-ms expected=29623 observed=34 accepted=1
I checked build evidence: phase=tool-spawn-ms expected=1 observed=1 accepted=1
I checked build evidence: phase=tool-first-output-ms expected=1 observed=43 accepted=1
I checked build evidence: phase=tool-eof-ms expected=1 observed=44 accepted=1
I checked build evidence: phase=tool-reaped-ms expected=1 observed=70 accepted=1
I checked build evidence: phase=tool-query-ms expected=30000 observed=70 accepted=1
I checked build evidence: phase=tool-spawn-ms expected=1 observed=0 accepted=1
I checked build evidence: phase=tool-first-output-ms expected=1 observed=42 accepted=1
I checked build evidence: phase=tool-eof-ms expected=1 observed=43 accepted=1
I checked build evidence: phase=tool-reaped-ms expected=1 observed=69 accepted=1
I checked build evidence: phase=tool-query-ms expected=29620 observed=69 accepted=1
I checked build evidence: phase=tool-spawn-ms expected=1 observed=2 accepted=1
I checked build evidence: phase=tool-first-output-ms expected=1 observed=0 accepted=0
I checked build evidence: phase=tool-eof-ms expected=1 observed=7 accepted=1
I checked build evidence: phase=tool-reaped-ms expected=1 observed=33 accepted=1
I checked build evidence: phase=tool-run-ms expected=29243 observed=33 accepted=1
I checked build evidence: phase=tool-spawn-ms expected=1 observed=1 accepted=1
I checked build evidence: phase=tool-first-output-ms expected=1 observed=0 accepted=0
I checked build evidence: phase=tool-eof-ms expected=1 observed=7 accepted=1
I checked build evidence: phase=tool-reaped-ms expected=1 observed=33 accepted=1
I checked build evidence: phase=tool-run-ms expected=29206 observed=33 accepted=1
I checked build evidence: phase=reuse-preprocessing expected=0 observed=13199166690835008791 accepted=1
I checked build evidence: phase=reuse-context expected=11152466694167766344 observed=11152466694167766344 accepted=1
I checked build evidence: phase=reuse expected=1 observed=1 accepted=1
