I checked build evidence: phase=reuse-initial-context expected=0 observed=11152466694167766344 accepted=1
I checked build evidence: phase=reuse-declared-headers expected=1 observed=1 accepted=1
I checked build evidence: phase=reuse-dependencies expected=1 observed=1 accepted=1
I checked build evidence: phase=reuse-link-inputs expected=1 observed=1 accepted=1
I checked build evidence: phase=tool-spawn-ms expected=1 observed=1 accepted=1
I checked build evidence: phase=tool-first-output-ms expected=1 observed=58 accepted=1
I checked build evidence: phase=tool-eof-ms expected=1 observed=60 accepted=1
I checked build evidence: phase=tool-reaped-ms expected=1 observed=86 accepted=1
I checked build evidence: phase=tool-query-ms expected=30000 observed=86 accepted=1
I checked build evidence: phase=tool-spawn-ms expected=1 observed=1 accepted=1
I checked build evidence: phase=tool-first-output-ms expected=1 observed=0 accepted=0
I checked build evidence: phase=tool-eof-ms expected=1 observed=8 accepted=1
I checked build evidence: phase=tool-reaped-ms expected=1 observed=34 accepted=1
I checked build evidence: phase=tool-run-ms expected=29598 observed=34 accepted=1
I checked build evidence: phase=tool-spawn-ms expected=1 observed=0 accepted=1
I checked build evidence: phase=tool-first-output-ms expected=1 observed=48 accepted=1
I checked build evidence: phase=tool-eof-ms expected=1 observed=49 accepted=1
I checked build evidence: phase=tool-reaped-ms expected=1 observed=75 accepted=1
I checked build evidence: phase=tool-query-ms expected=30000 observed=75 accepted=1
I checked build evidence: phase=tool-spawn-ms expected=1 observed=0 accepted=1
I checked build evidence: phase=tool-first-output-ms expected=1 observed=42 accepted=1
I checked build evidence: phase=tool-eof-ms expected=1 observed=44 accepted=1
I checked build evidence: phase=tool-reaped-ms expected=1 observed=70 accepted=1
I checked build evidence: phase=tool-query-ms expected=29615 observed=70 accepted=1
I checked build evidence: phase=tool-output expected=0 observed=186 accepted=0
I checked build evidence: phase=tool-spawn-ms expected=1 observed=1 accepted=1
I checked build evidence: phase=tool-first-output-ms expected=1 observed=6 accepted=1
I checked build evidence: phase=tool-eof-ms expected=1 observed=7 accepted=1
I checked build evidence: phase=tool-reaped-ms expected=1 observed=33 accepted=1
I checked build evidence: phase=tool-run-ms expected=29232 observed=33 accepted=0
/private/var/folders/9z/xpmfgw8j09l4g6wwxrxtt97w0000gn/T/nano-as-search-30l1uoxq/foreign/payload.s:4:10: error: Could not find include file 'selected.s'
.include "selected.s"
         ^
I checked build evidence: phase=reuse-preprocessing expected=0 observed=0 accepted=0
I checked build evidence: phase=reuse-context expected=11152466694167766344 observed=0 accepted=0
I checked build evidence: phase=reuse expected=1 observed=0 accepted=0
I checked build evidence: phase=tool-spawn-ms expected=1 observed=0 accepted=1
I checked build evidence: phase=tool-first-output-ms expected=1 observed=42 accepted=1
I checked build evidence: phase=tool-eof-ms expected=1 observed=43 accepted=1
I checked build evidence: phase=tool-reaped-ms expected=1 observed=69 accepted=1
I checked build evidence: phase=tool-query-ms expected=30000 observed=69 accepted=1
I checked build evidence: phase=tool-spawn-ms expected=1 observed=2 accepted=1
I checked build evidence: phase=tool-first-output-ms expected=1 observed=0 accepted=0
I checked build evidence: phase=tool-eof-ms expected=1 observed=8 accepted=1
I checked build evidence: phase=tool-reaped-ms expected=1 observed=34 accepted=1
I checked build evidence: phase=tool-run-ms expected=29623 observed=34 accepted=1
I checked build evidence: phase=tool-spawn-ms expected=1 observed=0 accepted=1
I checked build evidence: phase=tool-first-output-ms expected=1 observed=41 accepted=1
I checked build evidence: phase=tool-eof-ms expected=1 observed=43 accepted=1
I checked build evidence: phase=tool-reaped-ms expected=1 observed=69 accepted=1
I checked build evidence: phase=tool-query-ms expected=30000 observed=69 accepted=1
I checked build evidence: phase=tool-spawn-ms expected=1 observed=0 accepted=1
I checked build evidence: phase=tool-first-output-ms expected=1 observed=42 accepted=1
I checked build evidence: phase=tool-eof-ms expected=1 observed=44 accepted=1
I checked build evidence: phase=tool-reaped-ms expected=1 observed=70 accepted=1
I checked build evidence: phase=tool-query-ms expected=29622 observed=70 accepted=1
I checked build evidence: phase=tool-output expected=0 observed=186 accepted=0
I checked build evidence: phase=tool-spawn-ms expected=1 observed=2 accepted=1
I checked build evidence: phase=tool-first-output-ms expected=1 observed=6 accepted=1
I checked build evidence: phase=tool-eof-ms expected=1 observed=7 accepted=1
I checked build evidence: phase=tool-reaped-ms expected=1 observed=33 accepted=1
I checked build evidence: phase=tool-run-ms expected=29245 observed=33 accepted=0
/private/var/folders/9z/xpmfgw8j09l4g6wwxrxtt97w0000gn/T/nano-as-search-30l1uoxq/foreign/payload.s:4:10: error: Could not find include file 'selected.s'
.include "selected.s"
         ^
I could not retain compiler and assembler inputs for answer_native; I will not compile live sources after capture failure
I checked build evidence: phase=build-result expected=1 observed=0 accepted=0
