I checked build evidence: phase=tool-spawn-ms expected=1 observed=1 accepted=1
I checked build evidence: phase=tool-first-output-ms expected=1 observed=44 accepted=1
I checked build evidence: phase=tool-eof-ms expected=1 observed=45 accepted=1
I checked build evidence: phase=tool-reaped-ms expected=1 observed=71 accepted=1
I checked build evidence: phase=tool-query-ms expected=30000 observed=71 accepted=1
I checked build evidence: phase=tool-spawn-ms expected=1 observed=1 accepted=1
I checked build evidence: phase=tool-first-output-ms expected=1 observed=18 accepted=1
I checked build evidence: phase=tool-eof-ms expected=1 observed=20 accepted=1
I checked build evidence: phase=tool-reaped-ms expected=1 observed=46 accepted=1
I checked build evidence: phase=tool-query-ms expected=29929 observed=46 accepted=1
I checked build evidence: phase=tool-spawn-ms expected=1 observed=2 accepted=1
I checked build evidence: phase=tool-first-output-ms expected=1 observed=0 accepted=0
I checked build evidence: phase=tool-eof-ms expected=1 observed=8 accepted=1
I checked build evidence: phase=tool-reaped-ms expected=1 observed=34 accepted=1
I checked build evidence: phase=tool-run-ms expected=29729 observed=34 accepted=1
I checked build evidence: phase=tool-spawn-ms expected=1 observed=0 accepted=1
I checked build evidence: phase=tool-first-output-ms expected=1 observed=45 accepted=1
I checked build evidence: phase=tool-eof-ms expected=1 observed=46 accepted=1
I checked build evidence: phase=tool-reaped-ms expected=1 observed=72 accepted=1
I checked build evidence: phase=tool-query-ms expected=30000 observed=72 accepted=1
I checked build evidence: phase=tool-spawn-ms expected=1 observed=0 accepted=1
I checked build evidence: phase=tool-first-output-ms expected=1 observed=16 accepted=1
I checked build evidence: phase=tool-eof-ms expected=1 observed=18 accepted=1
I checked build evidence: phase=tool-reaped-ms expected=1 observed=44 accepted=1
I checked build evidence: phase=tool-query-ms expected=29928 observed=44 accepted=1
I checked build evidence: phase=tool-spawn-ms expected=1 observed=1 accepted=1
I checked build evidence: phase=tool-first-output-ms expected=1 observed=40 accepted=1
I checked build evidence: phase=tool-eof-ms expected=1 observed=41 accepted=1
I checked build evidence: phase=tool-reaped-ms expected=1 observed=67 accepted=1
I checked build evidence: phase=tool-query-ms expected=29729 observed=67 accepted=1
I checked build evidence: phase=tool-spawn-ms expected=1 observed=0 accepted=1
I checked build evidence: phase=tool-first-output-ms expected=1 observed=17 accepted=1
I checked build evidence: phase=tool-eof-ms expected=1 observed=19 accepted=1
I checked build evidence: phase=tool-reaped-ms expected=1 observed=45 accepted=1
I checked build evidence: phase=tool-query-ms expected=29662 observed=45 accepted=1
I checked build evidence: phase=tool-spawn-ms expected=1 observed=2 accepted=1
I checked build evidence: phase=tool-first-output-ms expected=1 observed=0 accepted=0
I checked build evidence: phase=tool-eof-ms expected=1 observed=8 accepted=1
I checked build evidence: phase=tool-reaped-ms expected=1 observed=33 accepted=1
I checked build evidence: phase=tool-run-ms expected=29465 observed=33 accepted=1
I checked build evidence: phase=tool-spawn-ms expected=1 observed=2 accepted=1
I checked build evidence: phase=tool-first-output-ms expected=1 observed=0 accepted=0
I checked build evidence: phase=tool-eof-ms expected=1 observed=54 accepted=1
I checked build evidence: phase=tool-reaped-ms expected=1 observed=80 accepted=1
I checked build evidence: phase=tool-run-ms expected=29431 observed=80 accepted=1
clang: warning: argument unused during compilation: '-fPIC' [-Wunused-command-line-argument]
I checked build evidence: phase=tool-spawn-ms expected=1 observed=0 accepted=1
I checked build evidence: phase=tool-first-output-ms expected=1 observed=50 accepted=1
I checked build evidence: phase=tool-eof-ms expected=1 observed=52 accepted=1
I checked build evidence: phase=tool-reaped-ms expected=1 observed=78 accepted=1
I checked build evidence: phase=tool-query-ms expected=30000 observed=78 accepted=1
I checked build evidence: phase=tool-spawn-ms expected=1 observed=0 accepted=1
I checked build evidence: phase=tool-first-output-ms expected=1 observed=18 accepted=1
I checked build evidence: phase=tool-eof-ms expected=1 observed=20 accepted=1
I checked build evidence: phase=tool-reaped-ms expected=1 observed=46 accepted=1
I checked build evidence: phase=tool-query-ms expected=29922 observed=46 accepted=1
I checked build evidence: phase=tool-spawn-ms expected=1 observed=2 accepted=1
I checked build evidence: phase=tool-first-output-ms expected=1 observed=0 accepted=0
I checked build evidence: phase=tool-eof-ms expected=1 observed=8 accepted=1
I checked build evidence: phase=tool-reaped-ms expected=1 observed=34 accepted=1
I checked build evidence: phase=tool-run-ms expected=29722 observed=34 accepted=1
I checked build evidence: phase=tool-spawn-ms expected=1 observed=0 accepted=1
I checked build evidence: phase=tool-first-output-ms expected=1 observed=41 accepted=1
I checked build evidence: phase=tool-eof-ms expected=1 observed=42 accepted=1
I checked build evidence: phase=tool-reaped-ms expected=1 observed=68 accepted=1
I checked build evidence: phase=tool-query-ms expected=30000 observed=68 accepted=1
I checked build evidence: phase=tool-spawn-ms expected=1 observed=0 accepted=1
I checked build evidence: phase=tool-first-output-ms expected=1 observed=15 accepted=1
I checked build evidence: phase=tool-eof-ms expected=1 observed=17 accepted=1
I checked build evidence: phase=tool-reaped-ms expected=1 observed=43 accepted=1
I checked build evidence: phase=tool-query-ms expected=29932 observed=43 accepted=1
I checked build evidence: phase=tool-spawn-ms expected=1 observed=0 accepted=1
I checked build evidence: phase=tool-first-output-ms expected=1 observed=43 accepted=1
I checked build evidence: phase=tool-eof-ms expected=1 observed=45 accepted=1
I checked build evidence: phase=tool-reaped-ms expected=1 observed=71 accepted=1
I checked build evidence: phase=tool-query-ms expected=29733 observed=71 accepted=1
I checked build evidence: phase=tool-spawn-ms expected=1 observed=0 accepted=1
I checked build evidence: phase=tool-first-output-ms expected=1 observed=18 accepted=1
I checked build evidence: phase=tool-eof-ms expected=1 observed=20 accepted=1
I checked build evidence: phase=tool-reaped-ms expected=1 observed=46 accepted=1
I checked build evidence: phase=tool-query-ms expected=29662 observed=46 accepted=1
I checked build evidence: phase=tool-spawn-ms expected=1 observed=3 accepted=1
I checked build evidence: phase=tool-first-output-ms expected=1 observed=0 accepted=0
I checked build evidence: phase=tool-eof-ms expected=1 observed=16 accepted=1
I checked build evidence: phase=tool-reaped-ms expected=1 observed=45 accepted=1
I checked build evidence: phase=tool-run-ms expected=29457 observed=45 accepted=1
I checked build evidence: phase=tool-spawn-ms expected=1 observed=5 accepted=1
I checked build evidence: phase=tool-first-output-ms expected=1 observed=0 accepted=0
I checked build evidence: phase=tool-eof-ms expected=1 observed=34 accepted=1
I checked build evidence: phase=tool-reaped-ms expected=1 observed=60 accepted=1
I checked build evidence: phase=tool-run-ms expected=29406 observed=60 accepted=1
I checked build evidence: phase=publish-preprocessing expected=8828173869083937285 observed=8828173869083937285 accepted=1
I checked build evidence: phase=publish-context expected=9295971928566648470 observed=9295971928566648470 accepted=1
I checked build evidence: phase=record-dependencies expected=1 observed=1 accepted=1
I checked build evidence: phase=record-link-inputs expected=1 observed=1 accepted=1
I checked build evidence: phase=record-write expected=1 observed=1 accepted=1
