I checked build evidence: phase=reuse-initial-context expected=0 observed=9295971928566648470 accepted=1
I checked build evidence: phase=reuse-declared-headers expected=1 observed=1 accepted=1
I checked build evidence: phase=reuse-dependencies expected=1 observed=1 accepted=1
I checked build evidence: phase=reuse-link-inputs expected=1 observed=1 accepted=1
I checked build evidence: phase=tool-spawn-ms expected=1 observed=0 accepted=1
I checked build evidence: phase=tool-first-output-ms expected=1 observed=40 accepted=1
I checked build evidence: phase=tool-eof-ms expected=1 observed=42 accepted=1
I checked build evidence: phase=tool-reaped-ms expected=1 observed=68 accepted=1
I checked build evidence: phase=tool-query-ms expected=30000 observed=68 accepted=1
I checked build evidence: phase=tool-spawn-ms expected=1 observed=0 accepted=1
I checked build evidence: phase=tool-first-output-ms expected=1 observed=18 accepted=1
I checked build evidence: phase=tool-eof-ms expected=1 observed=19 accepted=1
I checked build evidence: phase=tool-reaped-ms expected=1 observed=45 accepted=1
I checked build evidence: phase=tool-query-ms expected=29932 observed=45 accepted=1
I checked build evidence: phase=tool-spawn-ms expected=1 observed=2 accepted=1
I checked build evidence: phase=tool-first-output-ms expected=1 observed=0 accepted=0
I checked build evidence: phase=tool-eof-ms expected=1 observed=9 accepted=1
I checked build evidence: phase=tool-reaped-ms expected=1 observed=35 accepted=1
I checked build evidence: phase=tool-run-ms expected=29732 observed=35 accepted=1
I checked build evidence: phase=tool-spawn-ms expected=1 observed=0 accepted=1
I checked build evidence: phase=tool-first-output-ms expected=1 observed=42 accepted=1
I checked build evidence: phase=tool-eof-ms expected=1 observed=43 accepted=1
I checked build evidence: phase=tool-reaped-ms expected=1 observed=69 accepted=1
I checked build evidence: phase=tool-query-ms expected=30000 observed=69 accepted=1
I checked build evidence: phase=tool-spawn-ms expected=1 observed=1 accepted=1
I checked build evidence: phase=tool-first-output-ms expected=1 observed=18 accepted=1
I checked build evidence: phase=tool-eof-ms expected=1 observed=20 accepted=1
I checked build evidence: phase=tool-reaped-ms expected=1 observed=46 accepted=1
I checked build evidence: phase=tool-query-ms expected=29931 observed=46 accepted=1
I checked build evidence: phase=tool-spawn-ms expected=1 observed=0 accepted=1
I checked build evidence: phase=tool-first-output-ms expected=1 observed=46 accepted=1
I checked build evidence: phase=tool-eof-ms expected=1 observed=47 accepted=1
I checked build evidence: phase=tool-reaped-ms expected=1 observed=73 accepted=1
I checked build evidence: phase=tool-query-ms expected=29729 observed=73 accepted=1
I checked build evidence: phase=tool-spawn-ms expected=1 observed=1 accepted=1
I checked build evidence: phase=tool-first-output-ms expected=1 observed=20 accepted=1
I checked build evidence: phase=tool-eof-ms expected=1 observed=22 accepted=1
I checked build evidence: phase=tool-reaped-ms expected=1 observed=48 accepted=1
I checked build evidence: phase=tool-query-ms expected=29656 observed=48 accepted=1
I checked build evidence: phase=tool-output expected=0 observed=186 accepted=0
I checked build evidence: phase=tool-spawn-ms expected=1 observed=1 accepted=1
I checked build evidence: phase=tool-first-output-ms expected=1 observed=6 accepted=1
I checked build evidence: phase=tool-eof-ms expected=1 observed=7 accepted=1
I checked build evidence: phase=tool-reaped-ms expected=1 observed=33 accepted=1
I checked build evidence: phase=tool-run-ms expected=29453 observed=33 accepted=0
/private/var/folders/9z/xpmfgw8j09l4g6wwxrxtt97w0000gn/T/nano-as-search-af84w501/foreign/payload.s:4:10: error: Could not find include file 'selected.s'
.include "selected.s"
         ^
I checked build evidence: phase=reuse-preprocessing expected=0 observed=0 accepted=0
I checked build evidence: phase=reuse-context expected=9295971928566648470 observed=0 accepted=0
I checked build evidence: phase=reuse expected=1 observed=0 accepted=0
I checked build evidence: phase=tool-spawn-ms expected=1 observed=0 accepted=1
I checked build evidence: phase=tool-first-output-ms expected=1 observed=43 accepted=1
I checked build evidence: phase=tool-eof-ms expected=1 observed=45 accepted=1
I checked build evidence: phase=tool-reaped-ms expected=1 observed=71 accepted=1
I checked build evidence: phase=tool-query-ms expected=30000 observed=71 accepted=1
I checked build evidence: phase=tool-spawn-ms expected=1 observed=0 accepted=1
I checked build evidence: phase=tool-first-output-ms expected=1 observed=20 accepted=1
I checked build evidence: phase=tool-eof-ms expected=1 observed=22 accepted=1
I checked build evidence: phase=tool-reaped-ms expected=1 observed=48 accepted=1
I checked build evidence: phase=tool-query-ms expected=29929 observed=48 accepted=1
I checked build evidence: phase=tool-spawn-ms expected=1 observed=2 accepted=1
I checked build evidence: phase=tool-first-output-ms expected=1 observed=0 accepted=0
I checked build evidence: phase=tool-eof-ms expected=1 observed=9 accepted=1
I checked build evidence: phase=tool-reaped-ms expected=1 observed=35 accepted=1
I checked build evidence: phase=tool-run-ms expected=29727 observed=35 accepted=1
I checked build evidence: phase=tool-spawn-ms expected=1 observed=0 accepted=1
I checked build evidence: phase=tool-first-output-ms expected=1 observed=49 accepted=1
I checked build evidence: phase=tool-eof-ms expected=1 observed=50 accepted=1
I checked build evidence: phase=tool-reaped-ms expected=1 observed=76 accepted=1
I checked build evidence: phase=tool-query-ms expected=30000 observed=76 accepted=1
I checked build evidence: phase=tool-spawn-ms expected=1 observed=1 accepted=1
I checked build evidence: phase=tool-first-output-ms expected=1 observed=108 accepted=1
I checked build evidence: phase=tool-eof-ms expected=1 observed=110 accepted=1
I checked build evidence: phase=tool-reaped-ms expected=1 observed=136 accepted=1
I checked build evidence: phase=tool-query-ms expected=29924 observed=136 accepted=1
I checked build evidence: phase=tool-spawn-ms expected=1 observed=1 accepted=1
I checked build evidence: phase=tool-first-output-ms expected=1 observed=72 accepted=1
I checked build evidence: phase=tool-eof-ms expected=1 observed=74 accepted=1
I checked build evidence: phase=tool-reaped-ms expected=1 observed=74 accepted=1
I checked build evidence: phase=tool-query-ms expected=29622 observed=74 accepted=1
I checked build evidence: phase=tool-spawn-ms expected=1 observed=0 accepted=1
I checked build evidence: phase=tool-first-output-ms expected=1 observed=43 accepted=1
I checked build evidence: phase=tool-eof-ms expected=1 observed=45 accepted=1
I checked build evidence: phase=tool-reaped-ms expected=1 observed=71 accepted=1
I checked build evidence: phase=tool-query-ms expected=29548 observed=71 accepted=1
I checked build evidence: phase=tool-output expected=0 observed=186 accepted=0
I checked build evidence: phase=tool-spawn-ms expected=1 observed=2 accepted=1
I checked build evidence: phase=tool-first-output-ms expected=1 observed=6 accepted=1
I checked build evidence: phase=tool-eof-ms expected=1 observed=7 accepted=1
I checked build evidence: phase=tool-reaped-ms expected=1 observed=33 accepted=1
I checked build evidence: phase=tool-run-ms expected=29322 observed=33 accepted=0
/private/var/folders/9z/xpmfgw8j09l4g6wwxrxtt97w0000gn/T/nano-as-search-af84w501/foreign/payload.s:4:10: error: Could not find include file 'selected.s'
.include "selected.s"
         ^
I could not retain external-assembler inputs for answer_native; I will not compile live sources after capture failure
I checked build evidence: phase=build-result expected=1 observed=0 accepted=0
