I checked build evidence: phase=reuse-initial-context expected=0 observed=9295971928566648470 accepted=1
I checked build evidence: phase=reuse-declared-headers expected=1 observed=1 accepted=1
I checked build evidence: phase=reuse-dependencies expected=1 observed=1 accepted=1
I checked build evidence: phase=reuse-link-inputs expected=1 observed=1 accepted=1
I checked build evidence: phase=tool-spawn-ms expected=1 observed=0 accepted=1
I checked build evidence: phase=tool-first-output-ms expected=1 observed=52 accepted=1
I checked build evidence: phase=tool-eof-ms expected=1 observed=53 accepted=1
I checked build evidence: phase=tool-reaped-ms expected=1 observed=79 accepted=1
I checked build evidence: phase=tool-query-ms expected=30000 observed=79 accepted=1
I checked build evidence: phase=tool-spawn-ms expected=1 observed=1 accepted=1
I checked build evidence: phase=tool-first-output-ms expected=1 observed=43 accepted=1
I checked build evidence: phase=tool-eof-ms expected=1 observed=45 accepted=1
I checked build evidence: phase=tool-reaped-ms expected=1 observed=71 accepted=1
I checked build evidence: phase=tool-query-ms expected=29921 observed=71 accepted=1
I checked build evidence: phase=tool-spawn-ms expected=1 observed=0 accepted=1
I checked build evidence: phase=tool-first-output-ms expected=1 observed=0 accepted=0
I checked build evidence: phase=tool-eof-ms expected=1 observed=22 accepted=1
I checked build evidence: phase=tool-reaped-ms expected=1 observed=48 accepted=1
I checked build evidence: phase=tool-run-ms expected=29682 observed=48 accepted=1
I checked build evidence: phase=tool-spawn-ms expected=1 observed=1 accepted=1
I checked build evidence: phase=tool-first-output-ms expected=1 observed=59 accepted=1
I checked build evidence: phase=tool-eof-ms expected=1 observed=61 accepted=1
I checked build evidence: phase=tool-reaped-ms expected=1 observed=87 accepted=1
I checked build evidence: phase=tool-query-ms expected=30000 observed=87 accepted=1
I checked build evidence: phase=tool-spawn-ms expected=1 observed=0 accepted=1
I checked build evidence: phase=tool-first-output-ms expected=1 observed=16 accepted=1
I checked build evidence: phase=tool-eof-ms expected=1 observed=18 accepted=1
I checked build evidence: phase=tool-reaped-ms expected=1 observed=44 accepted=1
I checked build evidence: phase=tool-query-ms expected=29913 observed=44 accepted=1
I checked build evidence: phase=tool-spawn-ms expected=1 observed=1 accepted=1
I checked build evidence: phase=tool-first-output-ms expected=1 observed=40 accepted=1
I checked build evidence: phase=tool-eof-ms expected=1 observed=41 accepted=1
I checked build evidence: phase=tool-reaped-ms expected=1 observed=67 accepted=1
I checked build evidence: phase=tool-query-ms expected=29711 observed=67 accepted=1
I checked build evidence: phase=tool-spawn-ms expected=1 observed=68 accepted=1
I checked build evidence: phase=tool-first-output-ms expected=1 observed=83 accepted=1
I checked build evidence: phase=tool-eof-ms expected=1 observed=85 accepted=1
I checked build evidence: phase=tool-reaped-ms expected=1 observed=111 accepted=1
I checked build evidence: phase=tool-query-ms expected=29643 observed=111 accepted=1
I checked build evidence: phase=tool-spawn-ms expected=1 observed=2 accepted=1
I checked build evidence: phase=tool-first-output-ms expected=1 observed=0 accepted=0
I checked build evidence: phase=tool-eof-ms expected=1 observed=29 accepted=1
I checked build evidence: phase=tool-reaped-ms expected=1 observed=55 accepted=1
I checked build evidence: phase=tool-run-ms expected=29315 observed=55 accepted=1
I checked build evidence: phase=tool-spawn-ms expected=1 observed=2 accepted=1
I checked build evidence: phase=tool-first-output-ms expected=1 observed=0 accepted=0
I checked build evidence: phase=tool-eof-ms expected=1 observed=12 accepted=1
I checked build evidence: phase=tool-reaped-ms expected=1 observed=37 accepted=1
I checked build evidence: phase=tool-run-ms expected=29232 observed=37 accepted=1
I checked build evidence: phase=reuse-preprocessing expected=0 observed=5162529000717501233 accepted=0
I checked build evidence: phase=reuse-context expected=9295971928566648470 observed=0 accepted=0
I checked build evidence: phase=reuse expected=1 observed=0 accepted=0
I checked build evidence: phase=tool-spawn-ms expected=1 observed=0 accepted=1
I checked build evidence: phase=tool-first-output-ms expected=1 observed=49 accepted=1
I checked build evidence: phase=tool-eof-ms expected=1 observed=50 accepted=1
I checked build evidence: phase=tool-reaped-ms expected=1 observed=50 accepted=1
I checked build evidence: phase=tool-query-ms expected=30000 observed=50 accepted=1
I checked build evidence: phase=tool-spawn-ms expected=1 observed=1 accepted=1
I checked build evidence: phase=tool-first-output-ms expected=1 observed=22 accepted=1
I checked build evidence: phase=tool-eof-ms expected=1 observed=24 accepted=1
I checked build evidence: phase=tool-reaped-ms expected=1 observed=50 accepted=1
I checked build evidence: phase=tool-query-ms expected=29950 observed=50 accepted=1
I checked build evidence: phase=tool-spawn-ms expected=1 observed=1 accepted=1
I checked build evidence: phase=tool-first-output-ms expected=1 observed=0 accepted=0
I checked build evidence: phase=tool-eof-ms expected=1 observed=7 accepted=1
I checked build evidence: phase=tool-reaped-ms expected=1 observed=33 accepted=1
I checked build evidence: phase=tool-run-ms expected=29747 observed=33 accepted=1
I checked build evidence: phase=tool-spawn-ms expected=1 observed=0 accepted=1
I checked build evidence: phase=tool-first-output-ms expected=1 observed=47 accepted=1
I checked build evidence: phase=tool-eof-ms expected=1 observed=48 accepted=1
I checked build evidence: phase=tool-reaped-ms expected=1 observed=74 accepted=1
I checked build evidence: phase=tool-query-ms expected=30000 observed=74 accepted=1
I checked build evidence: phase=tool-spawn-ms expected=1 observed=0 accepted=1
I checked build evidence: phase=tool-first-output-ms expected=1 observed=16 accepted=1
I checked build evidence: phase=tool-eof-ms expected=1 observed=18 accepted=1
I checked build evidence: phase=tool-reaped-ms expected=1 observed=44 accepted=1
I checked build evidence: phase=tool-query-ms expected=29926 observed=44 accepted=1
I checked build evidence: phase=tool-spawn-ms expected=1 observed=1 accepted=1
I checked build evidence: phase=tool-first-output-ms expected=1 observed=39 accepted=1
I checked build evidence: phase=tool-eof-ms expected=1 observed=40 accepted=1
I checked build evidence: phase=tool-reaped-ms expected=1 observed=66 accepted=1
I checked build evidence: phase=tool-query-ms expected=29703 observed=66 accepted=1
I checked build evidence: phase=tool-spawn-ms expected=1 observed=1 accepted=1
I checked build evidence: phase=tool-first-output-ms expected=1 observed=17 accepted=1
I checked build evidence: phase=tool-eof-ms expected=1 observed=18 accepted=1
I checked build evidence: phase=tool-reaped-ms expected=1 observed=44 accepted=1
I checked build evidence: phase=tool-query-ms expected=29637 observed=44 accepted=1
I checked build evidence: phase=tool-spawn-ms expected=1 observed=2 accepted=1
I checked build evidence: phase=tool-first-output-ms expected=1 observed=0 accepted=0
I checked build evidence: phase=tool-eof-ms expected=1 observed=7 accepted=1
I checked build evidence: phase=tool-reaped-ms expected=1 observed=33 accepted=1
I checked build evidence: phase=tool-run-ms expected=29439 observed=33 accepted=1
I checked build evidence: phase=tool-spawn-ms expected=1 observed=2 accepted=1
I checked build evidence: phase=tool-first-output-ms expected=1 observed=0 accepted=0
I checked build evidence: phase=tool-eof-ms expected=1 observed=7 accepted=1
I checked build evidence: phase=tool-reaped-ms expected=1 observed=33 accepted=1
I checked build evidence: phase=tool-run-ms expected=29405 observed=33 accepted=1
clang: warning: argument unused during compilation: '-fPIC' [-Wunused-command-line-argument]
I checked build evidence: phase=tool-spawn-ms expected=1 observed=0 accepted=1
I checked build evidence: phase=tool-first-output-ms expected=1 observed=39 accepted=1
I checked build evidence: phase=tool-eof-ms expected=1 observed=40 accepted=1
I checked build evidence: phase=tool-reaped-ms expected=1 observed=66 accepted=1
I checked build evidence: phase=tool-query-ms expected=30000 observed=66 accepted=1
I checked build evidence: phase=tool-spawn-ms expected=1 observed=0 accepted=1
I checked build evidence: phase=tool-first-output-ms expected=1 observed=15 accepted=1
I checked build evidence: phase=tool-eof-ms expected=1 observed=16 accepted=1
I checked build evidence: phase=tool-reaped-ms expected=1 observed=42 accepted=1
I checked build evidence: phase=tool-query-ms expected=29934 observed=42 accepted=1
I checked build evidence: phase=tool-spawn-ms expected=1 observed=2 accepted=1
I checked build evidence: phase=tool-first-output-ms expected=1 observed=0 accepted=0
I checked build evidence: phase=tool-eof-ms expected=1 observed=8 accepted=1
I checked build evidence: phase=tool-reaped-ms expected=1 observed=34 accepted=1
I checked build evidence: phase=tool-run-ms expected=29739 observed=34 accepted=1
I checked build evidence: phase=tool-spawn-ms expected=1 observed=0 accepted=1
I checked build evidence: phase=tool-first-output-ms expected=1 observed=40 accepted=1
I checked build evidence: phase=tool-eof-ms expected=1 observed=42 accepted=1
I checked build evidence: phase=tool-reaped-ms expected=1 observed=68 accepted=1
I checked build evidence: phase=tool-query-ms expected=30000 observed=68 accepted=1
I checked build evidence: phase=tool-spawn-ms expected=1 observed=0 accepted=1
I checked build evidence: phase=tool-first-output-ms expected=1 observed=16 accepted=1
I checked build evidence: phase=tool-eof-ms expected=1 observed=18 accepted=1
I checked build evidence: phase=tool-reaped-ms expected=1 observed=44 accepted=1
I checked build evidence: phase=tool-query-ms expected=29932 observed=44 accepted=1
I checked build evidence: phase=tool-spawn-ms expected=1 observed=1 accepted=1
I checked build evidence: phase=tool-first-output-ms expected=1 observed=42 accepted=1
I checked build evidence: phase=tool-eof-ms expected=1 observed=43 accepted=1
I checked build evidence: phase=tool-reaped-ms expected=1 observed=68 accepted=1
I checked build evidence: phase=tool-query-ms expected=29734 observed=68 accepted=1
I checked build evidence: phase=tool-spawn-ms expected=1 observed=0 accepted=1
I checked build evidence: phase=tool-first-output-ms expected=1 observed=17 accepted=1
I checked build evidence: phase=tool-eof-ms expected=1 observed=18 accepted=1
I checked build evidence: phase=tool-reaped-ms expected=1 observed=44 accepted=1
I checked build evidence: phase=tool-query-ms expected=29666 observed=44 accepted=1
I checked build evidence: phase=tool-spawn-ms expected=1 observed=2 accepted=1
I checked build evidence: phase=tool-first-output-ms expected=1 observed=0 accepted=0
I checked build evidence: phase=tool-eof-ms expected=1 observed=7 accepted=1
I checked build evidence: phase=tool-reaped-ms expected=1 observed=33 accepted=1
I checked build evidence: phase=tool-run-ms expected=29467 observed=33 accepted=1
I checked build evidence: phase=tool-spawn-ms expected=1 observed=2 accepted=1
I checked build evidence: phase=tool-first-output-ms expected=1 observed=0 accepted=0
I checked build evidence: phase=tool-eof-ms expected=1 observed=7 accepted=1
I checked build evidence: phase=tool-reaped-ms expected=1 observed=33 accepted=1
I checked build evidence: phase=tool-run-ms expected=29434 observed=33 accepted=1
I checked build evidence: phase=publish-preprocessing expected=5162529000717501233 observed=5162529000717501233 accepted=1
I checked build evidence: phase=publish-context expected=9295971928566648470 observed=9295971928566648470 accepted=1
I checked build evidence: phase=record-dependencies expected=1 observed=1 accepted=1
I checked build evidence: phase=record-link-inputs expected=1 observed=1 accepted=1
I checked build evidence: phase=record-write expected=1 observed=1 accepted=1
