I checked build evidence: phase=reuse-initial-context expected=0 observed=9295971928566648470 accepted=1
I checked build evidence: phase=reuse-declared-headers expected=1 observed=1 accepted=1
I checked build evidence: phase=reuse-dependencies expected=1 observed=1 accepted=1
I checked build evidence: phase=reuse-link-inputs expected=1 observed=1 accepted=1
I checked build evidence: phase=tool-spawn-ms expected=1 observed=0 accepted=1
I checked build evidence: phase=tool-first-output-ms expected=1 observed=37 accepted=1
I checked build evidence: phase=tool-eof-ms expected=1 observed=38 accepted=1
I checked build evidence: phase=tool-reaped-ms expected=1 observed=64 accepted=1
I checked build evidence: phase=tool-query-ms expected=30000 observed=64 accepted=1
I checked build evidence: phase=tool-spawn-ms expected=1 observed=0 accepted=1
I checked build evidence: phase=tool-first-output-ms expected=1 observed=14 accepted=1
I checked build evidence: phase=tool-eof-ms expected=1 observed=16 accepted=1
I checked build evidence: phase=tool-reaped-ms expected=1 observed=42 accepted=1
I checked build evidence: phase=tool-query-ms expected=29936 observed=42 accepted=1
I checked build evidence: phase=tool-spawn-ms expected=1 observed=2 accepted=1
I checked build evidence: phase=tool-first-output-ms expected=1 observed=0 accepted=0
I checked build evidence: phase=tool-eof-ms expected=1 observed=8 accepted=1
I checked build evidence: phase=tool-reaped-ms expected=1 observed=34 accepted=1
I checked build evidence: phase=tool-run-ms expected=29741 observed=34 accepted=1
I checked build evidence: phase=tool-spawn-ms expected=1 observed=1 accepted=1
I checked build evidence: phase=tool-first-output-ms expected=1 observed=39 accepted=1
I checked build evidence: phase=tool-eof-ms expected=1 observed=41 accepted=1
I checked build evidence: phase=tool-reaped-ms expected=1 observed=67 accepted=1
I checked build evidence: phase=tool-query-ms expected=30000 observed=67 accepted=1
I checked build evidence: phase=tool-spawn-ms expected=1 observed=0 accepted=1
I checked build evidence: phase=tool-first-output-ms expected=1 observed=15 accepted=1
I checked build evidence: phase=tool-eof-ms expected=1 observed=17 accepted=1
I checked build evidence: phase=tool-reaped-ms expected=1 observed=42 accepted=1
I checked build evidence: phase=tool-query-ms expected=29933 observed=42 accepted=1
I checked build evidence: phase=tool-spawn-ms expected=1 observed=0 accepted=1
I checked build evidence: phase=tool-first-output-ms expected=1 observed=37 accepted=1
I checked build evidence: phase=tool-eof-ms expected=1 observed=39 accepted=1
I checked build evidence: phase=tool-reaped-ms expected=1 observed=65 accepted=1
I checked build evidence: phase=tool-query-ms expected=29736 observed=65 accepted=1
I checked build evidence: phase=tool-spawn-ms expected=1 observed=0 accepted=1
I checked build evidence: phase=tool-first-output-ms expected=1 observed=14 accepted=1
I checked build evidence: phase=tool-eof-ms expected=1 observed=16 accepted=1
I checked build evidence: phase=tool-reaped-ms expected=1 observed=42 accepted=1
I checked build evidence: phase=tool-query-ms expected=29671 observed=42 accepted=1
I checked build evidence: phase=tool-spawn-ms expected=1 observed=1 accepted=1
I checked build evidence: phase=tool-first-output-ms expected=1 observed=0 accepted=0
I checked build evidence: phase=tool-eof-ms expected=1 observed=7 accepted=1
I checked build evidence: phase=tool-reaped-ms expected=1 observed=33 accepted=1
I checked build evidence: phase=tool-run-ms expected=29474 observed=33 accepted=1
I checked build evidence: phase=tool-spawn-ms expected=1 observed=2 accepted=1
I checked build evidence: phase=tool-first-output-ms expected=1 observed=0 accepted=0
I checked build evidence: phase=tool-eof-ms expected=1 observed=7 accepted=1
I checked build evidence: phase=tool-reaped-ms expected=1 observed=33 accepted=1
I checked build evidence: phase=tool-run-ms expected=29441 observed=33 accepted=1
I checked build evidence: phase=reuse-preprocessing expected=0 observed=5162529000717501233 accepted=1
I checked build evidence: phase=reuse-context expected=9295971928566648470 observed=9295971928566648470 accepted=1
I checked build evidence: phase=reuse expected=1 observed=1 accepted=1
