I checked build evidence: phase=reuse-initial-context expected=0 observed=9379459587797933641 accepted=1
I checked build evidence: phase=reuse-declared-headers expected=1 observed=1 accepted=1
I checked build evidence: phase=reuse-dependencies expected=1 observed=1 accepted=1
I checked build evidence: phase=reuse-link-inputs expected=1 observed=1 accepted=1
I checked build evidence: phase=tool-spawn-ms expected=1 observed=1 accepted=1
I checked build evidence: phase=tool-first-output-ms expected=1 observed=38 accepted=1
I checked build evidence: phase=tool-eof-ms expected=1 observed=39 accepted=1
I checked build evidence: phase=tool-reaped-ms expected=1 observed=65 accepted=1
I checked build evidence: phase=tool-query-ms expected=30000 observed=65 accepted=1
I checked build evidence: phase=tool-spawn-ms expected=1 observed=0 accepted=1
I checked build evidence: phase=tool-first-output-ms expected=1 observed=14 accepted=1
I checked build evidence: phase=tool-eof-ms expected=1 observed=16 accepted=1
I checked build evidence: phase=tool-reaped-ms expected=1 observed=42 accepted=1
I checked build evidence: phase=tool-query-ms expected=29935 observed=42 accepted=1
I checked build evidence: phase=tool-spawn-ms expected=1 observed=2 accepted=1
I checked build evidence: phase=tool-first-output-ms expected=1 observed=0 accepted=0
I checked build evidence: phase=tool-eof-ms expected=1 observed=8 accepted=1
I checked build evidence: phase=tool-reaped-ms expected=1 observed=34 accepted=1
I checked build evidence: phase=tool-run-ms expected=29740 observed=34 accepted=1
I checked build evidence: phase=tool-spawn-ms expected=1 observed=0 accepted=1
I checked build evidence: phase=tool-first-output-ms expected=1 observed=37 accepted=1
I checked build evidence: phase=tool-eof-ms expected=1 observed=38 accepted=1
I checked build evidence: phase=tool-reaped-ms expected=1 observed=64 accepted=1
I checked build evidence: phase=tool-query-ms expected=30000 observed=64 accepted=1
I checked build evidence: phase=tool-spawn-ms expected=1 observed=1 accepted=1
I checked build evidence: phase=tool-first-output-ms expected=1 observed=14 accepted=1
I checked build evidence: phase=tool-eof-ms expected=1 observed=16 accepted=1
I checked build evidence: phase=tool-reaped-ms expected=1 observed=42 accepted=1
I checked build evidence: phase=tool-query-ms expected=29936 observed=42 accepted=1
I checked build evidence: phase=tool-spawn-ms expected=1 observed=0 accepted=1
I checked build evidence: phase=tool-first-output-ms expected=1 observed=37 accepted=1
I checked build evidence: phase=tool-eof-ms expected=1 observed=39 accepted=1
I checked build evidence: phase=tool-reaped-ms expected=1 observed=65 accepted=1
I checked build evidence: phase=tool-query-ms expected=29738 observed=65 accepted=1
I checked build evidence: phase=tool-spawn-ms expected=1 observed=0 accepted=1
I checked build evidence: phase=tool-first-output-ms expected=1 observed=14 accepted=1
I checked build evidence: phase=tool-eof-ms expected=1 observed=16 accepted=1
I checked build evidence: phase=tool-reaped-ms expected=1 observed=42 accepted=1
I checked build evidence: phase=tool-query-ms expected=29673 observed=42 accepted=1
I checked build evidence: phase=tool-output expected=0 observed=186 accepted=0
I checked build evidence: phase=tool-spawn-ms expected=1 observed=2 accepted=1
I checked build evidence: phase=tool-first-output-ms expected=1 observed=6 accepted=1
I checked build evidence: phase=tool-eof-ms expected=1 observed=7 accepted=1
I checked build evidence: phase=tool-reaped-ms expected=1 observed=33 accepted=1
I checked build evidence: phase=tool-run-ms expected=29477 observed=33 accepted=0
/private/var/folders/9z/xpmfgw8j09l4g6wwxrxtt97w0000gn/T/nano-as-search-hu30k638/foreign/payload.s:4:10: error: Could not find include file 'selected.s'
.include "selected.s"
         ^
I checked build evidence: phase=reuse-preprocessing expected=0 observed=0 accepted=0
I checked build evidence: phase=reuse-context expected=9379459587797933641 observed=0 accepted=0
I checked build evidence: phase=reuse expected=1 observed=0 accepted=0
I checked build evidence: phase=tool-spawn-ms expected=1 observed=1 accepted=1
I checked build evidence: phase=tool-first-output-ms expected=1 observed=41 accepted=1
I checked build evidence: phase=tool-eof-ms expected=1 observed=42 accepted=1
I checked build evidence: phase=tool-reaped-ms expected=1 observed=68 accepted=1
I checked build evidence: phase=tool-query-ms expected=30000 observed=68 accepted=1
I checked build evidence: phase=tool-spawn-ms expected=1 observed=1 accepted=1
I checked build evidence: phase=tool-first-output-ms expected=1 observed=18 accepted=1
I checked build evidence: phase=tool-eof-ms expected=1 observed=20 accepted=1
I checked build evidence: phase=tool-reaped-ms expected=1 observed=46 accepted=1
I checked build evidence: phase=tool-query-ms expected=29932 observed=46 accepted=1
I checked build evidence: phase=tool-spawn-ms expected=1 observed=2 accepted=1
I checked build evidence: phase=tool-first-output-ms expected=1 observed=0 accepted=0
I checked build evidence: phase=tool-eof-ms expected=1 observed=7 accepted=1
I checked build evidence: phase=tool-reaped-ms expected=1 observed=33 accepted=1
I checked build evidence: phase=tool-run-ms expected=29732 observed=33 accepted=1
I checked build evidence: phase=tool-spawn-ms expected=1 observed=1 accepted=1
I checked build evidence: phase=tool-first-output-ms expected=1 observed=39 accepted=1
I checked build evidence: phase=tool-eof-ms expected=1 observed=40 accepted=1
I checked build evidence: phase=tool-reaped-ms expected=1 observed=66 accepted=1
I checked build evidence: phase=tool-query-ms expected=30000 observed=66 accepted=1
I checked build evidence: phase=tool-spawn-ms expected=1 observed=0 accepted=1
I checked build evidence: phase=tool-first-output-ms expected=1 observed=18 accepted=1
I checked build evidence: phase=tool-eof-ms expected=1 observed=20 accepted=1
I checked build evidence: phase=tool-reaped-ms expected=1 observed=45 accepted=1
I checked build evidence: phase=tool-query-ms expected=29934 observed=45 accepted=1
I checked build evidence: phase=tool-spawn-ms expected=1 observed=1 accepted=1
I checked build evidence: phase=tool-first-output-ms expected=1 observed=44 accepted=1
I checked build evidence: phase=tool-eof-ms expected=1 observed=45 accepted=1
I checked build evidence: phase=tool-reaped-ms expected=1 observed=71 accepted=1
I checked build evidence: phase=tool-query-ms expected=29734 observed=71 accepted=1
I checked build evidence: phase=tool-spawn-ms expected=1 observed=0 accepted=1
I checked build evidence: phase=tool-first-output-ms expected=1 observed=17 accepted=1
I checked build evidence: phase=tool-eof-ms expected=1 observed=19 accepted=1
I checked build evidence: phase=tool-reaped-ms expected=1 observed=45 accepted=1
I checked build evidence: phase=tool-query-ms expected=29663 observed=45 accepted=1
I checked build evidence: phase=tool-output expected=0 observed=186 accepted=0
I checked build evidence: phase=tool-spawn-ms expected=1 observed=1 accepted=1
I checked build evidence: phase=tool-first-output-ms expected=1 observed=6 accepted=1
I checked build evidence: phase=tool-eof-ms expected=1 observed=7 accepted=1
I checked build evidence: phase=tool-reaped-ms expected=1 observed=33 accepted=1
I checked build evidence: phase=tool-run-ms expected=29464 observed=33 accepted=0
/private/var/folders/9z/xpmfgw8j09l4g6wwxrxtt97w0000gn/T/nano-as-search-hu30k638/foreign/payload.s:4:10: error: Could not find include file 'selected.s'
.include "selected.s"
         ^
I could not retain external-assembler inputs for answer_native; I will not compile live sources after capture failure
I checked build evidence: phase=build-result expected=1 observed=0 accepted=0
