I checked build evidence: phase=tool-spawn-ms expected=1 observed=1 accepted=1
I checked build evidence: phase=tool-first-output-ms expected=1 observed=64 accepted=1
I checked build evidence: phase=tool-eof-ms expected=1 observed=66 accepted=1
I checked build evidence: phase=tool-reaped-ms expected=1 observed=92 accepted=1
I checked build evidence: phase=tool-query-ms expected=30000 observed=92 accepted=1
I checked build evidence: phase=tool-spawn-ms expected=1 observed=1 accepted=1
I checked build evidence: phase=tool-first-output-ms expected=1 observed=0 accepted=0
I checked build evidence: phase=tool-eof-ms expected=1 observed=27 accepted=1
I checked build evidence: phase=tool-reaped-ms expected=1 observed=53 accepted=1
I checked build evidence: phase=tool-run-ms expected=29584 observed=53 accepted=1
I checked build evidence: phase=tool-spawn-ms expected=1 observed=1 accepted=1
I checked build evidence: phase=tool-first-output-ms expected=1 observed=86 accepted=1
I checked build evidence: phase=tool-eof-ms expected=1 observed=88 accepted=1
I checked build evidence: phase=tool-reaped-ms expected=1 observed=114 accepted=1
I checked build evidence: phase=tool-query-ms expected=30000 observed=114 accepted=1
I checked build evidence: phase=tool-spawn-ms expected=1 observed=1 accepted=1
I checked build evidence: phase=tool-first-output-ms expected=1 observed=92 accepted=1
I checked build evidence: phase=tool-eof-ms expected=1 observed=94 accepted=1
I checked build evidence: phase=tool-reaped-ms expected=1 observed=119 accepted=1
I checked build evidence: phase=tool-query-ms expected=29512 observed=119 accepted=1
I checked build evidence: phase=tool-spawn-ms expected=1 observed=1 accepted=1
I checked build evidence: phase=tool-first-output-ms expected=1 observed=0 accepted=0
I checked build evidence: phase=tool-eof-ms expected=1 observed=14 accepted=1
I checked build evidence: phase=tool-reaped-ms expected=1 observed=40 accepted=1
I checked build evidence: phase=tool-run-ms expected=29059 observed=40 accepted=1
I checked build evidence: phase=tool-spawn-ms expected=1 observed=1 accepted=1
I checked build evidence: phase=tool-first-output-ms expected=1 observed=0 accepted=0
I checked build evidence: phase=tool-eof-ms expected=1 observed=12 accepted=1
I checked build evidence: phase=tool-reaped-ms expected=1 observed=38 accepted=1
I checked build evidence: phase=tool-run-ms expected=29017 observed=38 accepted=1
I checked build evidence: phase=tool-spawn-ms expected=1 observed=0 accepted=1
I checked build evidence: phase=tool-first-output-ms expected=1 observed=228 accepted=1
I checked build evidence: phase=tool-eof-ms expected=1 observed=230 accepted=1
I checked build evidence: phase=tool-reaped-ms expected=1 observed=256 accepted=1
I checked build evidence: phase=tool-query-ms expected=30000 observed=256 accepted=1
I checked build evidence: phase=tool-spawn-ms expected=1 observed=2 accepted=1
I checked build evidence: phase=tool-first-output-ms expected=1 observed=0 accepted=0
I checked build evidence: phase=tool-eof-ms expected=1 observed=17 accepted=1
I checked build evidence: phase=tool-reaped-ms expected=1 observed=43 accepted=1
I checked build evidence: phase=tool-run-ms expected=29416 observed=43 accepted=1
I checked build evidence: phase=tool-spawn-ms expected=1 observed=0 accepted=1
I checked build evidence: phase=tool-first-output-ms expected=1 observed=62 accepted=1
I checked build evidence: phase=tool-eof-ms expected=1 observed=64 accepted=1
I checked build evidence: phase=tool-reaped-ms expected=1 observed=90 accepted=1
I checked build evidence: phase=tool-query-ms expected=30000 observed=90 accepted=1
I checked build evidence: phase=tool-spawn-ms expected=1 observed=1 accepted=1
I checked build evidence: phase=tool-first-output-ms expected=1 observed=315 accepted=1
I checked build evidence: phase=tool-eof-ms expected=1 observed=317 accepted=1
I checked build evidence: phase=tool-reaped-ms expected=1 observed=343 accepted=1
I checked build evidence: phase=tool-query-ms expected=29517 observed=343 accepted=1
I checked build evidence: phase=tool-spawn-ms expected=1 observed=0 accepted=1
I checked build evidence: phase=tool-first-output-ms expected=1 observed=0 accepted=0
I checked build evidence: phase=tool-eof-ms expected=1 observed=31 accepted=1
I checked build evidence: phase=tool-reaped-ms expected=1 observed=57 accepted=1
I checked build evidence: phase=tool-run-ms expected=28826 observed=57 accepted=1
I checked build evidence: phase=tool-spawn-ms expected=1 observed=1 accepted=1
I checked build evidence: phase=tool-first-output-ms expected=1 observed=0 accepted=0
I checked build evidence: phase=tool-eof-ms expected=1 observed=13 accepted=1
I checked build evidence: phase=tool-reaped-ms expected=1 observed=13 accepted=1
I checked build evidence: phase=tool-run-ms expected=28762 observed=13 accepted=1
I checked build evidence: phase=publish-preprocessing expected=5146147523329790437 observed=5146147523329790437 accepted=1
I checked build evidence: phase=publish-context expected=1702132860030272240 observed=1702132860030272240 accepted=1
I checked build evidence: phase=record-dependencies expected=1 observed=1 accepted=1
I checked build evidence: phase=record-link-inputs expected=1 observed=1 accepted=1
I checked build evidence: phase=record-write expected=1 observed=1 accepted=1
