I checked build evidence: phase=reuse-initial-context expected=0 observed=5477005076181838214 accepted=1
I checked build evidence: phase=reuse-declared-headers expected=1 observed=1 accepted=1
I checked build evidence: phase=reuse-dependencies expected=1 observed=1 accepted=1
I checked build evidence: phase=reuse-link-inputs expected=1 observed=1 accepted=1
I checked build evidence: phase=tool-spawn-ms expected=1 observed=0 accepted=1
I checked build evidence: phase=tool-first-output-ms expected=1 observed=42 accepted=1
I checked build evidence: phase=tool-eof-ms expected=1 observed=43 accepted=1
I checked build evidence: phase=tool-reaped-ms expected=1 observed=68 accepted=1
I checked build evidence: phase=tool-query-ms expected=30000 observed=68 accepted=1
I checked build evidence: phase=tool-spawn-ms expected=1 observed=2 accepted=1
I checked build evidence: phase=tool-first-output-ms expected=1 observed=0 accepted=0
I checked build evidence: phase=tool-eof-ms expected=1 observed=8 accepted=1
I checked build evidence: phase=tool-reaped-ms expected=1 observed=34 accepted=1
I checked build evidence: phase=tool-run-ms expected=29627 observed=34 accepted=1
I checked build evidence: phase=tool-spawn-ms expected=1 observed=0 accepted=1
I checked build evidence: phase=tool-first-output-ms expected=1 observed=41 accepted=1
I checked build evidence: phase=tool-eof-ms expected=1 observed=43 accepted=1
I checked build evidence: phase=tool-reaped-ms expected=1 observed=69 accepted=1
I checked build evidence: phase=tool-query-ms expected=30000 observed=69 accepted=1
I checked build evidence: phase=tool-spawn-ms expected=1 observed=0 accepted=1
I checked build evidence: phase=tool-first-output-ms expected=1 observed=41 accepted=1
I checked build evidence: phase=tool-eof-ms expected=1 observed=43 accepted=1
I checked build evidence: phase=tool-reaped-ms expected=1 observed=68 accepted=1
I checked build evidence: phase=tool-query-ms expected=29612 observed=68 accepted=1
I checked build evidence: phase=tool-spawn-ms expected=1 observed=2 accepted=1
I checked build evidence: phase=tool-first-output-ms expected=1 observed=0 accepted=0
I checked build evidence: phase=tool-eof-ms expected=1 observed=9 accepted=1
I checked build evidence: phase=tool-reaped-ms expected=1 observed=35 accepted=1
I checked build evidence: phase=tool-run-ms expected=29238 observed=35 accepted=1
I checked build evidence: phase=tool-spawn-ms expected=1 observed=2 accepted=1
I checked build evidence: phase=tool-first-output-ms expected=1 observed=0 accepted=0
I checked build evidence: phase=tool-eof-ms expected=1 observed=7 accepted=1
I checked build evidence: phase=tool-reaped-ms expected=1 observed=32 accepted=1
I checked build evidence: phase=tool-run-ms expected=29202 observed=32 accepted=1
I checked build evidence: phase=reuse-preprocessing expected=0 observed=9061225161145373122 accepted=0
I checked build evidence: phase=reuse-context expected=5477005076181838214 observed=0 accepted=0
I checked build evidence: phase=reuse expected=1 observed=0 accepted=0
I checked build evidence: phase=tool-spawn-ms expected=1 observed=0 accepted=1
I checked build evidence: phase=tool-first-output-ms expected=1 observed=39 accepted=1
I checked build evidence: phase=tool-eof-ms expected=1 observed=41 accepted=1
I checked build evidence: phase=tool-reaped-ms expected=1 observed=67 accepted=1
I checked build evidence: phase=tool-query-ms expected=30000 observed=67 accepted=1
I checked build evidence: phase=tool-spawn-ms expected=1 observed=2 accepted=1
I checked build evidence: phase=tool-first-output-ms expected=1 observed=0 accepted=0
I checked build evidence: phase=tool-eof-ms expected=1 observed=7 accepted=1
I checked build evidence: phase=tool-reaped-ms expected=1 observed=33 accepted=1
I checked build evidence: phase=tool-run-ms expected=29628 observed=33 accepted=1
I checked build evidence: phase=tool-spawn-ms expected=1 observed=0 accepted=1
I checked build evidence: phase=tool-first-output-ms expected=1 observed=38 accepted=1
I checked build evidence: phase=tool-eof-ms expected=1 observed=40 accepted=1
I checked build evidence: phase=tool-reaped-ms expected=1 observed=66 accepted=1
I checked build evidence: phase=tool-query-ms expected=30000 observed=66 accepted=1
I checked build evidence: phase=tool-spawn-ms expected=1 observed=0 accepted=1
I checked build evidence: phase=tool-first-output-ms expected=1 observed=40 accepted=1
I checked build evidence: phase=tool-eof-ms expected=1 observed=42 accepted=1
I checked build evidence: phase=tool-reaped-ms expected=1 observed=68 accepted=1
I checked build evidence: phase=tool-query-ms expected=29626 observed=68 accepted=1
I checked build evidence: phase=tool-spawn-ms expected=1 observed=2 accepted=1
I checked build evidence: phase=tool-first-output-ms expected=1 observed=0 accepted=0
I checked build evidence: phase=tool-eof-ms expected=1 observed=7 accepted=1
I checked build evidence: phase=tool-reaped-ms expected=1 observed=33 accepted=1
I checked build evidence: phase=tool-run-ms expected=29253 observed=33 accepted=1
I checked build evidence: phase=tool-spawn-ms expected=1 observed=1 accepted=1
I checked build evidence: phase=tool-first-output-ms expected=1 observed=0 accepted=0
I checked build evidence: phase=tool-eof-ms expected=1 observed=7 accepted=1
I checked build evidence: phase=tool-reaped-ms expected=1 observed=33 accepted=1
I checked build evidence: phase=tool-run-ms expected=29219 observed=33 accepted=1
I checked build evidence: phase=tool-spawn-ms expected=1 observed=0 accepted=1
I checked build evidence: phase=tool-first-output-ms expected=1 observed=40 accepted=1
I checked build evidence: phase=tool-eof-ms expected=1 observed=41 accepted=1
I checked build evidence: phase=tool-reaped-ms expected=1 observed=67 accepted=1
I checked build evidence: phase=tool-query-ms expected=30000 observed=67 accepted=1
I checked build evidence: phase=tool-spawn-ms expected=1 observed=2 accepted=1
I checked build evidence: phase=tool-first-output-ms expected=1 observed=0 accepted=0
I checked build evidence: phase=tool-eof-ms expected=1 observed=8 accepted=1
I checked build evidence: phase=tool-reaped-ms expected=1 observed=34 accepted=1
I checked build evidence: phase=tool-run-ms expected=29489 observed=34 accepted=1
I checked build evidence: phase=tool-spawn-ms expected=1 observed=0 accepted=1
I checked build evidence: phase=tool-first-output-ms expected=1 observed=42 accepted=1
I checked build evidence: phase=tool-eof-ms expected=1 observed=43 accepted=1
I checked build evidence: phase=tool-reaped-ms expected=1 observed=69 accepted=1
I checked build evidence: phase=tool-query-ms expected=30000 observed=69 accepted=1
I checked build evidence: phase=tool-spawn-ms expected=1 observed=0 accepted=1
I checked build evidence: phase=tool-first-output-ms expected=1 observed=39 accepted=1
I checked build evidence: phase=tool-eof-ms expected=1 observed=41 accepted=1
I checked build evidence: phase=tool-reaped-ms expected=1 observed=67 accepted=1
I checked build evidence: phase=tool-query-ms expected=29622 observed=67 accepted=1
I checked build evidence: phase=tool-spawn-ms expected=1 observed=2 accepted=1
I checked build evidence: phase=tool-first-output-ms expected=1 observed=0 accepted=0
I checked build evidence: phase=tool-eof-ms expected=1 observed=7 accepted=1
I checked build evidence: phase=tool-reaped-ms expected=1 observed=33 accepted=1
I checked build evidence: phase=tool-run-ms expected=29250 observed=33 accepted=1
I checked build evidence: phase=tool-spawn-ms expected=1 observed=2 accepted=1
I checked build evidence: phase=tool-first-output-ms expected=1 observed=0 accepted=0
I checked build evidence: phase=tool-eof-ms expected=1 observed=8 accepted=1
I checked build evidence: phase=tool-reaped-ms expected=1 observed=34 accepted=1
I checked build evidence: phase=tool-run-ms expected=29217 observed=34 accepted=1
I checked build evidence: phase=publish-preprocessing expected=9061225161145373122 observed=9061225161145373122 accepted=1
I checked build evidence: phase=publish-context expected=5477005076181838214 observed=5477005076181838214 accepted=1
I checked build evidence: phase=record-dependencies expected=1 observed=1 accepted=1
I checked build evidence: phase=record-link-inputs expected=1 observed=1 accepted=1
I checked build evidence: phase=record-write expected=1 observed=1 accepted=1
