I checked build evidence: phase=reuse-initial-context expected=0 observed=6053511072868944907 accepted=1
I checked build evidence: phase=reuse-declared-headers expected=1 observed=1 accepted=1
I checked build evidence: phase=reuse-dependencies expected=1 observed=1 accepted=1
I checked build evidence: phase=reuse-link-inputs expected=1 observed=1 accepted=1
I checked build evidence: phase=tool-spawn-ms expected=1 observed=0 accepted=1
I checked build evidence: phase=tool-first-output-ms expected=1 observed=37 accepted=1
I checked build evidence: phase=tool-eof-ms expected=1 observed=38 accepted=1
I checked build evidence: phase=tool-reaped-ms expected=1 observed=64 accepted=1
I checked build evidence: phase=tool-query-ms expected=30000 observed=64 accepted=1
I checked build evidence: phase=tool-spawn-ms expected=1 observed=0 accepted=1
I checked build evidence: phase=tool-first-output-ms expected=1 observed=14 accepted=1
I checked build evidence: phase=tool-eof-ms expected=1 observed=15 accepted=1
I checked build evidence: phase=tool-reaped-ms expected=1 observed=41 accepted=1
I checked build evidence: phase=tool-query-ms expected=29936 observed=41 accepted=1
I checked build evidence: phase=tool-spawn-ms expected=1 observed=2 accepted=1
I checked build evidence: phase=tool-first-output-ms expected=1 observed=0 accepted=0
I checked build evidence: phase=tool-eof-ms expected=1 observed=8 accepted=1
I checked build evidence: phase=tool-reaped-ms expected=1 observed=34 accepted=1
I checked build evidence: phase=tool-run-ms expected=29744 observed=34 accepted=1
I checked build evidence: phase=tool-spawn-ms expected=1 observed=0 accepted=1
I checked build evidence: phase=tool-first-output-ms expected=1 observed=37 accepted=1
I checked build evidence: phase=tool-eof-ms expected=1 observed=38 accepted=1
I checked build evidence: phase=tool-reaped-ms expected=1 observed=64 accepted=1
I checked build evidence: phase=tool-query-ms expected=30000 observed=64 accepted=1
I checked build evidence: phase=tool-spawn-ms expected=1 observed=0 accepted=1
I checked build evidence: phase=tool-first-output-ms expected=1 observed=14 accepted=1
I checked build evidence: phase=tool-eof-ms expected=1 observed=15 accepted=1
I checked build evidence: phase=tool-reaped-ms expected=1 observed=41 accepted=1
I checked build evidence: phase=tool-query-ms expected=29936 observed=41 accepted=1
I checked build evidence: phase=tool-spawn-ms expected=1 observed=1 accepted=1
I checked build evidence: phase=tool-first-output-ms expected=1 observed=39 accepted=1
I checked build evidence: phase=tool-eof-ms expected=1 observed=40 accepted=1
I checked build evidence: phase=tool-reaped-ms expected=1 observed=66 accepted=1
I checked build evidence: phase=tool-query-ms expected=29742 observed=66 accepted=1
I checked build evidence: phase=tool-spawn-ms expected=1 observed=0 accepted=1
I checked build evidence: phase=tool-first-output-ms expected=1 observed=15 accepted=1
I checked build evidence: phase=tool-eof-ms expected=1 observed=16 accepted=1
I checked build evidence: phase=tool-reaped-ms expected=1 observed=42 accepted=1
I checked build evidence: phase=tool-query-ms expected=29676 observed=42 accepted=1
I checked build evidence: phase=tool-spawn-ms expected=1 observed=2 accepted=1
I checked build evidence: phase=tool-first-output-ms expected=1 observed=0 accepted=0
I checked build evidence: phase=tool-eof-ms expected=1 observed=7 accepted=1
I checked build evidence: phase=tool-reaped-ms expected=1 observed=33 accepted=1
I checked build evidence: phase=tool-run-ms expected=29482 observed=33 accepted=1
I checked build evidence: phase=tool-spawn-ms expected=1 observed=2 accepted=1
I checked build evidence: phase=tool-first-output-ms expected=1 observed=0 accepted=0
I checked build evidence: phase=tool-eof-ms expected=1 observed=7 accepted=1
I checked build evidence: phase=tool-reaped-ms expected=1 observed=33 accepted=1
I checked build evidence: phase=tool-run-ms expected=29448 observed=33 accepted=1
I checked build evidence: phase=reuse-preprocessing expected=0 observed=12278728976516754649 accepted=0
I checked build evidence: phase=reuse-context expected=6053511072868944907 observed=0 accepted=0
I checked build evidence: phase=reuse expected=1 observed=0 accepted=0
I checked build evidence: phase=tool-spawn-ms expected=1 observed=0 accepted=1
I checked build evidence: phase=tool-first-output-ms expected=1 observed=37 accepted=1
I checked build evidence: phase=tool-eof-ms expected=1 observed=38 accepted=1
I checked build evidence: phase=tool-reaped-ms expected=1 observed=64 accepted=1
I checked build evidence: phase=tool-query-ms expected=30000 observed=64 accepted=1
I checked build evidence: phase=tool-spawn-ms expected=1 observed=1 accepted=1
I checked build evidence: phase=tool-first-output-ms expected=1 observed=14 accepted=1
I checked build evidence: phase=tool-eof-ms expected=1 observed=16 accepted=1
I checked build evidence: phase=tool-reaped-ms expected=1 observed=42 accepted=1
I checked build evidence: phase=tool-query-ms expected=29936 observed=42 accepted=1
I checked build evidence: phase=tool-spawn-ms expected=1 observed=1 accepted=1
I checked build evidence: phase=tool-first-output-ms expected=1 observed=0 accepted=0
I checked build evidence: phase=tool-eof-ms expected=1 observed=7 accepted=1
I checked build evidence: phase=tool-reaped-ms expected=1 observed=33 accepted=1
I checked build evidence: phase=tool-run-ms expected=29742 observed=33 accepted=1
I checked build evidence: phase=tool-spawn-ms expected=1 observed=1 accepted=1
I checked build evidence: phase=tool-first-output-ms expected=1 observed=39 accepted=1
I checked build evidence: phase=tool-eof-ms expected=1 observed=40 accepted=1
I checked build evidence: phase=tool-reaped-ms expected=1 observed=66 accepted=1
I checked build evidence: phase=tool-query-ms expected=30000 observed=66 accepted=1
I checked build evidence: phase=tool-spawn-ms expected=1 observed=1 accepted=1
I checked build evidence: phase=tool-first-output-ms expected=1 observed=15 accepted=1
I checked build evidence: phase=tool-eof-ms expected=1 observed=17 accepted=1
I checked build evidence: phase=tool-reaped-ms expected=1 observed=43 accepted=1
I checked build evidence: phase=tool-query-ms expected=29934 observed=43 accepted=1
I checked build evidence: phase=tool-spawn-ms expected=1 observed=1 accepted=1
I checked build evidence: phase=tool-first-output-ms expected=1 observed=38 accepted=1
I checked build evidence: phase=tool-eof-ms expected=1 observed=39 accepted=1
I checked build evidence: phase=tool-reaped-ms expected=1 observed=65 accepted=1
I checked build evidence: phase=tool-query-ms expected=29738 observed=65 accepted=1
I checked build evidence: phase=tool-spawn-ms expected=1 observed=0 accepted=1
I checked build evidence: phase=tool-first-output-ms expected=1 observed=14 accepted=1
I checked build evidence: phase=tool-eof-ms expected=1 observed=16 accepted=1
I checked build evidence: phase=tool-reaped-ms expected=1 observed=42 accepted=1
I checked build evidence: phase=tool-query-ms expected=29673 observed=42 accepted=1
I checked build evidence: phase=tool-spawn-ms expected=1 observed=2 accepted=1
I checked build evidence: phase=tool-first-output-ms expected=1 observed=0 accepted=0
I checked build evidence: phase=tool-eof-ms expected=1 observed=7 accepted=1
I checked build evidence: phase=tool-reaped-ms expected=1 observed=33 accepted=1
I checked build evidence: phase=tool-run-ms expected=29480 observed=33 accepted=1
I checked build evidence: phase=tool-spawn-ms expected=1 observed=2 accepted=1
I checked build evidence: phase=tool-first-output-ms expected=1 observed=0 accepted=0
I checked build evidence: phase=tool-eof-ms expected=1 observed=7 accepted=1
I checked build evidence: phase=tool-reaped-ms expected=1 observed=33 accepted=1
I checked build evidence: phase=tool-run-ms expected=29446 observed=33 accepted=1
clang: warning: argument unused during compilation: '-fPIC' [-Wunused-command-line-argument]
I checked build evidence: phase=tool-spawn-ms expected=1 observed=1 accepted=1
I checked build evidence: phase=tool-first-output-ms expected=1 observed=38 accepted=1
I checked build evidence: phase=tool-eof-ms expected=1 observed=39 accepted=1
I checked build evidence: phase=tool-reaped-ms expected=1 observed=65 accepted=1
I checked build evidence: phase=tool-query-ms expected=30000 observed=65 accepted=1
I checked build evidence: phase=tool-spawn-ms expected=1 observed=0 accepted=1
I checked build evidence: phase=tool-first-output-ms expected=1 observed=16 accepted=1
I checked build evidence: phase=tool-eof-ms expected=1 observed=18 accepted=1
I checked build evidence: phase=tool-reaped-ms expected=1 observed=44 accepted=1
I checked build evidence: phase=tool-query-ms expected=29935 observed=44 accepted=1
I checked build evidence: phase=tool-spawn-ms expected=1 observed=1 accepted=1
I checked build evidence: phase=tool-first-output-ms expected=1 observed=0 accepted=0
I checked build evidence: phase=tool-eof-ms expected=1 observed=7 accepted=1
I checked build evidence: phase=tool-reaped-ms expected=1 observed=33 accepted=1
I checked build evidence: phase=tool-run-ms expected=29739 observed=33 accepted=1
I checked build evidence: phase=tool-spawn-ms expected=1 observed=1 accepted=1
I checked build evidence: phase=tool-first-output-ms expected=1 observed=41 accepted=1
I checked build evidence: phase=tool-eof-ms expected=1 observed=42 accepted=1
I checked build evidence: phase=tool-reaped-ms expected=1 observed=68 accepted=1
I checked build evidence: phase=tool-query-ms expected=30000 observed=68 accepted=1
I checked build evidence: phase=tool-spawn-ms expected=1 observed=1 accepted=1
I checked build evidence: phase=tool-first-output-ms expected=1 observed=17 accepted=1
I checked build evidence: phase=tool-eof-ms expected=1 observed=18 accepted=1
I checked build evidence: phase=tool-reaped-ms expected=1 observed=43 accepted=1
I checked build evidence: phase=tool-query-ms expected=29932 observed=43 accepted=1
I checked build evidence: phase=tool-spawn-ms expected=1 observed=0 accepted=1
I checked build evidence: phase=tool-first-output-ms expected=1 observed=38 accepted=1
I checked build evidence: phase=tool-eof-ms expected=1 observed=39 accepted=1
I checked build evidence: phase=tool-reaped-ms expected=1 observed=65 accepted=1
I checked build evidence: phase=tool-query-ms expected=29734 observed=65 accepted=1
I checked build evidence: phase=tool-spawn-ms expected=1 observed=1 accepted=1
I checked build evidence: phase=tool-first-output-ms expected=1 observed=17 accepted=1
I checked build evidence: phase=tool-eof-ms expected=1 observed=19 accepted=1
I checked build evidence: phase=tool-reaped-ms expected=1 observed=45 accepted=1
I checked build evidence: phase=tool-query-ms expected=29669 observed=45 accepted=1
I checked build evidence: phase=tool-spawn-ms expected=1 observed=1 accepted=1
I checked build evidence: phase=tool-first-output-ms expected=1 observed=0 accepted=0
I checked build evidence: phase=tool-eof-ms expected=1 observed=7 accepted=1
I checked build evidence: phase=tool-reaped-ms expected=1 observed=33 accepted=1
I checked build evidence: phase=tool-run-ms expected=29471 observed=33 accepted=1
I checked build evidence: phase=tool-spawn-ms expected=1 observed=2 accepted=1
I checked build evidence: phase=tool-first-output-ms expected=1 observed=0 accepted=0
I checked build evidence: phase=tool-eof-ms expected=1 observed=7 accepted=1
I checked build evidence: phase=tool-reaped-ms expected=1 observed=33 accepted=1
I checked build evidence: phase=tool-run-ms expected=29438 observed=33 accepted=1
I checked build evidence: phase=publish-preprocessing expected=12278728976516754649 observed=12278728976516754649 accepted=1
I checked build evidence: phase=publish-context expected=6053511072868944907 observed=6053511072868944907 accepted=1
I checked build evidence: phase=record-dependencies expected=1 observed=1 accepted=1
I checked build evidence: phase=record-link-inputs expected=1 observed=1 accepted=1
I checked build evidence: phase=record-write expected=1 observed=1 accepted=1
