I checked build evidence: phase=reuse-initial-context expected=0 observed=15666004800638302383 accepted=1
I checked build evidence: phase=reuse-declared-headers expected=1 observed=1 accepted=1
I checked build evidence: phase=reuse-dependencies expected=1 observed=1 accepted=1
I checked build evidence: phase=reuse-link-inputs expected=1 observed=1 accepted=1
I checked build evidence: phase=tool-spawn-ms expected=1 observed=1 accepted=1
I checked build evidence: phase=tool-first-output-ms expected=1 observed=40 accepted=1
I checked build evidence: phase=tool-eof-ms expected=1 observed=41 accepted=1
I checked build evidence: phase=tool-reaped-ms expected=1 observed=67 accepted=1
I checked build evidence: phase=tool-query-ms expected=30000 observed=67 accepted=1
I checked build evidence: phase=tool-spawn-ms expected=1 observed=0 accepted=1
I checked build evidence: phase=tool-first-output-ms expected=1 observed=16 accepted=1
I checked build evidence: phase=tool-eof-ms expected=1 observed=18 accepted=1
I checked build evidence: phase=tool-reaped-ms expected=1 observed=44 accepted=1
I checked build evidence: phase=tool-query-ms expected=29933 observed=44 accepted=1
I checked build evidence: phase=tool-spawn-ms expected=1 observed=2 accepted=1
I checked build evidence: phase=tool-first-output-ms expected=1 observed=0 accepted=0
I checked build evidence: phase=tool-eof-ms expected=1 observed=8 accepted=1
I checked build evidence: phase=tool-reaped-ms expected=1 observed=34 accepted=1
I checked build evidence: phase=tool-run-ms expected=29737 observed=34 accepted=1
I checked build evidence: phase=tool-spawn-ms expected=1 observed=0 accepted=1
I checked build evidence: phase=tool-first-output-ms expected=1 observed=38 accepted=1
I checked build evidence: phase=tool-eof-ms expected=1 observed=39 accepted=1
I checked build evidence: phase=tool-reaped-ms expected=1 observed=65 accepted=1
I checked build evidence: phase=tool-query-ms expected=30000 observed=65 accepted=1
I checked build evidence: phase=tool-spawn-ms expected=1 observed=0 accepted=1
I checked build evidence: phase=tool-first-output-ms expected=1 observed=16 accepted=1
I checked build evidence: phase=tool-eof-ms expected=1 observed=17 accepted=1
I checked build evidence: phase=tool-reaped-ms expected=1 observed=43 accepted=1
I checked build evidence: phase=tool-query-ms expected=29935 observed=43 accepted=1
I checked build evidence: phase=tool-spawn-ms expected=1 observed=1 accepted=1
I checked build evidence: phase=tool-first-output-ms expected=1 observed=38 accepted=1
I checked build evidence: phase=tool-eof-ms expected=1 observed=39 accepted=1
I checked build evidence: phase=tool-reaped-ms expected=1 observed=65 accepted=1
I checked build evidence: phase=tool-query-ms expected=29739 observed=65 accepted=1
I checked build evidence: phase=tool-spawn-ms expected=1 observed=0 accepted=1
I checked build evidence: phase=tool-first-output-ms expected=1 observed=15 accepted=1
I checked build evidence: phase=tool-eof-ms expected=1 observed=17 accepted=1
I checked build evidence: phase=tool-reaped-ms expected=1 observed=43 accepted=1
I checked build evidence: phase=tool-query-ms expected=29674 observed=43 accepted=1
I checked build evidence: phase=tool-spawn-ms expected=1 observed=1 accepted=1
I checked build evidence: phase=tool-first-output-ms expected=1 observed=0 accepted=0
I checked build evidence: phase=tool-eof-ms expected=1 observed=7 accepted=1
I checked build evidence: phase=tool-reaped-ms expected=1 observed=33 accepted=1
I checked build evidence: phase=tool-run-ms expected=29478 observed=33 accepted=1
I checked build evidence: phase=tool-spawn-ms expected=1 observed=1 accepted=1
I checked build evidence: phase=tool-first-output-ms expected=1 observed=0 accepted=0
I checked build evidence: phase=tool-eof-ms expected=1 observed=7 accepted=1
I checked build evidence: phase=tool-reaped-ms expected=1 observed=33 accepted=1
I checked build evidence: phase=tool-run-ms expected=29444 observed=33 accepted=1
I checked build evidence: phase=reuse-preprocessing expected=0 observed=15298266664416342918 accepted=0
I checked build evidence: phase=reuse-context expected=15666004800638302383 observed=0 accepted=0
I checked build evidence: phase=reuse expected=1 observed=0 accepted=0
I checked build evidence: phase=tool-spawn-ms expected=1 observed=1 accepted=1
I checked build evidence: phase=tool-first-output-ms expected=1 observed=38 accepted=1
I checked build evidence: phase=tool-eof-ms expected=1 observed=39 accepted=1
I checked build evidence: phase=tool-reaped-ms expected=1 observed=65 accepted=1
I checked build evidence: phase=tool-query-ms expected=30000 observed=65 accepted=1
I checked build evidence: phase=tool-spawn-ms expected=1 observed=0 accepted=1
I checked build evidence: phase=tool-first-output-ms expected=1 observed=16 accepted=1
I checked build evidence: phase=tool-eof-ms expected=1 observed=18 accepted=1
I checked build evidence: phase=tool-reaped-ms expected=1 observed=44 accepted=1
I checked build evidence: phase=tool-query-ms expected=29935 observed=44 accepted=1
I checked build evidence: phase=tool-spawn-ms expected=1 observed=2 accepted=1
I checked build evidence: phase=tool-first-output-ms expected=1 observed=0 accepted=0
I checked build evidence: phase=tool-eof-ms expected=1 observed=8 accepted=1
I checked build evidence: phase=tool-reaped-ms expected=1 observed=34 accepted=1
I checked build evidence: phase=tool-run-ms expected=29740 observed=34 accepted=1
I checked build evidence: phase=tool-spawn-ms expected=1 observed=1 accepted=1
I checked build evidence: phase=tool-first-output-ms expected=1 observed=39 accepted=1
I checked build evidence: phase=tool-eof-ms expected=1 observed=40 accepted=1
I checked build evidence: phase=tool-reaped-ms expected=1 observed=66 accepted=1
I checked build evidence: phase=tool-query-ms expected=30000 observed=66 accepted=1
I checked build evidence: phase=tool-spawn-ms expected=1 observed=0 accepted=1
I checked build evidence: phase=tool-first-output-ms expected=1 observed=17 accepted=1
I checked build evidence: phase=tool-eof-ms expected=1 observed=18 accepted=1
I checked build evidence: phase=tool-reaped-ms expected=1 observed=44 accepted=1
I checked build evidence: phase=tool-query-ms expected=29933 observed=44 accepted=1
I checked build evidence: phase=tool-spawn-ms expected=1 observed=1 accepted=1
I checked build evidence: phase=tool-first-output-ms expected=1 observed=40 accepted=1
I checked build evidence: phase=tool-eof-ms expected=1 observed=42 accepted=1
I checked build evidence: phase=tool-reaped-ms expected=1 observed=68 accepted=1
I checked build evidence: phase=tool-query-ms expected=29735 observed=68 accepted=1
I checked build evidence: phase=tool-spawn-ms expected=1 observed=0 accepted=1
I checked build evidence: phase=tool-first-output-ms expected=1 observed=16 accepted=1
I checked build evidence: phase=tool-eof-ms expected=1 observed=17 accepted=1
I checked build evidence: phase=tool-reaped-ms expected=1 observed=43 accepted=1
I checked build evidence: phase=tool-query-ms expected=29667 observed=43 accepted=1
I checked build evidence: phase=tool-spawn-ms expected=1 observed=2 accepted=1
I checked build evidence: phase=tool-first-output-ms expected=1 observed=0 accepted=0
I checked build evidence: phase=tool-eof-ms expected=1 observed=8 accepted=1
I checked build evidence: phase=tool-reaped-ms expected=1 observed=33 accepted=1
I checked build evidence: phase=tool-run-ms expected=29470 observed=33 accepted=1
I checked build evidence: phase=tool-spawn-ms expected=1 observed=1 accepted=1
I checked build evidence: phase=tool-first-output-ms expected=1 observed=0 accepted=0
I checked build evidence: phase=tool-eof-ms expected=1 observed=6 accepted=1
I checked build evidence: phase=tool-reaped-ms expected=1 observed=32 accepted=1
I checked build evidence: phase=tool-run-ms expected=29432 observed=32 accepted=1
clang: warning: argument unused during compilation: '-fPIC' [-Wunused-command-line-argument]
I checked build evidence: phase=tool-spawn-ms expected=1 observed=0 accepted=1
I checked build evidence: phase=tool-first-output-ms expected=1 observed=38 accepted=1
I checked build evidence: phase=tool-eof-ms expected=1 observed=39 accepted=1
I checked build evidence: phase=tool-reaped-ms expected=1 observed=65 accepted=1
I checked build evidence: phase=tool-query-ms expected=30000 observed=65 accepted=1
I checked build evidence: phase=tool-spawn-ms expected=1 observed=0 accepted=1
I checked build evidence: phase=tool-first-output-ms expected=1 observed=15 accepted=1
I checked build evidence: phase=tool-eof-ms expected=1 observed=17 accepted=1
I checked build evidence: phase=tool-reaped-ms expected=1 observed=42 accepted=1
I checked build evidence: phase=tool-query-ms expected=29934 observed=42 accepted=1
I checked build evidence: phase=tool-spawn-ms expected=1 observed=2 accepted=1
I checked build evidence: phase=tool-first-output-ms expected=1 observed=0 accepted=0
I checked build evidence: phase=tool-eof-ms expected=1 observed=8 accepted=1
I checked build evidence: phase=tool-reaped-ms expected=1 observed=34 accepted=1
I checked build evidence: phase=tool-run-ms expected=29739 observed=34 accepted=1
I checked build evidence: phase=tool-spawn-ms expected=1 observed=1 accepted=1
I checked build evidence: phase=tool-first-output-ms expected=1 observed=37 accepted=1
I checked build evidence: phase=tool-eof-ms expected=1 observed=38 accepted=1
I checked build evidence: phase=tool-reaped-ms expected=1 observed=64 accepted=1
I checked build evidence: phase=tool-query-ms expected=30000 observed=64 accepted=1
I checked build evidence: phase=tool-spawn-ms expected=1 observed=1 accepted=1
I checked build evidence: phase=tool-first-output-ms expected=1 observed=16 accepted=1
I checked build evidence: phase=tool-eof-ms expected=1 observed=18 accepted=1
I checked build evidence: phase=tool-reaped-ms expected=1 observed=44 accepted=1
I checked build evidence: phase=tool-query-ms expected=29936 observed=44 accepted=1
I checked build evidence: phase=tool-spawn-ms expected=1 observed=1 accepted=1
I checked build evidence: phase=tool-first-output-ms expected=1 observed=41 accepted=1
I checked build evidence: phase=tool-eof-ms expected=1 observed=42 accepted=1
I checked build evidence: phase=tool-reaped-ms expected=1 observed=67 accepted=1
I checked build evidence: phase=tool-query-ms expected=29739 observed=67 accepted=1
I checked build evidence: phase=tool-spawn-ms expected=1 observed=1 accepted=1
I checked build evidence: phase=tool-first-output-ms expected=1 observed=16 accepted=1
I checked build evidence: phase=tool-eof-ms expected=1 observed=18 accepted=1
I checked build evidence: phase=tool-reaped-ms expected=1 observed=44 accepted=1
I checked build evidence: phase=tool-query-ms expected=29672 observed=44 accepted=1
I checked build evidence: phase=tool-spawn-ms expected=1 observed=1 accepted=1
I checked build evidence: phase=tool-first-output-ms expected=1 observed=0 accepted=0
I checked build evidence: phase=tool-eof-ms expected=1 observed=7 accepted=1
I checked build evidence: phase=tool-reaped-ms expected=1 observed=33 accepted=1
I checked build evidence: phase=tool-run-ms expected=29473 observed=33 accepted=1
I checked build evidence: phase=tool-spawn-ms expected=1 observed=2 accepted=1
I checked build evidence: phase=tool-first-output-ms expected=1 observed=0 accepted=0
I checked build evidence: phase=tool-eof-ms expected=1 observed=7 accepted=1
I checked build evidence: phase=tool-reaped-ms expected=1 observed=33 accepted=1
I checked build evidence: phase=tool-run-ms expected=29440 observed=33 accepted=1
I checked build evidence: phase=publish-preprocessing expected=15298266664416342918 observed=15298266664416342918 accepted=1
I checked build evidence: phase=publish-context expected=15666004800638302383 observed=15666004800638302383 accepted=1
I checked build evidence: phase=record-dependencies expected=1 observed=1 accepted=1
I checked build evidence: phase=record-link-inputs expected=1 observed=1 accepted=1
I checked build evidence: phase=record-write expected=1 observed=1 accepted=1
