I checked build evidence: phase=reuse-initial-context expected=0 observed=4002654599326082207 accepted=1
I checked build evidence: phase=reuse-declared-headers expected=1 observed=1 accepted=1
I checked build evidence: phase=reuse-dependencies expected=1 observed=1 accepted=1
I checked build evidence: phase=reuse-link-inputs expected=1 observed=1 accepted=1
I checked build evidence: phase=tool-spawn-ms expected=1 observed=0 accepted=1
I checked build evidence: phase=tool-first-output-ms expected=1 observed=38 accepted=1
I checked build evidence: phase=tool-eof-ms expected=1 observed=39 accepted=1
I checked build evidence: phase=tool-reaped-ms expected=1 observed=65 accepted=1
I checked build evidence: phase=tool-query-ms expected=30000 observed=65 accepted=1
I checked build evidence: phase=tool-spawn-ms expected=1 observed=1 accepted=1
I checked build evidence: phase=tool-first-output-ms expected=1 observed=0 accepted=0
I checked build evidence: phase=tool-eof-ms expected=1 observed=7 accepted=1
I checked build evidence: phase=tool-reaped-ms expected=1 observed=33 accepted=1
I checked build evidence: phase=tool-run-ms expected=29629 observed=33 accepted=1
I checked build evidence: phase=tool-spawn-ms expected=1 observed=1 accepted=1
I checked build evidence: phase=tool-first-output-ms expected=1 observed=38 accepted=1
I checked build evidence: phase=tool-eof-ms expected=1 observed=40 accepted=1
I checked build evidence: phase=tool-reaped-ms expected=1 observed=66 accepted=1
I checked build evidence: phase=tool-query-ms expected=30000 observed=66 accepted=1
I checked build evidence: phase=tool-spawn-ms expected=1 observed=0 accepted=1
I checked build evidence: phase=tool-first-output-ms expected=1 observed=37 accepted=1
I checked build evidence: phase=tool-eof-ms expected=1 observed=39 accepted=1
I checked build evidence: phase=tool-reaped-ms expected=1 observed=65 accepted=1
I checked build evidence: phase=tool-query-ms expected=29627 observed=65 accepted=1
I checked build evidence: phase=tool-output expected=0 observed=186 accepted=0
I checked build evidence: phase=tool-spawn-ms expected=1 observed=2 accepted=1
I checked build evidence: phase=tool-first-output-ms expected=1 observed=6 accepted=1
I checked build evidence: phase=tool-eof-ms expected=1 observed=7 accepted=1
I checked build evidence: phase=tool-reaped-ms expected=1 observed=33 accepted=1
I checked build evidence: phase=tool-run-ms expected=29258 observed=33 accepted=0
/private/var/folders/9z/xpmfgw8j09l4g6wwxrxtt97w0000gn/T/nano-as-search-a8oywo4o/foreign/payload.s:4:10: error: Could not find include file 'selected.s'
.include "selected.s"
         ^
I checked build evidence: phase=reuse-preprocessing expected=0 observed=0 accepted=0
I checked build evidence: phase=reuse-context expected=4002654599326082207 observed=0 accepted=0
I checked build evidence: phase=reuse expected=1 observed=0 accepted=0
I checked build evidence: phase=tool-spawn-ms expected=1 observed=0 accepted=1
I checked build evidence: phase=tool-first-output-ms expected=1 observed=38 accepted=1
I checked build evidence: phase=tool-eof-ms expected=1 observed=39 accepted=1
I checked build evidence: phase=tool-reaped-ms expected=1 observed=65 accepted=1
I checked build evidence: phase=tool-query-ms expected=30000 observed=65 accepted=1
I checked build evidence: phase=tool-spawn-ms expected=1 observed=2 accepted=1
I checked build evidence: phase=tool-first-output-ms expected=1 observed=0 accepted=0
I checked build evidence: phase=tool-eof-ms expected=1 observed=7 accepted=1
I checked build evidence: phase=tool-reaped-ms expected=1 observed=33 accepted=1
I checked build evidence: phase=tool-run-ms expected=29631 observed=33 accepted=1
I checked build evidence: phase=tool-spawn-ms expected=1 observed=1 accepted=1
I checked build evidence: phase=tool-first-output-ms expected=1 observed=39 accepted=1
I checked build evidence: phase=tool-eof-ms expected=1 observed=41 accepted=1
I checked build evidence: phase=tool-reaped-ms expected=1 observed=67 accepted=1
I checked build evidence: phase=tool-query-ms expected=30000 observed=67 accepted=1
I checked build evidence: phase=tool-spawn-ms expected=1 observed=0 accepted=1
I checked build evidence: phase=tool-first-output-ms expected=1 observed=42 accepted=1
I checked build evidence: phase=tool-eof-ms expected=1 observed=43 accepted=1
I checked build evidence: phase=tool-reaped-ms expected=1 observed=69 accepted=1
I checked build evidence: phase=tool-query-ms expected=29627 observed=69 accepted=1
I checked build evidence: phase=tool-output expected=0 observed=186 accepted=0
I checked build evidence: phase=tool-spawn-ms expected=1 observed=2 accepted=1
I checked build evidence: phase=tool-first-output-ms expected=1 observed=6 accepted=1
I checked build evidence: phase=tool-eof-ms expected=1 observed=7 accepted=1
I checked build evidence: phase=tool-reaped-ms expected=1 observed=32 accepted=1
I checked build evidence: phase=tool-run-ms expected=29252 observed=32 accepted=0
/private/var/folders/9z/xpmfgw8j09l4g6wwxrxtt97w0000gn/T/nano-as-search-a8oywo4o/foreign/payload.s:4:10: error: Could not find include file 'selected.s'
.include "selected.s"
         ^
I could not retain compiler and assembler inputs for answer_native; I will not compile live sources after capture failure
I checked build evidence: phase=build-result expected=1 observed=0 accepted=0
