I checked build evidence: phase=reuse-initial-context expected=0 observed=4002654599326082207 accepted=1
I checked build evidence: phase=reuse-declared-headers expected=1 observed=1 accepted=1
I checked build evidence: phase=reuse-dependencies expected=1 observed=1 accepted=1
I checked build evidence: phase=reuse-link-inputs expected=1 observed=1 accepted=1
I checked build evidence: phase=tool-spawn-ms expected=1 observed=0 accepted=1
I checked build evidence: phase=tool-first-output-ms expected=1 observed=37 accepted=1
I checked build evidence: phase=tool-eof-ms expected=1 observed=38 accepted=1
I checked build evidence: phase=tool-reaped-ms expected=1 observed=64 accepted=1
I checked build evidence: phase=tool-query-ms expected=30000 observed=64 accepted=1
I checked build evidence: phase=tool-spawn-ms expected=1 observed=2 accepted=1
I checked build evidence: phase=tool-first-output-ms expected=1 observed=0 accepted=0
I checked build evidence: phase=tool-eof-ms expected=1 observed=8 accepted=1
I checked build evidence: phase=tool-reaped-ms expected=1 observed=34 accepted=1
I checked build evidence: phase=tool-run-ms expected=29631 observed=34 accepted=1
I checked build evidence: phase=tool-spawn-ms expected=1 observed=0 accepted=1
I checked build evidence: phase=tool-first-output-ms expected=1 observed=37 accepted=1
I checked build evidence: phase=tool-eof-ms expected=1 observed=38 accepted=1
I checked build evidence: phase=tool-reaped-ms expected=1 observed=64 accepted=1
I checked build evidence: phase=tool-query-ms expected=30000 observed=64 accepted=1
I checked build evidence: phase=tool-spawn-ms expected=1 observed=0 accepted=1
I checked build evidence: phase=tool-first-output-ms expected=1 observed=39 accepted=1
I checked build evidence: phase=tool-eof-ms expected=1 observed=40 accepted=1
I checked build evidence: phase=tool-reaped-ms expected=1 observed=66 accepted=1
I checked build evidence: phase=tool-query-ms expected=29628 observed=66 accepted=1
I checked build evidence: phase=tool-spawn-ms expected=1 observed=2 accepted=1
I checked build evidence: phase=tool-first-output-ms expected=1 observed=0 accepted=0
I checked build evidence: phase=tool-eof-ms expected=1 observed=7 accepted=1
I checked build evidence: phase=tool-reaped-ms expected=1 observed=33 accepted=1
I checked build evidence: phase=tool-run-ms expected=29258 observed=33 accepted=1
I checked build evidence: phase=tool-spawn-ms expected=1 observed=2 accepted=1
I checked build evidence: phase=tool-first-output-ms expected=1 observed=0 accepted=0
I checked build evidence: phase=tool-eof-ms expected=1 observed=7 accepted=1
I checked build evidence: phase=tool-reaped-ms expected=1 observed=34 accepted=1
I checked build evidence: phase=tool-run-ms expected=29225 observed=34 accepted=1
I checked build evidence: phase=reuse-preprocessing expected=0 observed=10497576017594004161 accepted=1
I checked build evidence: phase=reuse-context expected=4002654599326082207 observed=4002654599326082207 accepted=1
I checked build evidence: phase=reuse expected=1 observed=1 accepted=1
