test_branch_join_consumes_outer_owner (tests.test_owned_union_producer.GenericSelectedUnionProducer.test_branch_join_consumes_outer_owner) ... ok
test_conditional_constructor_return (tests.test_owned_union_producer.GenericSelectedUnionProducer.test_conditional_constructor_return) ... ok
test_declared_constructor_argument (tests.test_owned_union_producer.GenericSelectedUnionProducer.test_declared_constructor_argument) ... ok
test_declared_constructor_return (tests.test_owned_union_producer.GenericSelectedUnionProducer.test_declared_constructor_return) ... ok
test_declared_return_and_alias_transfer (tests.test_owned_union_producer.GenericSelectedUnionProducer.test_declared_return_and_alias_transfer) ... ok
test_drop_selected_field_rejected (tests.test_owned_union_producer.GenericSelectedUnionProducer.test_drop_selected_field_rejected) ... ok
test_drop_union_rejected (tests.test_owned_union_producer.GenericSelectedUnionProducer.test_drop_union_rejected) ... ok
test_duplicate_consume_rejected (tests.test_owned_union_producer.GenericSelectedUnionProducer.test_duplicate_consume_rejected) ... ok
test_empty_arm_has_no_obligation (tests.test_owned_union_producer.GenericSelectedUnionProducer.test_empty_arm_has_no_obligation) ... ok
test_guarded_generic_match_remains_rejected (tests.test_owned_union_producer.GenericSelectedUnionProducer.test_guarded_generic_match_remains_rejected) ... ok
test_incomplete_match_rejected (tests.test_owned_union_producer.GenericSelectedUnionProducer.test_incomplete_match_rejected) ... ok
test_join_mismatch_rejected (tests.test_owned_union_producer.GenericSelectedUnionProducer.test_join_mismatch_rejected) ... ok
test_match_constructor_return (tests.test_owned_union_producer.GenericSelectedUnionProducer.test_match_constructor_return) ... ok
test_match_then_reuse_rejected (tests.test_owned_union_producer.GenericSelectedUnionProducer.test_match_then_reuse_rejected) ... ok
test_nested_generic_transfer (tests.test_owned_union_producer.GenericSelectedUnionProducer.test_nested_generic_transfer) ... ok
test_ordinary_selected_arm_can_be_ignored (tests.test_owned_union_producer.GenericSelectedUnionProducer.test_ordinary_selected_arm_can_be_ignored) ... ok
test_partial_move_rejected (tests.test_owned_union_producer.GenericSelectedUnionProducer.test_partial_move_rejected) ... ok
test_resource_and_ordinary_selected_arms (tests.test_owned_union_producer.GenericSelectedUnionProducer.test_resource_and_ordinary_selected_arms) ... ok
test_resource_collection_still_rejected (tests.test_owned_union_producer.GenericSelectedUnionProducer.test_resource_collection_still_rejected) ... ok
test_unresolved_tuple_still_rejected (tests.test_owned_union_producer.GenericSelectedUnionProducer.test_unresolved_tuple_still_rejected) ... ok
test_compatible_outer_join (tests.test_owned_union_producer.SelectedUnionProducer.test_compatible_outer_join) ... ok
test_duplicate_selected_field_consumption (tests.test_owned_union_producer.SelectedUnionProducer.test_duplicate_selected_field_consumption) ... ok
test_guarded_owned_match_remains_rejected (tests.test_owned_union_producer.SelectedUnionProducer.test_guarded_owned_match_remains_rejected) ... ok
test_ignored_resource_binding (tests.test_owned_union_producer.SelectedUnionProducer.test_ignored_resource_binding) ... ok
test_ignored_selected_payload (tests.test_owned_union_producer.SelectedUnionProducer.test_ignored_selected_payload) ... ok
test_incompatible_outer_join (tests.test_owned_union_producer.SelectedUnionProducer.test_incompatible_outer_join) ... ok
test_loop_cannot_reconsume_outer_scrutinee (tests.test_owned_union_producer.SelectedUnionProducer.test_loop_cannot_reconsume_outer_scrutinee) ... ok
test_nested_resource_record (tests.test_owned_union_producer.SelectedUnionProducer.test_nested_resource_record) ... ok
test_ordinary_call_match_expression_and_statement (tests.test_owned_union_producer.SelectedUnionProducer.test_ordinary_call_match_expression_and_statement) ... ok
test_original_scrutinee_after_match (tests.test_owned_union_producer.SelectedUnionProducer.test_original_scrutinee_after_match) ... ok
test_partial_resource_field_move (tests.test_owned_union_producer.SelectedUnionProducer.test_partial_resource_field_move) ... ok
test_scrutinee_call_evaluates_once (tests.test_owned_union_producer.SelectedUnionProducer.test_scrutinee_call_evaluates_once) ... ok
test_two_resources_and_ordinary_sibling_arms (tests.test_owned_union_producer.SelectedUnionProducer.test_two_resources_and_ordinary_sibling_arms) ... ok
test_unresolved_selected_field (tests.test_owned_union_producer.SelectedUnionProducer.test_unresolved_selected_field) ... ok
test_use_payload_after_destructure (tests.test_owned_union_producer.SelectedUnionProducer.test_use_payload_after_destructure) ... ok
test_wildcard_cannot_hide_owned_payload (tests.test_owned_union_producer.SelectedUnionProducer.test_wildcard_cannot_hide_owned_payload) ... ok
test_copyable_union_global (tests.test_owned_global_producer.OwnedGlobalProducer.test_copyable_union_global) ... ok
test_generic_union_global_and_alias (tests.test_owned_global_producer.OwnedGlobalProducer.test_generic_union_global_and_alias) ... ok
test_immutable_assignment_refused (tests.test_owned_global_producer.OwnedGlobalProducer.test_immutable_assignment_refused) ... ok
test_initializer_order_and_once_only_helper_effects (tests.test_owned_global_producer.OwnedGlobalProducer.test_initializer_order_and_once_only_helper_effects) ... ok
test_local_and_parameter_shadowing (tests.test_owned_global_producer.OwnedGlobalProducer.test_local_and_parameter_shadowing) ... ok
test_resource_global_remains_refused (tests.test_owned_global_producer.OwnedGlobalProducer.test_resource_global_remains_refused) ... ok
test_same_shape_wrong_union_assignment_refused (tests.test_owned_global_producer.OwnedGlobalProducer.test_same_shape_wrong_union_assignment_refused) ... ok
test_same_shape_wrong_union_initializer_refused (tests.test_owned_global_producer.OwnedGlobalProducer.test_same_shape_wrong_union_initializer_refused) ... ok
test_scalar_kinds_and_mutation (tests.test_owned_global_producer.OwnedGlobalProducer.test_scalar_kinds_and_mutation) ... ok
test_uninitialized_global_read_in_initializer_refused (tests.test_owned_global_producer.OwnedGlobalProducer.test_uninitialized_global_read_in_initializer_refused) ... ok
test_wrong_generic_union_global_alias_refused (tests.test_owned_global_producer.OwnedGlobalProducer.test_wrong_generic_union_global_alias_refused) ... ok
test_wrong_global_assignment_type_refused (tests.test_owned_global_producer.OwnedGlobalProducer.test_wrong_global_assignment_type_refused) ... ok

----------------------------------------------------------------------
Ran 48 tests in 282.731s

OK
