E
======================================================================
ERROR: test_recursive_constructor_facts_converge (tests.test_native_indexed_union_payloads.IndexedUnionPayloads.test_recursive_constructor_facts_converge)
----------------------------------------------------------------------
Traceback (most recent call last):
  File "/Users/jordanh/Src/nanolang-pr522-repair/tests/test_native_indexed_union_payloads.py", line 65, in test_recursive_constructor_facts_converge
    self.paired(HEADER + '.function main 0 2 0 int 1\nAGG_PACK 1 0 1 0\nSTORE_LOCAL 0\n'
    ~~~~~~~~~~~^^^^^^^^^^^^^^^^^^^^^^^^^^^^^^^^^^^^^^^^^^^^^^^^^^^^^^^^^^^^^^^^^^^^^^^^^
        'PUSH_I64 0\nSTORE_LOCAL 1\nloop:\nLOAD_LOCAL 1\nPUSH_I64 3\nLT\nJMP_FALSE done\n'
        ^^^^^^^^^^^^^^^^^^^^^^^^^^^^^^^^^^^^^^^^^^^^^^^^^^^^^^^^^^^^^^^^^^^^^^^^^^^^^^^^^^
    ...<2 lines>...
        'bad:\nPOP\nPUSH_BOOL 0\nASSERT\nPUSH_I64 1\nRET\n.end\n'
        ^^^^^^^^^^^^^^^^^^^^^^^^^^^^^^^^^^^^^^^^^^^^^^^^^^^^^^^^^
        '.function wrap 1 1 0 union 1\nLOAD_LOCAL 0\nAGG_PACK 1 0 0 1\nRET\n.end\n')
        ^^^^^^^^^^^^^^^^^^^^^^^^^^^^^^^^^^^^^^^^^^^^^^^^^^^^^^^^^^^^^^^^^^^^^^^^^^^^
  File "/Users/jordanh/Src/nanolang-pr522-repair/tests/test_native_optional_array_reads.py", line 26, in paired
    self.checked([ROOT/'bin/nvm2c',module,'-o',source])
    ~~~~~~~~~~~~^^^^^^^^^^^^^^^^^^^^^^^^^^^^^^^^^^^^^^^
  File "/Users/jordanh/Src/nanolang-pr522-repair/tests/test_native_optional_array_reads.py", line 15, in checked
    r=subprocess.run(list(map(str,args)),cwd=ROOT,capture_output=True,text=True,timeout=60,
                     env={**os.environ,'ASAN_OPTIONS':'detect_leaks=1:halt_on_error=1','UBSAN_OPTIONS':'halt_on_error=1'})
  File "/opt/homebrew/Cellar/python@3.14/3.14.7/Frameworks/Python.framework/Versions/3.14/lib/python3.14/subprocess.py", line 557, in run
    stdout, stderr = process.communicate(input, timeout=timeout)
                     ~~~~~~~~~~~~~~~~~~~^^^^^^^^^^^^^^^^^^^^^^^^
  File "/opt/homebrew/Cellar/python@3.14/3.14.7/Frameworks/Python.framework/Versions/3.14/lib/python3.14/subprocess.py", line 1221, in communicate
    stdout, stderr = self._communicate(input, endtime, timeout)
                     ~~~~~~~~~~~~~~~~~^^^^^^^^^^^^^^^^^^^^^^^^^
  File "/opt/homebrew/Cellar/python@3.14/3.14.7/Frameworks/Python.framework/Versions/3.14/lib/python3.14/subprocess.py", line 2154, in _communicate
    self._check_timeout(endtime, orig_timeout, stdout, stderr)
    ~~~~~~~~~~~~~~~~~~~^^^^^^^^^^^^^^^^^^^^^^^^^^^^^^^^^^^^^^^
  File "/opt/homebrew/Cellar/python@3.14/3.14.7/Frameworks/Python.framework/Versions/3.14/lib/python3.14/subprocess.py", line 1268, in _check_timeout
    raise TimeoutExpired(
    ...<2 lines>...
            stderr=b''.join(stderr_seq) if stderr_seq else None)
subprocess.TimeoutExpired: Command '['/Users/jordanh/Src/nanolang-pr522-repair/bin/nvm2c', '/var/folders/9z/xpmfgw8j09l4g6wwxrxtt97w0000gn/T/nano-optional-array-e_ykck3p/input.nvm', '-o', '/var/folders/9z/xpmfgw8j09l4g6wwxrxtt97w0000gn/T/nano-optional-array-e_ykck3p/output.c']' timed out after 60 seconds

----------------------------------------------------------------------
Ran 1 test in 60.043s

FAILED (errors=1)
