FF
======================================================================
FAIL: test_nested_union_record_transport (tests.test_canonical_aggregate_formatting.AggregateFormatting.test_nested_union_record_transport) (compiler='nanoc_stage1', vm=False)
----------------------------------------------------------------------
Traceback (most recent call last):
  File "/Users/jordanh/Src/nanolang-pr522-repair/tests/test_canonical_aggregate_formatting.py", line 24, in execute
    self.assertEqual(result.returncode, 0, str(command) + "\n" + result.stdout + result.stderr)
    ~~~~~~~~~~~~~~~~^^^^^^^^^^^^^^^^^^^^^^^^^^^^^^^^^^^^^^^^^^^^^^^^^^^^^^^^^^^^^^^^^^^^^^^^^^^
AssertionError: 1 != 0 : [PosixPath('/Users/jordanh/Src/nanolang-pr522-repair/bin/nanoc_stage1'), PosixPath('/var/folders/9z/xpmfgw8j09l4g6wwxrxtt97w0000gn/T/nano-canonical-format-gp1a9g5g/case.nano'), '-o', PosixPath('/var/folders/9z/xpmfgw8j09l4g6wwxrxtt97w0000gn/T/nano-canonical-format-gp1a9g5g/product')]
I could not translate the verified NanoISA product to C
I cannot translate '/var/folders/9z/xpmfgw8j09l4g6wwxrxtt97w0000gn/T/nano-canonical-format-gp1a9g5g/.nano-product.bialDW/program.nvm': I found invalid aggregate shape constraints during AGG_GET in function 2 at offset 3: I found conflicting aggregate shape kinds record/variant at nodes 62/117


======================================================================
FAIL: test_nested_union_record_transport (tests.test_canonical_aggregate_formatting.AggregateFormatting.test_nested_union_record_transport) (compiler='nanoc_stage2', vm=False)
----------------------------------------------------------------------
Traceback (most recent call last):
  File "/Users/jordanh/Src/nanolang-pr522-repair/tests/test_canonical_aggregate_formatting.py", line 24, in execute
    self.assertEqual(result.returncode, 0, str(command) + "\n" + result.stdout + result.stderr)
    ~~~~~~~~~~~~~~~~^^^^^^^^^^^^^^^^^^^^^^^^^^^^^^^^^^^^^^^^^^^^^^^^^^^^^^^^^^^^^^^^^^^^^^^^^^^
AssertionError: 1 != 0 : [PosixPath('/Users/jordanh/Src/nanolang-pr522-repair/bin/nanoc_stage2'), PosixPath('/var/folders/9z/xpmfgw8j09l4g6wwxrxtt97w0000gn/T/nano-canonical-format-gp1a9g5g/case.nano'), '-o', PosixPath('/var/folders/9z/xpmfgw8j09l4g6wwxrxtt97w0000gn/T/nano-canonical-format-gp1a9g5g/product')]
I could not translate the verified NanoISA product to C
I cannot translate '/var/folders/9z/xpmfgw8j09l4g6wwxrxtt97w0000gn/T/nano-canonical-format-gp1a9g5g/.nano-product.NeyGph/program.nvm': I found invalid aggregate shape constraints during AGG_GET in function 2 at offset 3: I found conflicting aggregate shape kinds record/variant at nodes 62/117


----------------------------------------------------------------------
Ran 1 test in 1.546s

FAILED (failures=2)
