cc -Wall -Wextra -Werror -std=c99 -g -O3 -ftree-vectorize -fPIC -Isrc -D_GNU_SOURCE -I'/Applications/Xcode.app/Contents/Developer/Platforms/MacOSX.platform/Developer/SDKs/MacOSX27.0.sdk/usr/include/ffi' -I/opt/homebrew/Cellar/openssl@3/3.6.5/include -MMD -MP -DNANO_WRAPPER_CRYPTO_DIR='"/opt/homebrew/Cellar/openssl@3/3.6.5/lib"' -DNANO_WRAPPER_INSTRUMENT_FLAGS='""' -c src/nanovirt/wrapper_gen.c -o obj/nanovirt/wrapper_gen.o
Stage 1: Building C reference compiler...
✓ C Compiler: bin/nanoc_c
✓ Bootstrap Stage 0: C reference compiler ready
cc -Wall -Wextra -Werror -std=c99 -g -O3 -ftree-vectorize -fPIC -Isrc -D_GNU_SOURCE -I'/Applications/Xcode.app/Contents/Developer/Platforms/MacOSX.platform/Developer/SDKs/MacOSX27.0.sdk/usr/include/ffi' -I/opt/homebrew/Cellar/openssl@3/3.6.5/include -o bin/nano_virt obj/nanovirt/codegen.o obj/nanovirt/wrapper_gen.o obj/nanovirt/shadow_runner.o obj/nanovm/value.o obj/nanovm/heap.o obj/nanovm/heap_cycles.o obj/nanovm/vm.o obj/nanovm/vm_callback.o obj/nanovm/vm_ffi.o obj/nanovm/vm_builtins.o obj/nanovm/cop_protocol.o obj/nanovm/vm_ffi_arrays.o obj/runtime/callback_runtime.o obj/nanoisa/file_flow.o obj/nanoisa/service_file_nominal.o obj/nanoisa/service_file_nominal_plan.o obj/nanoisa/service_bindings.o obj/nanoisa/service_bindings_module.o obj/nanoisa/mixed_float_proof.o obj/nanoisa/managed_array_shapes.o obj/nanoisa/local_bindings.o obj/nanoisa/affine_bytecode.o obj/nanoisa/affine_state.o obj/nanoisa/ownership_contracts.o obj/nanoisa/retained_layouts.o obj/nanoisa/reference_places.o obj/nanoisa/passive.o obj/nanoisa/isa.o obj/nanoisa/verifier_types.o obj/nanoisa/nvm_format.o obj/nanoisa/nvm_format_v2.o obj/nanoisa/nvm_v2_cursor.o obj/nanoisa/nvm_v2_constants.o obj/nanoisa/nvm_v2_signatures.o obj/nanoisa/nvm_v2_layouts.o obj/nanoisa/nvm_v2_functions.o obj/nanoisa/nvm_v2_imports.o obj/nanoisa/nvm_v2_module.o obj/nanoisa/nvm_v2_convert.o obj/nanoisa/assembler.o obj/nanoisa/disassembler.o obj/nanoisa/verifier.o obj/nanoisa/nvm2c.o obj/nanoisa/nvm2c_shape.o obj/nanoisa/nvm2c_callables.o obj/nanoisa/frontend.o obj/nanoisa/nanoisa_facade.o obj/nanovm/vm_decode.o obj/nanovm/vm_dispatch.o obj/nsi_file_plan.o \
		obj/lexer.o obj/parser.o obj/typechecker.o obj/transpiler.o obj/stdlib_runtime.o obj/env.o obj/builtins_registry.o obj/module.o obj/module_metadata.o obj/cJSON.o obj/toon_output.o obj/module_builder.o obj/resource_tracking.o obj/eval.o obj/eval/eval_hashmap.o obj/eval/eval_math.o obj/eval/eval_string.o obj/eval/eval_io.o obj/interpreter_ffi.o obj/json_diagnostics.o obj/reflection.o obj/nanocore_subset.o obj/nanocore_export.o obj/emit_typed_ast.o obj/type_infer.o obj/effects.o obj/fold_constants.o obj/dce_pass.o obj/par_let_pass.o obj/ptx_backend.o obj/opencl_backend.o obj/tco_pass.o obj/cps_pass.o obj/coroutine.o obj/pgo_pass.o obj/c_backend.o obj/bench.o obj/bench_native.o obj/riscv_backend.o obj/dwarf_info.o obj/docgen_md.o obj/docgen.o obj/fmt.o obj/channel.o obj/bcp47.o obj/locale.o obj/utf8.o obj/diag_id.o obj/catalog.o obj/resource_flow.o obj/nominal_types.o obj/runtime/list_int.o obj/runtime/list_bool.o obj/runtime/list_string.o obj/runtime/list_LexerToken.o obj/runtime/list_token.o obj/runtime/list_CompilerDiagnostic.o obj/runtime/list_CompilerSourceLocation.o obj/runtime/list_ASTNumber.o obj/runtime/list_ASTFloat.o obj/runtime/list_ASTString.o obj/runtime/list_ASTBool.o obj/runtime/list_ASTIdentifier.o obj/runtime/list_ASTBinaryOp.o obj/runtime/list_ASTCall.o obj/runtime/list_ASTModuleQualifiedCall.o obj/runtime/list_ASTArrayLiteral.o obj/runtime/list_ASTLet.o obj/runtime/list_ASTSet.o obj/runtime/list_ASTStmtRef.o obj/runtime/list_ASTIf.o obj/runtime/list_ASTWhile.o obj/runtime/list_ASTFor.o obj/runtime/list_ASTReturn.o obj/runtime/list_ASTBlock.o obj/runtime/list_ASTUnsafeBlock.o obj/runtime/list_ASTPrint.o obj/runtime/list_ASTAssert.o obj/runtime/list_ASTFunction.o obj/runtime/list_ASTShadow.o obj/runtime/list_ASTStruct.o obj/runtime/list_ASTStructLiteral.o obj/runtime/list_ASTFieldAccess.o obj/runtime/list_ASTEnum.o obj/runtime/list_ASTUnion.o obj/runtime/list_ASTUnionConstruct.o obj/runtime/list_ASTMatch.o obj/runtime/list_ASTImport.o obj/runtime/list_ASTOpaqueType.o obj/runtime/list_ASTServiceDecl.o obj/runtime/list_ASTTupleLiteral.o obj/runtime/list_ASTTupleIndex.o obj/runtime/token_helpers.o obj/runtime/gc.o obj/runtime/effect_runtime.o obj/runtime/dyn_array.o obj/runtime/gc_struct.o obj/runtime/nl_string.o obj/runtime/ffi_loader.o obj/runtime/module_build_dir.o obj/runtime/cli.o obj/runtime/regex.o obj/nanovirt/main.o -lm -lcrypto -lffi -L/opt/homebrew/Cellar/openssl@3/3.6.5/lib
python3 scripts/embed_binary64_parser.py --check
I run seed; I retain its log at /private/tmp/nanolang-match-guards-20261009/obj/bootstrap-nanoisa/run-4lt6c72y/00-seed.log.
I run seed-verify; I retain its log at /private/tmp/nanolang-match-guards-20261009/obj/bootstrap-nanoisa/run-4lt6c72y/01-seed-verify.log.
I run stage1; I retain its log at /private/tmp/nanolang-match-guards-20261009/obj/bootstrap-nanoisa/run-4lt6c72y/02-stage1.log.
I run stage1-verify; I retain its log at /private/tmp/nanolang-match-guards-20261009/obj/bootstrap-nanoisa/run-4lt6c72y/03-stage1-verify.log.
I run stage1-translate; I retain its log at /private/tmp/nanolang-match-guards-20261009/obj/bootstrap-nanoisa/run-4lt6c72y/04-stage1-translate.log.
I run stage1-native; I retain its log at /private/tmp/nanolang-match-guards-20261009/obj/bootstrap-nanoisa/run-4lt6c72y/05-stage1-native.log.
I run stage1-hello-compile; I retain its log at /private/tmp/nanolang-match-guards-20261009/obj/bootstrap-nanoisa/run-4lt6c72y/06-stage1-hello-compile.log.
I run stage1-hello-execute; I retain its log at /private/tmp/nanolang-match-guards-20261009/obj/bootstrap-nanoisa/run-4lt6c72y/07-stage1-hello-execute.log.
I run stage2; I retain its log at /private/tmp/nanolang-match-guards-20261009/obj/bootstrap-nanoisa/run-4lt6c72y/08-stage2.log.
I run stage2-verify; I retain its log at /private/tmp/nanolang-match-guards-20261009/obj/bootstrap-nanoisa/run-4lt6c72y/09-stage2-verify.log.
I run stage2-translate; I retain its log at /private/tmp/nanolang-match-guards-20261009/obj/bootstrap-nanoisa/run-4lt6c72y/10-stage2-translate.log.
I run stage2-native; I retain its log at /private/tmp/nanolang-match-guards-20261009/obj/bootstrap-nanoisa/run-4lt6c72y/11-stage2-native.log.
I run stage2-hello-compile; I retain its log at /private/tmp/nanolang-match-guards-20261009/obj/bootstrap-nanoisa/run-4lt6c72y/12-stage2-hello-compile.log.
I run stage2-hello-execute; I retain its log at /private/tmp/nanolang-match-guards-20261009/obj/bootstrap-nanoisa/run-4lt6c72y/13-stage2-hello-execute.log.
I run seed-final-verify; I retain its log at /private/tmp/nanolang-match-guards-20261009/obj/bootstrap-nanoisa/run-4lt6c72y/14-seed-final-verify.log.
I run stage1-final-verify; I retain its log at /private/tmp/nanolang-match-guards-20261009/obj/bootstrap-nanoisa/run-4lt6c72y/15-stage1-final-verify.log.
I run stage2-final-verify; I retain its log at /private/tmp/nanolang-match-guards-20261009/obj/bootstrap-nanoisa/run-4lt6c72y/16-stage2-final-verify.log.
I compared raw Stage 1 and Stage 2 modules: they are byte-identical in this build.
I have not established reproducibility across clean environments or proved compiler semantic correctness.
I installed bin/nanoc from the verified Stage 2 module.
Hello from NanoLang!
ld: warning: ignoring duplicate libraries: '-lm'
🔍 Verifying self-hosted compiler works without bin/nanoc_c...
Hello from NanoLang!
ld: warning: ignoring duplicate libraries: '-lm'
✅ bin/nanoc succeeded with bin/nanoc_c removed
test_all_operations_and_single_index_evaluation (tests.test_nanoisa_introspection.NanoisaIntrospection.test_all_operations_and_single_index_evaluation) ... ok
test_ambiguous_module_identity_preserves_output (tests.test_nanoisa_introspection.NanoisaIntrospection.test_ambiguous_module_identity_preserves_output) ... ok
test_empty_export_sets (tests.test_nanoisa_introspection.NanoisaIntrospection.test_empty_export_sets) ... ok
test_intrinsic_signature_is_required_before_publication (tests.test_nanoisa_introspection.NanoisaIntrospection.test_intrinsic_signature_is_required_before_publication) ... ok
test_ordinary_function_with_similar_name_keeps_its_body (tests.test_nanoisa_introspection.NanoisaIntrospection.test_ordinary_function_with_similar_name_keeps_its_body) ... ok
test_repository_metadata_programs (tests.test_nanoisa_introspection.NanoisaIntrospection.test_repository_metadata_programs) ... ok

----------------------------------------------------------------------
Ran 6 tests in 1.968s

OK
test_all_operations_and_single_index_evaluation (tests.test_nanoisa_introspection.NanoisaIntrospection.test_all_operations_and_single_index_evaluation) ... ok
test_ambiguous_module_identity_preserves_output (tests.test_nanoisa_introspection.NanoisaIntrospection.test_ambiguous_module_identity_preserves_output) ... ok
test_empty_export_sets (tests.test_nanoisa_introspection.NanoisaIntrospection.test_empty_export_sets) ... ok
test_intrinsic_signature_is_required_before_publication (tests.test_nanoisa_introspection.NanoisaIntrospection.test_intrinsic_signature_is_required_before_publication) ... ok
test_ordinary_function_with_similar_name_keeps_its_body (tests.test_nanoisa_introspection.NanoisaIntrospection.test_ordinary_function_with_similar_name_keeps_its_body) ... ok
test_repository_metadata_programs (tests.test_nanoisa_introspection.NanoisaIntrospection.test_repository_metadata_programs) ... ok

----------------------------------------------------------------------
Ran 6 tests in 1.321s

OK
test_all_operations_and_single_index_evaluation (tests.test_nanoisa_introspection.NanoisaIntrospection.test_all_operations_and_single_index_evaluation) ... ok
test_ambiguous_module_identity_preserves_output (tests.test_nanoisa_introspection.NanoisaIntrospection.test_ambiguous_module_identity_preserves_output) ... ok
test_empty_export_sets (tests.test_nanoisa_introspection.NanoisaIntrospection.test_empty_export_sets) ... ok
test_intrinsic_signature_is_required_before_publication (tests.test_nanoisa_introspection.NanoisaIntrospection.test_intrinsic_signature_is_required_before_publication) ... ok
test_ordinary_function_with_similar_name_keeps_its_body (tests.test_nanoisa_introspection.NanoisaIntrospection.test_ordinary_function_with_similar_name_keeps_its_body) ... ok
test_repository_metadata_programs (tests.test_nanoisa_introspection.NanoisaIntrospection.test_repository_metadata_programs) ... ok

----------------------------------------------------------------------
Ran 6 tests in 1.340s

OK
