test_exact_bits_and_captured_scalar_output (__main__.LegacySignedNan.test_exact_bits_and_captured_scalar_output) ... I retain legacy format artifacts at /tmp/nano-legacy-nan-1sf5reqf
ok
test_generated_provider_identity (__main__.LegacySignedNan.test_generated_provider_identity) ... I retain legacy format artifacts at /tmp/nano-legacy-nan-ptqin60e
ok
test_interpreter_array_and_generic_format (__main__.LegacySignedNan.test_interpreter_array_and_generic_format) ... I retain legacy format artifacts at /tmp/nano-legacy-nan-3oetxytf
FAIL

======================================================================
FAIL: test_interpreter_array_and_generic_format (__main__.LegacySignedNan.test_interpreter_array_and_generic_format)
----------------------------------------------------------------------
Traceback (most recent call last):
  File "/home/jkh/Src/nanolang-legacy-format-qualified/tests/test_legacy_signed_nan_format.py", line 86, in test_interpreter_array_and_generic_format
    self.assertEqual(self.command(ROOT/'bin/nano',path).stdout,expected)
                     ~~~~~~~~~~~~^^^^^^^^^^^^^^^^^^^^^^
  File "/home/jkh/Src/nanolang-legacy-format-qualified/tests/test_legacy_signed_nan_format.py", line 46, in command
    self.assertEqual(result.returncode,0,result.stdout+result.stderr+str(self.work))
    ~~~~~~~~~~~~~~~~^^^^^^^^^^^^^^^^^^^^^^^^^^^^^^^^^^^^^^^^^^^^^^^^^^^^^^^^^^^^^^^^
AssertionError: 1 != 0 : Error at line 3, column 27: Expected '>' after array element type
Error at line 3, column 27: Expected '=' in let statement (got GE)
nano: parsing failed
/tmp/nano-legacy-nan-3oetxytf

----------------------------------------------------------------------
Ran 3 tests in 8.212s

FAILED (failures=1)
