test_allocation_failure_unwinds_callee_and_preserves_global_owner (tests.test_llvm_managed_strings.ManagedStrings.test_allocation_failure_unwinds_callee_and_preserves_global_owner) ... ok
test_callee_errors_unwind_all_frames_and_preserve_prior_global_writes (tests.test_llvm_managed_strings.ManagedStrings.test_callee_errors_unwind_all_frames_and_preserve_prior_global_writes) ... ok
test_content_aliases_branches_loop_and_nested_calls (tests.test_llvm_managed_strings.ManagedStrings.test_content_aliases_branches_loop_and_nested_calls) ... ok
test_dynamic_return_tag_errors_clean_explicit_and_implicit_frames (tests.test_llvm_managed_strings.ManagedStrings.test_dynamic_return_tag_errors_clean_explicit_and_implicit_frames) ... ok
test_global_ownership_reentry_initializer_and_terminal_disposal (tests.test_llvm_managed_strings.ManagedStrings.test_global_ownership_reentry_initializer_and_terminal_disposal) ... ok
test_managed_profile_preserves_numeric_tags_and_total_boundaries (tests.test_llvm_managed_strings.ManagedStrings.test_managed_profile_preserves_numeric_tags_and_total_boundaries) ... ok
test_native_byte_and_descriptor_allocation_failure_are_recoverable (tests.test_llvm_managed_strings.ManagedStrings.test_native_byte_and_descriptor_allocation_failure_are_recoverable) ... ok
test_substring_allocation_failure_and_type_error_cleanup (tests.test_llvm_managed_strings.ManagedStrings.test_substring_allocation_failure_and_type_error_cleanup) ... ok
test_substring_bytes_indices_aliases_and_reentry (tests.test_llvm_managed_strings.ManagedStrings.test_substring_bytes_indices_aliases_and_reentry) ... ok
test_unsupported_array_shape_and_reserved_entry_refusals_preserve_output (tests.test_llvm_managed_strings.ManagedStrings.test_unsupported_array_shape_and_reserved_entry_refusals_preserve_output) ... ok
test_wasm_memory_cap_failure_cleans_frames_and_reuses_storage (tests.test_llvm_managed_strings.ManagedStrings.test_wasm_memory_cap_failure_cleans_frames_and_reuses_storage) ... ok
test_decimal_bytes_limits_and_dynamic_aliases (tests.test_llvm_managed_decimal.ManagedDecimal.test_decimal_bytes_limits_and_dynamic_aliases) ... ok
test_globals_nonstrings_and_error_cleanup (tests.test_llvm_managed_decimal.ManagedDecimal.test_globals_nonstrings_and_error_cleanup) ... ok
test_allocation_failure_and_allocation_free_identity (tests.test_llvm_managed_format.ManagedFormat.test_allocation_failure_and_allocation_free_identity) ... ok
test_exact_scalar_bytes_and_string_owner_transfer (tests.test_llvm_managed_format.ManagedFormat.test_exact_scalar_bytes_and_string_owner_transfer) ... ok
test_float_instruction_and_signature_publication (tests.test_llvm_managed_format.ManagedFormat.test_float_instruction_and_signature_publication) ... ok
test_emitted_formatting_matches_vm_and_reference (tests.test_managed_binary64_format.Binary64Format.test_emitted_formatting_matches_vm_and_reference) ... ok
test_float_format_allocation_failure_recovers (tests.test_managed_binary64_format.Binary64Format.test_float_format_allocation_failure_recovers) ... ok
test_portable_core_matches_2077_reference_values (tests.test_managed_binary64_format.Binary64Format.test_portable_core_matches_2077_reference_values) ... ok
test_core_bits_and_ownership_match_reference_on_native_and_wasm (tests.test_managed_binary64_parse.Binary64Parse.test_core_bits_and_ownership_match_reference_on_native_and_wasm) ... ok
test_emitted_float_parsing_aliases_and_cleanup (tests.test_managed_binary64_parse.Binary64Parse.test_emitted_float_parsing_aliases_and_cleanup) ... ok
test_vm_bits_and_both_generated_c_conversion_paths (tests.test_managed_binary64_parse.Binary64Parse.test_vm_bits_and_both_generated_c_conversion_paths) ... ok
test_actual_byte_predicates_calls_globals_and_aliases (tests.test_llvm_managed_predicates.ManagedPredicates.test_actual_byte_predicates_calls_globals_and_aliases) ... ok
test_borrowed_runtime_predicates_allocate_nothing (tests.test_llvm_managed_predicates.ManagedPredicates.test_borrowed_runtime_predicates_allocate_nothing) ... ok
test_dynamic_wrong_tags_clean_operands_and_keep_globals (tests.test_llvm_managed_predicates.ManagedPredicates.test_dynamic_wrong_tags_clean_operands_and_keep_globals) ... ok
test_emitted_allocation_failure_recovery_and_wrong_tag (tests.test_llvm_managed_trim.ManagedTrim.test_emitted_allocation_failure_recovery_and_wrong_tag) ... ok
test_exact_bytes_literals_dynamic_calls_globals_reentry (tests.test_llvm_managed_trim.ManagedTrim.test_exact_bytes_literals_dynamic_calls_globals_reentry) ... ok
test_fresh_core_results_aliases_and_failure (tests.test_llvm_managed_trim.ManagedTrim.test_fresh_core_results_aliases_and_failure) ... ok
test_borrowed_core_bytes_no_allocation_and_reference_stability (tests.test_llvm_managed_character.ManagedCharacter.test_borrowed_core_bytes_no_allocation_and_reference_stability) ... ok
test_exact_bytes_indices_calls_globals_and_nonnumeric_fallback (tests.test_llvm_managed_character.ManagedCharacter.test_exact_bytes_indices_calls_globals_and_nonnumeric_fallback) ... ok
test_wrong_source_releases_string_index_and_preserves_globals (tests.test_llvm_managed_character.ManagedCharacter.test_wrong_source_releases_string_index_and_preserves_globals) ... ok
test_all_bytes_literals_dynamic_calls_globals_and_reentry (tests.test_llvm_managed_case.ManagedCase.test_all_bytes_literals_dynamic_calls_globals_and_reentry) ... ok
test_core_fresh_aliases_failures_and_descriptor_growth (tests.test_llvm_managed_case.ManagedCase.test_core_fresh_aliases_failures_and_descriptor_growth) ... ok
test_emitted_allocation_failure_recovery_and_wrong_tag (tests.test_llvm_managed_case.ManagedCase.test_emitted_allocation_failure_recovery_and_wrong_tag) ... ok
test_fallback_allocation_failure_releases_input_and_recovers (tests.test_llvm_managed_primitive_format.ManagedPrimitiveFormat.test_fallback_allocation_failure_releases_input_and_recovers) ... ok
test_numeric_boundaries_reference_bytes_and_exact_tag_fallback (tests.test_llvm_managed_primitive_format.ManagedPrimitiveFormat.test_numeric_boundaries_reference_bytes_and_exact_tag_fallback) ... ok
test_bytes_aliases_calls_globals_and_reentry (tests.test_llvm_managed_replace.ManagedReplace.test_bytes_aliases_calls_globals_and_reentry) ... ok
test_core_allocation_stages_growth_and_equal_handle_owners (tests.test_llvm_managed_replace.ManagedReplace.test_core_allocation_stages_growth_and_equal_handle_owners) ... ok
test_emitted_failure_recovery_and_all_wrong_tag_positions (tests.test_llvm_managed_replace.ManagedReplace.test_emitted_failure_recovery_and_all_wrong_tag_positions) ... ok
test_bytes_aliases_calls_globals_missing_and_scalar_interactions (tests.test_llvm_managed_split.ManagedSplit.test_bytes_aliases_calls_globals_missing_and_scalar_interactions) ... ok
test_partial_allocation_core_and_emitted_failure_recovery (tests.test_llvm_managed_split.ManagedSplit.test_partial_allocation_core_and_emitted_failure_recovery) ... ok
test_persistent_global_child_and_error_cleanup (tests.test_llvm_managed_split.ManagedSplit.test_persistent_global_child_and_error_cleanup) ... ok
test_prior_split_global_and_array_initializer_result (tests.test_llvm_managed_split.ManagedSplit.test_prior_split_global_and_array_initializer_result) ... ok
test_unsupported_mutation_refusals_preserve_output (tests.test_llvm_managed_split.ManagedSplit.test_unsupported_mutation_refusals_preserve_output) ... ok
test_wasm_memory_limit_cleans_partial_array_and_preserves_global (tests.test_llvm_managed_split.ManagedSplit.test_wasm_memory_limit_cleans_partial_array_and_preserves_global) ... ok
test_allocation_failures_cleanup_and_reuse (tests.test_llvm_managed_mutable_arrays.MutableArrays.test_allocation_failures_cleanup_and_reuse) ... ok
test_boxed_leaf_aliases_calls_and_split_mutation (tests.test_llvm_managed_mutable_arrays.MutableArrays.test_boxed_leaf_aliases_calls_and_split_mutation) ... ok
test_checked_errors_release_frames_and_preserve_alias_writes (tests.test_llvm_managed_mutable_arrays.MutableArrays.test_checked_errors_release_frames_and_preserve_alias_writes) ... ok
test_packed_matrix_optional_results_and_growth (tests.test_llvm_managed_mutable_arrays.MutableArrays.test_packed_matrix_optional_results_and_growth) ... ok
test_prepared_split_set_requires_no_allocation (tests.test_llvm_managed_mutable_arrays.MutableArrays.test_prepared_split_set_requires_no_allocation) ... ok
test_reentry_global_and_initializer_order (tests.test_llvm_managed_mutable_arrays.MutableArrays.test_reentry_global_and_initializer_order) ... ok
test_unsupported_shapes_and_transfers_preserve_output (tests.test_llvm_managed_mutable_arrays.MutableArrays.test_unsupported_shapes_and_transfers_preserve_output) ... ok
test_boxed_leaf_order_duplicates_and_copy_independence (tests.test_llvm_managed_array_copies.ArrayCopies.test_boxed_leaf_order_duplicates_and_copy_independence) ... ok
test_copy_globals_reentry_and_initializer (tests.test_llvm_managed_array_copies.ArrayCopies.test_copy_globals_reentry_and_initializer) ... ok
test_counted_owner_allocation_failure_and_recovery (tests.test_llvm_managed_array_copies.ArrayCopies.test_counted_owner_allocation_failure_and_recovery) ... ok
test_literal_matrix_counts_and_slice_order (tests.test_llvm_managed_array_copies.ArrayCopies.test_literal_matrix_counts_and_slice_order) ... ok
test_prepared_split_copy_and_mixed_origin_join (tests.test_llvm_managed_array_copies.ArrayCopies.test_prepared_split_copy_and_mixed_origin_join) ... ok
test_refusal_preserves_outputs (tests.test_llvm_managed_array_copies.ArrayCopies.test_refusal_preserves_outputs) ... ok
test_slice_endpoint_fallback_wrap_and_calls (tests.test_llvm_managed_array_copies.ArrayCopies.test_slice_endpoint_fallback_wrap_and_calls) ... ok
test_slice_type_failure_cleans_heap_bounds_and_keeps_global (tests.test_llvm_managed_array_copies.ArrayCopies.test_slice_type_failure_cleans_heap_bounds_and_keeps_global) ... ok
test_wasm_copy_exhaustion_cleans_frame_and_preserves_roots (tests.test_llvm_managed_array_copies.ArrayCopies.test_wasm_copy_exhaustion_cleans_frame_and_preserves_roots) ... ok
test_generated_pressure_preserves_live_graph_and_disposal (tests.test_llvm_managed_graphs.ManagedGraphs.test_generated_pressure_preserves_live_graph_and_disposal) ... ok
test_global_cycles_reentry_initializer_and_first_error (tests.test_llvm_managed_graphs.ManagedGraphs.test_global_cycles_reentry_initializer_and_first_error) ... ok
test_initializer_and_helper_failures_collect_only_dead_roots (tests.test_llvm_managed_graphs.ManagedGraphs.test_initializer_and_helper_failures_collect_only_dead_roots) ... ok
test_leaf_mode_stays_unprepared (tests.test_llvm_managed_graphs.ManagedGraphs.test_leaf_mode_stays_unprepared) ... ok
test_nested_literal_slice_get_pop_and_calls (tests.test_llvm_managed_graphs.ManagedGraphs.test_nested_literal_slice_get_pop_and_calls) ... ok
test_preparation_growth_failures_and_nested_entry (tests.test_llvm_managed_graphs.ManagedGraphs.test_preparation_growth_failures_and_nested_entry) ... ok
test_prepared_split_nested_append_and_set (tests.test_llvm_managed_graphs.ManagedGraphs.test_prepared_split_nested_append_and_set) ... ok
test_self_mutual_cycles_and_bounded_live_loop (tests.test_llvm_managed_graphs.ManagedGraphs.test_self_mutual_cycles_and_bounded_live_loop) ... ok
test_private_records_native_and_wasm (tests.test_managed_records.ManagedRecords.test_private_records_native_and_wasm) ... ok
test_separate_target_ir_linkage (tests.test_managed_records.ManagedRecords.test_separate_target_ir_linkage) ... ok

----------------------------------------------------------------------
Ran 71 tests in 182.704s

OK
