cc -Wall -Wextra -Werror -std=c99 -g -O3 -ftree-vectorize -fPIC -Isrc -D_GNU_SOURCE -I'/Applications/Xcode.app/Contents/Developer/Platforms/MacOSX.platform/Developer/SDKs/MacOSX27.0.sdk/usr/include/ffi' -I/opt/homebrew/Cellar/openssl@3/3.6.5/include -I/private/tmp/nanolang-mixed-record-candidate/c -Isrc/nanoisa -Imodules/nanoisa -o /private/tmp/nanolang-mixed-record-candidate/test_nvm2c tests/nanoisa/test_nvm2c.c obj/nanoisa/file_flow.o obj/nanoisa/service_file_nominal.o obj/nanoisa/service_file_nominal_plan.o obj/nanoisa/service_bindings.o obj/nanoisa/service_bindings_module.o obj/nanoisa/mixed_float_proof.o obj/nanoisa/managed_array_shapes.o obj/nanoisa/local_bindings.o obj/nanoisa/ownership_contracts.o obj/nanoisa/retained_layouts.o obj/nanoisa/reference_places.o obj/nanoisa/passive.o obj/nanoisa/isa.o obj/nanoisa/verifier_types.o obj/nanoisa/nvm_format.o obj/nanoisa/nvm_format_v2.o obj/nanoisa/nvm_v2_cursor.o obj/nanoisa/nvm_v2_constants.o obj/nanoisa/nvm_v2_signatures.o obj/nanoisa/nvm_v2_layouts.o obj/nanoisa/nvm_v2_functions.o obj/nanoisa/nvm_v2_imports.o obj/nanoisa/nvm_v2_module.o obj/nanoisa/nvm_v2_convert.o obj/nanoisa/assembler.o obj/nanoisa/disassembler.o obj/nanoisa/verifier.o obj/nanoisa/nvm2c_shape.o obj/nanoisa/nvm2c_callables.o obj/nanoisa/frontend.o obj/nanoisa/nanoisa_facade.o obj/nanovm/vm_decode.o obj/nanovm/vm_dispatch.o obj/nsi_file_plan.o /private/tmp/nanolang-mixed-record-candidate/c/affine_state.o /private/tmp/nanolang-mixed-record-candidate/c/affine_bytecode.o /private/tmp/nanolang-mixed-record-candidate/c/nvm2c.o obj/utf8.o -lm -lcrypto -lffi -L/opt/homebrew/Cellar/openssl@3/3.6.5/lib
/private/tmp/nanolang-mixed-record-candidate/test_nvm2c
I stopped at a native invariant in nvalue_require_string at generated C line 651.
I stopped at a native invariant in nvalue_require_string at generated C line 651.
I stopped at a native invariant in nvalue_require_string at generated C line 651.
I stopped at a native invariant in nvalue_require_string at generated C line 651.
I stopped at a native invariant in nvalue_require_string at generated C line 651.
I stopped at a native invariant in nvalue_require_string at generated C line 651.
I stopped at a native invariant in nvalue_require_string at generated C line 651.
I stopped at a native invariant in nvalue_require_string at generated C line 651.
I stopped at a native invariant in nvalue_require_string at generated C line 651.
I stopped at a native invariant in nvalue_require_string at generated C line 651.
I stopped at a native invariant in nvalue_require_string at generated C line 651.
I stopped at a native invariant in nvalue_require_string at generated C line 651.
I stopped at a native invariant in nvalue_require_string at generated C line 651.
I stopped at a native invariant in nvalue_require_string at generated C line 651.
I stopped at a native invariant in nvalue_require_string at generated C line 651.
I stopped at a native invariant in nvalue_require_string at generated C line 651.
I stopped at a native invariant in nvalue_require_string at generated C line 651.
I stopped at a native invariant in nvalue_require_string at generated C line 651.
I stopped at a native invariant in nvalue_require_string at generated C line 651.
I stopped at a native invariant in nvalue_require_string at generated C line 651.
I stopped at a native invariant in nvalue_require_string at generated C line 651.
I stopped at a native invariant in nvalue_require_string at generated C line 651.
I stopped at a native invariant in nvalue_require_string at generated C line 651.
I stopped at a native invariant in nvalue_require_string at generated C line 651.
I stopped at a native invariant in nvalue_require_bool at generated C line 643.
I stopped at a native invariant in nvalue_require_bool at generated C line 643.
I stopped at a native invariant in nvalue_require_string at generated C line 596.
I stopped at a native invariant in nvalue_require_string at generated C line 596.
I stopped at a native invariant in nvalue_require_string at generated C line 596.
I stopped at a native invariant in nvalue_require_string at generated C line 596.
I stopped at a native invariant in nvalue_require_string at generated C line 596.
I stopped at a native invariant in nvalue_require_string at generated C line 596.
I stopped at a native invariant in nvalue_require_int at generated C line 624.
I stopped at a native invariant in nvalue_require_int at generated C line 624.
I stopped at a native invariant in nvalue_require_int at generated C line 624.
I stopped at a native invariant in nvalue_require_int at generated C line 624.
I stopped at a native invariant in nvalue_require_int at generated C line 624.
I stopped at a native invariant in nvalue_require_int at generated C line 624.
I stopped at a native invariant in nl___init__ at generated C line 103.
I stopped at a native invariant in nl_main at generated C line 1018.
I stopped at a native invariant in nl_main at generated C line 1018.
I stopped at a native invariant in nl_main at generated C line 1018.
I stopped at a native invariant in nl_main at generated C line 1009.
I stopped at a native invariant in nl_main at generated C line 1009.
I stopped at a native invariant in nl_main at generated C line 1009.
I stopped at a native invariant in nl_main at generated C line 1011.
I stopped at a native invariant in nl_main at generated C line 1011.
I stopped at a native invariant in nl_main at generated C line 1011.
I stopped at a native invariant in nl_main at generated C line 994.
I stopped at a native invariant in nvalue_require_int at generated C line 576.
I stopped at a native invariant in nl_main at generated C line 891.
I stopped at a native invariant in nl_main at generated C line 891.
I stopped at a native invariant in nl_main at generated C line 891.
I stopped at a native invariant in nl_main at generated C line 984.
I stopped at a native invariant in nhost_walk_0 at generated C line 759.
I stopped at a native invariant in nhost_walk_0 at generated C line 743.
I stopped at a native invariant in nhost_walk_0 at generated C line 745.
I stopped at a native invariant in nhost_walk_0 at generated C line 748.
I stopped at a native invariant in nvalue_require_int at generated C line 636.
I stopped at a native invariant in nvalue_require_int at generated C line 636.
I stopped at a native invariant in nvalue_require_int at generated C line 636.
I stopped at a native invariant in nl_update at generated C line 1027.
I stopped at a native invariant in nl_update at generated C line 1027.
I stopped at a native invariant in nvalue_array_len at generated C line 913.
I stopped at a native invariant in nvalue_array_len at generated C line 913.
I stopped at a native invariant in nvalue_array_len at generated C line 913.
I stopped at a native invariant in nvalue_require_int at generated C line 687.
I stopped at a native invariant in nl_prove at generated C line 59.
I stopped at a native invariant in nvalue_array_len at generated C line 833.
I stopped at a native invariant in nl_main at generated C line 999.
I stopped at a native invariant in nvalue_require_int at generated C line 635.
I stopped at a native invariant in nvalue_require_int at generated C line 636.
I stopped at a native invariant in nvalue_require_int at generated C line 636.
I stopped at a native invariant in nvalue_require_int at generated C line 636.
I stopped at a native invariant in nvalue_require_int at generated C line 636.
I stopped at a native invariant in nvalue_require_int at generated C line 636.
I stopped at a native invariant in nvalue_require_int at generated C line 636.
I stopped at a native invariant in nvalue_require_int at generated C line 636.
I stopped at a native invariant in nvalue_require_int at generated C line 636.
I stopped at a native invariant in nvalue_require_int at generated C line 639.
I stopped at a native invariant in nvalue_require_int at generated C line 639.
I stopped at a native invariant in nvalue_require_int at generated C line 639.
I stopped at a native invariant in nvalue_require_int at generated C line 688.
I stopped at a native invariant in nvalue_array_len at generated C line 853.
I stopped at a native invariant in nvalue_array_len at generated C line 853.
I stopped at a native invariant in nvalue_array_set at generated C line 971.
I stopped at a native invariant in nvalue_array_set at generated C line 971.
I stopped at a native invariant in nvalue_array_set at generated C line 971.
I stopped at a native invariant in nvalue_array_set at generated C line 971.
I stopped at a native invariant in nvalue_array_set at generated C line 971.
I stopped at a native invariant in nvalue_array_set at generated C line 971.
I stopped at a native invariant in nvalue_array_set at generated C line 971.
I stopped at a native invariant in nvalue_array_set at generated C line 971.
I stopped at a native invariant in nvalue_array_set at generated C line 971.
I stopped at a native invariant in nvalue_array_set at generated C line 971.
I stopped at a native invariant in nvalue_array_set at generated C line 971.
I stopped at a native invariant in nvalue_array_set at generated C line 971.
I stopped at a native invariant in nvalue_array_set at generated C line 962.
I stopped at a native invariant in nvalue_array_set at generated C line 962.
I stopped at a native invariant in nvalue_array_set at generated C line 962.
I stopped at a native invariant in nvalue_array_set at generated C line 962.
I stopped at a native invariant in nvalue_array_set at generated C line 962.
I stopped at a native invariant in nvalue_array_set at generated C line 962.
I stopped at a native invariant in nvalue_require_int at generated C line 576.
I stopped at a native invariant in nvalue_require_bool at generated C line 584.
I stopped at a native invariant in nvalue_require_string at generated C line 588.
I stopped at a native invariant in nvalue_require_int at generated C line 576.
I stopped at a native invariant in nvalue_require_int at generated C line 576.
I stopped at a native invariant in nvalue_require_string at generated C line 588.
I stopped at a native invariant in nvalue_require_string at generated C line 588.
I stopped at a native invariant in nvalue_require_bool at generated C line 584.
I stopped at a native invariant in nvalue_require_bool at generated C line 584.
I stopped at a native invariant in nvalue_require_bool at generated C line 584.
I stopped at a native invariant in nvalue_require_string at generated C line 603.
I stopped at a native invariant in nvalue_require_string at generated C line 603.
I stopped at a native invariant in nvalue_require_string at generated C line 603.
I stopped at a native invariant in nvalue_require_string at generated C line 652.
I stopped at a native invariant in nvalue_require_string at generated C line 603.
I stopped at a native invariant in nl_main at generated C line 875.
I stopped at a native invariant in nvalue_require_string at generated C line 588.
I stopped at a native invariant in nvalue_require_bool at generated C line 584.
I stopped at a native invariant in nvalue_require_bool at generated C line 584.
I stopped at a native invariant in nvalue_require_bool at generated C line 584.
I stopped at a native invariant in nvalue_require_int at generated C line 576.
I stopped at a native invariant in nl_main at generated C line 910.

[nvm2c] structured C11 from NanoISA...

  FAIL: nvm2c CLI path is required (bin/nvm2c)

=== 2422 passed, 1 failed ===
make: *** [mixed-candidate-native] Error 1
