✓ Bootstrap Stage 0: C reference compiler ready

==========================================
Bootstrap Stage 1: Self-Hosted Compiler
==========================================
Compiling nanoc_v06.nano with C compiler...
Warning at line 9, column 1: Unused variable 'parser'
Warning at line 175, column 9: Unused variable 'ignored'
Warning at line 2092, column 9: Unused variable 'rejected'
Warning at line 2213, column 9: Unused variable 'rejected'
Warning at line 2220, column 13: Unused variable 'rejected'
Warning at line 2258, column 9: Unused variable 'rejected'
Warning at line 2262, column 9: Unused variable 'rejected'
Warning at line 2269, column 13: Unused variable 'rejected'
Warning at line 5384, column 17: Unused variable 'imported'
Warning at line 9, column 1: Unused variable 'parser'
Warning at line 9, column 1: Unused variable 'parser'
Warning at line 175, column 9: Unused variable 'ignored'
Warning at line 175, column 9: Unused variable 'ignored'
Warning at line 2092, column 9: Unused variable 'rejected'
Warning at line 2213, column 9: Unused variable 'rejected'
Warning at line 2220, column 13: Unused variable 'rejected'
Warning at line 2258, column 9: Unused variable 'rejected'
Warning at line 2262, column 9: Unused variable 'rejected'
Warning at line 2269, column 13: Unused variable 'rejected'
Warning at line 5384, column 17: Unused variable 'imported'
Warning at line 9, column 1: Unused variable 'parser'
✓ Stage 1 compiler created: bin/nanoc_stage1

Testing stage 1 compiler...
Hello from NanoLang!
✓ Stage 1 compiler works!

==========================================
Bootstrap Stage 2: Recompilation
==========================================
Compiling nanoc_v06.nano with stage 1 compiler...
NSType checking failed
Diagnostics:
  [E0001] I require valid expression facts even when their result is unused. (:0:0)
  [E0001] I require valid expression facts even when their result is unused. (:0:0)
  [E0001] I require valid expression facts even when their result is unused. (:0:0)
  [E0001] I require valid expression facts even when their result is unused. (:0:0)
  [E0001] I require valid expression facts even when their result is unused. (:0:0)
  [E0001] I require valid expression facts even when their result is unused. (:0:0)
  [E0001] I require valid expression facts even when their result is unused. (:0:0)
  [E0001] I require valid expression facts even when their result is unused. (:0:0)
  [E0001] I require valid expression facts even when their result is unused. (:0:0)
  [E0001] I require valid expression facts even when their result is unused. (:0:0)
  [E0001] I require valid expression facts even when their result is unused. (:0:0)
  [E0001] I require valid expression facts even when their result is unused. (:0:0)
  [E0001] I require valid expression facts even when their result is unused. (:0:0)
  [E0001] I require valid expression facts even when their result is unused. (:0:0)
  [E0001] I require every array literal member to match its complete destination type. (/private/tmp/nanolang-record-lists-qualified-cb489/src_nano/compiler/nanoisa_borrows.nano:1532:36)
  [E0001] I require valid expression facts even when their result is unused. (:0:0)
  [E0001] I require valid expression facts even when their result is unused. (:0:0)
  [E0001] I require valid expression facts even when their result is unused. (:0:0)
  [E0001] I require valid expression facts even when their result is unused. (:0:0)
  [E0001] I require valid expression facts even when their result is unused. (:0:0)
make: *** [.bootstrap2.built] Error 1
