I checked build evidence: phase=tool-spawn-ms expected=1 observed=0 accepted=1
I checked build evidence: phase=tool-first-output-ms expected=1 observed=47 accepted=1
I checked build evidence: phase=tool-eof-ms expected=1 observed=49 accepted=1
I checked build evidence: phase=tool-reaped-ms expected=1 observed=77 accepted=1
I checked build evidence: phase=tool-query-ms expected=30000 observed=77 accepted=1
I checked build evidence: phase=tool-spawn-ms expected=1 observed=1 accepted=1
I checked build evidence: phase=tool-first-output-ms expected=1 observed=24 accepted=1
I checked build evidence: phase=tool-eof-ms expected=1 observed=27 accepted=1
I checked build evidence: phase=tool-reaped-ms expected=1 observed=53 accepted=1
I checked build evidence: phase=tool-query-ms expected=29919 observed=53 accepted=1
I checked build evidence: phase=tool-spawn-ms expected=1 observed=7 accepted=1
I checked build evidence: phase=tool-first-output-ms expected=1 observed=0 accepted=0
I checked build evidence: phase=tool-eof-ms expected=1 observed=15 accepted=1
I checked build evidence: phase=tool-reaped-ms expected=1 observed=41 accepted=1
I checked build evidence: phase=tool-run-ms expected=29655 observed=41 accepted=1
I checked build evidence: phase=tool-spawn-ms expected=1 observed=1 accepted=1
I checked build evidence: phase=tool-first-output-ms expected=1 observed=43 accepted=1
I checked build evidence: phase=tool-eof-ms expected=1 observed=44 accepted=1
I checked build evidence: phase=tool-reaped-ms expected=1 observed=70 accepted=1
I checked build evidence: phase=tool-query-ms expected=30000 observed=70 accepted=1
I checked build evidence: phase=tool-spawn-ms expected=1 observed=1 accepted=1
I checked build evidence: phase=tool-first-output-ms expected=1 observed=19 accepted=1
I checked build evidence: phase=tool-eof-ms expected=1 observed=21 accepted=1
I checked build evidence: phase=tool-reaped-ms expected=1 observed=47 accepted=1
I checked build evidence: phase=tool-query-ms expected=29930 observed=47 accepted=1
I checked build evidence: phase=tool-spawn-ms expected=1 observed=1 accepted=1
I checked build evidence: phase=tool-first-output-ms expected=1 observed=42 accepted=1
I checked build evidence: phase=tool-eof-ms expected=1 observed=43 accepted=1
I checked build evidence: phase=tool-reaped-ms expected=1 observed=69 accepted=1
I checked build evidence: phase=tool-query-ms expected=29727 observed=69 accepted=1
I checked build evidence: phase=tool-spawn-ms expected=1 observed=2 accepted=1
I checked build evidence: phase=tool-first-output-ms expected=1 observed=24 accepted=1
I checked build evidence: phase=tool-eof-ms expected=1 observed=25 accepted=1
I checked build evidence: phase=tool-reaped-ms expected=1 observed=51 accepted=1
I checked build evidence: phase=tool-query-ms expected=29658 observed=51 accepted=1
I checked build evidence: phase=tool-spawn-ms expected=1 observed=1 accepted=1
I checked build evidence: phase=tool-first-output-ms expected=1 observed=0 accepted=0
I checked build evidence: phase=tool-eof-ms expected=1 observed=7 accepted=1
I checked build evidence: phase=tool-reaped-ms expected=1 observed=33 accepted=1
I checked build evidence: phase=tool-run-ms expected=29451 observed=33 accepted=1
I checked build evidence: phase=tool-spawn-ms expected=1 observed=2 accepted=1
I checked build evidence: phase=tool-first-output-ms expected=1 observed=0 accepted=0
I checked build evidence: phase=tool-eof-ms expected=1 observed=7 accepted=1
I checked build evidence: phase=tool-reaped-ms expected=1 observed=33 accepted=1
I checked build evidence: phase=tool-run-ms expected=29418 observed=33 accepted=1
clang: warning: argument unused during compilation: '-fPIC' [-Wunused-command-line-argument]
I checked build evidence: phase=tool-spawn-ms expected=1 observed=4 accepted=1
I checked build evidence: phase=tool-first-output-ms expected=1 observed=53 accepted=1
I checked build evidence: phase=tool-eof-ms expected=1 observed=54 accepted=1
I checked build evidence: phase=tool-reaped-ms expected=1 observed=80 accepted=1
I checked build evidence: phase=tool-query-ms expected=30000 observed=80 accepted=1
I checked build evidence: phase=tool-spawn-ms expected=1 observed=0 accepted=1
I checked build evidence: phase=tool-first-output-ms expected=1 observed=23 accepted=1
I checked build evidence: phase=tool-eof-ms expected=1 observed=24 accepted=1
I checked build evidence: phase=tool-reaped-ms expected=1 observed=50 accepted=1
I checked build evidence: phase=tool-query-ms expected=29920 observed=50 accepted=1
I checked build evidence: phase=tool-spawn-ms expected=1 observed=2 accepted=1
I checked build evidence: phase=tool-first-output-ms expected=1 observed=0 accepted=0
I checked build evidence: phase=tool-eof-ms expected=1 observed=32 accepted=1
I checked build evidence: phase=tool-reaped-ms expected=1 observed=32 accepted=1
I checked build evidence: phase=tool-run-ms expected=29710 observed=32 accepted=1
I checked build evidence: phase=tool-spawn-ms expected=1 observed=1 accepted=1
I checked build evidence: phase=tool-first-output-ms expected=1 observed=68 accepted=1
I checked build evidence: phase=tool-eof-ms expected=1 observed=69 accepted=1
I checked build evidence: phase=tool-reaped-ms expected=1 observed=95 accepted=1
I checked build evidence: phase=tool-query-ms expected=30000 observed=95 accepted=1
I checked build evidence: phase=tool-spawn-ms expected=1 observed=1 accepted=1
I checked build evidence: phase=tool-first-output-ms expected=1 observed=29 accepted=1
I checked build evidence: phase=tool-eof-ms expected=1 observed=31 accepted=1
I checked build evidence: phase=tool-reaped-ms expected=1 observed=57 accepted=1
I checked build evidence: phase=tool-query-ms expected=29905 observed=57 accepted=1
I checked build evidence: phase=tool-spawn-ms expected=1 observed=2 accepted=1
I checked build evidence: phase=tool-first-output-ms expected=1 observed=60 accepted=1
I checked build evidence: phase=tool-eof-ms expected=1 observed=61 accepted=1
I checked build evidence: phase=tool-reaped-ms expected=1 observed=88 accepted=1
I checked build evidence: phase=tool-query-ms expected=29680 observed=88 accepted=1
I checked build evidence: phase=tool-spawn-ms expected=1 observed=0 accepted=1
I checked build evidence: phase=tool-first-output-ms expected=1 observed=22 accepted=1
I checked build evidence: phase=tool-eof-ms expected=1 observed=24 accepted=1
I checked build evidence: phase=tool-reaped-ms expected=1 observed=50 accepted=1
I checked build evidence: phase=tool-query-ms expected=29592 observed=50 accepted=1
I checked build evidence: phase=tool-spawn-ms expected=1 observed=0 accepted=1
I checked build evidence: phase=tool-first-output-ms expected=1 observed=0 accepted=0
I checked build evidence: phase=tool-eof-ms expected=1 observed=9 accepted=1
I checked build evidence: phase=tool-reaped-ms expected=1 observed=35 accepted=1
I checked build evidence: phase=tool-run-ms expected=29373 observed=35 accepted=1
I checked build evidence: phase=tool-spawn-ms expected=1 observed=1 accepted=1
I checked build evidence: phase=tool-first-output-ms expected=1 observed=0 accepted=0
I checked build evidence: phase=tool-eof-ms expected=1 observed=7 accepted=1
I checked build evidence: phase=tool-reaped-ms expected=1 observed=33 accepted=1
I checked build evidence: phase=tool-run-ms expected=29338 observed=33 accepted=1
I checked build evidence: phase=publish-preprocessing expected=8145492053079643569 observed=8145492053079643569 accepted=1
I checked build evidence: phase=publish-context expected=6321553530100109533 observed=6321553530100109533 accepted=1
I checked build evidence: phase=record-dependencies expected=1 observed=1 accepted=1
I checked build evidence: phase=record-link-inputs expected=1 observed=1 accepted=1
I checked build evidence: phase=record-write expected=1 observed=1 accepted=1
