I checked build evidence: phase=reuse-initial-context expected=0 observed=6321553530100109533 accepted=1
I checked build evidence: phase=reuse-declared-headers expected=1 observed=1 accepted=1
I checked build evidence: phase=reuse-dependencies expected=1 observed=1 accepted=1
I checked build evidence: phase=reuse-link-inputs expected=1 observed=1 accepted=1
I checked build evidence: phase=tool-spawn-ms expected=1 observed=2 accepted=1
I checked build evidence: phase=tool-first-output-ms expected=1 observed=261 accepted=1
I checked build evidence: phase=tool-eof-ms expected=1 observed=263 accepted=1
I checked build evidence: phase=tool-reaped-ms expected=1 observed=289 accepted=1
I checked build evidence: phase=tool-query-ms expected=30000 observed=289 accepted=1
I checked build evidence: phase=tool-spawn-ms expected=1 observed=2 accepted=1
I checked build evidence: phase=tool-first-output-ms expected=1 observed=90 accepted=1
I checked build evidence: phase=tool-eof-ms expected=1 observed=91 accepted=1
I checked build evidence: phase=tool-reaped-ms expected=1 observed=91 accepted=1
I checked build evidence: phase=tool-query-ms expected=29711 observed=91 accepted=1
I checked build evidence: phase=tool-spawn-ms expected=1 observed=1 accepted=1
I checked build evidence: phase=tool-first-output-ms expected=1 observed=0 accepted=0
I checked build evidence: phase=tool-eof-ms expected=1 observed=10 accepted=1
I checked build evidence: phase=tool-reaped-ms expected=1 observed=36 accepted=1
I checked build evidence: phase=tool-run-ms expected=29460 observed=36 accepted=1
I checked build evidence: phase=tool-spawn-ms expected=1 observed=0 accepted=1
I checked build evidence: phase=tool-first-output-ms expected=1 observed=61 accepted=1
I checked build evidence: phase=tool-eof-ms expected=1 observed=62 accepted=1
I checked build evidence: phase=tool-reaped-ms expected=1 observed=88 accepted=1
I checked build evidence: phase=tool-query-ms expected=30000 observed=88 accepted=1
I checked build evidence: phase=tool-spawn-ms expected=1 observed=5 accepted=1
I checked build evidence: phase=tool-first-output-ms expected=1 observed=47 accepted=1
I checked build evidence: phase=tool-eof-ms expected=1 observed=49 accepted=1
I checked build evidence: phase=tool-reaped-ms expected=1 observed=75 accepted=1
I checked build evidence: phase=tool-query-ms expected=29912 observed=75 accepted=1
I checked build evidence: phase=tool-spawn-ms expected=1 observed=0 accepted=1
I checked build evidence: phase=tool-first-output-ms expected=1 observed=103 accepted=1
I checked build evidence: phase=tool-eof-ms expected=1 observed=117 accepted=1
I checked build evidence: phase=tool-reaped-ms expected=1 observed=143 accepted=1
I checked build evidence: phase=tool-query-ms expected=29540 observed=143 accepted=1
I checked build evidence: phase=tool-spawn-ms expected=1 observed=1 accepted=1
I checked build evidence: phase=tool-first-output-ms expected=1 observed=64 accepted=1
I checked build evidence: phase=tool-eof-ms expected=1 observed=65 accepted=1
I checked build evidence: phase=tool-reaped-ms expected=1 observed=91 accepted=1
I checked build evidence: phase=tool-query-ms expected=29397 observed=92 accepted=1
I checked build evidence: phase=tool-spawn-ms expected=1 observed=0 accepted=1
I checked build evidence: phase=tool-first-output-ms expected=1 observed=0 accepted=0
I checked build evidence: phase=tool-eof-ms expected=1 observed=34 accepted=1
I checked build evidence: phase=tool-reaped-ms expected=1 observed=60 accepted=1
I checked build evidence: phase=tool-run-ms expected=29140 observed=60 accepted=1
I checked build evidence: phase=tool-spawn-ms expected=1 observed=2 accepted=1
I checked build evidence: phase=tool-first-output-ms expected=1 observed=0 accepted=0
I checked build evidence: phase=tool-eof-ms expected=1 observed=17 accepted=1
I checked build evidence: phase=tool-reaped-ms expected=1 observed=42 accepted=1
I checked build evidence: phase=tool-run-ms expected=29075 observed=42 accepted=1
I checked build evidence: phase=reuse-preprocessing expected=0 observed=8145492053079643569 accepted=1
I checked build evidence: phase=reuse-context expected=6321553530100109533 observed=6321553530100109533 accepted=1
I checked build evidence: phase=reuse expected=1 observed=1 accepted=1
