I checked build evidence: phase=reuse-initial-context expected=0 observed=6321553530100109533 accepted=1
I checked build evidence: phase=reuse-declared-headers expected=1 observed=1 accepted=1
I checked build evidence: phase=reuse-dependencies expected=1 observed=1 accepted=1
I checked build evidence: phase=reuse-link-inputs expected=1 observed=1 accepted=1
I checked build evidence: phase=tool-spawn-ms expected=1 observed=1 accepted=1
I checked build evidence: phase=tool-first-output-ms expected=1 observed=47 accepted=1
I checked build evidence: phase=tool-eof-ms expected=1 observed=49 accepted=1
I checked build evidence: phase=tool-reaped-ms expected=1 observed=75 accepted=1
I checked build evidence: phase=tool-query-ms expected=30000 observed=75 accepted=1
I checked build evidence: phase=tool-spawn-ms expected=1 observed=0 accepted=1
I checked build evidence: phase=tool-first-output-ms expected=1 observed=16 accepted=1
I checked build evidence: phase=tool-eof-ms expected=1 observed=18 accepted=1
I checked build evidence: phase=tool-reaped-ms expected=1 observed=44 accepted=1
I checked build evidence: phase=tool-query-ms expected=29925 observed=44 accepted=1
I checked build evidence: phase=tool-spawn-ms expected=1 observed=1 accepted=1
I checked build evidence: phase=tool-first-output-ms expected=1 observed=0 accepted=0
I checked build evidence: phase=tool-eof-ms expected=1 observed=8 accepted=1
I checked build evidence: phase=tool-reaped-ms expected=1 observed=34 accepted=1
I checked build evidence: phase=tool-run-ms expected=29726 observed=34 accepted=1
I checked build evidence: phase=tool-spawn-ms expected=1 observed=0 accepted=1
I checked build evidence: phase=tool-first-output-ms expected=1 observed=41 accepted=1
I checked build evidence: phase=tool-eof-ms expected=1 observed=43 accepted=1
I checked build evidence: phase=tool-reaped-ms expected=1 observed=69 accepted=1
I checked build evidence: phase=tool-query-ms expected=30000 observed=69 accepted=1
I checked build evidence: phase=tool-spawn-ms expected=1 observed=0 accepted=1
I checked build evidence: phase=tool-first-output-ms expected=1 observed=19 accepted=1
I checked build evidence: phase=tool-eof-ms expected=1 observed=21 accepted=1
I checked build evidence: phase=tool-reaped-ms expected=1 observed=47 accepted=1
I checked build evidence: phase=tool-query-ms expected=29931 observed=47 accepted=1
I checked build evidence: phase=tool-spawn-ms expected=1 observed=0 accepted=1
I checked build evidence: phase=tool-first-output-ms expected=1 observed=47 accepted=1
I checked build evidence: phase=tool-eof-ms expected=1 observed=48 accepted=1
I checked build evidence: phase=tool-reaped-ms expected=1 observed=74 accepted=1
I checked build evidence: phase=tool-query-ms expected=29726 observed=74 accepted=1
I checked build evidence: phase=tool-spawn-ms expected=1 observed=2 accepted=1
I checked build evidence: phase=tool-first-output-ms expected=1 observed=26 accepted=1
I checked build evidence: phase=tool-eof-ms expected=1 observed=28 accepted=1
I checked build evidence: phase=tool-reaped-ms expected=1 observed=54 accepted=1
I checked build evidence: phase=tool-query-ms expected=29652 observed=54 accepted=1
I checked build evidence: phase=tool-spawn-ms expected=1 observed=2 accepted=1
I checked build evidence: phase=tool-first-output-ms expected=1 observed=0 accepted=0
I checked build evidence: phase=tool-eof-ms expected=1 observed=10 accepted=1
I checked build evidence: phase=tool-reaped-ms expected=1 observed=36 accepted=1
I checked build evidence: phase=tool-run-ms expected=29439 observed=36 accepted=1
I checked build evidence: phase=tool-spawn-ms expected=1 observed=2 accepted=1
I checked build evidence: phase=tool-first-output-ms expected=1 observed=0 accepted=0
I checked build evidence: phase=tool-eof-ms expected=1 observed=8 accepted=1
I checked build evidence: phase=tool-reaped-ms expected=1 observed=34 accepted=1
I checked build evidence: phase=tool-run-ms expected=29400 observed=34 accepted=1
I checked build evidence: phase=reuse-preprocessing expected=0 observed=9457329273365414054 accepted=0
I checked build evidence: phase=reuse-context expected=6321553530100109533 observed=0 accepted=0
I checked build evidence: phase=reuse expected=1 observed=0 accepted=0
I checked build evidence: phase=tool-spawn-ms expected=1 observed=0 accepted=1
I checked build evidence: phase=tool-first-output-ms expected=1 observed=46 accepted=1
I checked build evidence: phase=tool-eof-ms expected=1 observed=47 accepted=1
I checked build evidence: phase=tool-reaped-ms expected=1 observed=73 accepted=1
I checked build evidence: phase=tool-query-ms expected=30000 observed=73 accepted=1
I checked build evidence: phase=tool-spawn-ms expected=1 observed=1 accepted=1
I checked build evidence: phase=tool-first-output-ms expected=1 observed=18 accepted=1
I checked build evidence: phase=tool-eof-ms expected=1 observed=20 accepted=1
I checked build evidence: phase=tool-reaped-ms expected=1 observed=46 accepted=1
I checked build evidence: phase=tool-query-ms expected=29927 observed=46 accepted=1
I checked build evidence: phase=tool-spawn-ms expected=1 observed=8 accepted=1
I checked build evidence: phase=tool-first-output-ms expected=1 observed=0 accepted=0
I checked build evidence: phase=tool-eof-ms expected=1 observed=17 accepted=1
I checked build evidence: phase=tool-reaped-ms expected=1 observed=43 accepted=1
I checked build evidence: phase=tool-run-ms expected=29724 observed=43 accepted=1
I checked build evidence: phase=tool-spawn-ms expected=1 observed=1 accepted=1
I checked build evidence: phase=tool-first-output-ms expected=1 observed=110 accepted=1
I checked build evidence: phase=tool-eof-ms expected=1 observed=111 accepted=1
I checked build evidence: phase=tool-reaped-ms expected=1 observed=136 accepted=1
I checked build evidence: phase=tool-query-ms expected=30000 observed=136 accepted=1
I checked build evidence: phase=tool-spawn-ms expected=1 observed=1 accepted=1
I checked build evidence: phase=tool-first-output-ms expected=1 observed=30 accepted=1
I checked build evidence: phase=tool-eof-ms expected=1 observed=32 accepted=1
I checked build evidence: phase=tool-reaped-ms expected=1 observed=58 accepted=1
I checked build evidence: phase=tool-query-ms expected=29863 observed=58 accepted=1
I checked build evidence: phase=tool-spawn-ms expected=1 observed=1 accepted=1
I checked build evidence: phase=tool-first-output-ms expected=1 observed=49 accepted=1
I checked build evidence: phase=tool-eof-ms expected=1 observed=50 accepted=1
I checked build evidence: phase=tool-reaped-ms expected=1 observed=76 accepted=1
I checked build evidence: phase=tool-query-ms expected=29651 observed=76 accepted=1
I checked build evidence: phase=tool-spawn-ms expected=1 observed=1 accepted=1
I checked build evidence: phase=tool-first-output-ms expected=1 observed=24 accepted=1
I checked build evidence: phase=tool-eof-ms expected=1 observed=25 accepted=1
I checked build evidence: phase=tool-reaped-ms expected=1 observed=51 accepted=1
I checked build evidence: phase=tool-query-ms expected=29575 observed=51 accepted=1
I checked build evidence: phase=tool-spawn-ms expected=1 observed=2 accepted=1
I checked build evidence: phase=tool-first-output-ms expected=1 observed=0 accepted=0
I checked build evidence: phase=tool-eof-ms expected=1 observed=9 accepted=1
I checked build evidence: phase=tool-reaped-ms expected=1 observed=35 accepted=1
I checked build evidence: phase=tool-run-ms expected=29367 observed=35 accepted=1
I checked build evidence: phase=tool-spawn-ms expected=1 observed=2 accepted=1
I checked build evidence: phase=tool-first-output-ms expected=1 observed=0 accepted=0
I checked build evidence: phase=tool-eof-ms expected=1 observed=8 accepted=1
I checked build evidence: phase=tool-reaped-ms expected=1 observed=34 accepted=1
I checked build evidence: phase=tool-run-ms expected=29331 observed=34 accepted=1
clang: warning: argument unused during compilation: '-fPIC' [-Wunused-command-line-argument]
I checked build evidence: phase=tool-spawn-ms expected=1 observed=1 accepted=1
I checked build evidence: phase=tool-first-output-ms expected=1 observed=45 accepted=1
I checked build evidence: phase=tool-eof-ms expected=1 observed=46 accepted=1
I checked build evidence: phase=tool-reaped-ms expected=1 observed=72 accepted=1
I checked build evidence: phase=tool-query-ms expected=30000 observed=72 accepted=1
I checked build evidence: phase=tool-spawn-ms expected=1 observed=0 accepted=1
I checked build evidence: phase=tool-first-output-ms expected=1 observed=38 accepted=1
I checked build evidence: phase=tool-eof-ms expected=1 observed=40 accepted=1
I checked build evidence: phase=tool-reaped-ms expected=1 observed=66 accepted=1
I checked build evidence: phase=tool-query-ms expected=29928 observed=66 accepted=1
I checked build evidence: phase=tool-spawn-ms expected=1 observed=3 accepted=1
I checked build evidence: phase=tool-first-output-ms expected=1 observed=0 accepted=0
I checked build evidence: phase=tool-eof-ms expected=1 observed=14 accepted=1
I checked build evidence: phase=tool-reaped-ms expected=1 observed=40 accepted=1
I checked build evidence: phase=tool-run-ms expected=29695 observed=40 accepted=1
I checked build evidence: phase=tool-spawn-ms expected=1 observed=1 accepted=1
I checked build evidence: phase=tool-first-output-ms expected=1 observed=46 accepted=1
I checked build evidence: phase=tool-eof-ms expected=1 observed=47 accepted=1
I checked build evidence: phase=tool-reaped-ms expected=1 observed=73 accepted=1
I checked build evidence: phase=tool-query-ms expected=30000 observed=73 accepted=1
I checked build evidence: phase=tool-spawn-ms expected=1 observed=0 accepted=1
I checked build evidence: phase=tool-first-output-ms expected=1 observed=16 accepted=1
I checked build evidence: phase=tool-eof-ms expected=1 observed=18 accepted=1
I checked build evidence: phase=tool-reaped-ms expected=1 observed=44 accepted=1
I checked build evidence: phase=tool-query-ms expected=29927 observed=44 accepted=1
I checked build evidence: phase=tool-spawn-ms expected=1 observed=1 accepted=1
I checked build evidence: phase=tool-first-output-ms expected=1 observed=44 accepted=1
I checked build evidence: phase=tool-eof-ms expected=1 observed=45 accepted=1
I checked build evidence: phase=tool-reaped-ms expected=1 observed=71 accepted=1
I checked build evidence: phase=tool-query-ms expected=29730 observed=71 accepted=1
I checked build evidence: phase=tool-spawn-ms expected=1 observed=0 accepted=1
I checked build evidence: phase=tool-first-output-ms expected=1 observed=22 accepted=1
I checked build evidence: phase=tool-eof-ms expected=1 observed=24 accepted=1
I checked build evidence: phase=tool-reaped-ms expected=1 observed=50 accepted=1
I checked build evidence: phase=tool-query-ms expected=29659 observed=50 accepted=1
I checked build evidence: phase=tool-spawn-ms expected=1 observed=2 accepted=1
I checked build evidence: phase=tool-first-output-ms expected=1 observed=0 accepted=0
I checked build evidence: phase=tool-eof-ms expected=1 observed=8 accepted=1
I checked build evidence: phase=tool-reaped-ms expected=1 observed=34 accepted=1
I checked build evidence: phase=tool-run-ms expected=29456 observed=34 accepted=1
I checked build evidence: phase=tool-spawn-ms expected=1 observed=1 accepted=1
I checked build evidence: phase=tool-first-output-ms expected=1 observed=0 accepted=0
I checked build evidence: phase=tool-eof-ms expected=1 observed=8 accepted=1
I checked build evidence: phase=tool-reaped-ms expected=1 observed=34 accepted=1
I checked build evidence: phase=tool-run-ms expected=29421 observed=34 accepted=1
I checked build evidence: phase=publish-preprocessing expected=9457329273365414054 observed=9457329273365414054 accepted=1
I checked build evidence: phase=publish-context expected=6321553530100109533 observed=6321553530100109533 accepted=1
I checked build evidence: phase=record-dependencies expected=1 observed=1 accepted=1
I checked build evidence: phase=record-link-inputs expected=1 observed=1 accepted=1
I checked build evidence: phase=record-write expected=1 observed=1 accepted=1
