I checked build evidence: phase=reuse-initial-context expected=0 observed=6321553530100109533 accepted=1
I checked build evidence: phase=reuse-declared-headers expected=1 observed=1 accepted=1
I checked build evidence: phase=reuse-dependencies expected=1 observed=1 accepted=1
I checked build evidence: phase=reuse-link-inputs expected=1 observed=1 accepted=1
I checked build evidence: phase=tool-spawn-ms expected=1 observed=1 accepted=1
I checked build evidence: phase=tool-first-output-ms expected=1 observed=52 accepted=1
I checked build evidence: phase=tool-eof-ms expected=1 observed=54 accepted=1
I checked build evidence: phase=tool-reaped-ms expected=1 observed=79 accepted=1
I checked build evidence: phase=tool-query-ms expected=30000 observed=79 accepted=1
I checked build evidence: phase=tool-spawn-ms expected=1 observed=1 accepted=1
I checked build evidence: phase=tool-first-output-ms expected=1 observed=19 accepted=1
I checked build evidence: phase=tool-eof-ms expected=1 observed=21 accepted=1
I checked build evidence: phase=tool-reaped-ms expected=1 observed=47 accepted=1
I checked build evidence: phase=tool-query-ms expected=29921 observed=47 accepted=1
I checked build evidence: phase=tool-spawn-ms expected=1 observed=2 accepted=1
I checked build evidence: phase=tool-first-output-ms expected=1 observed=0 accepted=0
I checked build evidence: phase=tool-eof-ms expected=1 observed=9 accepted=1
I checked build evidence: phase=tool-reaped-ms expected=1 observed=35 accepted=1
I checked build evidence: phase=tool-run-ms expected=29720 observed=35 accepted=1
I checked build evidence: phase=tool-spawn-ms expected=1 observed=0 accepted=1
I checked build evidence: phase=tool-first-output-ms expected=1 observed=42 accepted=1
I checked build evidence: phase=tool-eof-ms expected=1 observed=43 accepted=1
I checked build evidence: phase=tool-reaped-ms expected=1 observed=69 accepted=1
I checked build evidence: phase=tool-query-ms expected=30000 observed=69 accepted=1
I checked build evidence: phase=tool-spawn-ms expected=1 observed=1 accepted=1
I checked build evidence: phase=tool-first-output-ms expected=1 observed=19 accepted=1
I checked build evidence: phase=tool-eof-ms expected=1 observed=21 accepted=1
I checked build evidence: phase=tool-reaped-ms expected=1 observed=47 accepted=1
I checked build evidence: phase=tool-query-ms expected=29931 observed=47 accepted=1
I checked build evidence: phase=tool-spawn-ms expected=1 observed=0 accepted=1
I checked build evidence: phase=tool-first-output-ms expected=1 observed=43 accepted=1
I checked build evidence: phase=tool-eof-ms expected=1 observed=44 accepted=1
I checked build evidence: phase=tool-reaped-ms expected=1 observed=70 accepted=1
I checked build evidence: phase=tool-query-ms expected=29729 observed=70 accepted=1
I checked build evidence: phase=tool-spawn-ms expected=1 observed=0 accepted=1
I checked build evidence: phase=tool-first-output-ms expected=1 observed=21 accepted=1
I checked build evidence: phase=tool-eof-ms expected=1 observed=23 accepted=1
I checked build evidence: phase=tool-reaped-ms expected=1 observed=49 accepted=1
I checked build evidence: phase=tool-query-ms expected=29659 observed=49 accepted=1
I checked build evidence: phase=tool-spawn-ms expected=1 observed=2 accepted=1
I checked build evidence: phase=tool-first-output-ms expected=1 observed=0 accepted=0
I checked build evidence: phase=tool-eof-ms expected=1 observed=7 accepted=1
I checked build evidence: phase=tool-reaped-ms expected=1 observed=33 accepted=1
I checked build evidence: phase=tool-run-ms expected=29457 observed=33 accepted=1
I checked build evidence: phase=tool-spawn-ms expected=1 observed=1 accepted=1
I checked build evidence: phase=tool-first-output-ms expected=1 observed=0 accepted=0
I checked build evidence: phase=tool-eof-ms expected=1 observed=7 accepted=1
I checked build evidence: phase=tool-reaped-ms expected=1 observed=33 accepted=1
I checked build evidence: phase=tool-run-ms expected=29423 observed=33 accepted=1
I checked build evidence: phase=reuse-preprocessing expected=0 observed=60739585006511909 accepted=1
I checked build evidence: phase=reuse-context expected=6321553530100109533 observed=6321553530100109533 accepted=1
I checked build evidence: phase=reuse expected=1 observed=1 accepted=1
