I checked build evidence: phase=reuse-initial-context expected=0 observed=2231278033585368217 accepted=1
I checked build evidence: phase=reuse-declared-headers expected=1 observed=1 accepted=1
I checked build evidence: phase=reuse-dependencies expected=1 observed=1 accepted=1
I checked build evidence: phase=reuse-link-inputs expected=1 observed=1 accepted=1
I checked build evidence: phase=tool-spawn-ms expected=1 observed=0 accepted=1
I checked build evidence: phase=tool-first-output-ms expected=1 observed=53 accepted=1
I checked build evidence: phase=tool-eof-ms expected=1 observed=54 accepted=1
I checked build evidence: phase=tool-reaped-ms expected=1 observed=54 accepted=1
I checked build evidence: phase=tool-query-ms expected=30000 observed=54 accepted=1
I checked build evidence: phase=tool-spawn-ms expected=1 observed=2 accepted=1
I checked build evidence: phase=tool-first-output-ms expected=1 observed=0 accepted=0
I checked build evidence: phase=tool-eof-ms expected=1 observed=9 accepted=1
I checked build evidence: phase=tool-reaped-ms expected=1 observed=35 accepted=1
I checked build evidence: phase=tool-run-ms expected=29635 observed=35 accepted=1
I checked build evidence: phase=tool-spawn-ms expected=1 observed=0 accepted=1
I checked build evidence: phase=tool-first-output-ms expected=1 observed=47 accepted=1
I checked build evidence: phase=tool-eof-ms expected=1 observed=49 accepted=1
I checked build evidence: phase=tool-reaped-ms expected=1 observed=75 accepted=1
I checked build evidence: phase=tool-query-ms expected=30000 observed=75 accepted=1
I checked build evidence: phase=tool-spawn-ms expected=1 observed=1 accepted=1
I checked build evidence: phase=tool-first-output-ms expected=1 observed=44 accepted=1
I checked build evidence: phase=tool-eof-ms expected=1 observed=46 accepted=1
I checked build evidence: phase=tool-reaped-ms expected=1 observed=72 accepted=1
I checked build evidence: phase=tool-query-ms expected=29462 observed=72 accepted=1
I checked build evidence: phase=tool-spawn-ms expected=1 observed=0 accepted=1
I checked build evidence: phase=tool-first-output-ms expected=1 observed=0 accepted=0
I checked build evidence: phase=tool-eof-ms expected=1 observed=135 accepted=1
I checked build evidence: phase=tool-reaped-ms expected=1 observed=161 accepted=1
I checked build evidence: phase=tool-run-ms expected=28844 observed=161 accepted=1
I checked build evidence: phase=tool-spawn-ms expected=1 observed=1 accepted=1
I checked build evidence: phase=tool-first-output-ms expected=1 observed=0 accepted=0
I checked build evidence: phase=tool-eof-ms expected=1 observed=12 accepted=1
I checked build evidence: phase=tool-reaped-ms expected=1 observed=38 accepted=1
I checked build evidence: phase=tool-run-ms expected=28683 observed=38 accepted=1
I checked build evidence: phase=reuse-preprocessing expected=0 observed=17778003463218212537 accepted=1
I checked build evidence: phase=reuse-context expected=2231278033585368217 observed=2231278033585368217 accepted=1
I checked build evidence: phase=reuse expected=1 observed=1 accepted=1
