I checked build evidence: phase=reuse-initial-context expected=0 observed=2231278033585368217 accepted=1
I checked build evidence: phase=reuse-declared-headers expected=1 observed=1 accepted=1
I checked build evidence: phase=reuse-dependencies expected=1 observed=1 accepted=1
I checked build evidence: phase=reuse-link-inputs expected=1 observed=1 accepted=1
I checked build evidence: phase=tool-spawn-ms expected=1 observed=1 accepted=1
I checked build evidence: phase=tool-first-output-ms expected=1 observed=178 accepted=1
I checked build evidence: phase=tool-eof-ms expected=1 observed=179 accepted=1
I checked build evidence: phase=tool-reaped-ms expected=1 observed=205 accepted=1
I checked build evidence: phase=tool-query-ms expected=30000 observed=205 accepted=1
I checked build evidence: phase=tool-spawn-ms expected=1 observed=2 accepted=1
I checked build evidence: phase=tool-first-output-ms expected=1 observed=0 accepted=0
I checked build evidence: phase=tool-eof-ms expected=1 observed=396 accepted=1
I checked build evidence: phase=tool-reaped-ms expected=1 observed=421 accepted=1
I checked build evidence: phase=tool-run-ms expected=29465 observed=421 accepted=1
I checked build evidence: phase=tool-spawn-ms expected=1 observed=4 accepted=1
I checked build evidence: phase=tool-first-output-ms expected=1 observed=145 accepted=1
I checked build evidence: phase=tool-eof-ms expected=1 observed=147 accepted=1
I checked build evidence: phase=tool-reaped-ms expected=1 observed=173 accepted=1
I checked build evidence: phase=tool-query-ms expected=30000 observed=173 accepted=1
I checked build evidence: phase=tool-spawn-ms expected=1 observed=1 accepted=1
I checked build evidence: phase=tool-first-output-ms expected=1 observed=637 accepted=1
I checked build evidence: phase=tool-eof-ms expected=1 observed=640 accepted=1
I checked build evidence: phase=tool-reaped-ms expected=1 observed=666 accepted=1
I checked build evidence: phase=tool-query-ms expected=29468 observed=666 accepted=1
I checked build evidence: phase=tool-spawn-ms expected=1 observed=2 accepted=1
I checked build evidence: phase=tool-first-output-ms expected=1 observed=0 accepted=0
I checked build evidence: phase=tool-eof-ms expected=1 observed=108 accepted=1
I checked build evidence: phase=tool-reaped-ms expected=1 observed=134 accepted=1
I checked build evidence: phase=tool-run-ms expected=28100 observed=134 accepted=1
I checked build evidence: phase=tool-spawn-ms expected=1 observed=3 accepted=1
I checked build evidence: phase=tool-first-output-ms expected=1 observed=0 accepted=0
I checked build evidence: phase=tool-eof-ms expected=1 observed=510 accepted=1
I checked build evidence: phase=tool-reaped-ms expected=1 observed=536 accepted=1
I checked build evidence: phase=tool-run-ms expected=27955 observed=536 accepted=1
I checked build evidence: phase=reuse-preprocessing expected=0 observed=11874816855969093449 accepted=1
I checked build evidence: phase=reuse-context expected=2231278033585368217 observed=2231278033585368217 accepted=1
I checked build evidence: phase=reuse expected=1 observed=1 accepted=1
