['/private/tmp/nanolang-nested-array-driver', '/var/folders/9z/xpmfgw8j09l4g6wwxrxtt97w0000gn/T/nanoisa-slice-0199zjnj/leaves.nano', 'program']
.types 0 0 0
.entry 0

.string s0 "one"
.string s1 "two"
.string s2 "three"

.function main 0 18 0 int 1
  PUSH_BOOL 1
  PUSH_BOOL 0
  PUSH_BOOL 1
  ARR_LITERAL 4 3
  STORE_LOCAL 0
  LOAD_LOCAL 0
  STORE_LOCAL 1
  PUSH_I64 1
  STORE_LOCAL 2
  PUSH_I64 2
  STORE_LOCAL 3
  LOAD_LOCAL 1
  ARR_LEN
  STORE_LOCAL 4
  LOAD_LOCAL 2
  PUSH_I64 0
  I64_LT_S
  JMP_FALSE L0
  PUSH_I64 0
  STORE_LOCAL 2
L0:
  LOAD_LOCAL 2
  LOAD_LOCAL 4
  I64_GT_S
  JMP_FALSE L1
  LOAD_LOCAL 4
  STORE_LOCAL 2
L1:
  LOAD_LOCAL 4
  LOAD_LOCAL 2
  I64_SUB
  STORE_LOCAL 4
  LOAD_LOCAL 3
  PUSH_I64 0
  I64_LT_S
  JMP_FALSE L2
  PUSH_I64 0
  STORE_LOCAL 3
L2:
  LOAD_LOCAL 3
  LOAD_LOCAL 4
  I64_GT_S
  JMP_FALSE L3
  LOAD_LOCAL 4
  STORE_LOCAL 3
L3:
  LOAD_LOCAL 1
  LOAD_LOCAL 2
  LOAD_LOCAL 2
  LOAD_LOCAL 3
  I64_ADD
  ARR_SLICE
  STORE_LOCAL 5
  LOAD_LOCAL 5
  PUSH_I64 0
  ARR_GET
  BOOL_NOT
  ASSERT
  LOAD_LOCAL 5
  PUSH_I64 1
  ARR_GET
  ASSERT
  PUSH_STR s0
  PUSH_STR s1
  PUSH_STR s2
  ARR_LITERAL 5 3
  STORE_LOCAL 6
  LOAD_LOCAL 6
  STORE_LOCAL 7
  PUSH_I64 1
  STORE_LOCAL 8
  PUSH_I64 2
  STORE_LOCAL 9
  LOAD_LOCAL 7
  ARR_LEN
  STORE_LOCAL 10
  LOAD_LOCAL 8
  PUSH_I64 0
  I64_LT_S
  JMP_FALSE L4
  PUSH_I64 0
  STORE_LOCAL 8
L4:
  LOAD_LOCAL 8
  LOAD_LOCAL 10
  I64_GT_S
  JMP_FALSE L5
  LOAD_LOCAL 10
  STORE_LOCAL 8
L5:
  LOAD_LOCAL 10
  LOAD_LOCAL 8
  I64_SUB
  STORE_LOCAL 10
  LOAD_LOCAL 9
  PUSH_I64 0
  I64_LT_S
  JMP_FALSE L6
  PUSH_I64 0
  STORE_LOCAL 9
L6:
  LOAD_LOCAL 9
  LOAD_LOCAL 10
  I64_GT_S
  JMP_FALSE L7
  LOAD_LOCAL 10
  STORE_LOCAL 9
L7:
  LOAD_LOCAL 7
  LOAD_LOCAL 8
  LOAD_LOCAL 8
  LOAD_LOCAL 9
  I64_ADD
  ARR_SLICE
  STORE_LOCAL 11
  LOAD_LOCAL 11
  PUSH_I64 0
  ARR_GET
  PUSH_STR s1
  EQ
  ASSERT
  PUSH_F64 1.25
  PUSH_F64 -2.5
  PUSH_F64 3.75
  ARR_LITERAL 3 3
  STORE_LOCAL 12
  LOAD_LOCAL 12
  STORE_LOCAL 13
  PUSH_I64 1
  STORE_LOCAL 14
  PUSH_I64 2
  STORE_LOCAL 15
  LOAD_LOCAL 13
  ARR_LEN
  STORE_LOCAL 16
  LOAD_LOCAL 14
  PUSH_I64 0
  I64_LT_S
  JMP_FALSE L8
  PUSH_I64 0
  STORE_LOCAL 14
L8:
  LOAD_LOCAL 14
  LOAD_LOCAL 16
  I64_GT_S
  JMP_FALSE L9
  LOAD_LOCAL 16
  STORE_LOCAL 14
L9:
  LOAD_LOCAL 16
  LOAD_LOCAL 14
  I64_SUB
  STORE_LOCAL 16
  LOAD_LOCAL 15
  PUSH_I64 0
  I64_LT_S
  JMP_FALSE L10
  PUSH_I64 0
  STORE_LOCAL 15
L10:
  LOAD_LOCAL 15
  LOAD_LOCAL 16
  I64_GT_S
  JMP_FALSE L11
  LOAD_LOCAL 16
  STORE_LOCAL 15
L11:
  LOAD_LOCAL 13
  LOAD_LOCAL 14
  LOAD_LOCAL 14
  LOAD_LOCAL 15
  I64_ADD
  ARR_SLICE
  STORE_LOCAL 17
  LOAD_LOCAL 17
  PUSH_I64 0
  ARR_GET
  PUSH_F64 -2.5
  F64_EQ
  ASSERT
  LOAD_LOCAL 17
  PUSH_I64 1
  ARR_GET
  PUSH_F64 3.75
  F64_EQ
  ASSERT
  PUSH_I64 0
  RET
.end


