[schema] Regenerating compiler schema artifacts...
[schema] Compiler schema artifacts are up-to-date.
.................................
----------------------------------------------------------------------
Ran 33 tests in 1.249s

OK
Running NanoISA tests...
=== NanoISA Test Suite ===

[ISA]
  test_tag_names...
  test_instruction_info...
  test_opcode_by_name...
  test_extended_opcode_space...
  test_encode_decode_no_operands...
  test_encode_decode_i64...
  test_encode_decode_i64_large...
  test_encode_decode_f64...
  test_encode_decode_u8...
  test_encode_decode_u16...
  test_encode_decode_u32...
  test_encode_decode_i32...
  test_encode_decode_multi_operand...
  test_decode_truncated...
  test_decode_invalid_opcode...
  test_every_opcode_tooling_roundtrip...

[NVM Format]
  test_crc32...
  test_module_new_free...
  test_string_pool...
  test_function_table...
  test_code_append...
  test_serialize_deserialize...
  test_strip_debug_info...
  test_validate_header...
  test_corrupt_checksum...
  test_module_raw_valid_baseline...
  test_module_reject_duplicate_singleton...
  test_module_reject_overlap...
  test_module_reject_contained_overlap...
  test_module_accept_reverse_order_adjacent_sections...
  test_module_reject_partial_record...
  test_module_reject_trailing_data...
  test_module_reject_interior_gap...
  test_module_reject_section_into_directory...
  test_module_reject_section_out_of_range...
  test_module_reject_wrapped_section_range...
  test_module_reject_partial_debug_record...
  test_module_valid_multisection_roundtrip...

[Assembler]
  test_asm_simple_program...
  test_asm_labels_and_jumps...
  test_asm_all_operand_types...
  test_asm_error_unknown_opcode...
  test_asm_error_undefined_label...
  test_asm_error_missing_end...
  test_asm_error_instruction_outside_function...
  test_asm_error_bad_u8_operand...
  test_asm_error_bad_u32_operand...
  test_asm_error_bad_i64_operand...
  test_asm_error_bad_f64_operand...
  test_asm_error_bad_u16_operand...
  test_asm_error_trailing_instruction_operand...
  test_asm_error_trailing_directive_operand...
  test_asm_rejects_unverified_module...
  test_asm_comments_and_whitespace...
  test_asm_trailing_backslash_rejected...
  test_asm_string_escapes...
  test_asm_multiple_functions...
  test_asm_symbolic_operands...
  test_asm_error_undefined_symbol...

[Disassembler]
  test_disasm_basic...
  test_disasm_labels...
  test_disasm_source_annotations_and_cfg...
  test_disasm_malformed_bytecode...
  test_disasm_rejects_wrapped_function_range...
  test_disasm_label_deduplication...
  test_disasm_label_limit_degrades_gracefully...
  test_disasm_call_extern_import_annotation...
  test_disasm_non_branch_i32_is_numeric...
  test_disasm_binary_string_lossless...

[Round-Trip]
  test_roundtrip_assemble_serialize_deserialize_disassemble...

[Public Facade]
  test_nanoisa_atomic_text_publication...
  test_nanoisa_facade_roundtrip...
  test_nanoisa_print_is_assemblable...
  test_nanoisa_facade_file_roundtrip...
  test_nanoisa_facade_reports_invalid_bytes...

=== Results: 3003 passed, 0 failed, 3003 total ===
LSAN_OPTIONS= NANO_FILE_RUNTIME_CC="/opt/homebrew/opt/llvm/bin/clang" NANO_FILE_RUNTIME_CFLAGS="-Wall -Wextra -Werror -std=c99 -g -O3 -ftree-vectorize -fPIC -Isrc -D_GNU_SOURCE -I'/Applications/Xcode.app/Contents/Developer/Platforms/MacOSX.platform/Developer/SDKs/MacOSX27.0.sdk/usr/include/ffi' -I/opt/homebrew/Cellar/openssl@3/3.6.5/include" NANO_FILE_RUNTIME_SANITIZERS=0 FILE_RUNTIME_OBJECTS="obj/nanoisa/file_flow.o obj/nanoisa/service_file_nominal.o obj/nanoisa/service_file_nominal_plan.o obj/nanoisa/service_bindings.o obj/nanoisa/service_bindings_module.o obj/nanoisa/mixed_float_proof.o obj/nanoisa/managed_array_shapes.o obj/nanoisa/local_bindings.o obj/nanoisa/affine_bytecode.o obj/nanoisa/affine_state.o obj/nanoisa/ownership_contracts.o obj/nanoisa/retained_layouts.o obj/nanoisa/reference_places.o obj/nanoisa/passive.o obj/nanoisa/isa.o obj/nanoisa/verifier_types.o obj/nanoisa/nvm_format.o obj/nanoisa/nvm_format_v2.o obj/nanoisa/nvm_v2_cursor.o obj/nanoisa/nvm_v2_constants.o obj/nanoisa/nvm_v2_signatures.o obj/nanoisa/nvm_v2_layouts.o obj/nanoisa/nvm_v2_functions.o obj/nanoisa/nvm_v2_imports.o obj/nanoisa/nvm_v2_module.o obj/nanoisa/nvm_v2_convert.o obj/nanoisa/assembler.o obj/nanoisa/disassembler.o obj/nanoisa/verifier.o obj/nanoisa/nvm2c.o obj/nanoisa/nvm2c_shape.o obj/nanoisa/nvm2c_callables.o obj/nanoisa/frontend.o obj/nanoisa/nanoisa_facade.o obj/nanovm/vm_decode.o obj/nanovm/vm_dispatch.o lib/libnano_compiler_inputs.a obj/nanovm/value.o obj/nanovm/heap.o obj/nanovm/heap_cycles.o obj/nanovm/vm.o obj/nanovm/vm_callback.o obj/nanovm/vm_ffi.o obj/nanovm/vm_builtins.o obj/nanovm/cop_protocol.o obj/nanovm/vm_ffi_arrays.o obj/runtime/callback_runtime.o obj/lexer.o obj/parser.o obj/typechecker.o obj/transpiler.o obj/stdlib_runtime.o obj/env.o obj/builtins_registry.o obj/module.o obj/module_metadata.o obj/cJSON.o obj/toon_output.o obj/module_builder.o obj/resource_tracking.o obj/eval.o obj/eval/eval_hashmap.o obj/eval/eval_math.o obj/eval/eval_string.o obj/eval/eval_io.o obj/interpreter_ffi.o obj/json_diagnostics.o obj/reflection.o obj/nanocore_subset.o obj/nanocore_export.o obj/emit_typed_ast.o obj/type_infer.o obj/effects.o obj/fold_constants.o obj/dce_pass.o obj/par_let_pass.o obj/ptx_backend.o obj/opencl_backend.o obj/tco_pass.o obj/cps_pass.o obj/coroutine.o obj/pgo_pass.o obj/c_backend.o obj/bench.o obj/bench_native.o obj/riscv_backend.o obj/dwarf_info.o obj/docgen_md.o obj/docgen.o obj/fmt.o obj/channel.o obj/bcp47.o obj/locale.o obj/utf8.o obj/diag_id.o obj/catalog.o obj/resource_flow.o obj/nominal_types.o obj/service_namespace.o obj/service_bodies.o obj/service_ownership.o lib/libnano_compiler_inputs.a obj/runtime/list_int.o obj/runtime/list_bool.o obj/runtime/list_string.o obj/runtime/list_LexerToken.o obj/runtime/list_token.o obj/runtime/list_CompilerDiagnostic.o obj/runtime/list_CompilerSourceLocation.o obj/runtime/list_ASTNumber.o obj/runtime/list_ASTFloat.o obj/runtime/list_ASTString.o obj/runtime/list_ASTBool.o obj/runtime/list_ASTIdentifier.o obj/runtime/list_ASTBinaryOp.o obj/runtime/list_ASTCall.o obj/runtime/list_ASTModuleQualifiedCall.o obj/runtime/list_ASTArrayLiteral.o obj/runtime/list_ASTLet.o obj/runtime/list_ASTSet.o obj/runtime/list_ASTStmtRef.o obj/runtime/list_ASTIf.o obj/runtime/list_ASTWhile.o obj/runtime/list_ASTFor.o obj/runtime/list_ASTReturn.o obj/runtime/list_ASTBlock.o obj/runtime/list_ASTUnsafeBlock.o obj/runtime/list_ASTPrint.o obj/runtime/list_ASTAssert.o obj/runtime/list_ASTFunction.o obj/runtime/list_ASTShadow.o obj/runtime/list_ASTStruct.o obj/runtime/list_ASTStructLiteral.o obj/runtime/list_ASTFieldAccess.o obj/runtime/list_ASTEnum.o obj/runtime/list_ASTUnion.o obj/runtime/list_ASTUnionConstruct.o obj/runtime/list_ASTMatch.o obj/runtime/list_ASTImport.o obj/runtime/list_ASTOpaqueType.o obj/runtime/list_ASTServiceDecl.o obj/runtime/list_ASTTupleLiteral.o obj/runtime/list_ASTTupleIndex.o obj/runtime/token_helpers.o obj/runtime/gc.o obj/runtime/effect_runtime.o obj/runtime/dyn_array.o obj/runtime/gc_struct.o obj/runtime/nl_string.o obj/runtime/ffi_loader.o obj/runtime/module_build_dir.o obj/runtime/cli.o obj/runtime/regex.o" FILE_RUNTIME_LDFLAGS="-lm -lcrypto -lffi -L/opt/homebrew/Cellar/openssl@3/3.6.5/lib" python3 -m unittest -f -v tests.test_file_indirect_runtime
I retain carrier artifacts at /var/folders/9z/xpmfgw8j09l4g6wwxrxtt97w0000gn/T/nano-file-indirect-runtime-i4mwafmx
test_instrumented_indirect_and_existing_carriers (tests.test_file_indirect_runtime.FileIndirectRuntime.test_instrumented_indirect_and_existing_carriers) ... I begin retained acyclic carrier/frame corpus
I retain 436 allocation refusals and 0 recovered complete carriers
PASS 94615 manual private File carrier checks; 75 acquisition attempts, 74 real opens, 74 real closes, 38 I/O attempts, 9 nested refusal observations; no File CODE/frame dispatch
PASS 42381 manual private File frame transfer checks; no opcode dispatcher
I begin cyclic carrier case invalid_options
I begin cyclic carrier case reverse_kind_guard
I begin cyclic carrier case fuel_and_lifecycle
I begin cyclic carrier case nested_borrows
I begin cyclic carrier case cyclic_owner_calls
I begin cyclic carrier case swapped_roots
I begin cyclic carrier case held_owner_refusal
I begin cyclic carrier case service_fuel_and_error
I begin cyclic carrier case loops
I begin cyclic carrier case forged_boundaries
I begin cyclic carrier case counter_boundaries
I begin cyclic carrier case allocation_failures
I measure 202 create/begin allocation attempts for persistent failure prefixes
I measure 202 create/begin allocation attempts for single failure prefixes
PASS 398 create and 6 begin allocation refusals with fresh recovery
PASS 442427 manual cyclic carrier/fuel checks; no cyclic opcode dispatcher
I checked 205 indirect create/begin allocation sites in persistent failure mode
I checked 205 indirect create/begin allocation sites in single failure mode
PASS 771047 private indirect carrier checks; no shipped opcode dispatcher
ok
test_linked_indirect_and_existing_carriers (tests.test_file_indirect_runtime.FileIndirectRuntime.test_linked_indirect_and_existing_carriers) ... I begin retained acyclic carrier/frame corpus
PASS 16676 manual private File carrier checks; 0 acquisition attempts, 0 real opens, 0 real closes, 0 I/O attempts, 0 nested refusal observations; no File CODE/frame dispatch
PASS 15469 manual private File frame transfer checks; no opcode dispatcher
I begin cyclic carrier case invalid_options
I begin cyclic carrier case reverse_kind_guard
I begin cyclic carrier case fuel_and_lifecycle
I begin cyclic carrier case nested_borrows
I begin cyclic carrier case cyclic_owner_calls
I begin cyclic carrier case swapped_roots
I begin cyclic carrier case held_owner_refusal
I begin cyclic carrier case service_fuel_and_error
I begin cyclic carrier case loops
PASS 225049 manual cyclic carrier/fuel checks; no cyclic opcode dispatcher
PASS 239141 private indirect carrier checks; no shipped opcode dispatcher
ok

----------------------------------------------------------------------
Ran 2 tests in 10.269s

OK
LSAN_OPTIONS= NANO_FILE_RUNTIME_CC="/opt/homebrew/opt/llvm/bin/clang" NANO_FILE_RUNTIME_CFLAGS="-Wall -Wextra -Werror -std=c99 -g -O3 -ftree-vectorize -fPIC -Isrc -D_GNU_SOURCE -I'/Applications/Xcode.app/Contents/Developer/Platforms/MacOSX.platform/Developer/SDKs/MacOSX27.0.sdk/usr/include/ffi' -I/opt/homebrew/Cellar/openssl@3/3.6.5/include" NANO_FILE_RUNTIME_SANITIZERS=0 FILE_RUNTIME_OBJECTS="obj/nanoisa/file_flow.o obj/nanoisa/service_file_nominal.o obj/nanoisa/service_file_nominal_plan.o obj/nanoisa/service_bindings.o obj/nanoisa/service_bindings_module.o obj/nanoisa/mixed_float_proof.o obj/nanoisa/managed_array_shapes.o obj/nanoisa/local_bindings.o obj/nanoisa/affine_bytecode.o obj/nanoisa/affine_state.o obj/nanoisa/ownership_contracts.o obj/nanoisa/retained_layouts.o obj/nanoisa/reference_places.o obj/nanoisa/passive.o obj/nanoisa/isa.o obj/nanoisa/verifier_types.o obj/nanoisa/nvm_format.o obj/nanoisa/nvm_format_v2.o obj/nanoisa/nvm_v2_cursor.o obj/nanoisa/nvm_v2_constants.o obj/nanoisa/nvm_v2_signatures.o obj/nanoisa/nvm_v2_layouts.o obj/nanoisa/nvm_v2_functions.o obj/nanoisa/nvm_v2_imports.o obj/nanoisa/nvm_v2_module.o obj/nanoisa/nvm_v2_convert.o obj/nanoisa/assembler.o obj/nanoisa/disassembler.o obj/nanoisa/verifier.o obj/nanoisa/nvm2c.o obj/nanoisa/nvm2c_shape.o obj/nanoisa/nvm2c_callables.o obj/nanoisa/frontend.o obj/nanoisa/nanoisa_facade.o obj/nanovm/vm_decode.o obj/nanovm/vm_dispatch.o lib/libnano_compiler_inputs.a obj/nanovm/value.o obj/nanovm/heap.o obj/nanovm/heap_cycles.o obj/nanovm/vm.o obj/nanovm/vm_callback.o obj/nanovm/vm_ffi.o obj/nanovm/vm_builtins.o obj/nanovm/cop_protocol.o obj/nanovm/vm_ffi_arrays.o obj/runtime/callback_runtime.o obj/lexer.o obj/parser.o obj/typechecker.o obj/transpiler.o obj/stdlib_runtime.o obj/env.o obj/builtins_registry.o obj/module.o obj/module_metadata.o obj/cJSON.o obj/toon_output.o obj/module_builder.o obj/resource_tracking.o obj/eval.o obj/eval/eval_hashmap.o obj/eval/eval_math.o obj/eval/eval_string.o obj/eval/eval_io.o obj/interpreter_ffi.o obj/json_diagnostics.o obj/reflection.o obj/nanocore_subset.o obj/nanocore_export.o obj/emit_typed_ast.o obj/type_infer.o obj/effects.o obj/fold_constants.o obj/dce_pass.o obj/par_let_pass.o obj/ptx_backend.o obj/opencl_backend.o obj/tco_pass.o obj/cps_pass.o obj/coroutine.o obj/pgo_pass.o obj/c_backend.o obj/bench.o obj/bench_native.o obj/riscv_backend.o obj/dwarf_info.o obj/docgen_md.o obj/docgen.o obj/fmt.o obj/channel.o obj/bcp47.o obj/locale.o obj/utf8.o obj/diag_id.o obj/catalog.o obj/resource_flow.o obj/nominal_types.o obj/service_namespace.o obj/service_bodies.o obj/service_ownership.o lib/libnano_compiler_inputs.a obj/runtime/list_int.o obj/runtime/list_bool.o obj/runtime/list_string.o obj/runtime/list_LexerToken.o obj/runtime/list_token.o obj/runtime/list_CompilerDiagnostic.o obj/runtime/list_CompilerSourceLocation.o obj/runtime/list_ASTNumber.o obj/runtime/list_ASTFloat.o obj/runtime/list_ASTString.o obj/runtime/list_ASTBool.o obj/runtime/list_ASTIdentifier.o obj/runtime/list_ASTBinaryOp.o obj/runtime/list_ASTCall.o obj/runtime/list_ASTModuleQualifiedCall.o obj/runtime/list_ASTArrayLiteral.o obj/runtime/list_ASTLet.o obj/runtime/list_ASTSet.o obj/runtime/list_ASTStmtRef.o obj/runtime/list_ASTIf.o obj/runtime/list_ASTWhile.o obj/runtime/list_ASTFor.o obj/runtime/list_ASTReturn.o obj/runtime/list_ASTBlock.o obj/runtime/list_ASTUnsafeBlock.o obj/runtime/list_ASTPrint.o obj/runtime/list_ASTAssert.o obj/runtime/list_ASTFunction.o obj/runtime/list_ASTShadow.o obj/runtime/list_ASTStruct.o obj/runtime/list_ASTStructLiteral.o obj/runtime/list_ASTFieldAccess.o obj/runtime/list_ASTEnum.o obj/runtime/list_ASTUnion.o obj/runtime/list_ASTUnionConstruct.o obj/runtime/list_ASTMatch.o obj/runtime/list_ASTImport.o obj/runtime/list_ASTOpaqueType.o obj/runtime/list_ASTServiceDecl.o obj/runtime/list_ASTTupleLiteral.o obj/runtime/list_ASTTupleIndex.o obj/runtime/token_helpers.o obj/runtime/gc.o obj/runtime/effect_runtime.o obj/runtime/dyn_array.o obj/runtime/gc_struct.o obj/runtime/nl_string.o obj/runtime/ffi_loader.o obj/runtime/module_build_dir.o obj/runtime/cli.o obj/runtime/regex.o" FILE_INDIRECT_NATIVE_LINK_OBJECTS="obj/nanoisa/affine_bytecode.o obj/nanoisa/affine_state.o obj/nanoisa/file_flow.o obj/nanoisa/isa.o obj/nanoisa/managed_array_shapes.o obj/nanoisa/mixed_float_proof.o obj/nanoisa/nvm_format.o obj/nanoisa/nvm_format_v2.o obj/nanoisa/nvm_v2_constants.o obj/nanoisa/nvm_v2_convert.o obj/nanoisa/nvm_v2_cursor.o obj/nanoisa/nvm_v2_functions.o obj/nanoisa/nvm_v2_imports.o obj/nanoisa/nvm_v2_layouts.o obj/nanoisa/nvm_v2_module.o obj/nanoisa/nvm_v2_signatures.o obj/nanoisa/ownership_contracts.o obj/nanoisa/passive.o obj/nanoisa/reference_places.o obj/nanoisa/retained_layouts.o obj/nanoisa/service_bindings.o obj/nanoisa/service_bindings_module.o obj/nanoisa/service_file_nominal.o obj/nanoisa/service_file_nominal_plan.o obj/nanoisa/verifier.o obj/nanoisa/verifier_types.o obj/nanovm/vm_decode.o obj/nsi_file_plan.o obj/nanoisa/file_runtime.o obj/nsi_cap.o obj/nsi_file.o obj/nsi_file_values.o obj/utf8.o" FILE_RUNTIME_LDFLAGS="-lm -lcrypto -lffi -L/opt/homebrew/Cellar/openssl@3/3.6.5/lib" python3 -m unittest -f -v tests.test_file_indirect_dispatch
I retain indirect dispatch artifacts at /var/folders/9z/xpmfgw8j09l4g6wwxrxtt97w0000gn/T/nano-file-indirect-dispatch-4io_xy62
test_instrumented_matched_indirect_dispatch (tests.test_file_indirect_dispatch.FileIndirectDispatch.test_instrumented_matched_indirect_dispatch) ... ok
test_linked_matched_dispatch_and_isolated_refusals (tests.test_file_indirect_dispatch.FileIndirectDispatch.test_linked_matched_dispatch_and_isolated_refusals) ... ok

----------------------------------------------------------------------
Ran 2 tests in 64.837s

OK
