2026-10-10T02:28:46.4240204Z [schema] Regenerating compiler schema artifacts...
2026-10-10T02:28:46.4652826Z [schema] Compiler schema artifacts are up-to-date.
2026-10-10T02:28:50.0966028Z .................................
2026-10-10T02:28:50.0966559Z ----------------------------------------------------------------------
2026-10-10T02:28:50.0967011Z Ran 33 tests in 3.410s
2026-10-10T02:28:50.0967193Z 
2026-10-10T02:28:50.0967290Z OK
2026-10-10T02:28:50.1169581Z Running NanoISA tests...
2026-10-10T02:28:50.8081301Z === NanoISA Test Suite ===
2026-10-10T02:28:50.8082044Z make: *** [Makefile.gnu:516: test-nanoisa] Error 1
2026-10-10T02:28:50.8082425Z 
2026-10-10T02:28:50.8082552Z [ISA]
2026-10-10T02:28:50.8082867Z   test_tag_names...
2026-10-10T02:28:50.8083237Z   test_instruction_info...
2026-10-10T02:28:50.8083631Z   test_opcode_by_name...
2026-10-10T02:28:50.8084021Z   test_extended_opcode_space...
2026-10-10T02:28:50.8084653Z   test_encode_decode_no_operands...
2026-10-10T02:28:50.8085101Z   test_encode_decode_i64...
2026-10-10T02:28:50.8086281Z   test_encode_decode_i64_large...
2026-10-10T02:28:50.8086718Z   test_encode_decode_f64...
2026-10-10T02:28:50.8087122Z   test_encode_decode_u8...
2026-10-10T02:28:50.8087527Z   test_encode_decode_u16...
2026-10-10T02:28:50.8088067Z   test_encode_decode_u32...
2026-10-10T02:28:50.8088465Z   test_encode_decode_i32...
2026-10-10T02:28:50.8088888Z   test_encode_decode_multi_operand...
2026-10-10T02:28:50.8089357Z   test_decode_truncated...
2026-10-10T02:28:50.8089767Z   test_decode_invalid_opcode...
2026-10-10T02:28:50.8090209Z   test_every_opcode_tooling_roundtrip...
2026-10-10T02:28:50.8090861Z   FAIL [tests/nanoisa/test_nanoisa.c:420]: Every schema opcode disassembles
2026-10-10T02:28:50.8091371Z 
2026-10-10T02:28:50.8091503Z [NVM Format]
2026-10-10T02:28:50.8091813Z   test_crc32...
2026-10-10T02:28:50.8092152Z   test_module_new_free...
2026-10-10T02:28:50.8092536Z   test_string_pool...
2026-10-10T02:28:50.8092899Z   test_function_table...
2026-10-10T02:28:50.8093268Z   test_code_append...
2026-10-10T02:28:50.8093637Z   test_serialize_deserialize...
2026-10-10T02:28:50.8094032Z   test_strip_debug_info...
2026-10-10T02:28:50.8094555Z   test_validate_header...
2026-10-10T02:28:50.8094906Z   test_corrupt_checksum...
2026-10-10T02:28:50.8095274Z   test_module_raw_valid_baseline...
2026-10-10T02:28:50.8095719Z   test_module_reject_duplicate_singleton...
2026-10-10T02:28:50.8096176Z   test_module_reject_overlap...
2026-10-10T02:28:50.8097014Z   test_module_reject_contained_overlap...
2026-10-10T02:28:50.8097553Z   test_module_accept_reverse_order_adjacent_sections...
2026-10-10T02:28:50.8098116Z   test_module_reject_partial_record...
2026-10-10T02:28:50.8098581Z   test_module_reject_trailing_data...
2026-10-10T02:28:50.8099030Z   test_module_reject_interior_gap...
2026-10-10T02:28:50.8099506Z   test_module_reject_section_into_directory...
2026-10-10T02:28:50.8100008Z   test_module_reject_section_out_of_range...
2026-10-10T02:28:50.8100515Z   test_module_reject_wrapped_section_range...
2026-10-10T02:28:50.8101031Z   test_module_reject_partial_debug_record...
2026-10-10T02:28:50.8101555Z   test_module_valid_multisection_roundtrip...
2026-10-10T02:28:50.8101897Z 
2026-10-10T02:28:50.8102026Z [Assembler]
2026-10-10T02:28:50.8102354Z   test_asm_simple_program...
2026-10-10T02:28:50.8102765Z   test_asm_labels_and_jumps...
2026-10-10T02:28:50.8103188Z   test_asm_all_operand_types...
2026-10-10T02:28:50.8103621Z   test_asm_error_unknown_opcode...
2026-10-10T02:28:50.8104280Z   test_asm_error_undefined_label...
2026-10-10T02:28:50.8104733Z   test_asm_error_missing_end...
2026-10-10T02:28:50.8105203Z   test_asm_error_instruction_outside_function...
2026-10-10T02:28:50.8105721Z   test_asm_error_bad_u8_operand...
2026-10-10T02:28:50.8106160Z   test_asm_error_bad_u32_operand...
2026-10-10T02:28:50.8106598Z   test_asm_error_bad_i64_operand...
2026-10-10T02:28:50.8107036Z   test_asm_error_bad_f64_operand...
2026-10-10T02:28:50.8107473Z   test_asm_error_bad_u16_operand...
2026-10-10T02:28:50.8107959Z   test_asm_error_trailing_instruction_operand...
2026-10-10T02:28:50.8108461Z   test_asm_error_trailing_directive_operand...
2026-10-10T02:28:50.8108942Z   test_asm_rejects_unverified_module...
2026-10-10T02:28:50.8109421Z   test_asm_comments_and_whitespace...
2026-10-10T02:28:50.8109876Z   test_asm_trailing_backslash_rejected...
2026-10-10T02:28:50.8110305Z   test_asm_string_escapes...
2026-10-10T02:28:50.8110671Z   test_asm_multiple_functions...
2026-10-10T02:28:50.8111069Z   test_asm_symbolic_operands...
2026-10-10T02:28:50.8111453Z   test_asm_error_undefined_symbol...
2026-10-10T02:28:50.8111718Z 
2026-10-10T02:28:50.8111840Z [Disassembler]
2026-10-10T02:28:50.8112136Z   test_disasm_basic...
2026-10-10T02:28:50.8112499Z   test_disasm_labels...
2026-10-10T02:28:50.8112907Z   test_disasm_source_annotations_and_cfg...
2026-10-10T02:28:50.8113404Z   test_disasm_malformed_bytecode...
2026-10-10T02:28:50.8113889Z   test_disasm_rejects_wrapped_function_range...
2026-10-10T02:28:50.8114548Z   test_disasm_label_deduplication...
2026-10-10T02:28:50.8115040Z   test_disasm_label_limit_degrades_gracefully...
2026-10-10T02:28:50.8115601Z   test_disasm_call_extern_import_annotation...
2026-10-10T02:28:50.8116178Z   test_disasm_non_branch_i32_is_numeric...
2026-10-10T02:28:50.8116762Z   test_disasm_binary_string_lossless...
2026-10-10T02:28:50.8117141Z 
2026-10-10T02:28:50.8117314Z [Round-Trip]
2026-10-10T02:28:50.8117915Z   test_roundtrip_assemble_serialize_deserialize_disassemble...
2026-10-10T02:28:50.8118451Z 
2026-10-10T02:28:50.8118653Z [Public Facade]
2026-10-10T02:28:50.8119134Z   test_nanoisa_atomic_text_publication...
2026-10-10T02:28:50.8119725Z   test_nanoisa_facade_roundtrip...
2026-10-10T02:28:50.8120300Z   test_nanoisa_print_is_assemblable...
2026-10-10T02:28:50.8120887Z   test_nanoisa_facade_file_roundtrip...
2026-10-10T02:28:50.8121501Z   test_nanoisa_facade_reports_invalid_bytes...
2026-10-10T02:28:50.8121934Z 
2026-10-10T02:28:50.8122179Z === Results: 1303 passed, 1 failed, 1304 total ===
2026-10-10T02:28:50.8135178Z ##[error]Process completed with exit code 2.
