FNCOUNT	27384	is_identifier_start
FNCOUNT	5733	is_identifier_char
FNCOUNT	14694	is_whitespace_char
FNCOUNT	4880	is_digit_char
FNCOUNT	4784	keyword_group1
FNCOUNT	16680	keyword_group2
FNCOUNT	2688	keyword_group3
FNCOUNT	1162	keyword_group4
FNCOUNT	498	keyword_group5
FNCOUNT	4918	keyword_or_identifier
FNCOUNT	9557	push_tok
FNCOUNT	3500	process_number
FNCOUNT	16728	process_identifier
FNCOUNT	126397	tokenize_string
FNCOUNT	153	parser_init_ast_lists
FNCOUNT	117	parser_new
FNCOUNT	59024	parser_is_at_end
FNCOUNT	88195	parser_with_position
FNCOUNT	5690	parser_advance
FNCOUNT	13212	parser_current
FNCOUNT	913	parser_match
FNCOUNT	498	parser_expect
FNCOUNT	1224	parser_peek
FNCOUNT	1962	parser_has_error
FNCOUNT	232	token_number
FNCOUNT	864	token_identifier
FNCOUNT	132	token_string
FNCOUNT	132	token_true
FNCOUNT	132	token_false
FNCOUNT	432	token_lparen
FNCOUNT	264	token_rparen
FNCOUNT	598	token_plus
FNCOUNT	798	token_minus
FNCOUNT	566	token_star
FNCOUNT	566	token_slash
FNCOUNT	566	token_eq
FNCOUNT	532	token_ne
FNCOUNT	598	token_lt
FNCOUNT	532	token_le
FNCOUNT	532	token_gt
FNCOUNT	532	token_ge
FNCOUNT	532	token_and
FNCOUNT	532	token_or
FNCOUNT	100	token_comma
FNCOUNT	168	token_lbrace
FNCOUNT	170	token_rbrace
FNCOUNT	340	token_let
FNCOUNT	68	token_if
FNCOUNT	68	token_while
FNCOUNT	102	token_return
FNCOUNT	32	token_colon
FNCOUNT	32	token_mut
FNCOUNT	34	token_arrow
FNCOUNT	234	token_fn
FNCOUNT	68	token_extern
FNCOUNT	68	token_set
FNCOUNT	34	token_struct
FNCOUNT	34	token_enum
FNCOUNT	34	token_union
FNCOUNT	68	token_for
FNCOUNT	34	token_assert
FNCOUNT	34	token_requires
FNCOUNT	34	token_ensures
FNCOUNT	68	token_unsafe
FNCOUNT	34	token_shadow
FNCOUNT	232	token_match
FNCOUNT	34	token_import
FNCOUNT	136	token_pub
FNCOUNT	68	token_pure
FNCOUNT	34	token_opaque
FNCOUNT	232	token_lbracket
FNCOUNT	400	token_dot
FNCOUNT	100	token_double_colon
FNCOUNT	566	token_percent
FNCOUNT	266	token_not
FNCOUNT	232	token_pipe
FNCOUNT	132	token_grammar
FNCOUNT	232	token_question
FNCOUNT	66	token_array
FNCOUNT	66	token_type_int
FNCOUNT	544	parse_qualified_name
FNCOUNT	1326	parse_call_name
FNCOUNT	792	is_type_start_token_type
FNCOUNT	2904	parse_type_string
FNCOUNT	8600	parser_store_number
FNCOUNT	5676	parser_store_identifier
FNCOUNT	5841	parser_store_binary_op
FNCOUNT	2992	parser_store_call
FNCOUNT	901	name_contains_dot
FNCOUNT	2640	parser_store_call_arg
FNCOUNT	16345	parse_primary
FNCOUNT	612	parenthesized_call_start
FNCOUNT	21022	is_binary_op
FNCOUNT	8352	parse_expression_recursive
FNCOUNT	348	parse_expression
FNCOUNT	2880	parser_store_let
FNCOUNT	2941	parser_store_shadow
FNCOUNT	2941	parser_store_return
FNCOUNT	2941	parser_store_assert
FNCOUNT	5916	parser_store_block
FNCOUNT	544	parser_starts_owned_pattern
FNCOUNT	2754	parse_block_recursive
FNCOUNT	782	parse_block
FNCOUNT	850	parse_return_statement
FNCOUNT	493	parse_assert_statement
FNCOUNT	2193	parse_statement
FNCOUNT	2832	parser_lambda_function
FNCOUNT	3009	parser_store_function
FNCOUNT	208	parse_parameter_type
FNCOUNT	1717	parse_function_params
FNCOUNT	2227	parse_function_definition
FNCOUNT	680	parse_shadow
FNCOUNT	2924	parse_definition
FNCOUNT	829	parse_program
FNCOUNT	8560	parser_get_function_count
FNCOUNT	21335	parser_get_function
FNCOUNT	480	parser_get_let_count
FNCOUNT	1120	parser_get_let
FNCOUNT	5115	parser_get_identifier
FNCOUNT	255	parser_get_number
FNCOUNT	650	parser_get_binary_op
FNCOUNT	175	parser_get_return
FNCOUNT	520	parser_get_block
FNCOUNT	595	parser_get_call
FNCOUNT	240	parser_get_call_arg
FNCOUNT	170	parser_get_assert
FNCOUNT	476	parser_get_struct_def_count
FNCOUNT	8	parser_get_struct_literal_count
FNCOUNT	276	parser_get_enum_count
FNCOUNT	1076	parser_get_union_count
FNCOUNT	4	parser_get_import_count
FNCOUNT	221	resource_check_function
FNCOUNT	900	type_int
FNCOUNT	252	type_bool
FNCOUNT	12	type_string
FNCOUNT	426	type_void
FNCOUNT	102	type_unknown_named
FNCOUNT	64	option_type_some
FNCOUNT	2772	types_equal
FNCOUNT	2015	type_from_string
FNCOUNT	4950	tc_is_opaque_name
FNCOUNT	1328	type_from_string_with_parser
FNCOUNT	4652	tc_str_starts_with
FNCOUNT	13872	check_builtin_function
FNCOUNT	804	type_to_string
FNCOUNT	5	env_new
FNCOUNT	410	symbol_new
FNCOUNT	96	empty_param_types
FNCOUNT	164	env_add_symbol
FNCOUNT	28215	env_copy_symbols
FNCOUNT	4	typecheck_local_lets
FNCOUNT	9986	env_lookup
FNCOUNT	320	env_get_type
FNCOUNT	448	array_arithmetic_element
FNCOUNT	1652	array_arithmetic_selected
FNCOUNT	1846	check_binary_op
FNCOUNT	538	op_token_to_string
FNCOUNT	153	check_array_literal_context
FNCOUNT	224	check_constructor_argument
FNCOUNT	628	tc_bound_name
FNCOUNT	11226	check_expr_node
FNCOUNT	918	check_return_statement
FNCOUNT	442	check_block_value
FNCOUNT	3468	check_statement_list
FNCOUNT	408	check_block
FNCOUNT	297	check_lambda_creation
FNCOUNT	3160	check_function
FNCOUNT	10	typecheck_output
FNCOUNT	1190	apply_return_type_hint
FNCOUNT	297	apply_value_type_hint
FNCOUNT	9878	typecheck_phase_with_shadows
FNCOUNT	8204	nisa_ordinary_hex
FNCOUNT	452	nisa_ordinary_tag
FNCOUNT	2124	nisa_ordinary_contract
FNCOUNT	18178	nisa_ordinary_publication
FNCOUNT	152	nisa_reset
FNCOUNT	7015	nisa_capture_find
FNCOUNT	11831	nisa_local_find
FNCOUNT	3619	nisa_escape_string
FNCOUNT	22	nisa_str_prelude
FNCOUNT	786	nisa_array_arithmetic_mnemonic
FNCOUNT	1920	nisa_array_arithmetic_type
FNCOUNT	538	nisa_binop_mnemonic
FNCOUNT	510	nisa_line
FNCOUNT	1010	nisa_line_imm
FNCOUNT	2850	nisa_map_value_type
FNCOUNT	528	nisa_local_type_ok
FNCOUNT	77825	nisa_compact_type
FNCOUNT	2004	nisa_tuple_elements
FNCOUNT	170	nisa_is_print_builtin
FNCOUNT	6630	nisa_list_removal
FNCOUNT	6120	nisa_is_list_insert
FNCOUNT	6120	nisa_is_list_free
FNCOUNT	9775	nisa_is_list_call
FNCOUNT	1122	nisa_is_set_call
FNCOUNT	1428	nisa_string_binary_opcode
FNCOUNT	6474	nisa_opaque_index
FNCOUNT	737	nisa_enum_index
FNCOUNT	1024	nisa_value_type_matches
FNCOUNT	1869	nisa_union_index
FNCOUNT	670	nisa_union_supported
FNCOUNT	1670	nisa_tuple_type_ok
FNCOUNT	1596	nisa_function_type_ok_seen
FNCOUNT	532	nisa_function_type_ok
FNCOUNT	576	nisa_type_ok_seen
FNCOUNT	64	nisa_type_ok
FNCOUNT	31174	nisa_fn_index
FNCOUNT	2536	nisa_require_function
FNCOUNT	600	nisa_global_let_flags
FNCOUNT	17556	nisa_global_find
FNCOUNT	488	nisa_emit_globals
FNCOUNT	6358	nisa_map_opcode
FNCOUNT	2295	nisa_map_result
FNCOUNT	1938	nisa_call_host_symbol
FNCOUNT	2244	nisa_json_signature
FNCOUNT	1734	nisa_sqlite_signature
FNCOUNT	170	nisa_typed_artifact_signature
FNCOUNT	4641	nisa_artifact_arity
FNCOUNT	595	nisa_get_call
FNCOUNT	14030	nisa_indirect_call
FNCOUNT	11914	nisa_call_name
FNCOUNT	46522	nisa_call_index
FNCOUNT	136	nisa_declared_push
FNCOUNT	59114	nisa_expr_type
FNCOUNT	462	nisa_expr_is_string
FNCOUNT	12400	nisa_emit_expected_expr
FNCOUNT	1083	nisa_emit_call_args
FNCOUNT	8	nisa_callable_publication
FNCOUNT	3944	nisa_emit_call
FNCOUNT	10433	nisa_emit_expr
FNCOUNT	695	nisa_statements_fall_through
FNCOUNT	420	nisa_block_falls_through
FNCOUNT	1908	nisa_stmt_terminates
FNCOUNT	204	nisa_emit_assert
FNCOUNT	128	nisa_named_scalar
FNCOUNT	352	nisa_local_name_begin
FNCOUNT	3064	nisa_emit_stmt
FNCOUNT	2482	nisa_emit_statements
FNCOUNT	420	nisa_emit_block
FNCOUNT	2805	nisa_result_tag
FNCOUNT	8937	nisa_emit_function
FNCOUNT	3	nanoisa_emit_program_nasm
FNCOUNT	180	nisa_shadow_name
FNCOUNT	2311	nanoisa_emit_shadows_nasm
FNCOUNT	230	nisa_emit_module_nasm
FNCOUNT	8	assemble_text_save
FNCOUNT	2	diag_list_new
FNCOUNT	6	diag_list_count
FNCOUNT	11	diag_list_has_errors
FNCOUNT	21	module_cache_new
FNCOUNT	6604	mb_active
FNCOUNT	34	mb_reset
FNCOUNT	48926	mb_owner
FNCOUNT	13160	mb_binding_key
FNCOUNT	22256	mb_binding_index
FNCOUNT	578	mb_add_target
FNCOUNT	102	mb_add
FNCOUNT	15174	mb_lookup
FNCOUNT	3542	mb_resolve
FNCOUNT	12450	mb_target_owner
FNCOUNT	3	mb_set_sources
FNCOUNT	132	nb_key
FNCOUNT	16	nb_register
FNCOUNT	3168	nb_name_char
FNCOUNT	3960	nb_scoped_type
FNCOUNT	132	nb_type
FNCOUNT	1532	nb_rewrite
FNCOUNT	6	canonical
FNCOUNT	513	parse_options
FNCOUNT	82	parse_args
FNCOUNT	23185	nlc_str_starts_with
FNCOUNT	502	nlc_str_ends_with
FNCOUNT	3074	nlc_str_last_index_of
FNCOUNT	4	nlc_hashset_new_string
FNCOUNT	4	nlc_hashset_has_string
FNCOUNT	13	nlc_hashset_add_string
FNCOUNT	148	nl_path_dirname
FNCOUNT	196	nl_path_join
FNCOUNT	27	parse_env_int
FNCOUNT	222	find_repo_root
FNCOUNT	18	compiler_tool_root
FNCOUNT	47134	split_lines
FNCOUNT	2240	parse_import_path_from_line
FNCOUNT	630	strip_pub_decl
FNCOUNT	2625	collect_files_dfs
FNCOUNT	527	merged_file_owner
FNCOUNT	4123	merged_function_names_valid
FNCOUNT	10082	merged_binding_prefix
FNCOUNT	10	merged_qualified_calls_valid
FNCOUNT	2075	bind_merged_functions
FNCOUNT	8	remap_diagnostics
FNCOUNT	1230	merge_source_parts
FNCOUNT	2414	merge_with_imports
FNCOUNT	3220	native_shell_quote
FNCOUNT	13	bytecode_shadow_cleanup
FNCOUNT	84	outputs_preserve_sources
FNCOUNT	6	output_destinations_distinct
FNCOUNT	308	compile_program
FNCOUNT	45	main
FNCOUNT	14598	declaration_local_lets
FNCOUNT	20016	function_type_parts
FNCOUNT	882	nb_record
FNCOUNT	588	nb_record_has_owner
FNCOUNT	2704	nanoisa_has_borrows
FNCOUNT	233	__init__

╔══════════════════════════════════════════════════════════════╗
║  NanoLang v0.6 - Self-Hosted Compiler                       ║
╚══════════════════════════════════════════════════════════════╝

Input:  /private/tmp/nanolang-bootstrap-profile-20261009/indexed/functions-16.nano
Output: /private/tmp/nanolang-bootstrap-profile-20261009/indexed/functions-16.nvm

[0/5] Resolving imports...
  ✓ Merged source: 1286 bytes
[1/5] Lexing...
  ✓ Tokenized 503 tokens
[2/5] Parsing...
  ✓ Parsed 17 functions
[2.5/5] Processing imports...
  ✓ Loaded 0 type symbols from imports
[3/5] NSType checking...
  ✓ NSType checking passed
