+ set -eu
+ cd /Users/jordanh/Src/nanolang
+ for variant in gcc sanitizer
+ case "$variant" in
+ compiler=/opt/homebrew/bin/gcc-16
+ flags=
+ for mode in instrumented linked
+ '[' instrumented = instrumented ']'
+ extra=-DNOMINAL_INSTRUMENT
+ /opt/homebrew/bin/gcc-16 -std=c11 -D_DEFAULT_SOURCE -g -O1 -Wall -Wextra -Werror tests/nanoisa/test_websocket_nominal.c -DNOMINAL_INSTRUMENT src/nanoisa/service_websocket_nominal.c src/nanoisa/service_file_nominal.c src/nanoisa/service_socket_nominal.c src/nanoisa/nvm_v2_cursor.c src/nsi_websocket_plan.c -o /private/tmp/nl51-websocket-nominal-gcc-instrumented
+ ASAN_OPTIONS=detect_leaks=1
+ /private/tmp/nl51-websocket-nominal-gcc-instrumented
PASS 12127 checks; private counted-string WebSocket nominal map, no execution admission
+ for mode in instrumented linked
+ '[' linked = instrumented ']'
+ extra=src/nanoisa/service_websocket_nominal_plan.c
+ /opt/homebrew/bin/gcc-16 -std=c11 -D_DEFAULT_SOURCE -g -O1 -Wall -Wextra -Werror tests/nanoisa/test_websocket_nominal.c src/nanoisa/service_websocket_nominal_plan.c src/nanoisa/service_websocket_nominal.c src/nanoisa/service_file_nominal.c src/nanoisa/service_socket_nominal.c src/nanoisa/nvm_v2_cursor.c src/nsi_websocket_plan.c -o /private/tmp/nl51-websocket-nominal-gcc-linked
+ ASAN_OPTIONS=detect_leaks=1
+ /private/tmp/nl51-websocket-nominal-gcc-linked
PASS 11722 checks; private counted-string WebSocket nominal map, no execution admission
+ for variant in gcc sanitizer
+ case "$variant" in
+ compiler=/opt/homebrew/opt/llvm/bin/clang
+ flags='-fsanitize=address,undefined -fno-sanitize-recover=all'
+ for mode in instrumented linked
+ '[' instrumented = instrumented ']'
+ extra=-DNOMINAL_INSTRUMENT
+ /opt/homebrew/opt/llvm/bin/clang -std=c11 -D_DEFAULT_SOURCE -g -O1 -Wall -Wextra -Werror -fsanitize=address,undefined -fno-sanitize-recover=all tests/nanoisa/test_websocket_nominal.c -DNOMINAL_INSTRUMENT src/nanoisa/service_websocket_nominal.c src/nanoisa/service_file_nominal.c src/nanoisa/service_socket_nominal.c src/nanoisa/nvm_v2_cursor.c src/nsi_websocket_plan.c -o /private/tmp/nl51-websocket-nominal-sanitizer-instrumented
+ ASAN_OPTIONS=detect_leaks=1
+ /private/tmp/nl51-websocket-nominal-sanitizer-instrumented
PASS 12127 checks; private counted-string WebSocket nominal map, no execution admission
+ for mode in instrumented linked
+ '[' linked = instrumented ']'
+ extra=src/nanoisa/service_websocket_nominal_plan.c
+ /opt/homebrew/opt/llvm/bin/clang -std=c11 -D_DEFAULT_SOURCE -g -O1 -Wall -Wextra -Werror -fsanitize=address,undefined -fno-sanitize-recover=all tests/nanoisa/test_websocket_nominal.c src/nanoisa/service_websocket_nominal_plan.c src/nanoisa/service_websocket_nominal.c src/nanoisa/service_file_nominal.c src/nanoisa/service_socket_nominal.c src/nanoisa/nvm_v2_cursor.c src/nsi_websocket_plan.c -o /private/tmp/nl51-websocket-nominal-sanitizer-linked
+ ASAN_OPTIONS=detect_leaks=1
+ /private/tmp/nl51-websocket-nominal-sanitizer-linked
PASS 11722 checks; private counted-string WebSocket nominal map, no execution admission
