.
----------------------------------------------------------------------
Ran 1 test in 0.003s

OK
.I verified fresh ASan/UBSan translator and shape objects.
I verified fresh ASan/UBSan translator and shape objects.
.I did not find ASan and UBSan instrumentation in nvm2c.o
I did not find ASan and UBSan instrumentation in nvm2c.o
I did not find ASan and UBSan instrumentation in nvm2c.o
.
----------------------------------------------------------------------
Ran 3 tests in 0.005s

OK
cc -Wall -Wextra -Werror -std=c99 -g -O3 -ftree-vectorize -fPIC -Isrc -D_GNU_SOURCE -I'/Applications/Xcode.app/Contents/Developer/Platforms/MacOSX.platform/Developer/SDKs/MacOSX27.0.sdk/usr/include/ffi' -I/opt/homebrew/opt/openssl@3/include -Isrc/nanoisa -o obj/test_nvm2c_shape \
		tests/nanoisa/test_nvm2c_shape.c src/nanoisa/nvm2c_shape.c
Shape constraints: 1820 passed, 0 failed
python3 scripts/embed_binary64_parser.py --check
cc -Wall -Wextra -Werror -std=c99 -g -O3 -ftree-vectorize -fPIC -Isrc -D_GNU_SOURCE -I'/Applications/Xcode.app/Contents/Developer/Platforms/MacOSX.platform/Developer/SDKs/MacOSX27.0.sdk/usr/include/ffi' -I/opt/homebrew/opt/openssl@3/include -o bin/nvm2c obj/nanoisa/nvm2c_main.o obj/nanoisa/file_flow.o obj/nanoisa/service_file_nominal.o obj/nanoisa/service_file_nominal_plan.o obj/nanoisa/service_bindings.o obj/nanoisa/service_bindings_module.o obj/nanoisa/mixed_float_proof.o obj/nanoisa/managed_array_shapes.o obj/nanoisa/local_bindings.o obj/nanoisa/affine_bytecode.o obj/nanoisa/affine_state.o obj/nanoisa/ownership_contracts.o obj/nanoisa/retained_layouts.o obj/nanoisa/reference_places.o obj/nanoisa/passive.o obj/nanoisa/isa.o obj/nanoisa/verifier_types.o obj/nanoisa/nvm_format.o obj/nanoisa/nvm_format_v2.o obj/nanoisa/nvm_v2_cursor.o obj/nanoisa/nvm_v2_constants.o obj/nanoisa/nvm_v2_signatures.o obj/nanoisa/nvm_v2_layouts.o obj/nanoisa/nvm_v2_functions.o obj/nanoisa/nvm_v2_imports.o obj/nanoisa/nvm_v2_module.o obj/nanoisa/nvm_v2_convert.o obj/nanoisa/assembler.o obj/nanoisa/disassembler.o obj/nanoisa/verifier.o obj/nanoisa/nvm2c.o obj/nanoisa/nvm2c_shape.o obj/nanoisa/frontend.o obj/nanoisa/nanoisa_facade.o obj/nanovm/vm_decode.o obj/nanovm/vm_dispatch.o obj/nsi_file_plan.o obj/utf8.o obj/nanoisa/file_cli.o lib/libnano_file_runtime.a -lm -lcrypto -lffi -L/opt/homebrew/opt/openssl@3/lib
Running nvm2c structured-C tests...
cc -Wall -Wextra -Werror -std=c99 -g -O3 -ftree-vectorize -fPIC -Isrc -D_GNU_SOURCE -I'/Applications/Xcode.app/Contents/Developer/Platforms/MacOSX.platform/Developer/SDKs/MacOSX27.0.sdk/usr/include/ffi' -I/opt/homebrew/opt/openssl@3/include -Isrc/nanoisa -Imodules/nanoisa -o tests/nanoisa/test_nvm2c \
		tests/nanoisa/test_nvm2c.c obj/nanoisa/file_flow.o obj/nanoisa/service_file_nominal.o obj/nanoisa/service_file_nominal_plan.o obj/nanoisa/service_bindings.o obj/nanoisa/service_bindings_module.o obj/nanoisa/mixed_float_proof.o obj/nanoisa/managed_array_shapes.o obj/nanoisa/local_bindings.o obj/nanoisa/affine_bytecode.o obj/nanoisa/affine_state.o obj/nanoisa/ownership_contracts.o obj/nanoisa/retained_layouts.o obj/nanoisa/reference_places.o obj/nanoisa/passive.o obj/nanoisa/isa.o obj/nanoisa/verifier_types.o obj/nanoisa/nvm_format.o obj/nanoisa/nvm_format_v2.o obj/nanoisa/nvm_v2_cursor.o obj/nanoisa/nvm_v2_constants.o obj/nanoisa/nvm_v2_signatures.o obj/nanoisa/nvm_v2_layouts.o obj/nanoisa/nvm_v2_functions.o obj/nanoisa/nvm_v2_imports.o obj/nanoisa/nvm_v2_module.o obj/nanoisa/nvm_v2_convert.o obj/nanoisa/assembler.o obj/nanoisa/disassembler.o obj/nanoisa/verifier.o obj/nanoisa/nvm2c.o obj/nanoisa/nvm2c_shape.o obj/nanoisa/frontend.o obj/nanoisa/nanoisa_facade.o obj/nanovm/vm_decode.o obj/nanovm/vm_dispatch.o obj/nsi_file_plan.o obj/utf8.o -lm -lcrypto -lffi -L/opt/homebrew/opt/openssl@3/lib
I stopped at a native invariant in nvalue_require_string at generated C line 649.
I stopped at a native invariant in nvalue_require_string at generated C line 649.
I stopped at a native invariant in nvalue_require_string at generated C line 649.
I stopped at a native invariant in nvalue_require_string at generated C line 649.
I stopped at a native invariant in nvalue_require_string at generated C line 649.
I stopped at a native invariant in nvalue_require_string at generated C line 649.
I stopped at a native invariant in nvalue_require_string at generated C line 649.
I stopped at a native invariant in nvalue_require_string at generated C line 649.
I stopped at a native invariant in nvalue_require_string at generated C line 649.
I stopped at a native invariant in nvalue_require_string at generated C line 649.
I stopped at a native invariant in nvalue_require_string at generated C line 649.
I stopped at a native invariant in nvalue_require_string at generated C line 649.
I stopped at a native invariant in nvalue_require_string at generated C line 649.
I stopped at a native invariant in nvalue_require_string at generated C line 649.
I stopped at a native invariant in nvalue_require_string at generated C line 649.
I stopped at a native invariant in nvalue_require_string at generated C line 649.
I stopped at a native invariant in nvalue_require_string at generated C line 649.
I stopped at a native invariant in nvalue_require_string at generated C line 649.
I stopped at a native invariant in nvalue_require_string at generated C line 649.
I stopped at a native invariant in nvalue_require_string at generated C line 649.
I stopped at a native invariant in nvalue_require_string at generated C line 649.
I stopped at a native invariant in nvalue_require_string at generated C line 649.
I stopped at a native invariant in nvalue_require_string at generated C line 649.
I stopped at a native invariant in nvalue_require_string at generated C line 649.
I stopped at a native invariant in nvalue_require_bool at generated C line 630.
I stopped at a native invariant in nvalue_require_bool at generated C line 630.
I stopped at a native invariant in nvalue_require_string at generated C line 594.
I stopped at a native invariant in nvalue_require_string at generated C line 594.
I stopped at a native invariant in nvalue_require_string at generated C line 594.
I stopped at a native invariant in nvalue_require_string at generated C line 594.
I stopped at a native invariant in nvalue_require_string at generated C line 594.
I stopped at a native invariant in nvalue_require_string at generated C line 594.
I stopped at a native invariant in nvalue_require_int at generated C line 627.
I stopped at a native invariant in nvalue_require_int at generated C line 627.
I stopped at a native invariant in nvalue_require_int at generated C line 627.
I stopped at a native invariant in nvalue_require_int at generated C line 627.
I stopped at a native invariant in nvalue_require_int at generated C line 627.
I stopped at a native invariant in nvalue_require_int at generated C line 627.
I stopped at a native invariant in nl___init__ at generated C line 105.
I stopped at a native invariant in nl_main at generated C line 933.
I stopped at a native invariant in nl_main at generated C line 933.
I stopped at a native invariant in nl_main at generated C line 933.
I stopped at a native invariant in nl_main at generated C line 957.
I stopped at a native invariant in nl_main at generated C line 957.
I stopped at a native invariant in nl_main at generated C line 957.
I stopped at a native invariant in nl_main at generated C line 983.
I stopped at a native invariant in nl_main at generated C line 983.
I stopped at a native invariant in nl_main at generated C line 983.
I stopped at a native invariant in nl_main at generated C line 965.
I stopped at a native invariant in nvalue_require_int at generated C line 578.
I stopped at a native invariant in nl_main at generated C line 862.
I stopped at a native invariant in nl_main at generated C line 862.
I stopped at a native invariant in nl_main at generated C line 862.
I stopped at a native invariant in nl_main at generated C line 922.
I stopped at a native invariant in nhost_walk_0 at generated C line 747.
I stopped at a native invariant in nhost_walk_0 at generated C line 731.
I stopped at a native invariant in nhost_walk_0 at generated C line 733.
I stopped at a native invariant in nhost_walk_0 at generated C line 736.
I stopped at a native invariant in nvalue_require_int at generated C line 626.
I stopped at a native invariant in nvalue_require_int at generated C line 626.
I stopped at a native invariant in nvalue_require_int at generated C line 626.
I stopped at a native invariant in nl_update at generated C line 942.
I stopped at a native invariant in nl_update at generated C line 942.
I stopped at a native invariant in nvalue_array_len at generated C line 896.
I stopped at a native invariant in nvalue_array_len at generated C line 896.
I stopped at a native invariant in nvalue_array_len at generated C line 896.
I stopped at a native invariant in nvalue_require_int at generated C line 678.
I stopped at a native invariant in nl_prove at generated C line 61.
I stopped at a native invariant in nvalue_array_len at generated C line 816.
I stopped at a native invariant in nl_main at generated C line 914.
I stopped at a native invariant in nvalue_require_int at generated C line 626.
I stopped at a native invariant in nvalue_require_int at generated C line 626.
I stopped at a native invariant in nvalue_require_int at generated C line 626.
I stopped at a native invariant in nvalue_require_int at generated C line 626.
I stopped at a native invariant in nvalue_require_int at generated C line 626.
I stopped at a native invariant in nvalue_require_int at generated C line 626.
I stopped at a native invariant in nvalue_require_int at generated C line 626.
I stopped at a native invariant in nvalue_require_int at generated C line 626.
I stopped at a native invariant in nvalue_require_int at generated C line 626.
I stopped at a native invariant in nvalue_require_int at generated C line 641.
I stopped at a native invariant in nvalue_require_int at generated C line 641.
I stopped at a native invariant in nvalue_require_int at generated C line 641.
I stopped at a native invariant in nvalue_require_int at generated C line 678.
I stopped at a native invariant in nvalue_array_len at generated C line 816.
I stopped at a native invariant in nvalue_array_len at generated C line 816.
I stopped at a native invariant in nvalue_array_set at generated C line 893.
I stopped at a native invariant in nvalue_array_set at generated C line 893.
I stopped at a native invariant in nvalue_array_set at generated C line 893.
I stopped at a native invariant in nvalue_array_set at generated C line 893.
I stopped at a native invariant in nvalue_array_set at generated C line 893.
I stopped at a native invariant in nvalue_array_set at generated C line 893.
I stopped at a native invariant in nvalue_array_set at generated C line 893.
I stopped at a native invariant in nvalue_array_set at generated C line 893.
I stopped at a native invariant in nvalue_array_set at generated C line 893.
I stopped at a native invariant in nvalue_array_set at generated C line 893.
I stopped at a native invariant in nvalue_array_set at generated C line 893.
I stopped at a native invariant in nvalue_array_set at generated C line 893.
I stopped at a native invariant in nvalue_array_set at generated C line 917.
I stopped at a native invariant in nvalue_array_set at generated C line 917.
I stopped at a native invariant in nvalue_array_set at generated C line 917.
I stopped at a native invariant in nvalue_array_set at generated C line 917.
I stopped at a native invariant in nvalue_array_set at generated C line 917.
I stopped at a native invariant in nvalue_array_set at generated C line 917.
I stopped at a native invariant in nmap_set at generated C line 493.
I stopped at a native invariant in nmap_set at generated C line 493.
I stopped at a native invariant in nmap_set at generated C line 493.
I stopped at a native invariant in nmap_set at generated C line 493.
I stopped at a native invariant in nmap_set at generated C line 493.
I stopped at a native invariant in nmap_set at generated C line 493.
I stopped at a native invariant in nvalue_require_int at generated C line 578.
I stopped at a native invariant in nvalue_require_bool at generated C line 582.
I stopped at a native invariant in nvalue_require_string at generated C line 586.
I stopped at a native invariant in nvalue_require_int at generated C line 578.
I stopped at a native invariant in nvalue_require_int at generated C line 578.
I stopped at a native invariant in nvalue_require_string at generated C line 586.
I stopped at a native invariant in nvalue_require_string at generated C line 586.
I stopped at a native invariant in nvalue_require_bool at generated C line 582.
I stopped at a native invariant in nvalue_require_bool at generated C line 582.
I stopped at a native invariant in nvalue_require_bool at generated C line 582.
I stopped at a native invariant in nvalue_require_string at generated C line 602.
I stopped at a native invariant in nvalue_require_string at generated C line 602.
I stopped at a native invariant in nvalue_require_string at generated C line 602.
I stopped at a native invariant in nvalue_require_string at generated C line 639.
I stopped at a native invariant in nvalue_require_string at generated C line 602.
I stopped at a native invariant in nl_main at generated C line 846.
I stopped at a native invariant in nvalue_require_string at generated C line 586.
I stopped at a native invariant in nvalue_require_bool at generated C line 582.
I stopped at a native invariant in nvalue_require_bool at generated C line 582.
I stopped at a native invariant in nvalue_require_bool at generated C line 582.
I stopped at a native invariant in nvalue_require_int at generated C line 578.
I stopped at a native invariant in nl_main at generated C line 881.

[nvm2c] structured C11 from NanoISA...


=== 2657 passed, 0 failed ===
cc -Wall -Wextra -Werror -std=c99 -g -O3 -ftree-vectorize -fPIC -Isrc -D_GNU_SOURCE -I'/Applications/Xcode.app/Contents/Developer/Platforms/MacOSX.platform/Developer/SDKs/MacOSX27.0.sdk/usr/include/ffi' -I/opt/homebrew/opt/openssl@3/include -o bin/nanoisa obj/nanoisa/dump_main.o obj/nanoisa/file_flow.o obj/nanoisa/service_file_nominal.o obj/nanoisa/service_file_nominal_plan.o obj/nanoisa/service_bindings.o obj/nanoisa/service_bindings_module.o obj/nanoisa/mixed_float_proof.o obj/nanoisa/managed_array_shapes.o obj/nanoisa/local_bindings.o obj/nanoisa/affine_bytecode.o obj/nanoisa/affine_state.o obj/nanoisa/ownership_contracts.o obj/nanoisa/retained_layouts.o obj/nanoisa/reference_places.o obj/nanoisa/passive.o obj/nanoisa/isa.o obj/nanoisa/verifier_types.o obj/nanoisa/nvm_format.o obj/nanoisa/nvm_format_v2.o obj/nanoisa/nvm_v2_cursor.o obj/nanoisa/nvm_v2_constants.o obj/nanoisa/nvm_v2_signatures.o obj/nanoisa/nvm_v2_layouts.o obj/nanoisa/nvm_v2_functions.o obj/nanoisa/nvm_v2_imports.o obj/nanoisa/nvm_v2_module.o obj/nanoisa/nvm_v2_convert.o obj/nanoisa/assembler.o obj/nanoisa/disassembler.o obj/nanoisa/verifier.o obj/nanoisa/nvm2c.o obj/nanoisa/nvm2c_shape.o obj/nanoisa/frontend.o obj/nanoisa/nanoisa_facade.o obj/nanovm/vm_decode.o obj/nanovm/vm_dispatch.o obj/nsi_file_plan.o obj/utf8.o -lm -lcrypto -lffi -L/opt/homebrew/opt/openssl@3/lib
cc -Wall -Wextra -Werror -std=c99 -g -O3 -ftree-vectorize -fPIC -Isrc -D_GNU_SOURCE -I'/Applications/Xcode.app/Contents/Developer/Platforms/MacOSX.platform/Developer/SDKs/MacOSX27.0.sdk/usr/include/ffi' -I/opt/homebrew/opt/openssl@3/include -o bin/nano_vm obj/nanovm/value.o obj/nanovm/heap.o obj/nanovm/heap_cycles.o obj/nanovm/vm.o obj/nanovm/vm_callback.o obj/nanovm/vm_ffi.o obj/nanovm/vm_builtins.o obj/nanovm/cop_protocol.o obj/nanovm/vm_ffi_arrays.o obj/runtime/callback_runtime.o obj/nanoisa/file_flow.o obj/nanoisa/service_file_nominal.o obj/nanoisa/service_file_nominal_plan.o obj/nanoisa/service_bindings.o obj/nanoisa/service_bindings_module.o obj/nanoisa/mixed_float_proof.o obj/nanoisa/managed_array_shapes.o obj/nanoisa/local_bindings.o obj/nanoisa/affine_bytecode.o obj/nanoisa/affine_state.o obj/nanoisa/ownership_contracts.o obj/nanoisa/retained_layouts.o obj/nanoisa/reference_places.o obj/nanoisa/passive.o obj/nanoisa/isa.o obj/nanoisa/verifier_types.o obj/nanoisa/nvm_format.o obj/nanoisa/nvm_format_v2.o obj/nanoisa/nvm_v2_cursor.o obj/nanoisa/nvm_v2_constants.o obj/nanoisa/nvm_v2_signatures.o obj/nanoisa/nvm_v2_layouts.o obj/nanoisa/nvm_v2_functions.o obj/nanoisa/nvm_v2_imports.o obj/nanoisa/nvm_v2_module.o obj/nanoisa/nvm_v2_convert.o obj/nanoisa/assembler.o obj/nanoisa/disassembler.o obj/nanoisa/verifier.o obj/nanoisa/nvm2c.o obj/nanoisa/nvm2c_shape.o obj/nanoisa/frontend.o obj/nanoisa/nanoisa_facade.o obj/nanovm/vm_decode.o obj/nanovm/vm_dispatch.o obj/nsi_file_plan.o obj/lexer.o obj/parser.o obj/typechecker.o obj/transpiler.o obj/stdlib_runtime.o obj/env.o obj/builtins_registry.o obj/module.o obj/module_metadata.o obj/cJSON.o obj/toon_output.o obj/module_builder.o obj/resource_tracking.o obj/eval.o obj/eval/eval_hashmap.o obj/eval/eval_math.o obj/eval/eval_string.o obj/eval/eval_io.o obj/interpreter_ffi.o obj/json_diagnostics.o obj/reflection.o obj/nanocore_subset.o obj/nanocore_export.o obj/emit_typed_ast.o obj/type_infer.o obj/effects.o obj/fold_constants.o obj/dce_pass.o obj/par_let_pass.o obj/ptx_backend.o obj/opencl_backend.o obj/tco_pass.o obj/cps_pass.o obj/coroutine.o obj/pgo_pass.o obj/c_backend.o obj/bench.o obj/bench_native.o obj/riscv_backend.o obj/dwarf_info.o obj/docgen_md.o obj/docgen.o obj/fmt.o obj/channel.o obj/bcp47.o obj/locale.o obj/utf8.o obj/diag_id.o obj/catalog.o obj/resource_flow.o obj/nominal_types.o obj/runtime/list_int.o obj/runtime/list_string.o obj/runtime/list_LexerToken.o obj/runtime/list_token.o obj/runtime/list_CompilerDiagnostic.o obj/runtime/list_CompilerSourceLocation.o obj/runtime/list_ASTNumber.o obj/runtime/list_ASTFloat.o obj/runtime/list_ASTString.o obj/runtime/list_ASTBool.o obj/runtime/list_ASTIdentifier.o obj/runtime/list_ASTBinaryOp.o obj/runtime/list_ASTCall.o obj/runtime/list_ASTModuleQualifiedCall.o obj/runtime/list_ASTArrayLiteral.o obj/runtime/list_ASTLet.o obj/runtime/list_ASTSet.o obj/runtime/list_ASTStmtRef.o obj/runtime/list_ASTIf.o obj/runtime/list_ASTWhile.o obj/runtime/list_ASTFor.o obj/runtime/list_ASTReturn.o obj/runtime/list_ASTBlock.o obj/runtime/list_ASTUnsafeBlock.o obj/runtime/list_ASTPrint.o obj/runtime/list_ASTAssert.o obj/runtime/list_ASTFunction.o obj/runtime/list_ASTShadow.o obj/runtime/list_ASTStruct.o obj/runtime/list_ASTStructLiteral.o obj/runtime/list_ASTFieldAccess.o obj/runtime/list_ASTEnum.o obj/runtime/list_ASTUnion.o obj/runtime/list_ASTUnionConstruct.o obj/runtime/list_ASTMatch.o obj/runtime/list_ASTImport.o obj/runtime/list_ASTOpaqueType.o obj/runtime/list_ASTServiceDecl.o obj/runtime/list_ASTTupleLiteral.o obj/runtime/list_ASTTupleIndex.o obj/runtime/token_helpers.o obj/runtime/gc.o obj/runtime/effect_runtime.o obj/runtime/dyn_array.o obj/runtime/gc_struct.o obj/runtime/nl_string.o obj/runtime/ffi_loader.o obj/runtime/module_build_dir.o obj/runtime/cli.o obj/runtime/regex.o \
		obj/nanovm/vmd_protocol.o obj/nanovm/vmd_client.o \
		obj/nanovm/main.o obj/nanoisa/file_cli.o lib/libnano_file_runtime.a -lm -lcrypto -lffi -L/opt/homebrew/opt/openssl@3/lib 
python3 -m unittest tests.test_native_indexed_union_payloads
..
----------------------------------------------------------------------
Ran 2 tests in 3.054s

OK
