................FF....
======================================================================
FAIL: test_global_union_snapshots_survive_churn (tests.test_canonical_aggregate_formatting.AggregateFormatting.test_global_union_snapshots_survive_churn) (compiler='nanoc_stage1', vm=False)
----------------------------------------------------------------------
Traceback (most recent call last):
  File "/Users/jordanh/Src/nanolang-pr522-repair/tests/test_canonical_aggregate_formatting.py", line 24, in execute
    self.assertEqual(result.returncode, 0, str(command) + "\n" + result.stdout + result.stderr)
    ~~~~~~~~~~~~~~~~^^^^^^^^^^^^^^^^^^^^^^^^^^^^^^^^^^^^^^^^^^^^^^^^^^^^^^^^^^^^^^^^^^^^^^^^^^^
AssertionError: 1 != 0 : [PosixPath('/Users/jordanh/Src/nanolang-pr522-repair/bin/nanoc_stage1'), PosixPath('/var/folders/9z/xpmfgw8j09l4g6wwxrxtt97w0000gn/T/nano-canonical-format-7hv2kl2l/case.nano'), '-o', PosixPath('/var/folders/9z/xpmfgw8j09l4g6wwxrxtt97w0000gn/T/nano-canonical-format-7hv2kl2l/product')]
I could not translate the verified NanoISA product to C
I cannot translate '/var/folders/9z/xpmfgw8j09l4g6wwxrxtt97w0000gn/T/nano-canonical-format-7hv2kl2l/.nano-product.td2SMY/program.nvm': I require a selected constructor for heterogeneous union projection


======================================================================
FAIL: test_global_union_snapshots_survive_churn (tests.test_canonical_aggregate_formatting.AggregateFormatting.test_global_union_snapshots_survive_churn) (compiler='nanoc_stage2', vm=False)
----------------------------------------------------------------------
Traceback (most recent call last):
  File "/Users/jordanh/Src/nanolang-pr522-repair/tests/test_canonical_aggregate_formatting.py", line 24, in execute
    self.assertEqual(result.returncode, 0, str(command) + "\n" + result.stdout + result.stderr)
    ~~~~~~~~~~~~~~~~^^^^^^^^^^^^^^^^^^^^^^^^^^^^^^^^^^^^^^^^^^^^^^^^^^^^^^^^^^^^^^^^^^^^^^^^^^^
AssertionError: 1 != 0 : [PosixPath('/Users/jordanh/Src/nanolang-pr522-repair/bin/nanoc_stage2'), PosixPath('/var/folders/9z/xpmfgw8j09l4g6wwxrxtt97w0000gn/T/nano-canonical-format-7hv2kl2l/case.nano'), '-o', PosixPath('/var/folders/9z/xpmfgw8j09l4g6wwxrxtt97w0000gn/T/nano-canonical-format-7hv2kl2l/product')]
I could not translate the verified NanoISA product to C
I cannot translate '/var/folders/9z/xpmfgw8j09l4g6wwxrxtt97w0000gn/T/nano-canonical-format-7hv2kl2l/.nano-product.L9ebSx/program.nvm': I require a selected constructor for heterogeneous union projection


----------------------------------------------------------------------
Ran 21 tests in 34.155s

FAILED (failures=2)
