Compiling /home/jkh/Src/nanolang-component-shadow-completion/src_nano/parser_driver.nano...
✓ Lexing complete (233 tokens)
✓ Parsing complete
✓ Loaded 9 module(s)
✓ Type checking complete
[Modules] Processing 9 module(s)...
[Modules] Compiling nanolang module '/home/jkh/Src/nanolang-component-shadow-completion/src_nano/generated/compiler_schema.nano'
✓ Generated module C code: obj/nano_modules/.nano-module-XJS3GG/source.c
Compiling module: cc -std=c99 -I'/home/jkh/Src/nanolang-component-shadow-completion'/src -I'/home/jkh/Src/nanolang-component-shadow-completion'/modules/std -I'/home/jkh/Src/nanolang-component-shadow-completion'/modules/std/collections -I'/home/jkh/Src/nanolang-component-shadow-completion'/modules/std/json -I'/home/jkh/Src/nanolang-component-shadow-completion'/modules/std/io -I'/home/jkh/Src/nanolang-component-shadow-completion'/modules/std/math -I'/home/jkh/Src/nanolang-component-shadow-completion'/modules/std/peg -I'/home/jkh/Src/nanolang-component-shadow-completion'/modules/std/string -I'/home/jkh/Src/nanolang-component-shadow-completion'/modules/sdl_helpers '-I/home/jkh/Src/nanolang-component-shadow-completion/src_nano/generated' -I/usr/include/SDL2 -D_REENTRANT  -c -o 'obj/nano_modules/.nano-module-XJS3GG/object.o' 'obj/nano_modules/.nano-module-XJS3GG/source.c'
✓ Compiled module to object file: obj/nano_modules/compiler_schema.o
  C source kept at: obj/nano_modules/.nano-module-XJS3GG/source.c
[Modules] Compiling nanolang module '/home/jkh/Src/nanolang-component-shadow-completion/src_nano/generated/compiler_contracts.nano'
✓ Generated module C code: obj/nano_modules/.nano-module-TWAu1l/source.c
[Modules] Generating List<LexerToken> runtime...
[Modules] Generating List<CompilerDiagnostic> runtime...
[Modules] Generating List<LexerToken_new> runtime...
[Modules] Generating List<LexerToken_push> runtime...
[Modules] Generating List<LexerToken_get> runtime...
[Modules] Generating List<LexerToken_length> runtime...
[Modules] Generating List<CompilerDiagnostic_new> runtime...
[Modules] Generating List<CompilerDiagnostic_push> runtime...
[Modules] Generating List<CompilerDiagnostic_get> runtime...
[Modules] Generating List<CompilerDiagnostic_length> runtime...
Compiling module: cc -std=c99 -I'/home/jkh/Src/nanolang-component-shadow-completion'/src -I'/home/jkh/Src/nanolang-component-shadow-completion'/modules/std -I'/home/jkh/Src/nanolang-component-shadow-completion'/modules/std/collections -I'/home/jkh/Src/nanolang-component-shadow-completion'/modules/std/json -I'/home/jkh/Src/nanolang-component-shadow-completion'/modules/std/io -I'/home/jkh/Src/nanolang-component-shadow-completion'/modules/std/math -I'/home/jkh/Src/nanolang-component-shadow-completion'/modules/std/peg -I'/home/jkh/Src/nanolang-component-shadow-completion'/modules/std/string -I'/home/jkh/Src/nanolang-component-shadow-completion'/modules/sdl_helpers '-I/home/jkh/Src/nanolang-component-shadow-completion/src_nano/generated' -I/usr/include/SDL2 -D_REENTRANT  -c -o 'obj/nano_modules/.nano-module-TWAu1l/object.o' 'obj/nano_modules/.nano-module-TWAu1l/source.c'
✓ Compiled module to object file: obj/nano_modules/compiler_contracts.o
  C source kept at: obj/nano_modules/.nano-module-TWAu1l/source.c
[Modules] Compiling nanolang module '/home/jkh/Src/nanolang-component-shadow-completion/src_nano/generated/compiler_ast.nano'
✓ Generated module C code: obj/nano_modules/.nano-module-1MXLiL/source.c
[Modules] Generating List<LexerToken> runtime...
[Modules] Generating List<CompilerDiagnostic> runtime...
[Modules] Generating List<ASTStmtRef> runtime...
[Modules] Generating List<ASTNumber> runtime...
[Modules] Generating List<ASTFloat> runtime...
[Modules] Generating List<ASTString> runtime...
[Modules] Generating List<ASTBool> runtime...
[Modules] Generating List<ASTIdentifier> runtime...
[Modules] Generating List<ASTBinaryOp> runtime...
[Modules] Generating List<ASTCall> runtime...
[Modules] Generating List<ASTModuleQualifiedCall> runtime...
[Modules] Generating List<ASTArrayLiteral> runtime...
[Modules] Generating List<ASTLet> runtime...
[Modules] Generating List<ASTSet> runtime...
[Modules] Generating List<ASTIf> runtime...
[Modules] Generating List<ASTWhile> runtime...
[Modules] Generating List<ASTFor> runtime...
[Modules] Generating List<ASTReturn> runtime...
[Modules] Generating List<ASTBlock> runtime...
[Modules] Generating List<ASTUnsafeBlock> runtime...
[Modules] Generating List<ASTPrint> runtime...
[Modules] Generating List<ASTAssert> runtime...
[Modules] Generating List<ASTFunction> runtime...
[Modules] Generating List<ASTShadow> runtime...
[Modules] Generating List<ASTStruct> runtime...
[Modules] Generating List<ASTStructLiteral> runtime...
[Modules] Generating List<ASTFieldAccess> runtime...
[Modules] Generating List<ASTEnum> runtime...
[Modules] Generating List<ASTUnion> runtime...
[Modules] Generating List<ASTUnionConstruct> runtime...
[Modules] Generating List<ASTMatch> runtime...
[Modules] Generating List<ASTImport> runtime...
[Modules] Generating List<ASTOpaqueType> runtime...
[Modules] Generating List<ASTTupleLiteral> runtime...
[Modules] Generating List<ASTTupleIndex> runtime...
[Modules] Generating List<LexerToken_new> runtime...
[Modules] Generating List<LexerToken_push> runtime...
[Modules] Generating List<LexerToken_get> runtime...
[Modules] Generating List<LexerToken_length> runtime...
[Modules] Generating List<CompilerDiagnostic_new> runtime...
[Modules] Generating List<CompilerDiagnostic_push> runtime...
[Modules] Generating List<CompilerDiagnostic_get> runtime...
[Modules] Generating List<CompilerDiagnostic_length> runtime...
[Modules] Generating List<ASTStmtRef_new> runtime...
[Modules] Generating List<ASTStmtRef_push> runtime...
[Modules] Generating List<ASTStmtRef_get> runtime...
[Modules] Generating List<ASTStmtRef_length> runtime...
[Modules] Generating List<ASTNumber_new> runtime...
[Modules] Generating List<ASTNumber_push> runtime...
[Modules] Generating List<ASTNumber_get> runtime...
[Modules] Generating List<ASTNumber_length> runtime...
[Modules] Generating List<ASTFloat_new> runtime...
[Modules] Generating List<ASTFloat_push> runtime...
[Modules] Generating List<ASTFloat_get> runtime...
[Modules] Generating List<ASTFloat_length> runtime...
[Modules] Generating List<ASTString_new> runtime...
[Modules] Generating List<ASTString_push> runtime...
[Modules] Generating List<ASTString_get> runtime...
[Modules] Generating List<ASTString_length> runtime...
[Modules] Generating List<ASTBool_new> runtime...
[Modules] Generating List<ASTBool_push> runtime...
[Modules] Generating List<ASTBool_get> runtime...
[Modules] Generating List<ASTBool_length> runtime...
[Modules] Generating List<ASTIdentifier_new> runtime...
Compiling module: cc -std=c99 -I'/home/jkh/Src/nanolang-component-shadow-completion'/src -I'/home/jkh/Src/nanolang-component-shadow-completion'/modules/std -I'/home/jkh/Src/nanolang-component-shadow-completion'/modules/std/collections -I'/home/jkh/Src/nanolang-component-shadow-completion'/modules/std/json -I'/home/jkh/Src/nanolang-component-shadow-completion'/modules/std/io -I'/home/jkh/Src/nanolang-component-shadow-completion'/modules/std/math -I'/home/jkh/Src/nanolang-component-shadow-completion'/modules/std/peg -I'/home/jkh/Src/nanolang-component-shadow-completion'/modules/std/string -I'/home/jkh/Src/nanolang-component-shadow-completion'/modules/sdl_helpers '-I/home/jkh/Src/nanolang-component-shadow-completion/src_nano/generated' -I/usr/include/SDL2 -D_REENTRANT  -c -o 'obj/nano_modules/.nano-module-1MXLiL/object.o' 'obj/nano_modules/.nano-module-1MXLiL/source.c'
✓ Compiled module to object file: obj/nano_modules/compiler_ast.o
  C source kept at: obj/nano_modules/.nano-module-1MXLiL/source.c
[Modules] Compiling nanolang module '/home/jkh/Src/nanolang-component-shadow-completion/src_nano/ast_shared.nano'
✓ Generated module C code: obj/nano_modules/.nano-module-fIDRiB/source.c
[Modules] Generating List<LexerToken> runtime...
[Modules] Generating List<CompilerDiagnostic> runtime...
[Modules] Generating List<ASTStmtRef> runtime...
[Modules] Generating List<ASTNumber> runtime...
[Modules] Generating List<ASTFloat> runtime...
[Modules] Generating List<ASTString> runtime...
[Modules] Generating List<ASTBool> runtime...
[Modules] Generating List<ASTIdentifier> runtime...
[Modules] Generating List<ASTBinaryOp> runtime...
[Modules] Generating List<ASTCall> runtime...
[Modules] Generating List<ASTModuleQualifiedCall> runtime...
[Modules] Generating List<ASTArrayLiteral> runtime...
[Modules] Generating List<ASTLet> runtime...
[Modules] Generating List<ASTSet> runtime...
[Modules] Generating List<ASTIf> runtime...
[Modules] Generating List<ASTWhile> runtime...
[Modules] Generating List<ASTFor> runtime...
[Modules] Generating List<ASTReturn> runtime...
[Modules] Generating List<ASTBlock> runtime...
[Modules] Generating List<ASTUnsafeBlock> runtime...
[Modules] Generating List<ASTPrint> runtime...
[Modules] Generating List<ASTAssert> runtime...
[Modules] Generating List<ASTFunction> runtime...
[Modules] Generating List<ASTShadow> runtime...
[Modules] Generating List<ASTStruct> runtime...
[Modules] Generating List<ASTStructLiteral> runtime...
[Modules] Generating List<ASTFieldAccess> runtime...
[Modules] Generating List<ASTEnum> runtime...
[Modules] Generating List<ASTUnion> runtime...
[Modules] Generating List<ASTUnionConstruct> runtime...
[Modules] Generating List<ASTMatch> runtime...
[Modules] Generating List<ASTImport> runtime...
[Modules] Generating List<ASTOpaqueType> runtime...
[Modules] Generating List<ASTTupleLiteral> runtime...
[Modules] Generating List<ASTTupleIndex> runtime...
[Modules] Generating List<LexerToken_new> runtime...
[Modules] Generating List<LexerToken_push> runtime...
[Modules] Generating List<LexerToken_get> runtime...
[Modules] Generating List<LexerToken_length> runtime...
[Modules] Generating List<CompilerDiagnostic_new> runtime...
[Modules] Generating List<CompilerDiagnostic_push> runtime...
[Modules] Generating List<CompilerDiagnostic_get> runtime...
[Modules] Generating List<CompilerDiagnostic_length> runtime...
[Modules] Generating List<ASTStmtRef_new> runtime...
[Modules] Generating List<ASTStmtRef_push> runtime...
[Modules] Generating List<ASTStmtRef_get> runtime...
[Modules] Generating List<ASTStmtRef_length> runtime...
[Modules] Generating List<ASTNumber_new> runtime...
[Modules] Generating List<ASTNumber_push> runtime...
[Modules] Generating List<ASTNumber_get> runtime...
[Modules] Generating List<ASTNumber_length> runtime...
[Modules] Generating List<ASTFloat_new> runtime...
[Modules] Generating List<ASTFloat_push> runtime...
[Modules] Generating List<ASTFloat_get> runtime...
[Modules] Generating List<ASTFloat_length> runtime...
[Modules] Generating List<ASTString_new> runtime...
[Modules] Generating List<ASTString_push> runtime...
[Modules] Generating List<ASTString_get> runtime...
[Modules] Generating List<ASTString_length> runtime...
[Modules] Generating List<ASTBool_new> runtime...
[Modules] Generating List<ASTBool_push> runtime...
[Modules] Generating List<ASTBool_get> runtime...
[Modules] Generating List<ASTBool_length> runtime...
[Modules] Generating List<ASTIdentifier_new> runtime...
Compiling module: cc -std=c99 -I'/home/jkh/Src/nanolang-component-shadow-completion'/src -I'/home/jkh/Src/nanolang-component-shadow-completion'/modules/std -I'/home/jkh/Src/nanolang-component-shadow-completion'/modules/std/collections -I'/home/jkh/Src/nanolang-component-shadow-completion'/modules/std/json -I'/home/jkh/Src/nanolang-component-shadow-completion'/modules/std/io -I'/home/jkh/Src/nanolang-component-shadow-completion'/modules/std/math -I'/home/jkh/Src/nanolang-component-shadow-completion'/modules/std/peg -I'/home/jkh/Src/nanolang-component-shadow-completion'/modules/std/string -I'/home/jkh/Src/nanolang-component-shadow-completion'/modules/sdl_helpers '-I/home/jkh/Src/nanolang-component-shadow-completion/src_nano' -I/usr/include/SDL2 -D_REENTRANT  -c -o 'obj/nano_modules/.nano-module-fIDRiB/object.o' 'obj/nano_modules/.nano-module-fIDRiB/source.c'
✓ Compiled module to object file: obj/nano_modules/ast_shared.o
  C source kept at: obj/nano_modules/.nano-module-fIDRiB/source.c
[Modules] Compiling nanolang module '/home/jkh/Src/nanolang-component-shadow-completion/src_nano/compiler/ir.nano'
✓ Generated module C code: obj/nano_modules/.nano-module-lvtqvh/source.c
[Modules] Generating List<LexerToken> runtime...
[Modules] Generating List<CompilerDiagnostic> runtime...
[Modules] Generating List<ASTStmtRef> runtime...
[Modules] Generating List<ASTNumber> runtime...
[Modules] Generating List<ASTFloat> runtime...
[Modules] Generating List<ASTString> runtime...
[Modules] Generating List<ASTBool> runtime...
[Modules] Generating List<ASTIdentifier> runtime...
[Modules] Generating List<ASTBinaryOp> runtime...
[Modules] Generating List<ASTCall> runtime...
[Modules] Generating List<ASTModuleQualifiedCall> runtime...
[Modules] Generating List<ASTArrayLiteral> runtime...
[Modules] Generating List<ASTLet> runtime...
[Modules] Generating List<ASTSet> runtime...
[Modules] Generating List<ASTIf> runtime...
[Modules] Generating List<ASTWhile> runtime...
[Modules] Generating List<ASTFor> runtime...
[Modules] Generating List<ASTReturn> runtime...
[Modules] Generating List<ASTBlock> runtime...
[Modules] Generating List<ASTUnsafeBlock> runtime...
[Modules] Generating List<ASTPrint> runtime...
[Modules] Generating List<ASTAssert> runtime...
[Modules] Generating List<ASTFunction> runtime...
[Modules] Generating List<ASTShadow> runtime...
[Modules] Generating List<ASTStruct> runtime...
[Modules] Generating List<ASTStructLiteral> runtime...
[Modules] Generating List<ASTFieldAccess> runtime...
[Modules] Generating List<ASTEnum> runtime...
[Modules] Generating List<ASTUnion> runtime...
[Modules] Generating List<ASTUnionConstruct> runtime...
[Modules] Generating List<ASTMatch> runtime...
[Modules] Generating List<ASTImport> runtime...
[Modules] Generating List<ASTOpaqueType> runtime...
[Modules] Generating List<ASTTupleLiteral> runtime...
[Modules] Generating List<ASTTupleIndex> runtime...
[Modules] Generating List<LexerToken_new> runtime...
[Modules] Generating List<LexerToken_push> runtime...
[Modules] Generating List<LexerToken_get> runtime...
[Modules] Generating List<LexerToken_length> runtime...
[Modules] Generating List<CompilerDiagnostic_new> runtime...
[Modules] Generating List<CompilerDiagnostic_push> runtime...
[Modules] Generating List<CompilerDiagnostic_get> runtime...
[Modules] Generating List<CompilerDiagnostic_length> runtime...
[Modules] Generating List<ASTStmtRef_new> runtime...
[Modules] Generating List<ASTStmtRef_push> runtime...
[Modules] Generating List<ASTStmtRef_get> runtime...
[Modules] Generating List<ASTStmtRef_length> runtime...
[Modules] Generating List<ASTNumber_new> runtime...
[Modules] Generating List<ASTNumber_push> runtime...
[Modules] Generating List<ASTNumber_get> runtime...
[Modules] Generating List<ASTNumber_length> runtime...
[Modules] Generating List<ASTFloat_new> runtime...
[Modules] Generating List<ASTFloat_push> runtime...
[Modules] Generating List<ASTFloat_get> runtime...
[Modules] Generating List<ASTFloat_length> runtime...
[Modules] Generating List<ASTString_new> runtime...
[Modules] Generating List<ASTString_push> runtime...
[Modules] Generating List<ASTString_get> runtime...
[Modules] Generating List<ASTString_length> runtime...
[Modules] Generating List<ASTBool_new> runtime...
[Modules] Generating List<ASTBool_push> runtime...
[Modules] Generating List<ASTBool_get> runtime...
[Modules] Generating List<ASTBool_length> runtime...
[Modules] Generating List<ASTIdentifier_new> runtime...
Compiling module: cc -std=c99 -I'/home/jkh/Src/nanolang-component-shadow-completion'/src -I'/home/jkh/Src/nanolang-component-shadow-completion'/modules/std -I'/home/jkh/Src/nanolang-component-shadow-completion'/modules/std/collections -I'/home/jkh/Src/nanolang-component-shadow-completion'/modules/std/json -I'/home/jkh/Src/nanolang-component-shadow-completion'/modules/std/io -I'/home/jkh/Src/nanolang-component-shadow-completion'/modules/std/math -I'/home/jkh/Src/nanolang-component-shadow-completion'/modules/std/peg -I'/home/jkh/Src/nanolang-component-shadow-completion'/modules/std/string -I'/home/jkh/Src/nanolang-component-shadow-completion'/modules/sdl_helpers '-I/home/jkh/Src/nanolang-component-shadow-completion/src_nano/compiler' -I/usr/include/SDL2 -D_REENTRANT  -c -o 'obj/nano_modules/.nano-module-lvtqvh/object.o' 'obj/nano_modules/.nano-module-lvtqvh/source.c'
✓ Compiled module to object file: obj/nano_modules/ir.o
  C source kept at: obj/nano_modules/.nano-module-lvtqvh/source.c
[Modules] Compiling nanolang module '/home/jkh/Src/nanolang-component-shadow-completion/src_nano/compiler/diagnostics.nano'
✓ Generated module C code: obj/nano_modules/.nano-module-jePTg1/source.c
[Modules] Generating List<LexerToken> runtime...
[Modules] Generating List<CompilerDiagnostic> runtime...
[Modules] Generating List<ASTStmtRef> runtime...
[Modules] Generating List<ASTNumber> runtime...
[Modules] Generating List<ASTFloat> runtime...
[Modules] Generating List<ASTString> runtime...
[Modules] Generating List<ASTBool> runtime...
[Modules] Generating List<ASTIdentifier> runtime...
[Modules] Generating List<ASTBinaryOp> runtime...
[Modules] Generating List<ASTCall> runtime...
[Modules] Generating List<ASTModuleQualifiedCall> runtime...
[Modules] Generating List<ASTArrayLiteral> runtime...
[Modules] Generating List<ASTLet> runtime...
[Modules] Generating List<ASTSet> runtime...
[Modules] Generating List<ASTIf> runtime...
[Modules] Generating List<ASTWhile> runtime...
[Modules] Generating List<ASTFor> runtime...
[Modules] Generating List<ASTReturn> runtime...
[Modules] Generating List<ASTBlock> runtime...
[Modules] Generating List<ASTUnsafeBlock> runtime...
[Modules] Generating List<ASTPrint> runtime...
[Modules] Generating List<ASTAssert> runtime...
[Modules] Generating List<ASTFunction> runtime...
[Modules] Generating List<ASTShadow> runtime...
[Modules] Generating List<ASTStruct> runtime...
[Modules] Generating List<ASTStructLiteral> runtime...
[Modules] Generating List<ASTFieldAccess> runtime...
[Modules] Generating List<ASTEnum> runtime...
[Modules] Generating List<ASTUnion> runtime...
[Modules] Generating List<ASTUnionConstruct> runtime...
[Modules] Generating List<ASTMatch> runtime...
[Modules] Generating List<ASTImport> runtime...
[Modules] Generating List<ASTOpaqueType> runtime...
[Modules] Generating List<ASTTupleLiteral> runtime...
[Modules] Generating List<ASTTupleIndex> runtime...
[Modules] Generating List<LexerToken_new> runtime...
[Modules] Generating List<LexerToken_push> runtime...
[Modules] Generating List<LexerToken_get> runtime...
[Modules] Generating List<LexerToken_length> runtime...
[Modules] Generating List<CompilerDiagnostic_new> runtime...
[Modules] Generating List<CompilerDiagnostic_push> runtime...
[Modules] Generating List<CompilerDiagnostic_get> runtime...
[Modules] Generating List<CompilerDiagnostic_length> runtime...
[Modules] Generating List<ASTStmtRef_new> runtime...
[Modules] Generating List<ASTStmtRef_push> runtime...
[Modules] Generating List<ASTStmtRef_get> runtime...
[Modules] Generating List<ASTStmtRef_length> runtime...
[Modules] Generating List<ASTNumber_new> runtime...
[Modules] Generating List<ASTNumber_push> runtime...
[Modules] Generating List<ASTNumber_get> runtime...
[Modules] Generating List<ASTNumber_length> runtime...
[Modules] Generating List<ASTFloat_new> runtime...
[Modules] Generating List<ASTFloat_push> runtime...
[Modules] Generating List<ASTFloat_get> runtime...
[Modules] Generating List<ASTFloat_length> runtime...
[Modules] Generating List<ASTString_new> runtime...
[Modules] Generating List<ASTString_push> runtime...
[Modules] Generating List<ASTString_get> runtime...
[Modules] Generating List<ASTString_length> runtime...
[Modules] Generating List<ASTBool_new> runtime...
[Modules] Generating List<ASTBool_push> runtime...
[Modules] Generating List<ASTBool_get> runtime...
[Modules] Generating List<ASTBool_length> runtime...
[Modules] Generating List<ASTIdentifier_new> runtime...
Compiling module: cc -std=c99 -I'/home/jkh/Src/nanolang-component-shadow-completion'/src -I'/home/jkh/Src/nanolang-component-shadow-completion'/modules/std -I'/home/jkh/Src/nanolang-component-shadow-completion'/modules/std/collections -I'/home/jkh/Src/nanolang-component-shadow-completion'/modules/std/json -I'/home/jkh/Src/nanolang-component-shadow-completion'/modules/std/io -I'/home/jkh/Src/nanolang-component-shadow-completion'/modules/std/math -I'/home/jkh/Src/nanolang-component-shadow-completion'/modules/std/peg -I'/home/jkh/Src/nanolang-component-shadow-completion'/modules/std/string -I'/home/jkh/Src/nanolang-component-shadow-completion'/modules/sdl_helpers '-I/home/jkh/Src/nanolang-component-shadow-completion/src_nano/compiler' -I/usr/include/SDL2 -D_REENTRANT  -c -o 'obj/nano_modules/.nano-module-jePTg1/object.o' 'obj/nano_modules/.nano-module-jePTg1/source.c'
✓ Compiled module to object file: obj/nano_modules/diagnostics.o
  C source kept at: obj/nano_modules/.nano-module-jePTg1/source.c
[Modules] Building C module 'std' (/home/jkh/Src/nanolang-component-shadow-completion/modules/std)
[Modules] Also compiling nanolang parts of C module 'std'
✓ Generated module C code: obj/nano_modules/.nano-module-vavcay/source.c
Compiling module: cc -std=c99 -I'/home/jkh/Src/nanolang-component-shadow-completion'/src -I'/home/jkh/Src/nanolang-component-shadow-completion'/modules/std -I'/home/jkh/Src/nanolang-component-shadow-completion'/modules/std/collections -I'/home/jkh/Src/nanolang-component-shadow-completion'/modules/std/json -I'/home/jkh/Src/nanolang-component-shadow-completion'/modules/std/io -I'/home/jkh/Src/nanolang-component-shadow-completion'/modules/std/math -I'/home/jkh/Src/nanolang-component-shadow-completion'/modules/std/peg -I'/home/jkh/Src/nanolang-component-shadow-completion'/modules/std/string -I'/home/jkh/Src/nanolang-component-shadow-completion'/modules/sdl_helpers '-I/home/jkh/Src/nanolang-component-shadow-completion/modules/std' -I/usr/include/SDL2 -D_REENTRANT  -c -o 'obj/nano_modules/.nano-module-vavcay/object.o' 'obj/nano_modules/.nano-module-vavcay/source.c'
✓ Compiled module to object file: obj/nano_modules/std_nano_fs.o
  C source kept at: obj/nano_modules/.nano-module-vavcay/source.c
[Modules] Compiling nanolang module '/home/jkh/Src/nanolang-component-shadow-completion/src_nano/compiler/lexer.nano'
✓ Generated module C code: obj/nano_modules/.nano-module-jYc2fp/source.c
[Modules] Generating List<LexerToken> runtime...
[Modules] Generating List<CompilerDiagnostic> runtime...
[Modules] Generating List<ASTStmtRef> runtime...
[Modules] Generating List<ASTNumber> runtime...
[Modules] Generating List<ASTFloat> runtime...
[Modules] Generating List<ASTString> runtime...
[Modules] Generating List<ASTBool> runtime...
[Modules] Generating List<ASTIdentifier> runtime...
[Modules] Generating List<ASTBinaryOp> runtime...
[Modules] Generating List<ASTCall> runtime...
[Modules] Generating List<ASTModuleQualifiedCall> runtime...
[Modules] Generating List<ASTArrayLiteral> runtime...
[Modules] Generating List<ASTLet> runtime...
[Modules] Generating List<ASTSet> runtime...
[Modules] Generating List<ASTIf> runtime...
[Modules] Generating List<ASTWhile> runtime...
[Modules] Generating List<ASTFor> runtime...
[Modules] Generating List<ASTReturn> runtime...
[Modules] Generating List<ASTBlock> runtime...
[Modules] Generating List<ASTUnsafeBlock> runtime...
[Modules] Generating List<ASTPrint> runtime...
[Modules] Generating List<ASTAssert> runtime...
[Modules] Generating List<ASTFunction> runtime...
[Modules] Generating List<ASTShadow> runtime...
[Modules] Generating List<ASTStruct> runtime...
[Modules] Generating List<ASTStructLiteral> runtime...
[Modules] Generating List<ASTFieldAccess> runtime...
[Modules] Generating List<ASTEnum> runtime...
[Modules] Generating List<ASTUnion> runtime...
[Modules] Generating List<ASTUnionConstruct> runtime...
[Modules] Generating List<ASTMatch> runtime...
[Modules] Generating List<ASTImport> runtime...
[Modules] Generating List<ASTOpaqueType> runtime...
[Modules] Generating List<ASTTupleLiteral> runtime...
[Modules] Generating List<ASTTupleIndex> runtime...
[Modules] Generating List<LexerToken_new> runtime...
[Modules] Generating List<LexerToken_push> runtime...
[Modules] Generating List<LexerToken_get> runtime...
[Modules] Generating List<LexerToken_length> runtime...
[Modules] Generating List<CompilerDiagnostic_new> runtime...
[Modules] Generating List<CompilerDiagnostic_push> runtime...
[Modules] Generating List<CompilerDiagnostic_get> runtime...
[Modules] Generating List<CompilerDiagnostic_length> runtime...
[Modules] Generating List<ASTStmtRef_new> runtime...
[Modules] Generating List<ASTStmtRef_push> runtime...
[Modules] Generating List<ASTStmtRef_get> runtime...
[Modules] Generating List<ASTStmtRef_length> runtime...
[Modules] Generating List<ASTNumber_new> runtime...
[Modules] Generating List<ASTNumber_push> runtime...
[Modules] Generating List<ASTNumber_get> runtime...
[Modules] Generating List<ASTNumber_length> runtime...
[Modules] Generating List<ASTFloat_new> runtime...
[Modules] Generating List<ASTFloat_push> runtime...
[Modules] Generating List<ASTFloat_get> runtime...
[Modules] Generating List<ASTFloat_length> runtime...
[Modules] Generating List<ASTString_new> runtime...
[Modules] Generating List<ASTString_push> runtime...
[Modules] Generating List<ASTString_get> runtime...
[Modules] Generating List<ASTString_length> runtime...
[Modules] Generating List<ASTBool_new> runtime...
[Modules] Generating List<ASTBool_push> runtime...
[Modules] Generating List<ASTBool_get> runtime...
[Modules] Generating List<ASTBool_length> runtime...
[Modules] Generating List<ASTIdentifier_new> runtime...
Compiling module: cc -std=c99 -I'/home/jkh/Src/nanolang-component-shadow-completion'/src -I'/home/jkh/Src/nanolang-component-shadow-completion'/modules/std -I'/home/jkh/Src/nanolang-component-shadow-completion'/modules/std/collections -I'/home/jkh/Src/nanolang-component-shadow-completion'/modules/std/json -I'/home/jkh/Src/nanolang-component-shadow-completion'/modules/std/io -I'/home/jkh/Src/nanolang-component-shadow-completion'/modules/std/math -I'/home/jkh/Src/nanolang-component-shadow-completion'/modules/std/peg -I'/home/jkh/Src/nanolang-component-shadow-completion'/modules/std/string -I'/home/jkh/Src/nanolang-component-shadow-completion'/modules/sdl_helpers '-I/home/jkh/Src/nanolang-component-shadow-completion/src_nano/compiler' -I/usr/include/SDL2 -D_REENTRANT  -c -o 'obj/nano_modules/.nano-module-jYc2fp/object.o' 'obj/nano_modules/.nano-module-jYc2fp/source.c'
✓ Compiled module to object file: obj/nano_modules/lexer.o
  C source kept at: obj/nano_modules/.nano-module-jYc2fp/source.c
[Modules] Compiling nanolang module '/home/jkh/Src/nanolang-component-shadow-completion/src_nano/parser.nano'
✓ Generated module C code: obj/nano_modules/.nano-module-onxfdO/source.c
[Modules] Generating List<LexerToken> runtime...
[Modules] Generating List<CompilerDiagnostic> runtime...
[Modules] Generating List<ASTStmtRef> runtime...
[Modules] Generating List<ASTNumber> runtime...
[Modules] Generating List<ASTFloat> runtime...
[Modules] Generating List<ASTString> runtime...
[Modules] Generating List<ASTBool> runtime...
[Modules] Generating List<ASTIdentifier> runtime...
[Modules] Generating List<ASTBinaryOp> runtime...
[Modules] Generating List<ASTCall> runtime...
[Modules] Generating List<ASTModuleQualifiedCall> runtime...
[Modules] Generating List<ASTArrayLiteral> runtime...
[Modules] Generating List<ASTLet> runtime...
[Modules] Generating List<ASTSet> runtime...
[Modules] Generating List<ASTIf> runtime...
[Modules] Generating List<ASTWhile> runtime...
[Modules] Generating List<ASTFor> runtime...
[Modules] Generating List<ASTReturn> runtime...
[Modules] Generating List<ASTBlock> runtime...
[Modules] Generating List<ASTUnsafeBlock> runtime...
[Modules] Generating List<ASTPrint> runtime...
[Modules] Generating List<ASTAssert> runtime...
[Modules] Generating List<ASTFunction> runtime...
[Modules] Generating List<ASTShadow> runtime...
[Modules] Generating List<ASTStruct> runtime...
[Modules] Generating List<ASTStructLiteral> runtime...
[Modules] Generating List<ASTFieldAccess> runtime...
[Modules] Generating List<ASTEnum> runtime...
[Modules] Generating List<ASTUnion> runtime...
[Modules] Generating List<ASTUnionConstruct> runtime...[ffi_loader] Initialized
[ffi_loader] Loaded 'std' from /home/jkh/Src/nanolang-component-shadow-completion/modules/std/.build/.nano-gen-hpMRr6/libstd.so

[Modules] Generating List<ASTMatch> runtime...
[Modules] Generating List<ASTImport> runtime...
[Modules] Generating List<ASTOpaqueType> runtime...
[Modules] Generating List<ASTTupleLiteral> runtime...
[Modules] Generating List<ASTTupleIndex> runtime...
[Modules] Generating List<LexerToken_new> runtime...
[Modules] Generating List<LexerToken_push> runtime...
[Modules] Generating List<LexerToken_get> runtime...
[Modules] Generating List<LexerToken_length> runtime...
[Modules] Generating List<CompilerDiagnostic_new> runtime...
[Modules] Generating List<CompilerDiagnostic_push> runtime...
[Modules] Generating List<CompilerDiagnostic_get> runtime...
[Modules] Generating List<CompilerDiagnostic_length> runtime...
[Modules] Generating List<ASTStmtRef_new> runtime...
[Modules] Generating List<ASTStmtRef_push> runtime...
[Modules] Generating List<ASTStmtRef_get> runtime...
[Modules] Generating List<ASTStmtRef_length> runtime...
[Modules] Generating List<ASTNumber_new> runtime...
[Modules] Generating List<ASTNumber_push> runtime...
[Modules] Generating List<ASTNumber_get> runtime...
[Modules] Generating List<ASTNumber_length> runtime...
[Modules] Generating List<ASTFloat_new> runtime...
[Modules] Generating List<ASTFloat_push> runtime...
[Modules] Generating List<ASTFloat_get> runtime...
[Modules] Generating List<ASTFloat_length> runtime...
[Modules] Generating List<ASTString_new> runtime...
[Modules] Generating List<ASTString_push> runtime...
[Modules] Generating List<ASTString_get> runtime...
[Modules] Generating List<ASTString_length> runtime...
[Modules] Generating List<ASTBool_new> runtime...
[Modules] Generating List<ASTBool_push> runtime...
[Modules] Generating List<ASTBool_get> runtime...
[Modules] Generating List<ASTBool_length> runtime...
[Modules] Generating List<ASTIdentifier_new> runtime...
Compiling module: cc -std=c99 -I'/home/jkh/Src/nanolang-component-shadow-completion'/src -I'/home/jkh/Src/nanolang-component-shadow-completion'/modules/std -I'/home/jkh/Src/nanolang-component-shadow-completion'/modules/std/collections -I'/home/jkh/Src/nanolang-component-shadow-completion'/modules/std/json -I'/home/jkh/Src/nanolang-component-shadow-completion'/modules/std/io -I'/home/jkh/Src/nanolang-component-shadow-completion'/modules/std/math -I'/home/jkh/Src/nanolang-component-shadow-completion'/modules/std/peg -I'/home/jkh/Src/nanolang-component-shadow-completion'/modules/std/string -I'/home/jkh/Src/nanolang-component-shadow-completion'/modules/sdl_helpers '-I/home/jkh/Src/nanolang-component-shadow-completion/src_nano' -I/usr/include/SDL2 -D_REENTRANT  -c -o 'obj/nano_modules/.nano-module-onxfdO/object.o' 'obj/nano_modules/.nano-module-onxfdO/source.c'
✓ Compiled module to object file: obj/nano_modules/parser.o
  C source kept at: obj/nano_modules/.nano-module-onxfdO/source.c
[Modules] ✓ Complete: 8 nanolang, 1 C, 0 FFI-only
[FFI] No shared library found for module 'compiler_schema'
[FFI] No shared library found for module 'compiler_contracts'
[FFI] No shared library found for module 'compiler_ast'
[FFI] No shared library found for module 'ast_shared'
[FFI] No shared library found for module 'ir'
[FFI] No shared library found for module 'diagnostics'
[FFI] Loaded module 'std' from /home/jkh/Src/nanolang-component-shadow-completion/modules/std/.build/.nano-gen-hpMRr6/libstd.so
[FFI] No shared library found for module 'lexer'
[FFI] No shared library found for module 'parser'
Running shadow tests...
Testing diag_location... PASSED
Testing diag_location_empty... PASSED
Testing diag_error... PASSED
Testing diag_warning... PASSED
Testing diag_parser_error... PASSED
Testing diag_list_new... PASSED
Testing diag_list_add... PASSED
Testing diag_list_has_errors... PASSED
Testing diag_make_type_error... PASSED
Testing diag_make_undefined_error... PASSED
Testing diag_new... PASSED
Testing diag_simple... PASSED
Testing diag_error_simple... PASSED
Testing diag_warning_simple... PASSED
Testing diag_info... PASSED
Testing diag_info_simple... PASSED
Testing diag_lexer_error... PASSED
Testing diag_typecheck_error... PASSED
Testing diag_transpiler_error... PASSED
Testing diag_list_count... PASSED
Testing diag_list_get... PASSED
Testing diag_id_io_open... PASSED
Testing diag_id_lex_failed... PASSED
Testing diag_id_parse_failed... PASSED
Testing diag_id_import_failed... PASSED
Testing diag_id_type_failed... PASSED
Testing diag_id_mod_compile... PASSED
Testing diag_id_shadow_failed... PASSED
Testing diag_id_trans_failed... PASSED
Testing diag_id_c_temp... PASSED
Testing diag_id_cc_cmd... PASSED
Testing diag_id_cc_failed... PASSED
Testing diag_id_src_utf8... PASSED
Testing diag_en... PASSED
Testing walkdir... PASSED
Testing canonical... PASSED
Testing normalize... PASSED
Testing join... PASSED
Testing basename... PASSED
Testing dirname... PASSED
Testing relpath... PASSED
Testing cwd... PASSED
Testing glob_match_impl... PASSED
Testing glob_match... PASSED
Testing glob... PASSED
Testing read... PASSED
Testing write... PASSED
Testing append... PASSED
Testing exists... PASSED
Testing delete... PASSED
Testing mkdir_p... PASSED
Testing copy_file... PASSED
Testing copy_dir... PASSED
Testing is_identifier_start... PASSED
Testing is_identifier_char... PASSED
Testing is_whitespace_char... PASSED
Testing is_digit_char... PASSED
Testing keyword_group1... PASSED
Testing keyword_group2... PASSED
Testing keyword_group3... PASSED
Testing keyword_group4... PASSED
Testing keyword_group5... PASSED
Testing keyword_or_identifier... PASSED
Testing push_tok... PASSED
Testing process_string... PASSED
Testing process_number... PASSED
Testing process_grammar_body... PASSED
Testing process_identifier... PASSED
Testing process_identifier... PASSED
Testing process_char_literal... PASSED
Testing emit_fstring_part_tokens... PASSED
Testing process_fstring... PASSED
Testing tokenize_file... PASSED
Testing tokenize_string... PASSED
Testing parser_init_ast_lists... PASSED
Testing parser_new... PASSED
Testing parser_allocate_id... PASSED
Testing parser_is_at_end... PASSED
Testing parser_with_position... PASSED
Testing parser_advance... PASSED
Testing parser_position... PASSED
Testing parser_current... PASSED
Testing parser_match... PASSED
Testing parser_expect... PASSED
Testing parser_peek... PASSED
Testing parser_with_error... PASSED
Testing parser_has_error... PASSED
Testing token_number... PASSED
Testing token_identifier... PASSED
Testing token_string... PASSED
Testing token_true... PASSED
Testing token_false... PASSED
Testing token_lparen... PASSED
Testing token_rparen... PASSED
Testing token_plus... PASSED
Testing token_minus... PASSED
Testing token_star... PASSED
Testing token_slash... PASSED
Testing token_eq... PASSED
Testing token_ne... PASSED
Testing token_lt... PASSED
Testing token_le... PASSED
Testing token_gt... PASSED
Testing token_ge... PASSED
Testing token_and... PASSED
Testing token_or... PASSED
Testing token_comma... PASSED
Testing token_lbrace... PASSED
Testing token_rbrace... PASSED
Testing token_let... PASSED
Testing token_if... PASSED
Testing token_else... PASSED
Testing token_while... PASSED
Testing token_return... PASSED
Testing token_colon... PASSED
Testing token_mut... PASSED
Testing token_assign... PASSED
Testing token_arrow... PASSED
Testing token_fn... PASSED
Testing token_extern... PASSED
Testing token_set... PASSED
Testing token_struct... PASSED
Testing token_enum... PASSED
Testing token_union... PASSED
Testing token_for... PASSED
Testing token_in... PASSED
Testing token_assert... PASSED
Testing token_requires... PASSED
Testing token_ensures... PASSED
Testing token_unsafe... PASSED
Testing token_shadow... PASSED
Testing token_match... PASSED
Testing token_import... PASSED
Testing token_as... PASSED
Testing token_pub... PASSED
Testing token_pure... PASSED
Testing token_opaque... PASSED
Testing token_lbracket... PASSED
Testing token_rbracket... PASSED
Testing token_dot... PASSED
Testing token_double_colon... PASSED
Testing token_percent... PASSED
Testing token_not... PASSED
Testing token_pipe... PASSED
Testing token_grammar... PASSED
Testing token_larrow... PASSED
Testing token_question... PASSED
Testing token_array... PASSED
Testing token_type_int... PASSED
Testing token_type_float... PASSED
Testing token_type_bool... PASSED
Testing token_type_string... PASSED
Testing token_type_bstring... PASSED
Testing token_type_void... PASSED
Testing parse_qualified_name... PASSED
Testing parse_call_name... PASSED
Testing is_type_start_token_type... PASSED
Testing parse_type_string... PASSED
Testing parser_store_number... PASSED
Testing parser_store_string... PASSED
Testing parser_store_bool... PASSED
Testing parser_store_identifier... PASSED
Testing parser_store_binary_op... PASSED
Testing parser_mark_unary... PASSED
Testing parser_store_call... PASSED
Testing parser_store_module_qualified_call... PASSED
Testing name_contains_dot... PASSED
Testing parser_store_call_arg... PASSED
Testing parser_store_array_element... PASSED
Testing parse_named_literal... PASSED
Testing parse_union_construct... PASSED
Testing parse_struct_literal... PASSED
Testing parse_cond_expression... PASSED
Testing parse_cond_clauses... PASSED
Testing parse_match... PASSED
Testing parse_primary... PASSED
Testing parenthesized_call_start... PASSED
Testing is_binary_op... PASSED
Testing parse_expression_recursive... PASSED
Testing parse_expression... PASSED
Testing parser_store_let... PASSED
Testing parser_store_set... PASSED
Testing parser_store_if... PASSED
Testing parser_store_while... PASSED
Testing parser_finish_array_literal... PASSED
Testing parser_always_returns... PASSED
Testing parser_is_value_expression... PASSED
Testing parser_decode_import_path... PASSED
Testing parser_store_return... PASSED
Testing parser_store_assert... PASSED
Testing parser_store_block... PASSED
Testing parser_wrap_if_in_block... PASSED
Testing expr_kind_to_pnode... PASSED
Testing parser_starts_owned_pattern... PASSED
Testing parser_mark_owned... PASSED
Testing parse_owned_pattern... PASSED
Testing parse_block_recursive... PASSED
Testing parse_block... PASSED
Testing parser_store_unsafe_block... PASSED
Testing parse_unsafe_block_recursive... PASSED
Testing parse_unsafe_block... PASSED
Testing parse_let_body... PASSED
Testing parse_tuple_destructure... PASSED
Testing parse_let_statement... PASSED
Testing parse_if_statement... PASSED
Testing parse_while_statement... PASSED
Testing parse_return_statement... PASSED
Testing parse_assert_statement... PASSED
Testing parse_for_statement... PASSED
Testing parser_with_node... PASSED
Testing parser_with_statement... PASSED
Testing parser_mark_passive... PASSED
Testing parser_mark_par... PASSED
Testing parse_statement... PASSED
Testing parser_mark_pure... PASSED
Testing parser_store_function... PASSED
Testing parser_store_struct... PASSED
Testing parser_store_enum... PASSED
Testing parser_store_union... PASSED
Testing parse_parameter_type... PASSED
Testing parse_function_params... PASSED
Testing parse_extern_function_definition... PASSED
Testing parse_function_definition... PASSED
Testing parse_struct_fields... PASSED
Testing parse_struct_definition... PASSED
Testing parse_enum_variants... PASSED
Testing parse_enum_definition... PASSED
Testing parse_union_variants... PASSED
Testing parse_union_definition... PASSED
Testing parse_module_import... PASSED
Testing parse_import... PASSED
Testing parse_from_import... PASSED
Testing parse_opaque_type... PASSED
Testing parse_shadow... PASSED
Testing parse_definition... PASSED
Testing parse_program... PASSED
Testing create_number_node... PASSED
Testing create_identifier_node... PASSED
Testing test_parser_structure... PASSED
Testing parser_get_function_count... PASSED
Testing parser_set_let_var_type... PASSED
Testing parser_get_for... PASSED
Testing parser_get_struct_def_count... PASSED
Testing parser_get_struct_def... PASSED
Testing parser_get_enum_count... PASSED
Testing parser_get_enum... PASSED
Testing parser_get_union_count... PASSED
Testing parser_get_union... PASSED
Testing parser_store_array_literal... PASSED
Testing parser_store_field_access... PASSED
Testing parser_store_float... PASSED
Testing parser_store_for... PASSED
Testing parser_store_import... PASSED
Testing parser_store_match... PASSED
Testing parser_store_opaque_type... PASSED
Testing parser_store_shadow... PASSED
Testing parser_store_struct_literal... PASSED
Testing parser_store_tuple_index... PASSED
Testing parser_store_tuple_literal... PASSED
Testing parser_store_union_construct... PASSED
Testing parser_get_function... PASSED
Testing parser_get_let_count... PASSED
Testing parser_get_let... PASSED
Testing parser_get_identifier_count... PASSED
Testing parser_get_identifier... PASSED
Testing parser_get_number_count... PASSED
Testing parser_get_number... PASSED
Testing parser_get_float_count... PASSED
Testing parser_get_float... PASSED
Testing parser_get_binary_op_count... PASSED
Testing parser_get_binary_op... PASSED
Testing parser_get_return_count... PASSED
Testing parser_get_return... PASSED
Testing parser_get_block_count... PASSED
Testing parser_get_block... PASSED
Testing parser_get_if_count... PASSED
Testing parser_get_if... PASSED
Testing parser_get_while_count... PASSED
Testing parser_get_while... PASSED
Testing parser_get_unsafe_block... PASSED
Testing parser_get_call_count... PASSED
Testing parser_get_call... PASSED
Testing parser_get_module_qualified_call_count... PASSED
Testing parser_get_module_qualified_call... PASSED
Testing parser_get_call_arg_count... PASSED
Testing parser_get_call_arg... PASSED
Testing parser_get_set_count... PASSED
Testing parser_get_set... PASSED
Testing parser_get_string_count... PASSED
Testing parser_get_string... PASSED
Testing parser_get_bool_count... PASSED
Testing parser_get_bool... PASSED
Testing parser_get_assert_count... PASSED
Testing parser_get_assert... PASSED
Testing parser_get_field_access_count... PASSED
Testing parser_get_field_access... PASSED
Testing parser_get_array_literal_count... PASSED
Testing parser_get_array_literal... PASSED
Testing parser_set_array_literal_element_type... PASSED
Testing parser_get_array_element_count... PASSED
Testing parser_get_array_element... PASSED
Testing parser_get_struct_literal_count... PASSED
Testing parser_get_struct_literal... PASSED
Testing parser_get_union_construct_count... PASSED
Testing parser_get_union_construct... PASSED
Testing parser_get_match_count... PASSED
Testing parser_get_match... PASSED
Testing parser_get_tuple_literal_count... PASSED
Testing parser_get_tuple_literal... PASSED
Testing parser_get_tuple_index_count... PASSED
Testing parser_get_tuple_index... PASSED
Testing parser_get_import_count... PASSED
Testing parser_get_import... PASSED
Testing parse_phase_run... PASSED
Testing main... I passed my parser entry assertions.
PASSED
All shadow tests passed! (315 tests)
✓ Shadow tests passed
Ensuring module ASTs are cached for declaration generation...
✓ Module ASTs cached
Transpiling to C...
✓ Transpilation complete (3153 lines of C, 127345 bytes)
✓ Generated C code: /tmp/nanoc_1256994_parser.c
Adding module include path: /home/jkh/Src/nanolang-component-shadow-completion/src_nano/generated
Adding module include path: /home/jkh/Src/nanolang-component-shadow-completion/src_nano
Adding module include path: /home/jkh/Src/nanolang-component-shadow-completion/src_nano/compiler
Adding module include path: /home/jkh/Src/nanolang-component-shadow-completion/modules/std
Detected 35 generic list type(s): ASTArrayLiteral, ASTAssert, ASTBinaryOp, ASTBlock, ASTBool, ASTCall, ASTEnum, ASTFieldAccess, ASTFloat, ASTFor, ASTFunction, ASTIdentifier, ASTIf, ASTImport, ASTLet, ASTMatch, ASTModuleQualifiedCall, ASTNumber, ASTOpaqueType, ASTPrint, ASTReturn, ASTSet, ASTShadow, ASTStmtRef, ASTString, ASTStruct, ASTStructLiteral, ASTTupleIndex, ASTTupleLiteral, ASTUnion, ASTUnionConstruct, ASTUnsafeBlock, ASTWhile, CompilerDiagnostic, LexerToken
Compiling C code: cc -std=c99 -Wall -Wextra -Werror -Wno-error=unused-function -Wno-error=unused-parameter -Wno-error=unused-variable -Wno-error=unused-but-set-variable -Wno-error=logical-not-parentheses -Wno-error=duplicate-decl-specifier     -I'/home/jkh/Src/nanolang-component-shadow-completion/src' -I'/home/jkh/Src/nanolang-component-shadow-completion/src_nano/generated' -I'/home/jkh/Src/nanolang-component-shadow-completion/src_nano' -I'/home/jkh/Src/nanolang-component-shadow-completion/src_nano/compiler' -I'/home/jkh/Src/nanolang-component-shadow-completion/modules/std' -I'/tmp' -rdynamic -o '/tmp/nanolang-component-shadow-completion/parser' '/tmp/nanoc_1256994_parser.c' 'obj/nano_modules/compiler_schema.o' 'obj/nano_modules/compiler_contracts.o' 'obj/nano_modules/compiler_ast.o' 'obj/nano_modules/ast_shared.o' 'obj/nano_modules/ir.o' 'obj/nano_modules/diagnostics.o' 'obj/nano_modules/std_nano_fs.o' 'obj/nano_modules/lexer.o' 'obj/nano_modules/parser.o' /home/jkh/Src/nanolang-component-shadow-completion/modules/std/.build/.nano-gen-hpMRr6/std.o  '/home/jkh/Src/nanolang-component-shadow-completion/src/runtime/list_int.c' '/home/jkh/Src/nanolang-component-shadow-completion/src/runtime/list_string.c' '/home/jkh/Src/nanolang-component-shadow-completion/src/runtime/list_LexerToken.c' '/home/jkh/Src/nanolang-component-shadow-completion/src/runtime/list_token.c' '/home/jkh/Src/nanolang-component-shadow-completion/src/runtime/list_CompilerDiagnostic.c' '/home/jkh/Src/nanolang-component-shadow-completion/src/runtime/list_CompilerSourceLocation.c' '/home/jkh/Src/nanolang-component-shadow-completion/src/runtime/list_ASTNumber.c' '/home/jkh/Src/nanolang-component-shadow-completion/src/runtime/list_ASTFloat.c' '/home/jkh/Src/nanolang-component-shadow-completion/src/runtime/list_ASTString.c' '/home/jkh/Src/nanolang-component-shadow-completion/src/runtime/list_ASTBool.c' '/home/jkh/Src/nanolang-component-shadow-completion/src/runtime/list_ASTIdentifier.c' '/home/jkh/Src/nanolang-component-shadow-completion/src/runtime/list_ASTBinaryOp.c' '/home/jkh/Src/nanolang-component-shadow-completion/src/runtime/list_ASTCall.c' '/home/jkh/Src/nanolang-component-shadow-completion/src/runtime/list_ASTModuleQualifiedCall.c' '/home/jkh/Src/nanolang-component-shadow-completion/src/runtime/list_ASTArrayLiteral.c' '/home/jkh/Src/nanolang-component-shadow-completion/src/runtime/list_ASTLet.c' '/home/jkh/Src/nanolang-component-shadow-completion/src/runtime/list_ASTSet.c' '/home/jkh/Src/nanolang-component-shadow-completion/src/runtime/list_ASTStmtRef.c' '/home/jkh/Src/nanolang-component-shadow-completion/src/runtime/list_ASTIf.c' '/home/jkh/Src/nanolang-component-shadow-completion/src/runtime/list_ASTWhile.c' '/home/jkh/Src/nanolang-component-shadow-completion/src/runtime/list_ASTFor.c' '/home/jkh/Src/nanolang-component-shadow-completion/src/runtime/list_ASTReturn.c' '/home/jkh/Src/nanolang-component-shadow-completion/src/runtime/list_ASTBlock.c' '/home/jkh/Src/nanolang-component-shadow-compl[ffi_loader] Shut down
etion/src/runtime/list_ASTUnsafeBlock.c' '/home/jkh/Src/nanolang-component-shadow-completion/src/runtime/list_ASTPrint.c' '/home/jkh/Src/nanolang-component-shadow-completion/src/runtime/list_ASTAssert.c' '/home/jkh/Src/nanolang-component-shadow-completion/src/runtime/list_ASTFunction.c' '/home/jkh/Src/nanolang-component-shadow-completion/src/runtime/list_ASTShadow.c' '/home/jkh/Src/nanolang-component-shadow-completion/src/runtime/list_ASTStruct.c' '/home/jkh/Src/nanolang-component-shadow-completion/src/runtime/list_ASTStructLiteral.c' '/home/jkh/Src/nanolang-component-shadow-completion/src/runtime/list_ASTFieldAccess.c' '/home/jkh/Src/nanolang-component-shadow-completion/src/runtime/list_ASTEnum.c' '/home/jkh/Src/nanolang-component-shadow-completion/src/runtime/list_ASTUnion.c' '/home/jkh/Src/nanolang-component-shadow-completion/src/runtime/list_ASTUnionConstruct.c' '/home/jkh/Src/nanolang-component-shadow-completion/src/runtime/list_ASTMatch.c' '/home/jkh/Src/nanolang-component-shadow-completion/src/runtime/list_ASTImport.c' '/home/jkh/Src/nanolang-component-shadow-completion/src/runtime/list_ASTOpaqueType.c' '/home/jkh/Src/nanolang-component-shadow-completion/src/runtime/list_ASTTupleLiteral.c' '/home/jkh/Src/nanolang-component-shadow-completion/src/runtime/list_ASTTupleIndex.c' '/home/jkh/Src/nanolang-component-shadow-completion/src/runtime/token_helpers.c' '/home/jkh/Src/nanolang-component-shadow-completion/src/runtime/gc.c' '/home/jkh/Src/nanolang-component-shadow-completion/src/runtime/effect_runtime.c' '/home/jkh/Src/nanolang-component-shadow-completion/src/runtime/dyn_array.c' '/home/jkh/Src/nanolang-component-shadow-completion/src/runtime/gc_struct.c' '/home/jkh/Src/nanolang-component-shadow-completion/src/runtime/nl_string.c' '/home/jkh/Src/nanolang-component-shadow-completion/src/runtime/cli.c' '/home/jkh/Src/nanolang-component-shadow-completion/src/runtime/regex.c' '/home/jkh/Src/nanolang-component-shadow-completion/src/utf8.c' '/home/jkh/Src/nanolang-component-shadow-completion/src/coroutine.c'  -lm -ldl
✓ Compilation successful: /tmp/nanolang-component-shadow-completion/parser
