Compiling /home/jkh/Src/nanolang-component-shadow-completion/src_nano/transpiler_driver.nano...
✓ Lexing complete (162 tokens)
✓ Parsing complete
✓ Loaded 15 module(s)
✓ Type checking complete
[Modules] Processing 15 module(s)...
[Modules] Compiling nanolang module '/home/jkh/Src/nanolang-component-shadow-completion/src_nano/generated/compiler_schema.nano'
✓ Generated module C code: obj/nano_modules/.nano-module-ujWfMy/source.c
Compiling module: cc -std=c99 -I'/home/jkh/Src/nanolang-component-shadow-completion'/src -I'/home/jkh/Src/nanolang-component-shadow-completion'/modules/std -I'/home/jkh/Src/nanolang-component-shadow-completion'/modules/std/collections -I'/home/jkh/Src/nanolang-component-shadow-completion'/modules/std/json -I'/home/jkh/Src/nanolang-component-shadow-completion'/modules/std/io -I'/home/jkh/Src/nanolang-component-shadow-completion'/modules/std/math -I'/home/jkh/Src/nanolang-component-shadow-completion'/modules/std/peg -I'/home/jkh/Src/nanolang-component-shadow-completion'/modules/std/string -I'/home/jkh/Src/nanolang-component-shadow-completion'/modules/sdl_helpers '-I/home/jkh/Src/nanolang-component-shadow-completion/src_nano/generated' -I/usr/include/SDL2 -D_REENTRANT  -c -o 'obj/nano_modules/.nano-module-ujWfMy/object.o' 'obj/nano_modules/.nano-module-ujWfMy/source.c'
✓ Compiled module to object file: obj/nano_modules/compiler_schema.o
  C source kept at: obj/nano_modules/.nano-module-ujWfMy/source.c
[Modules] Compiling nanolang module '/home/jkh/Src/nanolang-component-shadow-completion/src_nano/generated/compiler_contracts.nano'
✓ Generated module C code: obj/nano_modules/.nano-module-aoXbYM/source.c
[Modules] Generating List<LexerToken> runtime...
[Modules] Generating List<CompilerDiagnostic> runtime...
[Modules] Generating List<LexerToken_new> runtime...
[Modules] Generating List<LexerToken_push> runtime...
[Modules] Generating List<LexerToken_get> runtime...
[Modules] Generating List<LexerToken_length> runtime...
[Modules] Generating List<CompilerDiagnostic_new> runtime...
[Modules] Generating List<CompilerDiagnostic_push> runtime...
[Modules] Generating List<CompilerDiagnostic_get> runtime...
[Modules] Generating List<CompilerDiagnostic_length> runtime...
Compiling module: cc -std=c99 -I'/home/jkh/Src/nanolang-component-shadow-completion'/src -I'/home/jkh/Src/nanolang-component-shadow-completion'/modules/std -I'/home/jkh/Src/nanolang-component-shadow-completion'/modules/std/collections -I'/home/jkh/Src/nanolang-component-shadow-completion'/modules/std/json -I'/home/jkh/Src/nanolang-component-shadow-completion'/modules/std/io -I'/home/jkh/Src/nanolang-component-shadow-completion'/modules/std/math -I'/home/jkh/Src/nanolang-component-shadow-completion'/modules/std/peg -I'/home/jkh/Src/nanolang-component-shadow-completion'/modules/std/string -I'/home/jkh/Src/nanolang-component-shadow-completion'/modules/sdl_helpers '-I/home/jkh/Src/nanolang-component-shadow-completion/src_nano/generated' -I/usr/include/SDL2 -D_REENTRANT  -c -o 'obj/nano_modules/.nano-module-aoXbYM/object.o' 'obj/nano_modules/.nano-module-aoXbYM/source.c'
✓ Compiled module to object file: obj/nano_modules/compiler_contracts.o
  C source kept at: obj/nano_modules/.nano-module-aoXbYM/source.c
[Modules] Compiling nanolang module '/home/jkh/Src/nanolang-component-shadow-completion/src_nano/generated/compiler_ast.nano'
✓ Generated module C code: obj/nano_modules/.nano-module-3XnZvh/source.c
[Modules] Generating List<LexerToken> runtime...
[Modules] Generating List<CompilerDiagnostic> runtime...
[Modules] Generating List<ASTStmtRef> runtime...
[Modules] Generating List<ASTNumber> runtime...
[Modules] Generating List<ASTFloat> runtime...
[Modules] Generating List<ASTString> runtime...
[Modules] Generating List<ASTBool> runtime...
[Modules] Generating List<ASTIdentifier> runtime...
[Modules] Generating List<ASTBinaryOp> runtime...
[Modules] Generating List<ASTCall> runtime...
[Modules] Generating List<ASTModuleQualifiedCall> runtime...
[Modules] Generating List<ASTArrayLiteral> runtime...
[Modules] Generating List<ASTLet> runtime...
[Modules] Generating List<ASTSet> runtime...
[Modules] Generating List<ASTIf> runtime...
[Modules] Generating List<ASTWhile> runtime...
[Modules] Generating List<ASTFor> runtime...
[Modules] Generating List<ASTReturn> runtime...
[Modules] Generating List<ASTBlock> runtime...
[Modules] Generating List<ASTUnsafeBlock> runtime...
[Modules] Generating List<ASTPrint> runtime...
[Modules] Generating List<ASTAssert> runtime...
[Modules] Generating List<ASTFunction> runtime...
[Modules] Generating List<ASTShadow> runtime...
[Modules] Generating List<ASTStruct> runtime...
[Modules] Generating List<ASTStructLiteral> runtime...
[Modules] Generating List<ASTFieldAccess> runtime...
[Modules] Generating List<ASTEnum> runtime...
[Modules] Generating List<ASTUnion> runtime...
[Modules] Generating List<ASTUnionConstruct> runtime...
[Modules] Generating List<ASTMatch> runtime...
[Modules] Generating List<ASTImport> runtime...
[Modules] Generating List<ASTOpaqueType> runtime...
[Modules] Generating List<ASTTupleLiteral> runtime...
[Modules] Generating List<ASTTupleIndex> runtime...
[Modules] Generating List<LexerToken_new> runtime...
[Modules] Generating List<LexerToken_push> runtime...
[Modules] Generating List<LexerToken_get> runtime...
[Modules] Generating List<LexerToken_length> runtime...
[Modules] Generating List<CompilerDiagnostic_new> runtime...
[Modules] Generating List<CompilerDiagnostic_push> runtime...
[Modules] Generating List<CompilerDiagnostic_get> runtime...
[Modules] Generating List<CompilerDiagnostic_length> runtime...
[Modules] Generating List<ASTStmtRef_new> runtime...
[Modules] Generating List<ASTStmtRef_push> runtime...
[Modules] Generating List<ASTStmtRef_get> runtime...
[Modules] Generating List<ASTStmtRef_length> runtime...
[Modules] Generating List<ASTNumber_new> runtime...
[Modules] Generating List<ASTNumber_push> runtime...
[Modules] Generating List<ASTNumber_get> runtime...
[Modules] Generating List<ASTNumber_length> runtime...
[Modules] Generating List<ASTFloat_new> runtime...
[Modules] Generating List<ASTFloat_push> runtime...
[Modules] Generating List<ASTFloat_get> runtime...
[Modules] Generating List<ASTFloat_length> runtime...
[Modules] Generating List<ASTString_new> runtime...
[Modules] Generating List<ASTString_push> runtime...
[Modules] Generating List<ASTString_get> runtime...
[Modules] Generating List<ASTString_length> runtime...
[Modules] Generating List<ASTBool_new> runtime...
[Modules] Generating List<ASTBool_push> runtime...
[Modules] Generating List<ASTBool_get> runtime...
[Modules] Generating List<ASTBool_length> runtime...
[Modules] Generating List<ASTIdentifier_new> runtime...
Compiling module: cc -std=c99 -I'/home/jkh/Src/nanolang-component-shadow-completion'/src -I'/home/jkh/Src/nanolang-component-shadow-completion'/modules/std -I'/home/jkh/Src/nanolang-component-shadow-completion'/modules/std/collections -I'/home/jkh/Src/nanolang-component-shadow-completion'/modules/std/json -I'/home/jkh/Src/nanolang-component-shadow-completion'/modules/std/io -I'/home/jkh/Src/nanolang-component-shadow-completion'/modules/std/math -I'/home/jkh/Src/nanolang-component-shadow-completion'/modules/std/peg -I'/home/jkh/Src/nanolang-component-shadow-completion'/modules/std/string -I'/home/jkh/Src/nanolang-component-shadow-completion'/modules/sdl_helpers '-I/home/jkh/Src/nanolang-component-shadow-completion/src_nano/generated' -I/usr/include/SDL2 -D_REENTRANT  -c -o 'obj/nano_modules/.nano-module-3XnZvh/object.o' 'obj/nano_modules/.nano-module-3XnZvh/source.c'
✓ Compiled module to object file: obj/nano_modules/compiler_ast.o
  C source kept at: obj/nano_modules/.nano-module-3XnZvh/source.c
[Modules] Compiling nanolang module '/home/jkh/Src/nanolang-component-shadow-completion/src_nano/ast_shared.nano'
✓ Generated module C code: obj/nano_modules/.nano-module-MAhDnr/source.c
[Modules] Generating List<LexerToken> runtime...
[Modules] Generating List<CompilerDiagnostic> runtime...
[Modules] Generating List<ASTStmtRef> runtime...
[Modules] Generating List<ASTNumber> runtime...
[Modules] Generating List<ASTFloat> runtime...
[Modules] Generating List<ASTString> runtime...
[Modules] Generating List<ASTBool> runtime...
[Modules] Generating List<ASTIdentifier> runtime...
[Modules] Generating List<ASTBinaryOp> runtime...
[Modules] Generating List<ASTCall> runtime...
[Modules] Generating List<ASTModuleQualifiedCall> runtime...
[Modules] Generating List<ASTArrayLiteral> runtime...
[Modules] Generating List<ASTLet> runtime...
[Modules] Generating List<ASTSet> runtime...
[Modules] Generating List<ASTIf> runtime...
[Modules] Generating List<ASTWhile> runtime...
[Modules] Generating List<ASTFor> runtime...
[Modules] Generating List<ASTReturn> runtime...
[Modules] Generating List<ASTBlock> runtime...
[Modules] Generating List<ASTUnsafeBlock> runtime...
[Modules] Generating List<ASTPrint> runtime...
[Modules] Generating List<ASTAssert> runtime...
[Modules] Generating List<ASTFunction> runtime...
[Modules] Generating List<ASTShadow> runtime...
[Modules] Generating List<ASTStruct> runtime...
[Modules] Generating List<ASTStructLiteral> runtime...
[Modules] Generating List<ASTFieldAccess> runtime...
[Modules] Generating List<ASTEnum> runtime...
[Modules] Generating List<ASTUnion> runtime...
[Modules] Generating List<ASTUnionConstruct> runtime...
[Modules] Generating List<ASTMatch> runtime...
[Modules] Generating List<ASTImport> runtime...
[Modules] Generating List<ASTOpaqueType> runtime...
[Modules] Generating List<ASTTupleLiteral> runtime...
[Modules] Generating List<ASTTupleIndex> runtime...
[Modules] Generating List<LexerToken_new> runtime...
[Modules] Generating List<LexerToken_push> runtime...
[Modules] Generating List<LexerToken_get> runtime...
[Modules] Generating List<LexerToken_length> runtime...
[Modules] Generating List<CompilerDiagnostic_new> runtime...
[Modules] Generating List<CompilerDiagnostic_push> runtime...
[Modules] Generating List<CompilerDiagnostic_get> runtime...
[Modules] Generating List<CompilerDiagnostic_length> runtime...
[Modules] Generating List<ASTStmtRef_new> runtime...
[Modules] Generating List<ASTStmtRef_push> runtime...
[Modules] Generating List<ASTStmtRef_get> runtime...
[Modules] Generating List<ASTStmtRef_length> runtime...
[Modules] Generating List<ASTNumber_new> runtime...
[Modules] Generating List<ASTNumber_push> runtime...
[Modules] Generating List<ASTNumber_get> runtime...
[Modules] Generating List<ASTNumber_length> runtime...
[Modules] Generating List<ASTFloat_new> runtime...
[Modules] Generating List<ASTFloat_push> runtime...
[Modules] Generating List<ASTFloat_get> runtime...
[Modules] Generating List<ASTFloat_length> runtime...
[Modules] Generating List<ASTString_new> runtime...
[Modules] Generating List<ASTString_push> runtime...
[Modules] Generating List<ASTString_get> runtime...
[Modules] Generating List<ASTString_length> runtime...
[Modules] Generating List<ASTBool_new> runtime...
[Modules] Generating List<ASTBool_push> runtime...
[Modules] Generating List<ASTBool_get> runtime...
[Modules] Generating List<ASTBool_length> runtime...
[Modules] Generating List<ASTIdentifier_new> runtime...
Compiling module: cc -std=c99 -I'/home/jkh/Src/nanolang-component-shadow-completion'/src -I'/home/jkh/Src/nanolang-component-shadow-completion'/modules/std -I'/home/jkh/Src/nanolang-component-shadow-completion'/modules/std/collections -I'/home/jkh/Src/nanolang-component-shadow-completion'/modules/std/json -I'/home/jkh/Src/nanolang-component-shadow-completion'/modules/std/io -I'/home/jkh/Src/nanolang-component-shadow-completion'/modules/std/math -I'/home/jkh/Src/nanolang-component-shadow-completion'/modules/std/peg -I'/home/jkh/Src/nanolang-component-shadow-completion'/modules/std/string -I'/home/jkh/Src/nanolang-component-shadow-completion'/modules/sdl_helpers '-I/home/jkh/Src/nanolang-component-shadow-completion/src_nano' -I/usr/include/SDL2 -D_REENTRANT  -c -o 'obj/nano_modules/.nano-module-MAhDnr/object.o' 'obj/nano_modules/.nano-module-MAhDnr/source.c'
✓ Compiled module to object file: obj/nano_modules/ast_shared.o
  C source kept at: obj/nano_modules/.nano-module-MAhDnr/source.c
[Modules] Compiling nanolang module '/home/jkh/Src/nanolang-component-shadow-completion/src_nano/compiler/ir.nano'
✓ Generated module C code: obj/nano_modules/.nano-module-LLZxF1/source.c
[Modules] Generating List<LexerToken> runtime...
[Modules] Generating List<CompilerDiagnostic> runtime...
[Modules] Generating List<ASTStmtRef> runtime...
[Modules] Generating List<ASTNumber> runtime...
[Modules] Generating List<ASTFloat> runtime...
[Modules] Generating List<ASTString> runtime...
[Modules] Generating List<ASTBool> runtime...
[Modules] Generating List<ASTIdentifier> runtime...
[Modules] Generating List<ASTBinaryOp> runtime...
[Modules] Generating List<ASTCall> runtime...
[Modules] Generating List<ASTModuleQualifiedCall> runtime...
[Modules] Generating List<ASTArrayLiteral> runtime...
[Modules] Generating List<ASTLet> runtime...
[Modules] Generating List<ASTSet> runtime...
[Modules] Generating List<ASTIf> runtime...
[Modules] Generating List<ASTWhile> runtime...
[Modules] Generating List<ASTFor> runtime...
[Modules] Generating List<ASTReturn> runtime...
[Modules] Generating List<ASTBlock> runtime...
[Modules] Generating List<ASTUnsafeBlock> runtime...
[Modules] Generating List<ASTPrint> runtime...
[Modules] Generating List<ASTAssert> runtime...
[Modules] Generating List<ASTFunction> runtime...
[Modules] Generating List<ASTShadow> runtime...
[Modules] Generating List<ASTStruct> runtime...
[Modules] Generating List<ASTStructLiteral> runtime...
[Modules] Generating List<ASTFieldAccess> runtime...
[Modules] Generating List<ASTEnum> runtime...
[Modules] Generating List<ASTUnion> runtime...
[Modules] Generating List<ASTUnionConstruct> runtime...
[Modules] Generating List<ASTMatch> runtime...
[Modules] Generating List<ASTImport> runtime...
[Modules] Generating List<ASTOpaqueType> runtime...
[Modules] Generating List<ASTTupleLiteral> runtime...
[Modules] Generating List<ASTTupleIndex> runtime...
[Modules] Generating List<LexerToken_new> runtime...
[Modules] Generating List<LexerToken_push> runtime...
[Modules] Generating List<LexerToken_get> runtime...
[Modules] Generating List<LexerToken_length> runtime...
[Modules] Generating List<CompilerDiagnostic_new> runtime...
[Modules] Generating List<CompilerDiagnostic_push> runtime...
[Modules] Generating List<CompilerDiagnostic_get> runtime...
[Modules] Generating List<CompilerDiagnostic_length> runtime...
[Modules] Generating List<ASTStmtRef_new> runtime...
[Modules] Generating List<ASTStmtRef_push> runtime...
[Modules] Generating List<ASTStmtRef_get> runtime...
[Modules] Generating List<ASTStmtRef_length> runtime...
[Modules] Generating List<ASTNumber_new> runtime...
[Modules] Generating List<ASTNumber_push> runtime...
[Modules] Generating List<ASTNumber_get> runtime...
[Modules] Generating List<ASTNumber_length> runtime...
[Modules] Generating List<ASTFloat_new> runtime...
[Modules] Generating List<ASTFloat_push> runtime...
[Modules] Generating List<ASTFloat_get> runtime...
[Modules] Generating List<ASTFloat_length> runtime...
[Modules] Generating List<ASTString_new> runtime...
[Modules] Generating List<ASTString_push> runtime...
[Modules] Generating List<ASTString_get> runtime...
[Modules] Generating List<ASTString_length> runtime...
[Modules] Generating List<ASTBool_new> runtime...
[Modules] Generating List<ASTBool_push> runtime...
[Modules] Generating List<ASTBool_get> runtime...
[Modules] Generating List<ASTBool_length> runtime...
[Modules] Generating List<ASTIdentifier_new> runtime...
Compiling module: cc -std=c99 -I'/home/jkh/Src/nanolang-component-shadow-completion'/src -I'/home/jkh/Src/nanolang-component-shadow-completion'/modules/std -I'/home/jkh/Src/nanolang-component-shadow-completion'/modules/std/collections -I'/home/jkh/Src/nanolang-component-shadow-completion'/modules/std/json -I'/home/jkh/Src/nanolang-component-shadow-completion'/modules/std/io -I'/home/jkh/Src/nanolang-component-shadow-completion'/modules/std/math -I'/home/jkh/Src/nanolang-component-shadow-completion'/modules/std/peg -I'/home/jkh/Src/nanolang-component-shadow-completion'/modules/std/string -I'/home/jkh/Src/nanolang-component-shadow-completion'/modules/sdl_helpers '-I/home/jkh/Src/nanolang-component-shadow-completion/src_nano/compiler' -I/usr/include/SDL2 -D_REENTRANT  -c -o 'obj/nano_modules/.nano-module-LLZxF1/object.o' 'obj/nano_modules/.nano-module-LLZxF1/source.c'
✓ Compiled module to object file: obj/nano_modules/ir.o
  C source kept at: obj/nano_modules/.nano-module-LLZxF1/source.c
[Modules] Compiling nanolang module '/home/jkh/Src/nanolang-component-shadow-completion/src_nano/compiler/diagnostics.nano'
✓ Generated module C code: obj/nano_modules/.nano-module-WPjt99/source.c
[Modules] Generating List<LexerToken> runtime...
[Modules] Generating List<CompilerDiagnostic> runtime...
[Modules] Generating List<ASTStmtRef> runtime...
[Modules] Generating List<ASTNumber> runtime...
[Modules] Generating List<ASTFloat> runtime...
[Modules] Generating List<ASTString> runtime...
[Modules] Generating List<ASTBool> runtime...
[Modules] Generating List<ASTIdentifier> runtime...
[Modules] Generating List<ASTBinaryOp> runtime...
[Modules] Generating List<ASTCall> runtime...
[Modules] Generating List<ASTModuleQualifiedCall> runtime...
[Modules] Generating List<ASTArrayLiteral> runtime...
[Modules] Generating List<ASTLet> runtime...
[Modules] Generating List<ASTSet> runtime...
[Modules] Generating List<ASTIf> runtime...
[Modules] Generating List<ASTWhile> runtime...
[Modules] Generating List<ASTFor> runtime...
[Modules] Generating List<ASTReturn> runtime...
[Modules] Generating List<ASTBlock> runtime...
[Modules] Generating List<ASTUnsafeBlock> runtime...
[Modules] Generating List<ASTPrint> runtime...
[Modules] Generating List<ASTAssert> runtime...
[Modules] Generating List<ASTFunction> runtime...
[Modules] Generating List<ASTShadow> runtime...
[Modules] Generating List<ASTStruct> runtime...
[Modules] Generating List<ASTStructLiteral> runtime...
[Modules] Generating List<ASTFieldAccess> runtime...
[Modules] Generating List<ASTEnum> runtime...
[Modules] Generating List<ASTUnion> runtime...
[Modules] Generating List<ASTUnionConstruct> runtime...
[Modules] Generating List<ASTMatch> runtime...
[Modules] Generating List<ASTImport> runtime...
[Modules] Generating List<ASTOpaqueType> runtime...
[Modules] Generating List<ASTTupleLiteral> runtime...
[Modules] Generating List<ASTTupleIndex> runtime...
[Modules] Generating List<LexerToken_new> runtime...
[Modules] Generating List<LexerToken_push> runtime...
[Modules] Generating List<LexerToken_get> runtime...
[Modules] Generating List<LexerToken_length> runtime...
[Modules] Generating List<CompilerDiagnostic_new> runtime...
[Modules] Generating List<CompilerDiagnostic_push> runtime...
[Modules] Generating List<CompilerDiagnostic_get> runtime...
[Modules] Generating List<CompilerDiagnostic_length> runtime...
[Modules] Generating List<ASTStmtRef_new> runtime...
[Modules] Generating List<ASTStmtRef_push> runtime...
[Modules] Generating List<ASTStmtRef_get> runtime...
[Modules] Generating List<ASTStmtRef_length> runtime...
[Modules] Generating List<ASTNumber_new> runtime...
[Modules] Generating List<ASTNumber_push> runtime...
[Modules] Generating List<ASTNumber_get> runtime...
[Modules] Generating List<ASTNumber_length> runtime...
[Modules] Generating List<ASTFloat_new> runtime...
[Modules] Generating List<ASTFloat_push> runtime...
[Modules] Generating List<ASTFloat_get> runtime...
[Modules] Generating List<ASTFloat_length> runtime...
[Modules] Generating List<ASTString_new> runtime...
[Modules] Generating List<ASTString_push> runtime...
[Modules] Generating List<ASTString_get> runtime...
[Modules] Generating List<ASTString_length> runtime...
[Modules] Generating List<ASTBool_new> runtime...
[Modules] Generating List<ASTBool_push> runtime...
[Modules] Generating List<ASTBool_get> runtime...
[Modules] Generating List<ASTBool_length> runtime...
[Modules] Generating List<ASTIdentifier_new> runtime...
Compiling module: cc -std=c99 -I'/home/jkh/Src/nanolang-component-shadow-completion'/src -I'/home/jkh/Src/nanolang-component-shadow-completion'/modules/std -I'/home/jkh/Src/nanolang-component-shadow-completion'/modules/std/collections -I'/home/jkh/Src/nanolang-component-shadow-completion'/modules/std/json -I'/home/jkh/Src/nanolang-component-shadow-completion'/modules/std/io -I'/home/jkh/Src/nanolang-component-shadow-completion'/modules/std/math -I'/home/jkh/Src/nanolang-component-shadow-completion'/modules/std/peg -I'/home/jkh/Src/nanolang-component-shadow-completion'/modules/std/string -I'/home/jkh/Src/nanolang-component-shadow-completion'/modules/sdl_helpers '-I/home/jkh/Src/nanolang-component-shadow-completion/src_nano/compiler' -I/usr/include/SDL2 -D_REENTRANT  -c -o 'obj/nano_modules/.nano-module-WPjt99/object.o' 'obj/nano_modules/.nano-module-WPjt99/source.c'
✓ Compiled module to object file: obj/nano_modules/diagnostics.o
  C source kept at: obj/nano_modules/.nano-module-WPjt99/source.c
[Modules] Building C module 'std' (/home/jkh/Src/nanolang-component-shadow-completion/modules/std)
[Modules] Also compiling nanolang parts of C module 'std'
✓ Generated module C code: obj/nano_modules/.nano-module-QP6uR1/source.c
Compiling module: cc -std=c99 -I'/home/jkh/Src/nanolang-component-shadow-completion'/src -I'/home/jkh/Src/nanolang-component-shadow-completion'/modules/std -I'/home/jkh/Src/nanolang-component-shadow-completion'/modules/std/collections -I'/home/jkh/Src/nanolang-component-shadow-completion'/modules/std/json -I'/home/jkh/Src/nanolang-component-shadow-completion'/modules/std/io -I'/home/jkh/Src/nanolang-component-shadow-completion'/modules/std/math -I'/home/jkh/Src/nanolang-component-shadow-completion'/modules/std/peg -I'/home/jkh/Src/nanolang-component-shadow-completion'/modules/std/string -I'/home/jkh/Src/nanolang-component-shadow-completion'/modules/sdl_helpers '-I/home/jkh/Src/nanolang-component-shadow-completion/modules/std' -I/usr/include/SDL2 -D_REENTRANT  -c -o 'obj/nano_modules/.nano-module-QP6uR1/object.o' 'obj/nano_modules/.nano-module-QP6uR1/source.c'
✓ Compiled module to object file: obj/nano_modules/std_nano_fs.o
  C source kept at: obj/nano_modules/.nano-module-QP6uR1/source.c
[Modules] Compiling nanolang module '/home/jkh/Src/nanolang-component-shadow-completion/src_nano/compiler/lexer.nano'
✓ Generated module C code: obj/nano_modules/.nano-module-0gH03g/source.c
[Modules] Generating List<LexerToken> runtime...
[Modules] Generating List<CompilerDiagnostic> runtime...
[Modules] Generating List<ASTStmtRef> runtime...
[Modules] Generating List<ASTNumber> runtime...
[Modules] Generating List<ASTFloat> runtime...
[Modules] Generating List<ASTString> runtime...
[Modules] Generating List<ASTBool> runtime...
[Modules] Generating List<ASTIdentifier> runtime...
[Modules] Generating List<ASTBinaryOp> runtime...
[Modules] Generating List<ASTCall> runtime...
[Modules] Generating List<ASTModuleQualifiedCall> runtime...
[Modules] Generating List<ASTArrayLiteral> runtime...
[Modules] Generating List<ASTLet> runtime...
[Modules] Generating List<ASTSet> runtime...
[Modules] Generating List<ASTIf> runtime...
[Modules] Generating List<ASTWhile> runtime...
[Modules] Generating List<ASTFor> runtime...
[Modules] Generating List<ASTReturn> runtime...
[Modules] Generating List<ASTBlock> runtime...
[Modules] Generating List<ASTUnsafeBlock> runtime...
[Modules] Generating List<ASTPrint> runtime...
[Modules] Generating List<ASTAssert> runtime...
[Modules] Generating List<ASTFunction> runtime...
[Modules] Generating List<ASTShadow> runtime...
[Modules] Generating List<ASTStruct> runtime...
[Modules] Generating List<ASTStructLiteral> runtime...
[Modules] Generating List<ASTFieldAccess> runtime...
[Modules] Generating List<ASTEnum> runtime...
[Modules] Generating List<ASTUnion> runtime...
[Modules] Generating List<ASTUnionConstruct> runtime...
[Modules] Generating List<ASTMatch> runtime...
[Modules] Generating List<ASTImport> runtime...
[Modules] Generating List<ASTOpaqueType> runtime...
[Modules] Generating List<ASTTupleLiteral> runtime...
[Modules] Generating List<ASTTupleIndex> runtime...
[Modules] Generating List<LexerToken_new> runtime...
[Modules] Generating List<LexerToken_push> runtime...
[Modules] Generating List<LexerToken_get> runtime...
[Modules] Generating List<LexerToken_length> runtime...
[Modules] Generating List<CompilerDiagnostic_new> runtime...
[Modules] Generating List<CompilerDiagnostic_push> runtime...
[Modules] Generating List<CompilerDiagnostic_get> runtime...
[Modules] Generating List<CompilerDiagnostic_length> runtime...
[Modules] Generating List<ASTStmtRef_new> runtime...
[Modules] Generating List<ASTStmtRef_push> runtime...
[Modules] Generating List<ASTStmtRef_get> runtime...
[Modules] Generating List<ASTStmtRef_length> runtime...
[Modules] Generating List<ASTNumber_new> runtime...
[Modules] Generating List<ASTNumber_push> runtime...
[Modules] Generating List<ASTNumber_get> runtime...
[Modules] Generating List<ASTNumber_length> runtime...
[Modules] Generating List<ASTFloat_new> runtime...
[Modules] Generating List<ASTFloat_push> runtime...
[Modules] Generating List<ASTFloat_get> runtime...
[Modules] Generating List<ASTFloat_length> runtime...
[Modules] Generating List<ASTString_new> runtime...
[Modules] Generating List<ASTString_push> runtime...
[Modules] Generating List<ASTString_get> runtime...
[Modules] Generating List<ASTString_length> runtime...
[Modules] Generating List<ASTBool_new> runtime...
[Modules] Generating List<ASTBool_push> runtime...
[Modules] Generating List<ASTBool_get> runtime...
[Modules] Generating List<ASTBool_length> runtime...
[Modules] Generating List<ASTIdentifier_new> runtime...
Compiling module: cc -std=c99 -I'/home/jkh/Src/nanolang-component-shadow-completion'/src -I'/home/jkh/Src/nanolang-component-shadow-completion'/modules/std -I'/home/jkh/Src/nanolang-component-shadow-completion'/modules/std/collections -I'/home/jkh/Src/nanolang-component-shadow-completion'/modules/std/json -I'/home/jkh/Src/nanolang-component-shadow-completion'/modules/std/io -I'/home/jkh/Src/nanolang-component-shadow-completion'/modules/std/math -I'/home/jkh/Src/nanolang-component-shadow-completion'/modules/std/peg -I'/home/jkh/Src/nanolang-component-shadow-completion'/modules/std/string -I'/home/jkh/Src/nanolang-component-shadow-completion'/modules/sdl_helpers '-I/home/jkh/Src/nanolang-component-shadow-completion/src_nano/compiler' -I/usr/include/SDL2 -D_REENTRANT  -c -o 'obj/nano_modules/.nano-module-0gH03g/object.o' 'obj/nano_modules/.nano-module-0gH03g/source.c'
✓ Compiled module to object file: obj/nano_modules/lexer.o
  C source kept at: obj/nano_modules/.nano-module-0gH03g/source.c
[Modules] Compiling nanolang module '/home/jkh/Src/nanolang-component-shadow-completion/src_nano/parser.nano'
✓ Generated module C code: obj/nano_modules/.nano-module-8on076/source.c
[Modules] Generating List<LexerToken> runtime...
[Modules] Generating List<CompilerDiagnostic> runtime...
[Modules] Generating List<ASTStmtRef> runtime...
[Modules] Generating List<ASTNumber> runtime...
[Modules] Generating List<ASTFloat> runtime...
[Modules] Generating List<ASTString> runtime...
[Modules] Generating List<ASTBool> runtime...
[Modules] Generating List<ASTIdentifier> runtime...
[Modules] Generating List<ASTBinaryOp> runtime...
[Modules] Generating List<ASTCall> runtime...
[Modules] Generating List<ASTModuleQualifiedCall> runtime...
[Modules] Generating List<ASTArrayLiteral> runtime...
[Modules] Generating List<ASTLet> runtime...
[Modules] Generating List<ASTSet> runtime...
[Modules] Generating List<ASTIf> runtime...
[Modules] Generating List<ASTWhile> runtime...
[Modules] Generating List<ASTFor> runtime...
[Modules] Generating List<ASTReturn> runtime...
[Modules] Generating List<ASTBlock> runtime...
[Modules] Generating List<ASTUnsafeBlock> runtime...
[Modules] Generating List<ASTPrint> runtime...
[Modules] Generating List<ASTAssert> runtime...
[Modules] Generating List<ASTFunction> runtime...
[Modules] Generating List<ASTShadow> runtime...
[Modules] Generating List<ASTStruct> runtime...
[Modules] Generating List<ASTStructLiteral> runtime...
[Modules] Generating List<ASTFieldAccess> runtime...
[Modules] Generating List<ASTEnum> runtime...
[Modules] Generating List<ASTUnion> runtime...
[Modules] Generating List<ASTUnionConstruct> runtime...
[Modules] Generating List<ASTMatch> runtime...
[Modules] Generating List<ASTImport> runtime...
[Modules] Generating List<ASTOpaqueType> runtime...
[Modules] Generating List<ASTTupleLiteral> runtime...
[Modules] Generating List<ASTTupleIndex> runtime...
[Modules] Generating List<LexerToken_new> runtime...
[Modules] Generating List<LexerToken_push> runtime...
[Modules] Generating List<LexerToken_get> runtime...
[Modules] Generating List<LexerToken_length> runtime...
[Modules] Generating List<CompilerDiagnostic_new> runtime...
[Modules] Generating List<CompilerDiagnostic_push> runtime...
[Modules] Generating List<CompilerDiagnostic_get> runtime...
[Modules] Generating List<CompilerDiagnostic_length> runtime...
[Modules] Generating List<ASTStmtRef_new> runtime...
[Modules] Generating List<ASTStmtRef_push> runtime...
[Modules] Generating List<ASTStmtRef_get> runtime...
[Modules] Generating List<ASTStmtRef_length> runtime...
[Modules] Generating List<ASTNumber_new> runtime...
[Modules] Generating List<ASTNumber_push> runtime...
[Modules] Generating List<ASTNumber_get> runtime...
[Modules] Generating List<ASTNumber_length> runtime...
[Modules] Generating List<ASTFloat_new> runtime...
[Modules] Generating List<ASTFloat_push> runtime...
[Modules] Generating List<ASTFloat_get> runtime...
[Modules] Generating List<ASTFloat_length> runtime...
[Modules] Generating List<ASTString_new> runtime...
[Modules] Generating List<ASTString_push> runtime...
[Modules] Generating List<ASTString_get> runtime...
[Modules] Generating List<ASTString_length> runtime...
[Modules] Generating List<ASTBool_new> runtime...
[Modules] Generating List<ASTBool_push> runtime...
[Modules] Generating List<ASTBool_get> runtime...
[Modules] Generating List<ASTBool_length> runtime...
[Modules] Generating List<ASTIdentifier_new> runtime...
Compiling module: cc -std=c99 -I'/home/jkh/Src/nanolang-component-shadow-completion'/src -I'/home/jkh/Src/nanolang-component-shadow-completion'/modules/std -I'/home/jkh/Src/nanolang-component-shadow-completion'/modules/std/collections -I'/home/jkh/Src/nanolang-component-shadow-completion'/modules/std/json -I'/home/jkh/Src/nanolang-component-shadow-completion'/modules/std/io -I'/home/jkh/Src/nanolang-component-shadow-completion'/modules/std/math -I'/home/jkh/Src/nanolang-component-shadow-completion'/modules/std/peg -I'/home/jkh/Src/nanolang-component-shadow-completion'/modules/std/string -I'/home/jkh/Src/nanolang-component-shadow-completion'/modules/sdl_helpers '-I/home/jkh/Src/nanolang-component-shadow-completion/src_nano' -I/usr/include/SDL2 -D_REENTRANT  -c -o 'obj/nano_modules/.nano-module-8on076/object.o' 'obj/nano_modules/.nano-module-8on076/source.c'
✓ Compiled module to object file: obj/nano_modules/parser.o
  C source kept at: obj/nano_modules/.nano-module-8on076/source.c
[Modules] Compiling nanolang module '/home/jkh/Src/nanolang-component-shadow-completion/src_nano/compiler/passive_graph.nano'
✓ Generated module C code: obj/nano_modules/.nano-module-O9FpwM/source.c
[Modules] Generating List<LexerToken> runtime...
[Modules] Generating List<CompilerDiagnostic> runtime...
[Modules] Generating List<ASTStmtRef> runtime...
[Modules] Generating List<ASTNumber> runtime...
[Modules] Generating List<ASTFloat> runtime...
[Modules] Generating List<ASTString> runtime...
[Modules] Generating List<ASTBool> runtime...
[Modules] Generating List<ASTIdentifier> runtime...
[Modules] Generating List<ASTBinaryOp> runtime...
[Modules] Generating List<ASTCall> runtime...
[Modules] Generating List<ASTModuleQualifiedCall> runtime...
[Modules] Generating List<ASTArrayLiteral> runtime...
[Modules] Generating List<ASTLet> runtime...
[Modules] Generating List<ASTSet> runtime...
[Modules] Generating List<ASTIf> runtime...
[Modules] Generating List<ASTWhile> runtime...
[Modules] Generating List<ASTFor> runtime...
[Modules] Generating List<ASTReturn> runtime...
[Modules] Generating List<ASTBlock> runtime...
[Modules] Generating List<ASTUnsafeBlock> runtime...
[Modules] Generating List<ASTPrint> runtime...
[Modules] Generating List<ASTAssert> runtime...
[Modules] Generating List<ASTFunction> runtime...
[Modules] Generating List<ASTShadow> runtime...
[Modules] Generating List<ASTStruct> runtime...
[Modules] Generating List<ASTStructLiteral> runtime...
[Modules] Generating List<ASTFieldAccess> runtime...
[Modules] Generating List<ASTEnum> runtime...
[Modules] Generating List<ASTUnion> runtime...
[Modules] Generating List<ASTUnionConstruct> runtime...
[Modules] Generating List<ASTMatch> runtime...
[Modules] Generating List<ASTImport> runtime...
[Modules] Generating List<ASTOpaqueType> runtime...
[Modules] Generating List<ASTTupleLiteral> runtime...
[Modules] Generating List<ASTTupleIndex> runtime...
[Modules] Generating List<LexerToken_new> runtime...
[Modules] Generating List<LexerToken_push> runtime...
[Modules] Generating List<LexerToken_get> runtime...
[Modules] Generating List<LexerToken_length> runtime...
[Modules] Generating List<CompilerDiagnostic_new> runtime...
[Modules] Generating List<CompilerDiagnostic_push> runtime...
[Modules] Generating List<CompilerDiagnostic_get> runtime...
[Modules] Generating List<CompilerDiagnostic_length> runtime...
[Modules] Generating List<ASTStmtRef_new> runtime...
[Modules] Generating List<ASTStmtRef_push> runtime...
[Modules] Generating List<ASTStmtRef_get> runtime...
[Modules] Generating List<ASTStmtRef_length> runtime...
[Modules] Generating List<ASTNumber_new> runtime...
[Modules] Generating List<ASTNumber_push> runtime...
[Modules] Generating List<ASTNumber_get> runtime...
[Modules] Generating List<ASTNumber_length> runtime...
[Modules] Generating List<ASTFloat_new> runtime...
[Modules] Generating List<ASTFloat_push> runtime...
[Modules] Generating List<ASTFloat_get> runtime...
[Modules] Generating List<ASTFloat_length> runtime...
[Modules] Generating List<ASTString_new> runtime...
[Modules] Generating List<ASTString_push> runtime...
[Modules] Generating List<ASTString_get> runtime...
[Modules] Generating List<ASTString_length> runtime...
[Modules] Generating List<ASTBool_new> runtime...
[Modules] Generating List<ASTBool_push> runtime...
[Modules] Generating List<ASTBool_get> runtime...
[Modules] Generating List<ASTBool_length> runtime...
[Modules] Generating List<ASTIdentifier_new> runtime...
Compiling module: cc -std=c99 -I'/home/jkh/Src/nanolang-component-shadow-completion'/src -I'/home/jkh/Src/nanolang-component-shadow-completion'/modules/std -I'/home/jkh/Src/nanolang-component-shadow-completion'/modules/std/collections -I'/home/jkh/Src/nanolang-component-shadow-completion'/modules/std/json -I'/home/jkh/Src/nanolang-component-shadow-completion'/modules/std/io -I'/home/jkh/Src/nanolang-component-shadow-completion'/modules/std/math -I'/home/jkh/Src/nanolang-component-shadow-completion'/modules/std/peg -I'/home/jkh/Src/nanolang-component-shadow-completion'/modules/std/string -I'/home/jkh/Src/nanolang-component-shadow-completion'/modules/sdl_helpers '-I/home/jkh/Src/nanolang-component-shadow-completion/src_nano/compiler' -I/usr/include/SDL2 -D_REENTRANT  -c -o 'obj/nano_modules/.nano-module-O9FpwM/object.o' 'obj/nano_modules/.nano-module-O9FpwM/source.c'
✓ Compiled module to object file: obj/nano_modules/passive_graph.o
  C source kept at: obj/nano_modules/.nano-module-O9FpwM/source.c
[Modules] Compiling nanolang module '/home/jkh/Src/nanolang-component-shadow-completion/src_nano/compiler/type_substitution.nano'
✓ Generated module C code: obj/nano_modules/.nano-module-FcL2us/source.c
Compiling module: cc -std=c99 -I'/home/jkh/Src/nanolang-component-shadow-completion'/src -I'/home/jkh/Src/nanolang-component-shadow-completion'/modules/std -I'/home/jkh/Src/nanolang-component-shadow-completion'/modules/std/collections -I'/home/jkh/Src/nanolang-component-shadow-completion'/modules/std/json -I'/home/jkh/Src/nanolang-component-shadow-completion'/modules/std/io -I'/home/jkh/Src/nanolang-component-shadow-completion'/modules/std/math -I'/home/jkh/Src/nanolang-component-shadow-completion'/modules/std/peg -I'/home/jkh/Src/nanolang-component-shadow-completion'/modules/std/string -I'/home/jkh/Src/nanolang-component-shadow-completion'/modules/sdl_helpers '-I/home/jkh/Src/nanolang-component-shadow-completion/src_nano/compiler' -I/usr/include/SDL2 -D_REENTRANT  -c -o 'obj/nano_modules/.nano-module-FcL2us/object.o' 'obj/nano_modules/.nano-module-FcL2us/source.c'
✓ Compiled module to object file: obj/nano_modules/type_substitution.o
  C source kept at: obj/nano_modules/.nano-module-FcL2us/source.c
[Modules] Compiling nanolang module '/home/jkh/Src/nanolang-component-shadow-completion/src_nano/compiler/module_bindings.nano'
✓ Generated module C code: obj/nano_modules/.nano-module-zz12ap/source.c
Compiling module: cc -std=c99 -I'/home/jkh/Src/nanolang-component-shadow-completion'/src -I'/home/jkh/Src/nanolang-component-shadow-completion'/modules/std -I'/home/jkh/Src/nanolang-component-shadow-completion'/modules/std/collections -I'/home/jkh/Src/nanolang-component-shadow-completion'/modules/std/json -I'/home/jkh/Src/nanolang-component-shadow-completion'/modules/std/io -I'/home/jkh/Src/nanolang-component-shadow-completion'/modules/std/math -I'/home/jkh/Src/nanolang-component-shadow-completion'/modules/std/peg -I'/home/jkh/Src/nanolang-component-shadow-completion'/modules/std/string -I'/home/jkh/Src/nanolang-component-shadow-completion'/modules/sdl_helpers '-I/home/jkh/Src/nanolang-component-shadow-completion/src_nano/compiler' -I/usr/include/SDL2 -D_REENTRANT  -c -o 'obj/nano_modules/.nano-module-zz12ap/object.o' 'obj/nano_modules/.nano-module-zz12ap/source.c'
✓ Compiled module to object file: obj/nano_modules/module_bindings.o
  C source kept at: obj/nano_modules/.nano-module-zz12ap/source.c
[Modules] Compiling nanolang module '/home/jkh/Src/nanolang-component-shadow-completion/src_nano/compiler/nominal_bindings.nano'
✓ Generated module C code: obj/nano_modules/.nano-module-ccndL5/source.c
[Modules] Generating List<LexerToken> runtime...
[Modules] Generating List<CompilerDiagnostic> runtime...
[Modules] Generating List<ASTStmtRef> runtime...
[Modules] Generating List<ASTNumber> runtime...
[Modules] Generating List<ASTFloat> runtime...
[Modules] Generating List<ASTString> runtime...
[Modules] Generating List<ASTBool> runtime...
[Modules] Generating List<ASTIdentifier> runtime...
[Modules] Generating List<ASTBinaryOp> runtime...
[Modules] Generating List<ASTCall> runtime...
[Modules] Generating List<ASTModuleQualifiedCall> runtime...
[Modules] Generating List<ASTArrayLiteral> runtime...
[Modules] Generating List<ASTLet> runtime...
[Modules] Generating List<ASTSet> runtime...
[Modules] Generating List<ASTIf> runtime...
[Modules] Generating List<ASTWhile> runtime...
[Modules] Generating List<ASTFor> runtime...
[Modules] Generating List<ASTReturn> runtime...
[Modules] Generating List<ASTBlock> runtime...
[Modules] Generating List<ASTUnsafeBlock> runtime...
[Modules] Generating List<ASTPrint> runtime...
[Modules] Generating List<ASTAssert> runtime...
[Modules] Generating List<ASTFunction> runtime...
[Modules] Generating List<ASTShadow> runtime...
[Modules] Generating List<ASTStruct> runtime...
[Modules] Generating List<ASTStructLiteral> runtime...
[Modules] Generating List<ASTFieldAccess> runtime...
[Modules] Generating List<ASTEnum> runtime...
[Modules] Generating List<ASTUnion> runtime...
[Modules] Generating List<ASTUnionConstruct> runtime...
[Modules] Generating List<ASTMatch> runtime...
[Modules] Generating List<ASTImport> runtime...
[Modules] Generating List<ASTOpaqueType> runtime...
[Modules] Generating List<ASTTupleLiteral> runtime...
[Modules] Generating List<ASTTupleIndex> runtime...
[Modules] Generating List<LexerToken_new> runtime...
[Modules] Generating List<LexerToken_push> runtime...
[Modules] Generating List<LexerToken_get> runtime...
[Modules] Generating List<LexerToken_length> runtime...
[Modules] Generating List<CompilerDiagnostic_new> runtime...
[Modules] Generating List<CompilerDiagnostic_push> runtime...
[Modules] Generating List<CompilerDiagnostic_get> runtime...
[Modules] Generating List<CompilerDiagnostic_length> runtime...
[Modules] Generating List<ASTStmtRef_new> runtime...
[Modules] Generating List<ASTStmtRef_push> runtime...
[Modules] Generating List<ASTStmtRef_get> runtime...
[Modules] Generating List<ASTStmtRef_length> runtime...
[Modules] Generating List<ASTNumber_new> runtime...
[Modules] Generating List<ASTNumber_push> runtime...
[Modules] Generating List<ASTNumber_get> runtime...
[Modules] Generating List<ASTNumber_length> runtime...
[Modules] Generating List<ASTFloat_new> runtime...
[Modules] Generating List<ASTFloat_push> runtime...
[Modules] Generating List<ASTFloat_get> runtime...
[Modules] Generating List<ASTFloat_length> runtime...
[Modules] Generating List<ASTString_new> runtime...
[Modules] Generating List<ASTString_push> runtime...
[Modules] Generating List<ASTString_get> runtime...
[Modules] Generating List<ASTString_length> runtime...
[Modules] Generating List<ASTBool_new> runtime...
[Modules] Generating List<ASTBool_push> runtime...
[Modules] Generating List<ASTBool_get> runtime...
[Modules] Generating List<ASTBool_length> runtime...
[Modules] Generating List<ASTIdentifier_new> runtime...
Compiling module: cc -std=c99 -I'/home/jkh/Src/nanolang-component-shadow-completion'/src -I'/home/jkh/Src/nanolang-component-shadow-completion'/modules/std -I'/home/jkh/Src/nanolang-component-shadow-completion'/modules/std/collections -I'/home/jkh/Src/nanolang-component-shadow-completion'/modules/std/json -I'/home/jkh/Src/nanolang-component-shadow-completion'/modules/std/io -I'/home/jkh/Src/nanolang-component-shadow-completion'/modules/std/math -I'/home/jkh/Src/nanolang-component-shadow-completion'/modules/std/peg -I'/home/jkh/Src/nanolang-component-shadow-completion'/modules/std/string -I'/home/jkh/Src/nanolang-component-shadow-completion'/modules/sdl_helpers '-I/home/jkh/Src/nanolang-component-shadow-completion/src_nano/compiler' -I/usr/include/SDL2 -D_REENTRANT  -c -o 'obj/nano_modules/.nano-module-ccndL5/object.o' 'obj/nano_modules/.nano-module-ccndL5/source.c'
✓ Compiled module to object file: obj/nano_modules/nominal_bindings.o
  C source kept at: obj/nano_modules/.nano-module-ccndL5/source.c
[Modules] Compiling nanolang module '/home/jkh/Src/nanolang-component-shadow-completion/src_nano/compiler/declaration_ownership.nano'
✓ Generated module C code: obj/nano_modules/.nano-module-BeMyC5/source.c
[Modules] Generating List<LexerToken> runtime...
[Modules] Generating List<CompilerDiagnostic> runtime...
[Modules] Generating List<ASTStmtRef> runtime...
[Modules] Generating List<ASTNumber> runtime...
[Modules] Generating List<ASTFloat> runtime...
[Modules] Generating List<ASTString> runtime...
[Modules] Generating List<ASTBool> runtime...
[Modules] Generating List<ASTIdentifier> runtime...
[Modules] Generating List<ASTBinaryOp> runtime...
[Modules] Generating List<ASTCall> runtime...
[Modules] Generating List<ASTModuleQualifiedCall> runtime...
[Modules] Generating List<ASTArrayLiteral> runtime...
[Modules] Generating List<ASTLet> runtime...
[Modules] Generating List<ASTSet> runtime...
[Modules] Generating List<ASTIf> runtime...
[Modules] Generating List<ASTWhile> runtime...
[Modules] Generating List<ASTFor> runtime...
[Modules] Generating List<ASTReturn> runtime...
[Modules] Generating List<ASTBlock> runtime...
[Modules] Generating List<ASTUnsafeBlock> runtime...
[Modules] Generating List<ASTPrint> runtime...
[Modules] Generating List<ASTAssert> runtime...
[Modules] Generating List<ASTFunction> runtime...
[Modules] Generating List<ASTShadow> runtime...
[Modules] Generating List<ASTStruct> runtime...
[Modules] Generating List<ASTStructLiteral> runtime...
[Modules] Generating List<ASTFieldAccess> runtime...
[Modules] Generating List<ASTEnum> runtime...
[Modules] Generating List<ASTUnion> runtime...
[Modules] Generating List<ASTUnionConstruct> runtime...
[Modules] Generating List<ASTMatch> runtime...
[Modules] Generating List<ASTImport> runtime...
[Modules] Generating List<ASTOpaqueType> runtime...
[Modules] Generating List<ASTTupleLiteral> runtime...
[Modules] Generating List<ASTTupleIndex> runtime...
[Modules] Generating List<LexerToken_new> runtime...
[Modules] Generating List<LexerToken_push> runtime...
[Modules] Generating List<LexerToken_get> runtime...
[Modules] Generating List<LexerToken_length> runtime...
[Modules] Generating List<CompilerDiagnostic_new> runtime...
[Modules] Generating List<CompilerDiagnostic_push> runtime...
[Modules] Generating List<CompilerDiagnostic_get> runtime...
[Modules] Generating List<CompilerDiagnostic_length> runtime...
[Modules] Generating List<ASTStmtRef_new> runtime...
[Modules] Generating List<ASTStmtRef_push> runtime...
[Modules] Generating List<ASTStmtRef_get> runtime...
[Modules] Generating List<ASTStmtRef_length> runtime...
[Modules] Generating List<ASTNumber_new> runtime...
[Modules] Generating List<ASTNumber_push> runtime...
[Modules] Generating List<ASTNumber_get> runtime...
[Modules] Generating List<ASTNumber_length> runtime...
[Modules] Generating List<ASTFloat_new> runtime...
[Modules] Generating List<ASTFloat_push> runtime...
[Modules] Generating List<ASTFloat_get> runtime...
[Modules] Generating List<ASTFloat_length> runtime...
[Modules] Generating List<ASTString_new> runtime...
[Modules] Generating List<ASTString_push> runtime...
[Modules] Generating List<ASTString_get> runtime...
[Modules] Generating List<ASTString_length> runtime...
[Modules] Generating List<ASTBool_new> runtime...
[Modules] Generating List<ASTBool_push> runtime...
[Modules] Generating List<ASTBool_get> runtime...
[Modules] Generating List<ASTBool_length> runtime...
[Modules] Generating List<ASTIdentifier_new> runtime...
Compiling module: cc -std=c99 -I'/home/jkh/Src/nanolang-component-shadow-completion'/src -I'/home/jkh/Src/nanolang-component-shadow-completion'/modules/std -I'/home/jkh/Src/nanolang-component-shadow-completion'/modules/std/collections -I'/home/jkh/Src/nanolang-component-shadow-completion'/modules/std/json -I'/home/jkh/Src/nanolang-component-shadow-completion'/modules/std/io -I'/home/jkh/Src/nanolang-component-shadow-completion'/modules/std/math -I'/home/jkh/Src/nanolang-component-shadow-completion'/modules/std/peg -I'/home/jkh/Src/nanolang-component-shadow-completion'/modules/std/string -I'/home/jkh/Src/nanolang-component-shadow-completion'/modules/sdl_helpers '-I/home/jkh/Src/nanolang-component-shadow-completion/src_nano/compiler' -I/usr/include/SDL2 -D_REENTRANT  -c -o 'obj/nano_modules/.nano-module-BeMyC5/object.o' 'obj/nano_modules/.nano-module-BeMyC5/source.c'
✓ Compiled module to object file: obj/nano_modules/declaration_ownership.o
  C source kept at: obj/nano_modules/.nano-module-BeMyC5/source.c
[Modules] Compiling nanolang module '/home/jkh/Src/nanolang-component-shadow-completion/src_nano/transpiler.nano'
✓ Generated module C code: obj/nano_modules/.nano-module-d5ktGU/source.c
[Modules] Generating List<LexerToken> runtime...
[Modules] Generating List<CompilerDiagnostic> runtime...
[Modules] Generating List<ASTStmtRef> runtime...
[Modules] Generating List<ASTNumber> runtime...
[Modules] Generating List<ASTFloat> runtime...
[Modules] Generating List<ASTString> runtime...
[Modules] Generating List<ASTBool> runtime...
[Modules] Generating List<ASTIdentifier> runtime...
[Modules] Generating List<ASTBinaryOp> runtime...
[Modules] Generating List<ASTCall> runtime...
[Modules] Generating List<ASTModuleQualifiedCall> runtime...
[Modules] Generating List<ASTArrayLiteral> runtime...
[Modules] Generating List<ASTLet> runtime...
[Modules] Generating List<ASTSet> runtime...
[Modules] Generating List<ASTIf> runtime...
[Modules] Generating List<ASTWhile> runtime...
[Modules] Generating List<ASTFor> runtime...
[Modules] Generating List<ASTReturn> runtime...
[Modules] Generating List<ASTBlock> runtime...
[Modules] Generating List<ASTUnsafeBlock> runtime...
[Modules] Generating List<ASTPrint> runtime...
[Modules] Generating List<ASTAssert> runtime...
[Modules] Generating List<ASTFunction> runtime...
[Modules] Generating List<ASTShadow> runtime...
[Modules] Generating List<ASTStruct> runtime...
[Modules] Generating List<ASTStructLiteral> runtime...
[Modules] Generating List<ASTFieldAccess> runtime...
[Modules] Generating List<ASTEnum> runtime...
[Modules] Generating List<ASTUnion> runtime...
[Modules] Generating Li[ffi_loader] Initialized
[ffi_loader] Loaded 'std' from /home/jkh/Src/nanolang-component-shadow-completion/modules/std/.build/.nano-gen-hpMRr6/libstd.so
st<ASTUnionConstruct> runtime...
[Modules] Generating List<ASTMatch> runtime...
[Modules] Generating List<ASTImport> runtime...
[Modules] Generating List<ASTOpaqueType> runtime...
[Modules] Generating List<ASTTupleLiteral> runtime...
[Modules] Generating List<ASTTupleIndex> runtime...
[Modules] Generating List<Token> runtime...
[Modules] Generating List<LexerToken_new> runtime...
[Modules] Generating List<LexerToken_push> runtime...
[Modules] Generating List<LexerToken_get> runtime...
[Modules] Generating List<LexerToken_length> runtime...
[Modules] Generating List<CompilerDiagnostic_new> runtime...
[Modules] Generating List<CompilerDiagnostic_push> runtime...
[Modules] Generating List<CompilerDiagnostic_get> runtime...
[Modules] Generating List<CompilerDiagnostic_length> runtime...
[Modules] Generating List<ASTStmtRef_new> runtime...
[Modules] Generating List<ASTStmtRef_push> runtime...
[Modules] Generating List<ASTStmtRef_get> runtime...
[Modules] Generating List<ASTStmtRef_length> runtime...
[Modules] Generating List<ASTNumber_new> runtime...
[Modules] Generating List<ASTNumber_push> runtime...
[Modules] Generating List<ASTNumber_get> runtime...
[Modules] Generating List<ASTNumber_length> runtime...
[Modules] Generating List<ASTFloat_new> runtime...
[Modules] Generating List<ASTFloat_push> runtime...
[Modules] Generating List<ASTFloat_get> runtime...
[Modules] Generating List<ASTFloat_length> runtime...
[Modules] Generating List<ASTString_new> runtime...
[Modules] Generating List<ASTString_push> runtime...
[Modules] Generating List<ASTString_get> runtime...
[Modules] Generating List<ASTString_length> runtime...
[Modules] Generating List<ASTBool_new> runtime...
[Modules] Generating List<ASTBool_push> runtime...
[Modules] Generating List<ASTBool_get> runtime...
[Modules] Generating List<ASTBool_length> runtime...
Compiling module: cc -std=c99 -I'/home/jkh/Src/nanolang-component-shadow-completion'/src -I'/home/jkh/Src/nanolang-component-shadow-completion'/modules/std -I'/home/jkh/Src/nanolang-component-shadow-completion'/modules/std/collections -I'/home/jkh/Src/nanolang-component-shadow-completion'/modules/std/json -I'/home/jkh/Src/nanolang-component-shadow-completion'/modules/std/io -I'/home/jkh/Src/nanolang-component-shadow-completion'/modules/std/math -I'/home/jkh/Src/nanolang-component-shadow-completion'/modules/std/peg -I'/home/jkh/Src/nanolang-component-shadow-completion'/modules/std/string -I'/home/jkh/Src/nanolang-component-shadow-completion'/modules/sdl_helpers '-I/home/jkh/Src/nanolang-component-shadow-completion/src_nano' -I/usr/include/SDL2 -D_REENTRANT  -c -o 'obj/nano_modules/.nano-module-d5ktGU/object.o' 'obj/nano_modules/.nano-module-d5ktGU/source.c'
✓ Compiled module to object file: obj/nano_modules/transpiler.o
  C source kept at: obj/nano_modules/.nano-module-d5ktGU/source.c
[Modules] ✓ Complete: 14 nanolang, 1 C, 0 FFI-only
[FFI] No shared library found for module 'compiler_schema'
[FFI] No shared library found for module 'compiler_contracts'
[FFI] No shared library found for module 'compiler_ast'
[FFI] No shared library found for module 'ast_shared'
[FFI] No shared library found for module 'ir'
[FFI] No shared library found for module 'diagnostics'
[FFI] Loaded module 'std' from /home/jkh/Src/nanolang-component-shadow-completion/modules/std/.build/.nano-gen-hpMRr6/libstd.so
[FFI] No shared library found for module 'lexer'
[FFI] No shared library found for module 'parser'
[FFI] No shared library found for module 'passive_graph'
[FFI] No shared library found for module 'type_substitution'
[FFI] No shared library found for module 'module_bindings'
[FFI] No shared library found for module 'nominal_bindings'
[FFI] No shared library found for module 'declaration_ownership'
[FFI] No shared library found for module 'transpiler'
Running shadow tests...
Testing diag_location... PASSED
Testing diag_location_empty... PASSED
Testing diag_error... PASSED
Testing diag_warning... PASSED
Testing diag_parser_error... PASSED
Testing diag_list_new... PASSED
Testing diag_list_add... PASSED
Testing diag_list_has_errors... PASSED
Testing diag_make_type_error... PASSED
Testing diag_make_undefined_error... PASSED
Testing diag_new... PASSED
Testing diag_simple... PASSED
Testing diag_error_simple... PASSED
Testing diag_warning_simple... PASSED
Testing diag_info... PASSED
Testing diag_info_simple... PASSED
Testing diag_lexer_error... PASSED
Testing diag_typecheck_error... PASSED
Testing diag_transpiler_error... PASSED
Testing diag_list_count... PASSED
Testing diag_list_get... PASSED
Testing diag_id_io_open... PASSED
Testing diag_id_lex_failed... PASSED
Testing diag_id_parse_failed... PASSED
Testing diag_id_import_failed... PASSED
Testing diag_id_type_failed... PASSED
Testing diag_id_mod_compile... PASSED
Testing diag_id_shadow_failed... PASSED
Testing diag_id_trans_failed... PASSED
Testing diag_id_c_temp... PASSED
Testing diag_id_cc_cmd... PASSED
Testing diag_id_cc_failed... PASSED
Testing diag_id_src_utf8... PASSED
Testing diag_en... PASSED
Testing walkdir... PASSED
Testing canonical... PASSED
Testing normalize... PASSED
Testing join... PASSED
Testing basename... PASSED
Testing dirname... PASSED
Testing relpath... PASSED
Testing cwd... PASSED
Testing glob_match_impl... PASSED
Testing glob_match... PASSED
Testing glob... PASSED
Testing read... PASSED
Testing write... PASSED
Testing append... PASSED
Testing exists... PASSED
Testing delete... PASSED
Testing mkdir_p... PASSED
Testing copy_file... PASSED
Testing copy_dir... PASSED
Testing is_identifier_start... PASSED
Testing is_identifier_char... PASSED
Testing is_whitespace_char... PASSED
Testing is_digit_char... PASSED
Testing keyword_group1... PASSED
Testing keyword_group2... PASSED
Testing keyword_group3... PASSED
Testing keyword_group4... PASSED
Testing keyword_group5... PASSED
Testing keyword_or_identifier... PASSED
Testing push_tok... PASSED
Testing process_string... PASSED
Testing process_number... PASSED
Testing process_grammar_body... PASSED
Testing process_identifier... PASSED
Testing process_identifier... PASSED
Testing process_char_literal... PASSED
Testing emit_fstring_part_tokens... PASSED
Testing process_fstring... PASSED
Testing tokenize_file... PASSED
Testing tokenize_string... PASSED
Testing parser_init_ast_lists... PASSED
Testing parser_new... PASSED
Testing parser_allocate_id... PASSED
Testing parser_is_at_end... PASSED
Testing parser_with_position... PASSED
Testing parser_advance... PASSED
Testing parser_position... PASSED
Testing parser_current... PASSED
Testing parser_match... PASSED
Testing parser_expect... PASSED
Testing parser_peek... PASSED
Testing parser_with_error... PASSED
Testing parser_has_error... PASSED
Testing token_number... PASSED
Testing token_identifier... PASSED
Testing token_string... PASSED
Testing token_true... PASSED
Testing token_false... PASSED
Testing token_lparen... PASSED
Testing token_rparen... PASSED
Testing token_plus... PASSED
Testing token_minus... PASSED
Testing token_star... PASSED
Testing token_slash... PASSED
Testing token_eq... PASSED
Testing token_ne... PASSED
Testing token_lt... PASSED
Testing token_le... PASSED
Testing token_gt... PASSED
Testing token_ge... PASSED
Testing token_and... PASSED
Testing token_or... PASSED
Testing token_comma... PASSED
Testing token_lbrace... PASSED
Testing token_rbrace... PASSED
Testing token_let... PASSED
Testing token_if... PASSED
Testing token_else... PASSED
Testing token_while... PASSED
Testing token_return... PASSED
Testing token_colon... PASSED
Testing token_mut... PASSED
Testing token_assign... PASSED
Testing token_arrow... PASSED
Testing token_fn... PASSED
Testing token_extern... PASSED
Testing token_set... PASSED
Testing token_struct... PASSED
Testing token_enum... PASSED
Testing token_union... PASSED
Testing token_for... PASSED
Testing token_in... PASSED
Testing token_assert... PASSED
Testing token_requires... PASSED
Testing token_ensures... PASSED
Testing token_unsafe... PASSED
Testing token_shadow... PASSED
Testing token_match... PASSED
Testing token_import... PASSED
Testing token_as... PASSED
Testing token_pub... PASSED
Testing token_pure... PASSED
Testing token_opaque... PASSED
Testing token_lbracket... PASSED
Testing token_rbracket... PASSED
Testing token_dot... PASSED
Testing token_double_colon... PASSED
Testing token_percent... PASSED
Testing token_not... PASSED
Testing token_pipe... PASSED
Testing token_grammar... PASSED
Testing token_larrow... PASSED
Testing token_question... PASSED
Testing token_array... PASSED
Testing token_type_int... PASSED
Testing token_type_float... PASSED
Testing token_type_bool... PASSED
Testing token_type_string... PASSED
Testing token_type_bstring... PASSED
Testing token_type_void... PASSED
Testing parse_qualified_name... PASSED
Testing parse_call_name... PASSED
Testing is_type_start_token_type... PASSED
Testing parse_type_string... PASSED
Testing parser_store_number... PASSED
Testing parser_store_string... PASSED
Testing parser_store_bool... PASSED
Testing parser_store_identifier... PASSED
Testing parser_store_binary_op... PASSED
Testing parser_mark_unary... PASSED
Testing parser_store_call... PASSED
Testing parser_store_module_qualified_call... PASSED
Testing name_contains_dot... PASSED
Testing parser_store_call_arg... PASSED
Testing parser_store_array_element... PASSED
Testing parse_named_literal... PASSED
Testing parse_union_construct... PASSED
Testing parse_struct_literal... PASSED
Testing parse_cond_expression... PASSED
Testing parse_cond_clauses... PASSED
Testing parse_match... PASSED
Testing parse_primary... PASSED
Testing parenthesized_call_start... PASSED
Testing is_binary_op... PASSED
Testing parse_expression_recursive... PASSED
Testing parse_expression... PASSED
Testing parser_store_let... PASSED
Testing parser_store_set... PASSED
Testing parser_store_if... PASSED
Testing parser_store_while... PASSED
Testing parser_finish_array_literal... PASSED
Testing parser_always_returns... PASSED
Testing parser_is_value_expression... PASSED
Testing parser_decode_import_path... PASSED
Testing parser_store_return... PASSED
Testing parser_store_assert... PASSED
Testing parser_store_block... PASSED
Testing parser_wrap_if_in_block... PASSED
Testing expr_kind_to_pnode... PASSED
Testing parser_starts_owned_pattern... PASSED
Testing parser_mark_owned... PASSED
Testing parse_owned_pattern... PASSED
Testing parse_block_recursive... PASSED
Testing parse_block... PASSED
Testing parser_store_unsafe_block... PASSED
Testing parse_unsafe_block_recursive... PASSED
Testing parse_unsafe_block... PASSED
Testing parse_let_body... PASSED
Testing parse_tuple_destructure... PASSED
Testing parse_let_statement... PASSED
Testing parse_if_statement... PASSED
Testing parse_while_statement... PASSED
Testing parse_return_statement... PASSED
Testing parse_assert_statement... PASSED
Testing parse_for_statement... PASSED
Testing parser_with_node... PASSED
Testing parser_with_statement... PASSED
Testing parser_mark_passive... PASSED
Testing parser_mark_par... PASSED
Testing parse_statement... PASSED
Testing parser_mark_pure... PASSED
Testing parser_store_function... PASSED
Testing parser_store_struct... PASSED
Testing parser_store_enum... PASSED
Testing parser_store_union... PASSED
Testing parse_parameter_type... PASSED
Testing parse_function_params... PASSED
Testing parse_extern_function_definition... PASSED
Testing parse_function_definition... PASSED
Testing parse_struct_fields... PASSED
Testing parse_struct_definition... PASSED
Testing parse_enum_variants... PASSED
Testing parse_enum_definition... PASSED
Testing parse_union_variants... PASSED
Testing parse_union_definition... PASSED
Testing parse_module_import... PASSED
Testing parse_import... PASSED
Testing parse_from_import... PASSED
Testing parse_opaque_type... PASSED
Testing parse_shadow... PASSED
Testing parse_definition... PASSED
Testing parse_program... PASSED
Testing create_number_node... PASSED
Testing create_identifier_node... PASSED
Testing test_parser_structure... PASSED
Testing parser_get_function_count... PASSED
Testing parser_set_let_var_type... PASSED
Testing parser_get_for... PASSED
Testing parser_get_struct_def_count... PASSED
Testing parser_get_struct_def... PASSED
Testing parser_get_enum_count... PASSED
Testing parser_get_enum... PASSED
Testing parser_get_union_count... PASSED
Testing parser_get_union... PASSED
Testing parser_store_array_literal... PASSED
Testing parser_store_field_access... PASSED
Testing parser_store_float... PASSED
Testing parser_store_for... PASSED
Testing parser_store_import... PASSED
Testing parser_store_match... PASSED
Testing parser_store_opaque_type... PASSED
Testing parser_store_shadow... PASSED
Testing parser_store_struct_literal... PASSED
Testing parser_store_tuple_index... PASSED
Testing parser_store_tuple_literal... PASSED
Testing parser_store_union_construct... PASSED
Testing parser_get_function... PASSED
Testing parser_get_let_count... PASSED
Testing parser_get_let... PASSED
Testing parser_get_identifier_count... PASSED
Testing parser_get_identifier... PASSED
Testing parser_get_number_count... PASSED
Testing parser_get_number... PASSED
Testing parser_get_float_count... PASSED
Testing parser_get_float... PASSED
Testing parser_get_binary_op_count... PASSED
Testing parser_get_binary_op... PASSED
Testing parser_get_return_count... PASSED
Testing parser_get_return... PASSED
Testing parser_get_block_count... PASSED
Testing parser_get_block... PASSED
Testing parser_get_if_count... PASSED
Testing parser_get_if... PASSED
Testing parser_get_while_count... PASSED
Testing parser_get_while... PASSED
Testing parser_get_unsafe_block... PASSED
Testing parser_get_call_count... PASSED
Testing parser_get_call... PASSED
Testing parser_get_module_qualified_call_count... PASSED
Testing parser_get_module_qualified_call... PASSED
Testing parser_get_call_arg_count... PASSED
Testing parser_get_call_arg... PASSED
Testing parser_get_set_count... PASSED
Testing parser_get_set... PASSED
Testing parser_get_string_count... PASSED
Testing parser_get_string... PASSED
Testing parser_get_bool_count... PASSED
Testing parser_get_bool... PASSED
Testing parser_get_assert_count... PASSED
Testing parser_get_assert... PASSED
Testing parser_get_field_access_count... PASSED
Testing parser_get_field_access... PASSED
Testing parser_get_array_literal_count... PASSED
Testing parser_get_array_literal... PASSED
Testing parser_set_array_literal_element_type... PASSED
Testing parser_get_array_element_count... PASSED
Testing parser_get_array_element... PASSED
Testing parser_get_struct_literal_count... PASSED
Testing parser_get_struct_literal... PASSED
Testing parser_get_union_construct_count... PASSED
Testing parser_get_union_construct... PASSED
Testing parser_get_match_count... PASSED
Testing parser_get_match... PASSED
Testing parser_get_tuple_literal_count... PASSED
Testing parser_get_tuple_literal... PASSED
Testing parser_get_tuple_index_count... PASSED
Testing parser_get_tuple_index... PASSED
Testing parser_get_import_count... PASSED
Testing parser_get_import... PASSED
Testing parse_phase_run... PASSED
Testing passive_reads... PASSED
Testing passive_order... PASSED
Testing type_parameter_word_char... PASSED
Testing substitute_type_parameters... PASSED
Testing mb_active... PASSED
Testing mb_reset... PASSED
Testing mb_owner... PASSED
Testing mb_add_target... PASSED
Testing mb_add... PASSED
Testing mb_lookup... PASSED
Testing mb_resolve... PASSED
Testing mb_target_owner... PASSED
Testing mb_set_sources... PASSED
Testing mb_source... PASSED
Testing nb_key... PASSED
Testing nb_external... PASSED
Testing nb_register... I cannot define a record twice in one module: Handle
PASSED
Testing nb_import... PASSED
Testing nb_name_char... PASSED
Testing nb_scoped_type... PASSED
Testing nb_type... PASSED
Testing nb_scoped_types... PASSED
Testing nb_types... PASSED
Testing nb_rewrite... PASSED
Testing declaration_local_lets... PASSED
Testing register_extern_names... PASSED
Testing would_collide_with_extern... PASSED
Testing is_opaque_type... PASSED
Testing reset_module_aliases... PASSED
Testing reset_func_aliases... PASSED
Testing add_module_alias... PASSED
Testing add_func_alias... PASSED
Testing resolve_module_alias... PASSED
Testing resolve_func_alias... PASSED
Testing reset_fn_types... PASSED
Testing register_fn_type... PASSED
Testing parse_fn_type_params... PASSED
Testing parse_fn_type_return... PASSED
Testing generate_fn_type_typedefs... PASSED
Testing is_fn_type... PASSED
Testing codegen_new... PASSED
Testing gen_indent... PASSED
Testing cg_append... PASSED
Testing cg_build... PASSED
Testing gen_temp_var... PASSED
Testing codegen_next_temp... PASSED
Testing mangle_name... PASSED
Testing transp_str_starts_with... PASSED
Testing transp_str_index_of... PASSED
Testing transp_extract_list_element_type... PASSED
Testing is_generic_type... PASSED
Testing extract_base_type_name... PASSED
Testing extract_type_args... PASSED
Testing monomorphize_type_name... PASSED
Testing hashset_new_string... PASSED
Testing hashset_has_string... PASSED
Testing hashset_add_string... PASSED
Testing transp_str_ends_with... PASSED
Testing last_double_colon_index... PASSED
Testing last_dot_index... PASSED
Testing last_slash_index... PASSED
Testing module_name_from_path... PASSED
Testing build_module_alias_map... PASSED
Testing mangle_module_ident... PASSED
Testing is_unprefixed_list_runtime_fn... PASSED
Testing is_generic_list_runtime_fn... PASSED
Testing c_name_for_qualified_function... PASSED
Testing map_builtin_func_name... PASSED
Testing c_func_name_for_call... PASSED
Testing c_func_name_for_definition... PASSED
Testing type_is_float... PASSED
Testing infer_binary_expr_type... PASSED
Testing infer_expr_type... PASSED
Testing func_returns_string... PASSED
Testing func_returns_float... PASSED
Testing is_schema_struct_name... PASSED
Testing parse_type_c_from_tokens... PASSED
Testing generate_enum_definitions_from_tokens... PASSED
Testing native_nominal_field_type... PASSED
Testing collect_native_structs... PASSED
Testing generate_struct_definitions_from_tokens... PASSED
Testing has_function_named... PASSED
Testing is_runtime_declared_extern... PASSED
Testing generate_function_prototypes... PASSED
Testing lookup_struct_field_type... PASSED
Testing lookup_union_payload_type... PASSED
Testing function_value_argument_type... PASSED
Testing declared_call_argument_type... PASSED
Testing generate_scalar_map... PASSED
Testing is_extern_function... PASSED
Testing extern_has_native_array... PASSED
Testing guard_native_array_reference... PASSED
Testing genenv_new... PASSED
Testing genenv_copy... PASSED
Testing genenv_put... PASSED
Testing genenv_put_global... PASSED
Testing genenv_with_underscore... PASSED
Testing genenv_c_name... PASSED
Testing genenv_get... PASSED
Testing genenv_get_mut... PASSED
Testing genenv_get_global... PASSED
Testing transp_is_ident_start_str... PASSED
Testing transp_is_ident_char_str... PASSED
Testing interp_to_str_expr... PASSED
Testing expand_string_interp... PASSED
Testing is_array_type... PASSED
Testing full_array_element_type... PASSED
Testing array_elem_type_from_array_type... PASSED
Testing elem_enum_from_elem_type... PASSED
Testing get_fn_from_elem_type... PASSED
Testing is_array_of_struct... PASSED
Testing push_fn_from_elem_type... PASSED
Testing set_fn_from_elem_type... PASSED
Testing box_struct_expr... PASSED
Testing type_is_struct... PASSED
Testing c_type_from_elem_type... PASSED
Testing is_tuple_type... PASSED
Testing mangle_type_name... PASSED
Testing tuple_typedef_name... PASSED
Testing type_to_c... PASSED
Testing tuple_split_types... PASSED
Testing collect_tuple_types_from_type... PASSED
Testing gen_tuple_typedef... PASSED
Testing gen_tuple_typedefs... PASSED
Testing gen_number... PASSED
Testing gen_string... PASSED
Testing gen_bool... PASSED
Testing gen_identifier... PASSED
Testing gen_binary_op... PASSED
Testing gen_call... PASSED
Testing gen_let... PASSED
Testing gen_if... PASSED
Testing gen_while... PASSED
Testing gen_return... PASSED
Testing gen_function_signature... PASSED
Testing gen_function... PASSED
Testing gen_c_includes... PASSED
Testing gen_c_runtime... PASSED
Testing generate_module_forward_declarations... PASSED
Testing parser_has_guarded_globals... PASSED
Testing gen_c_program_with_modules... PASSED
Testing gen_c_program... PASSED
Testing detect_list_types... PASSED
Testing scan_block_for_lists... PASSED
Testing generate_list_specializations... PASSED
Testing generate_list_for_type... PASSED
Testing substitute_union_field_type... PASSED
Testing collect_native_union_instances... PASSED
Testing find_union_instantiations... PASSED
Testing emit_union_typedefs... PASSED
Testing native_union_definition... PASSED
Testing generate_native_nominal_definitions... PASSED
Testing generate_union_definitions... PASSED
Testing operator_to_string... PASSED
Testing build_array_binop_expr... PASSED
Testing generate_expression... PASSED
Testing generate_return_stmt... PASSED
Testing guarded_type_name... PASSED
Testing is_guarded_primitive... PASSED
Testing generate_let_stmt... PASSED
Testing generate_assert_stmt... PASSED
Testing generate_match_arm_value... PASSED
Testing generate_match_expr... PASSED
Testing get_variant_field_type... PASSED
Testing get_variant_first_field_access... PASSED
Testing gen_match_variant_binding... PASSED
Testing generate_match_stmt... PASSED
Testing get_stmt_line... PASSED
Testing generate_statement... PASSED
Testing generate_block... PASSED
Testing generate_set_stmt... PASSED
Testing generate_if_stmt... PASSED
Testing generate_for_stmt... PASSED
Testing generate_while_stmt... PASSED
Testing is_expr_pnode... PASSED
Testing generate_block_tail_return... PASSED
Testing generate_function_body... PASSED
Testing is_let_in_block... PASSED
Testing is_let_in_function... PASSED
Testing global_init_literal... PASSED
Testing generate_global_constants... PASSED
Testing lookup_func_return_type_in_parser... PASSED
Testing parser_uses_grammar_literal... PASSED
Testing parser_has_peg2_import... PASSED
Testing transpile_parser_mode... PASSED
Testing transpile_parser_shadows... PASSED
Testing transpile_parser... PASSED
Testing transpile_phase... PASSED
Testing transpile_with_count... === Code Generation ===
Generating C code for 2 functions
PASSED
Testing transpile... === Code Generation ===
Generating C code for 1 functions
PASSED
Testing main... I passed my transpiler entry assertions.
PASSED
All shadow tests passed! (505 tests)
✓ Shadow tests passed
Ensuring module ASTs are cached for declaration generation...
✓ Module ASTs cached
Transpiling to C...
✓ Transpilation complete (4003 lines of C, 162982 bytes)
✓ Generated C code: /tmp/nanoc_1274884_transpiler.c
Adding module include path: /home/jkh/Src/nanolang-component-shadow-completion/src_nano/generated
Adding module include path: /home/jkh/Src/nanolang-component-shadow-completion/src_nano
Adding module include path: /home/jkh/Src/nanolang-component-shadow-completion/src_nano/compiler
Adding module include path: /home/jkh/Src/nanolang-component-shadow-completion/modules/std
Detected 35 generic list type(s): ASTArrayLiteral, ASTAssert, ASTBinaryOp, ASTBlock, ASTBool, ASTCall, ASTEnum, ASTFieldAccess, ASTFloat, ASTFor, ASTFunction, ASTIdentifier, ASTIf, ASTImport, ASTLet, ASTMatch, ASTModuleQualifiedCall, ASTNumber, ASTOpaqueType, ASTPrint, ASTReturn, ASTSet, ASTShadow, ASTStmtRef, ASTString, ASTStruct, ASTStructLiteral, ASTTupleIndex, ASTTupleLiteral, ASTUnion, ASTUnionConstruct, ASTUnsafeBlock, ASTWhile, CompilerDiagnostic, LexerToken
Compiling C code: cc -std=c99 -Wall -Wextra -Werror -Wno-error=unused-function -Wno-error=unused-parameter -Wno-error=unused-variable -Wno-error=unused-but-set-variable -Wno-error=logical-not-parentheses -Wno-error=duplicate-decl-specifier     -I'/home/jkh/Src/nanolang-component-shadow-completion/src' -I'/home/jkh/Src/nanolang-component-shadow-completion/src_nano/generated' -I'/home/jkh/Src/nanolang-component-shadow-completion/src_nano' -I'/home/jkh/Src/nanolang-component-shadow-completion/src_nano/compiler' -I'/home/jkh/Src/nanolang-component-shadow-completion/modules/std' -I'/tmp' -rdynamic -o '/tmp/nanolang-component-shadow-completion/transpiler' '/tmp/nanoc_1274884_transpiler.c' 'obj/nano_modules/compiler_schema.o' 'obj/nano_modules/compiler_contracts.o' 'obj/nano_modules/compiler_ast.o' 'obj/nano_modules/ast_shared.o' 'obj/nano_modules/ir.o' 'obj/nano_modules/diagnostics.o' 'obj/nano_modules/std_nano_fs.o' 'obj/nano_modules/lexer.o' 'obj/nano_modules/parser.o' 'obj/nano_modules/passive_graph.o' 'obj/nano_modules/type_substitution.o' 'obj/nano_modules/module_bindings.o' 'obj/nano_modules/nominal_bindings.o' 'obj/nano_modules/declaration_ownership.o' 'obj/nano_modules/transpiler.o' /home/jkh/Src/nanolang-component-shadow-completion/modules/std/.build/.nano-gen-hpMRr6/std.o  '/home/jkh/Src/nanolang-component-shadow-completion/src/runtime/list_int.c' '/home/jkh/Src/nanolang-component-shadow-completion/src/runtime/list_string.c' '/home/jkh/Src/nanolang-component-shadow-completion/src/runtime/list_LexerToken.c' '/home/jkh/Src/nanolang-component-shadow-completion/src/runtime/list_token.c' '/home/jkh/Src/nanolang-component-shadow-completion/src/runtime/list_CompilerDiagnostic.c' '/home/jkh/Src/nanolang-component-shadow-completion/src/runtime/list_CompilerSourceLocation.c' '/home/jkh/Src/nanolang-component-shadow-completion/src/runtime/list_ASTNumber.c' '/home/jkh/Src/nanolang-component-shadow-completion/src/runtime/list_ASTFloat.c' '/home/jkh/Src/nanolang-component-shadow-completion/src/runtime/list_ASTString.c' '/home/jkh/Src/nanolang-component-shadow-completion/src/runtime/list_ASTBool.c' '/home/jkh/Src/nanolang-component-shadow-completion/src/runtime/list_ASTIdentifier.c' '/home/jkh/Src/nanolang-component-shadow-completion/src/runtime/list_ASTBinaryOp.c' '/home/jkh/Src/nanolang-component-shadow-completion/src/runtime/list_ASTCall.c' '/home/jkh/Src/nanolang-component-shadow-completion/src/runtime/list_ASTModuleQualifiedCall.c' '/home/jkh/Src/nanolang-component-shadow-completion/src/runtime/list_ASTArrayLiteral.c' '/home/jkh/Src/nanolang-component-shadow-completion/src/runtime/list_ASTLet.c' '/home/jkh/Src/nanolang-component-shadow-completion/src/runtime/list_ASTSet.c' '/home/jkh/Src/nanolang-component-shadow-completion/src/runtime/list_ASTStmtRef.c' '/home/jkh/Src/nanolang-component-shadow-completion/src/runtime/list_ASTIf.c' '/home/jkh/Src/nanolang-component-shadow-completion/src/runtime/list_ASTWhile.c' '/home/jkh/Src/nanolang-component-shadow-completion/[ffi_loader] Shut down
src/runtime/list_ASTFor.c' '/home/jkh/Src/nanolang-component-shadow-completion/src/runtime/list_ASTReturn.c' '/home/jkh/Src/nanolang-component-shadow-completion/src/runtime/list_ASTBlock.c' '/home/jkh/Src/nanolang-component-shadow-completion/src/runtime/list_ASTUnsafeBlock.c' '/home/jkh/Src/nanolang-component-shadow-completion/src/runtime/list_ASTPrint.c' '/home/jkh/Src/nanolang-component-shadow-completion/src/runtime/list_ASTAssert.c' '/home/jkh/Src/nanolang-component-shadow-completion/src/runtime/list_ASTFunction.c' '/home/jkh/Src/nanolang-component-shadow-completion/src/runtime/list_ASTShadow.c' '/home/jkh/Src/nanolang-component-shadow-completion/src/runtime/list_ASTStruct.c' '/home/jkh/Src/nanolang-component-shadow-completion/src/runtime/list_ASTStructLiteral.c' '/home/jkh/Src/nanolang-component-shadow-completion/src/runtime/list_ASTFieldAccess.c' '/home/jkh/Src/nanolang-component-shadow-completion/src/runtime/list_ASTEnum.c' '/home/jkh/Src/nanolang-component-shadow-completion/src/runtime/list_ASTUnion.c' '/home/jkh/Src/nanolang-component-shadow-completion/src/runtime/list_ASTUnionConstruct.c' '/home/jkh/Src/nanolang-component-shadow-completion/src/runtime/list_ASTMatch.c' '/home/jkh/Src/nanolang-component-shadow-completion/src/runtime/list_ASTImport.c' '/home/jkh/Src/nanolang-component-shadow-completion/src/runtime/list_ASTOpaqueType.c' '/home/jkh/Src/nanolang-component-shadow-completion/src/runtime/list_ASTTupleLiteral.c' '/home/jkh/Src/nanolang-component-shadow-completion/src/runtime/list_ASTTupleIndex.c' '/home/jkh/Src/nanolang-component-shadow-completion/src/runtime/token_helpers.c' '/home/jkh/Src/nanolang-component-shadow-completion/src/runtime/gc.c' '/home/jkh/Src/nanolang-component-shadow-completion/src/runtime/effect_runtime.c' '/home/jkh/Src/nanolang-component-shadow-completion/src/runtime/dyn_array.c' '/home/jkh/Src/nanolang-component-shadow-completion/src/runtime/gc_struct.c' '/home/jkh/Src/nanolang-component-shadow-completion/src/runtime/nl_string.c' '/home/jkh/Src/nanolang-component-shadow-completion/src/runtime/cli.c' '/home/jkh/Src/nanolang-component-shadow-completion/src/runtime/regex.c' '/home/jkh/Src/nanolang-component-shadow-completion/src/utf8.c' '/home/jkh/Src/nanolang-component-shadow-completion/src/coroutine.c'  -lm -ldl
✓ Compilation successful: /tmp/nanolang-component-shadow-completion/transpiler
