I am testing shadow __nano_module_0_text
I am testing shadow __nano_module_0_number
I am testing shadow __nano_module_1_fsp_string
I am testing shadow __nano_module_1_fsp_number
I am testing shadow __nano_module_1_file_source_catalog_view
I am testing shadow __nano_module_1_fsp_text_ok
I am testing shadow __nano_module_1_fsp_value
I am testing shadow __nano_module_1_fsp_equal
I am testing shadow __nano_module_1_fsp_literal
I am testing shadow __nano_module_1_fsp_id_ok
I am testing shadow __nano_module_1_fsp_add
I am testing shadow __nano_module_1_fsp_failure
I am testing shadow __nano_module_1_fsp_category
I am testing shadow __nano_module_1_file_source_plan
I am testing shadow emit
I am testing shadow case_0
I am testing shadow case_1
I am testing shadow case_2
I am testing shadow case_3
I am testing shadow case_4
I am testing shadow case_5
I am testing shadow case_6
I am testing shadow case_7
I am testing shadow case_8
I am testing shadow case_9
I am testing shadow case_10
I am testing shadow case_11
I am testing shadow case_12
I am testing shadow case_13
I am testing shadow case_14
I am testing shadow case_15
I am testing shadow case_16
I am testing shadow case_17
I am testing shadow case_18
I am testing shadow case_19
I am testing shadow case_20
I am testing shadow case_21
I am testing shadow case_22
I am testing shadow case_23
I am testing shadow case_24
I am testing shadow case_25
I am testing shadow case_26
I am testing shadow case_27
I am testing shadow case_28
I am testing shadow case_29
I am testing shadow case_30
I am testing shadow case_31
I am testing shadow case_32
I am testing shadow case_33
I am testing shadow case_34
I am testing shadow case_35
I am testing shadow case_36
I am testing shadow case_37
I am testing shadow case_38
I am testing shadow case_39
I am testing shadow case_40
I am testing shadow case_41
I am testing shadow case_42
I am testing shadow case_43
I am testing shadow case_44
I am testing shadow case_45
I am testing shadow case_46
I am testing shadow case_47
I am testing shadow case_48
I am testing shadow case_49
I am testing shadow case_50
I am testing shadow case_51
I am testing shadow case_52
I am testing shadow case_53
I am testing shadow case_54
I am testing shadow case_55
I am testing shadow case_56
I am testing shadow case_57
I am testing shadow nano_extent_case
I am testing shadow nano_budget_case
CASE -1 1 0
