+ set -eu
+ cd /Users/jordanh/Src/nanolang
+ for variant in gcc sanitizer
+ case "$variant" in
+ compiler=/opt/homebrew/bin/gcc-16
+ flags=
+ for mode in instrumented linked
+ '[' instrumented = instrumented ']'
+ extra=-DWEBSOCKET_PLAN_INSTRUMENT
+ /opt/homebrew/bin/gcc-16 -std=c11 -D_DEFAULT_SOURCE -D_DARWIN_C_SOURCE -g -O1 -Wall -Wextra -Werror tests/test_nsi_websocket_plan.c -DWEBSOCKET_PLAN_INSTRUMENT src/nsi.c src/utf8.c src/cJSON.c -o /private/tmp/nl51-websocket-plan-gcc-instrumented
+ ASAN_OPTIONS=detect_leaks=1
+ /private/tmp/nl51-websocket-plan-gcc-instrumented tests/fixtures/nsi_websocket_plan.json
PASS 1431 checks; exact owned WebSocket catalog, no service execution
+ for mode in instrumented linked
+ '[' linked = instrumented ']'
+ extra=src/nsi_websocket_plan.c
+ /opt/homebrew/bin/gcc-16 -std=c11 -D_DEFAULT_SOURCE -D_DARWIN_C_SOURCE -g -O1 -Wall -Wextra -Werror tests/test_nsi_websocket_plan.c src/nsi_websocket_plan.c src/nsi.c src/utf8.c src/cJSON.c -o /private/tmp/nl51-websocket-plan-gcc-linked
+ ASAN_OPTIONS=detect_leaks=1
+ /private/tmp/nl51-websocket-plan-gcc-linked tests/fixtures/nsi_websocket_plan.json
PASS 983 checks; exact owned WebSocket catalog, no service execution
+ for variant in gcc sanitizer
+ case "$variant" in
+ compiler=/opt/homebrew/opt/llvm/bin/clang
+ flags='-fsanitize=address,undefined -fno-sanitize-recover=all'
+ for mode in instrumented linked
+ '[' instrumented = instrumented ']'
+ extra=-DWEBSOCKET_PLAN_INSTRUMENT
+ /opt/homebrew/opt/llvm/bin/clang -std=c11 -D_DEFAULT_SOURCE -D_DARWIN_C_SOURCE -g -O1 -Wall -Wextra -Werror -fsanitize=address,undefined -fno-sanitize-recover=all tests/test_nsi_websocket_plan.c -DWEBSOCKET_PLAN_INSTRUMENT src/nsi.c src/utf8.c src/cJSON.c -o /private/tmp/nl51-websocket-plan-sanitizer-instrumented
+ ASAN_OPTIONS=detect_leaks=1
+ /private/tmp/nl51-websocket-plan-sanitizer-instrumented tests/fixtures/nsi_websocket_plan.json
PASS 1431 checks; exact owned WebSocket catalog, no service execution
+ for mode in instrumented linked
+ '[' linked = instrumented ']'
+ extra=src/nsi_websocket_plan.c
+ /opt/homebrew/opt/llvm/bin/clang -std=c11 -D_DEFAULT_SOURCE -D_DARWIN_C_SOURCE -g -O1 -Wall -Wextra -Werror -fsanitize=address,undefined -fno-sanitize-recover=all tests/test_nsi_websocket_plan.c src/nsi_websocket_plan.c src/nsi.c src/utf8.c src/cJSON.c -o /private/tmp/nl51-websocket-plan-sanitizer-linked
+ ASAN_OPTIONS=detect_leaks=1
+ /private/tmp/nl51-websocket-plan-sanitizer-linked tests/fixtures/nsi_websocket_plan.json
PASS 983 checks; exact owned WebSocket catalog, no service execution
