test_branch_fixtures (tests.test_selfhost_function_values.VMReturnedCalls.test_branch_fixtures) ... ok
test_contextual_bytes_arrays_and_record_arguments (tests.test_selfhost_function_values.VMReturnedCalls.test_contextual_bytes_arrays_and_record_arguments) ... ok
test_imported_function_value_uses_resolved_alias (tests.test_selfhost_function_values.VMReturnedCalls.test_imported_function_value_uses_resolved_alias) ... ok
test_multiple_arguments_execute_once_in_order (tests.test_selfhost_function_values.VMReturnedCalls.test_multiple_arguments_execute_once_in_order) ... ok
test_mutating_argument_does_not_replace_saved_callee (tests.test_selfhost_function_values.VMReturnedCalls.test_mutating_argument_does_not_replace_saved_callee) ... ok
test_nested_signature_and_printed_result (tests.test_selfhost_function_values.VMReturnedCalls.test_nested_signature_and_printed_result) ... ok
test_void_and_function_valued_results_keep_stack_counts (tests.test_selfhost_function_values.VMReturnedCalls.test_void_and_function_valued_results_keep_stack_counts) ... ok
test_wrong_signature_or_non_callable_preserves_prior_module (tests.test_selfhost_function_values.VMReturnedCalls.test_wrong_signature_or_non_callable_preserves_prior_module) ... ok
test_artifact_report_collisions (tests.test_selfhost_cli.SelfhostCliTests.test_artifact_report_collisions) ... ok
test_dangling_report_is_rejected_without_creating_target (tests.test_selfhost_cli.SelfhostCliTests.test_dangling_report_is_rejected_without_creating_target) ... ok
test_default_source_path_and_option_order (tests.test_selfhost_cli.SelfhostCliTests.test_default_source_path_and_option_order) ... ok
test_destination_probe_lifecycle_and_failures (tests.test_selfhost_cli.SelfhostCliTests.test_destination_probe_lifecycle_and_failures) ... ok
test_diagnostic_alias_is_rejected_before_parse_error (tests.test_selfhost_cli.SelfhostCliTests.test_diagnostic_alias_is_rejected_before_parse_error) ... ok
test_distinct_artifact_and_report (tests.test_selfhost_cli.SelfhostCliTests.test_distinct_artifact_and_report) ... ok
test_explicit_native_target (tests.test_selfhost_cli.SelfhostCliTests.test_explicit_native_target) ... ok
test_help (tests.test_selfhost_cli.SelfhostCliTests.test_help) ... ok
test_input_cannot_be_output (tests.test_selfhost_cli.SelfhostCliTests.test_input_cannot_be_output) ... ok
test_invalid_arguments_preserve_outputs (tests.test_selfhost_cli.SelfhostCliTests.test_invalid_arguments_preserve_outputs) ... ok
test_missing_destination_filesystem_name_equivalence (tests.test_selfhost_cli.SelfhostCliTests.test_missing_destination_filesystem_name_equivalence) ... ok
test_missing_input (tests.test_selfhost_cli.SelfhostCliTests.test_missing_input) ... ok
test_option_delimiter_allows_hyphen_input (tests.test_selfhost_cli.SelfhostCliTests.test_option_delimiter_allows_hyphen_input) ... ok
test_output_collision_precedes_parse_diagnostics (tests.test_selfhost_cli.SelfhostCliTests.test_output_collision_precedes_parse_diagnostics) ... ok
test_output_write_failure (tests.test_selfhost_cli.SelfhostCliTests.test_output_write_failure) ... ok
test_source_aliases_are_rejected_before_writes (tests.test_selfhost_cli.SelfhostCliTests.test_source_aliases_are_rejected_before_writes) ... ok
test_source_output_without_native_compiler (tests.test_selfhost_cli.SelfhostCliTests.test_source_output_without_native_compiler) ... ok
test_string_search_emitted_c (tests.test_selfhost_cli.SelfhostCliTests.test_string_search_emitted_c) ... ok
test_string_search_native_stages (tests.test_selfhost_cli.SelfhostCliTests.test_string_search_native_stages) ... ok
test_uncheckable_destination_identity_fails_closed (tests.test_selfhost_cli.SelfhostCliTests.test_uncheckable_destination_identity_fails_closed) ... ok
test_default_output_is_verified_executable_module (tests.test_selfhost_nanoisa_product.SelfhostNanoisaProduct.test_default_output_is_verified_executable_module) ... ok
test_failed_shadows_precede_translation_and_preserve_output (tests.test_selfhost_nanoisa_product.SelfhostNanoisaProduct.test_failed_shadows_precede_translation_and_preserve_output) ... ok
test_installed_driver_discovers_tools_outside_checkout (tests.test_selfhost_nanoisa_product.SelfhostNanoisaProduct.test_installed_driver_discovers_tools_outside_checkout) ... ok
test_source_only_translation_does_not_execute_shadows (tests.test_selfhost_nanoisa_product.SelfhostNanoisaProduct.test_source_only_translation_does_not_execute_shadows) ... ok

----------------------------------------------------------------------
Ran 32 tests in 8.802s

OK
