Warning at line 175, column 9: Unused variable 'ignored'
Warning at line 2571, column 9: Unused variable 'rejected'
Warning at line 2783, column 9: Unused variable 'rejected'
Warning at line 2787, column 9: Unused variable 'rejected'
Warning at line 2794, column 13: Unused variable 'rejected'
Warning at line 2911, column 9: Unused variable 'rejected'
Warning at line 2915, column 9: Unused variable 'rejected'
Warning at line 2922, column 13: Unused variable 'rejected'
Warning at line 6737, column 17: Unused variable 'imported'
Warning at line 9, column 1: Unused variable 'parser'

Runtime error: Assertion failed
Stack trace (most recent call first):
  #0   $shadow_811_nisa_emit_module_fact  src_nano/nanoc_v06.nano:4708:5
  #1   $shadow_entry  src_nano/nanoc_v06.nano:?
I failed a shadow: Assertion failed
Stack trace (most recent call first):
  #0   $shadow_811_nisa_emit_module_fact  src_nano/nanoc_v06.nano:4708:5
  #1   $shadow_entry  src_nano/nanoc_v06.nano:?
-- TYPE MISMATCH ------------------------------------------- test.nano



1| let x: int = "hello"
 | ^


TYPE MISMATCH: I expected a value of type `<expected>`, but found `<found>`.
=== NSType Checking (Count-based) ===
Validating 5 functions
NSType checking complete!
=== NSType Checking (Count-based) ===
Validating 0 functions
Error: No functions found
=== NSType Checking (Count-based) ===
Validating 1 functions
NSType checking complete!
I reject ambiguous module introspection identity: probe
.types 0 0 0
.entry 0

.function main 0 0 0 int 1
  TAIL_CALL ___module_function_count_probe
.end



I will not publish output after failed shadow execution
