I am testing shadow __nano_module_5_token_literal_value_bytes
I am testing shadow __nano_module_6_diag_location
I am testing shadow __nano_module_6_diag_location_empty
I am testing shadow __nano_module_6_diag_error
I am testing shadow __nano_module_6_diag_warning
I am testing shadow __nano_module_6_diag_parser_error
I am testing shadow __nano_module_6_diag_list_new
I am testing shadow __nano_module_6_diag_list_add
I am testing shadow __nano_module_6_diag_list_has_errors
I am testing shadow __nano_module_6_diag_make_type_error
I am testing shadow __nano_module_6_diag_make_undefined_error
I am testing shadow __nano_module_6_diag_new
I am testing shadow __nano_module_6_diag_simple
I am testing shadow __nano_module_6_diag_error_simple
I am testing shadow __nano_module_6_diag_warning_simple
I am testing shadow __nano_module_6_diag_info
I am testing shadow __nano_module_6_diag_info_simple
I am testing shadow __nano_module_6_diag_lexer_error
I am testing shadow __nano_module_6_diag_typecheck_error
I am testing shadow __nano_module_6_diag_transpiler_error
I am testing shadow __nano_module_6_diag_list_count
I am testing shadow __nano_module_6_diag_list_get
I am testing shadow __nano_module_6_diag_id_io_open
I am testing shadow __nano_module_6_diag_id_lex_failed
I am testing shadow __nano_module_6_diag_id_parse_failed
I am testing shadow __nano_module_6_diag_id_import_failed
I am testing shadow __nano_module_6_diag_id_type_failed
I am testing shadow __nano_module_6_diag_id_mod_compile
I am testing shadow __nano_module_6_diag_id_shadow_failed
I am testing shadow __nano_module_6_diag_id_trans_failed
I am testing shadow __nano_module_6_diag_id_c_temp
I am testing shadow __nano_module_6_diag_id_cc_cmd
I am testing shadow __nano_module_6_diag_id_cc_failed
I am testing shadow __nano_module_6_diag_id_src_utf8
I am testing shadow __nano_module_6_diag_en
I am testing shadow __nano_module_7_walkdir
I am testing shadow __nano_module_7_canonical
I am testing shadow __nano_module_7_normalize
I am testing shadow __nano_module_7_join
I am testing shadow __nano_module_7_basename
I am testing shadow __nano_module_7_dirname
I am testing shadow __nano_module_7_relpath
I am testing shadow __nano_module_7_cwd
I am testing shadow __nano_module_7_glob_match_impl
I am testing shadow __nano_module_7_glob_match
I am testing shadow __nano_module_7_glob
I am testing shadow __nano_module_7_read
I am testing shadow __nano_module_7_write
I am testing shadow __nano_module_7_append
I am testing shadow __nano_module_7_exists
I am testing shadow __nano_module_7_delete
I am testing shadow __nano_module_7_mkdir_p
I am testing shadow __nano_module_7_copy_file
I am testing shadow __nano_module_7_copy_dir
I am testing shadow __nano_module_8_is_identifier_start
I am testing shadow __nano_module_8_is_identifier_char
I am testing shadow __nano_module_8_is_whitespace_char
I am testing shadow __nano_module_8_is_digit_char
I am testing shadow __nano_module_8_keyword_group1
I am testing shadow __nano_module_8_keyword_group2
I am testing shadow __nano_module_8_keyword_group3
I am testing shadow __nano_module_8_keyword_group4
I am testing shadow __nano_module_8_keyword_group5
I am testing shadow __nano_module_8_keyword_or_identifier
I am testing shadow __nano_module_8_push_tok
I am testing shadow __nano_module_8_process_string
I am testing shadow __nano_module_8_process_number
I am testing shadow __nano_module_8_process_grammar_body
I am testing shadow __nano_module_8_process_identifier
I am testing shadow __nano_module_8_process_identifier
I am testing shadow __nano_module_8_process_char_literal
I am testing shadow __nano_module_8_emit_fstring_part_tokens
I am testing shadow __nano_module_8_process_fstring
I am testing shadow __nano_module_8_tokenize_file
I am testing shadow __nano_module_8_tokenize_string
I am testing shadow token_count_checks
