I retain query artifacts at /tmp/nano-record-array-origins-9vuprq4h
test_complete_origin_and_allocation_controls (tests.test_record_array_origins.RecordArrayOrigins.test_complete_origin_and_allocation_controls) ... I begin copied facts
I begin alias/copy facts
I begin refusal boundaries
I begin call/global/join facts
I begin old-mode compatibility
I begin bounded accounting and recovery
PASS 787 record-array origin checks; no runtime admission
I begin copied facts
I begin alias/copy facts
I begin refusal boundaries
I begin call/global/join facts
I begin old-mode compatibility
I begin bounded accounting and recovery
I measured 40 allocation positions and 56546 peak payload bytes; every refusal recovered
PASS 1289 record-array origin checks; no runtime admission
ok

----------------------------------------------------------------------
Ran 1 test in 10.909s

OK
