Compiling /private/tmp/nanolang-file-service-parser-5a534/scripts/gen_compiler_schema.nano...
✓ Lexing complete (4128 tokens)
✓ Parsing complete
✓ Loaded 2 module(s)
✓ Type checking complete
[Modules] Processing 2 module(s)...
[Modules] Building C module 'std' (/private/tmp/nanolang-file-service-parser-5a534/modules/std)
[Modules] Also compiling nanolang parts of C module 'std'
✓ Generated module C code: obj/nano_modules/.nano-module-zxMBcW/source.c
Compiling module: /usr/bin/clang -std=c99 -I'/private/tmp/nanolang-file-service-parser-5a534'/src -I'/private/tmp/nanolang-file-service-parser-5a534'/modules/std -I'/private/tmp/nanolang-file-service-parser-5a534'/modules/std/collections -I'/private/tmp/nanolang-file-service-parser-5a534'/modules/std/json -I'/private/tmp/nanolang-file-service-parser-5a534'/modules/std/io -I'/private/tmp/nanolang-file-service-parser-5a534'/modules/std/math -I'/private/tmp/nanolang-file-service-parser-5a534'/modules/std/peg -I'/private/tmp/nanolang-file-service-parser-5a534'/modules/std/string -I'/private/tmp/nanolang-file-service-parser-5a534'/modules/sdl_helpers '-I/private/tmp/nanolang-file-service-parser-5a534/modules/std' -I/opt/homebrew/include/SDL2 -D_THREAD_SAFE  -c -o 'obj/nano_modules/.nano-module-zxMBcW/object.o' 'obj/nano_modules/.nano-module-zxMBcW/source.c'
✓ Compiled module to object file: obj/nano_modules/std_nano_fs.o
  C source kept at: obj/nano_modules/.nano-module-zxMBcW/source.c
[Modules] Building C module 'std_json' (/private/tmp/nanolang-file-service-parser-5a534/modules/std/json)
[Modules] Also compiling nanolang parts of C module 'std_json'
✓ Generated module C code: obj/nano_modules/.nano-module-UOpy7k/source.c
Compiling module: /usr/bin/clang -std=c99 -I'/private/tmp/nanolang-file-service-parser-5a534'/src -I'/private/tmp/nanolang-file-service-parser-5a534'/modules/std -I'/private/tmp/nanolang-file-service-parser-5a534'/modules/std/collections -I'/private/tmp/nanolang-file-service-parser-5a534'/modules/std/json -I'/private/tmp/nanolang-file-service-parser-5a534'/modules/std/io -I'/private/tmp/nanolang-file-service-parser-5a534'/modules/std/math -I'/private/tmp/nanolang-file-service-parser-5a534'/modules/std/peg -I'/private/tmp/nanolang-file-service-parser-5a534'/modules/std/string -I'/private/tmp/nanolang-file-service-parser-5a534'/modules/sdl_helpers '-I/private/tmp/nanolang-file-service-parser-5a534/modules/std/json' -I/opt/homebrew/include/SDL2 -D_THREAD_SAFE -Imodules/std/json -Isrc -c -o 'obj/nano_modules/.nano-module-UOpy7k/object.o' 'obj/nano_modules/.nano-module-UOpy7k/source.c'
✓ Compiled module to object file: obj/nano_modules/std_json_nano_json.o
  C source kept at: obj/nano_modules/.nano-module-UOpy7k/source.c
[Modules] ✓ Complete: 0 nanolang, 2 C, 0 FFI-only
[FFI] Loaded module 'std' from /private/tmp/nanolang-file-service-parser-5a534/modules/std/.build/.nano-gen-mdfQTl/libstd.dylib
[FFI] Loaded module 'std_json' from /private/tmp/nanolang-file-service-parser-5a534/modules/std/json/.build/.nano-gen-SSFNqI/libstd_json.dylib
✓ Shadow tests passed
Ensuring module ASTs are cached for declaration generation...
✓ Module ASTs cached
Transpiling to C...
✓ Transpilation complete (2932 lines of C, 144208 bytes)
✓ Generated C code: /private/tmp/nanolang-file-service-parser-5a534-puck/apple-ordinary/nano-file-service-parser-re615e6v/gen_compiler_schema-nanoc_c.c
Adding module include path: /private/tmp/nanolang-file-service-parser-5a534/modules/std
Adding module include path: /private/tmp/nanolang-file-service-parser-5a534/modules/std/json
Detected 36 generic list type(s): ASTArrayLiteral, ASTAssert, ASTBinaryOp, ASTBlock, ASTBool, ASTCall, ASTEnum, ASTFieldAccess, ASTFloat, ASTFor, ASTFunction, ASTIdentifier, ASTIf, ASTImport, ASTLet, ASTMatch, ASTModuleQualifiedCall, ASTNumber, ASTOpaqueType, ASTPrint, ASTReturn, ASTServiceDecl, ASTSet, ASTShadow, ASTStmtRef, ASTString, ASTStruct, ASTStructLiteral, ASTTupleIndex, ASTTupleLiteral, ASTUnion, ASTUnionConstruct, ASTUnsafeBlock, ASTWhile, CompilerDiagnostic, LexerToken
Compiling C code: /usr/bin/clang -std=c99 -Wall -Wextra -Werror -Wno-error=unused-function -Wno-error=unused-parameter -Wno-error=unused-variable -Wno-error=unused-but-set-variable -Wno-error=logical-not-parentheses -Wno-error=duplicate-decl-specifier     -I'/private/tmp/nanolang-file-service-parser-5a534/src' -I'/private/tmp/nanolang-file-service-parser-5a534/modules/std' -I'/private/tmp/nanolang-file-service-parser-5a534/modules/std/json' -Imodules/std/json -Isrc -I'/private/tmp/nanolang-file-service-parser-5a534-puck/apple-ordinary/nano-file-service-parser-re615e6v/gen_compiler_schema-nanoc_c-tmp'  -o '/private/tmp/nanolang-file-service-parser-5a534-puck/apple-ordinary/nano-file-service-parser-re615e6v/gen_compiler_schema-nanoc_c' '/private/tmp/nanolang-file-service-parser-5a534-puck/apple-ordinary/nano-file-service-parser-re615e6v/gen_compiler_schema-nanoc_c.c' 'obj/nano_modules/std_nano_fs.o' 'obj/nano_modules/std_json_nano_json.o' /private/tmp/nanolang-file-service-parser-5a534/modules/std/.build/.nano-gen-mdfQTl/std.o /private/tmp/nanolang-file-service-parser-5a534/modules/std/json/.build/.nano-gen-SSFNqI/std_json.o  '/private/tmp/nanolang-file-service-parser-5a534/src/runtime/list_int.c' '/private/tmp/nanolang-file-service-parser-5a534/src/runtime/list_string.c' '/private/tmp/nanolang-file-service-parser-5a534/src/runtime/list_LexerToken.c' '/private/tmp/nanolang-file-service-parser-5a534/src/runtime/list_token.c' '/private/tmp/nanolang-file-service-parser-5a534/src/runtime/list_CompilerDiagnostic.c' '/private/tmp/nanolang-file-service-parser-5a534/src/runtime/list_CompilerSourceLocation.c' '/private/tmp/nanolang-file-service-parser-5a534/src/runtime/list_ASTNumber.c' '/private/tmp/nanolang-file-service-parser-5a534/src/runtime/list_ASTFloat.c' '/private/tmp/nanolang-file-service-parser-5a534/src/runtime/list_ASTString.c' '/private/tmp/nanolang-file-service-parser-5a534/src/runtime/list_ASTBool.c' '/private/tmp/nanolang-file-service-parser-5a534/src/runtime/list_ASTIdentifier.c' '/private/tmp/nanolang-file-service-parser-5a534/src/runtime/list_ASTBinaryOp.c' '/private/tmp/nanolang-file-service-parser-5a534/src/runtime/list_ASTCall.c' '/private/tmp/nanolang-file-service-parser-5a534/src/runtime/list_ASTModuleQualifiedCall.c' '/private/tmp/nanolang-file-service-parser-5a534/src/runtime/list_ASTArrayLiteral.c' '/private/tmp/nanolang-file-service-parser-5a534/src/runtime/list_ASTLet.c' '/private/tmp/nanolang-file-service-parser-5a534/src/runtime/list_ASTSet.c' '/private/tmp/nanolang-file-service-parser-5a534/src/runtime/list_ASTStmtRef.c' '/private/tmp/nanolang-file-service-parser-5a534/src/runtime/list_ASTIf.c' '/private/tmp/nanolang-file-service-parser-5a534/src/runtime/list_ASTWhile.c' '/private/tmp/nanolang-file-service-parser-5a534/src/runtime/list_ASTFor.c' '/private/tmp/nanolang-file-service-parser-5a534/src/runtime/list_ASTReturn.c' '/private/tmp/nanolang-file-service-parser-5a534/src/runtime/list_ASTBlock.c' '/private/tmp/nanolang-file-service-parser-5a534/src/runtime/list_ASTUnsafeBlock.c' '/private/tmp/nanolang-file-service-parser-5a534/src/runtime/list_ASTPrint.c' '/private/tmp/nanolang-file-service-parser-5a534/src/runtime/list_ASTAssert.c' '/private/tmp/nanolang-file-service-parser-5a534/src/runtime/list_ASTFunction.c' '/private/tmp/nanolang-file-service-parser-5a534/src/runtime/list_ASTShadow.c' '/private/tmp/nanolang-file-service-parser-5a534/src/runtime/list_ASTStruct.c' '/private/tmp/nanolang-file-service-parser-5a534/src/runtime/list_ASTStructLiteral.c' '/private/tmp/nanolang-file-service-parser-5a534/src/runtime/list_ASTFieldAccess.c' '/private/tmp/nanolang-file-service-parser-5a534/src/runtime/list_ASTEnum.c' '/private/tmp/nanolang-file-service-parser-5a534/src/runtime/list_ASTUnion.c' '/private/tmp/nanolang-file-service-parser-5a534/src/runtime/list_ASTUnionConstruct.c' '/private/tmp/nanolang-file-service-parser-5a534/src/runtime/list_ASTMatch.c' '/private/tmp/nanolang-file-service-parser-5a534/src/runtime/list_ASTImport.c' '/private/tmp/nanolang-file-service-parser-5a534/src/runtime/list_ASTOpaqueType.c' '/private/tmp/nanolang-file-service-parser-5a534/src/runtime/list_ASTServiceDecl.c' '/private/tmp/nanolang-file-service-parser-5a534/src/runtime/list_ASTTupleLiteral.c' '/private/tmp/nanolang-file-service-parser-5a534/src/runtime/list_ASTTupleIndex.c' '/private/tmp/nanolang-file-service-parser-5a534/src/runtime/token_helpers.c' '/private/tmp/nanolang-file-service-parser-5a534/src/runtime/gc.c' '/private/tmp/nanolang-file-service-parser-5a534/src/runtime/effect_runtime.c' '/private/tmp/nanolang-file-service-parser-5a534/src/runtime/dyn_array.c' '/private/tmp/nanolang-file-service-parser-5a534/src/runtime/gc_struct.c' '/private/tmp/nanolang-file-service-parser-5a534/src/runtime/nl_string.c' '/private/tmp/nanolang-file-service-parser-5a534/src/runtime/cli.c' '/private/tmp/nanolang-file-service-parser-5a534/src/runtime/regex.c' '/private/tmp/nanolang-file-service-parser-5a534/src/utf8.c' '/private/tmp/nanolang-file-service-parser-5a534/src/coroutine.c'  -lm
✓ Compilation successful: /private/tmp/nanolang-file-service-parser-5a534-puck/apple-ordinary/nano-file-service-parser-re615e6v/gen_compiler_schema-nanoc_c
