test_allocation_failure_unwinds_callee_and_preserves_global_owner (tests.test_llvm_managed_strings.ManagedStrings) ... ok
test_callee_errors_unwind_all_frames_and_preserve_prior_global_writes (tests.test_llvm_managed_strings.ManagedStrings) ... ok
test_content_aliases_branches_loop_and_nested_calls (tests.test_llvm_managed_strings.ManagedStrings) ... ok
test_dynamic_return_tag_errors_clean_explicit_and_implicit_frames (tests.test_llvm_managed_strings.ManagedStrings) ... ok
test_failed_initializer_cleans_locals_and_preserves_committed_global (tests.test_llvm_managed_strings.ManagedStrings) ... ok
test_global_ownership_reentry_initializer_and_terminal_disposal (tests.test_llvm_managed_strings.ManagedStrings) ... ok
test_managed_profile_preserves_numeric_tags_and_total_boundaries (tests.test_llvm_managed_strings.ManagedStrings) ... ok
test_native_byte_and_descriptor_allocation_failure_are_recoverable (tests.test_llvm_managed_strings.ManagedStrings) ... ok
test_substring_allocation_failure_and_type_error_cleanup (tests.test_llvm_managed_strings.ManagedStrings) ... ok
test_substring_bytes_indices_aliases_and_reentry (tests.test_llvm_managed_strings.ManagedStrings) ... ok
test_unsupported_array_shape_and_reserved_entry_refusals_preserve_output (tests.test_llvm_managed_strings.ManagedStrings) ... ok
test_wasm_memory_cap_failure_cleans_frames_and_reuses_storage (tests.test_llvm_managed_strings.ManagedStrings) ... ok
test_allocation_failures_cleanup_and_reuse (tests.test_llvm_managed_mutable_arrays.MutableArrays) ... ok
test_boxed_leaf_aliases_calls_and_split_mutation (tests.test_llvm_managed_mutable_arrays.MutableArrays) ... ok
test_checked_errors_release_frames_and_preserve_alias_writes (tests.test_llvm_managed_mutable_arrays.MutableArrays) ... ok
test_packed_matrix_optional_results_and_growth (tests.test_llvm_managed_mutable_arrays.MutableArrays) ... ok
test_prepared_split_set_requires_no_allocation (tests.test_llvm_managed_mutable_arrays.MutableArrays) ... ok
test_reentry_global_and_initializer_order (tests.test_llvm_managed_mutable_arrays.MutableArrays) ... ok
test_unsupported_shapes_and_transfers_preserve_output (tests.test_llvm_managed_mutable_arrays.MutableArrays) ... ok
test_bit_patterns_survive_managed_frames (tests.test_managed_binary64_bits.ManagedBinary64Bits) ... ok
test_emitted_formatting_matches_vm_and_reference (tests.test_managed_binary64_format.Binary64Format) ... ok
test_float_format_allocation_failure_recovers (tests.test_managed_binary64_format.Binary64Format) ... ok
test_portable_core_matches_2077_reference_values (tests.test_managed_binary64_format.Binary64Format) ... ok

----------------------------------------------------------------------
Ran 23 tests in 43.448s

OK
