test_calls_loops_branch_effects_and_bool_transport (tests.test_nvm2llvm.ScalarLLVM) ... ok
test_count_only_nominal_metadata_refused (tests.test_nvm2llvm.ScalarLLVM) ... ok
test_existing_predicate_and_unused_array_signature (tests.test_nvm2llvm.ScalarLLVM) ... ok
test_integer_boundaries (tests.test_nvm2llvm.ScalarLLVM) ... ok
test_nonzero_arity_initializer_refused (tests.test_nvm2llvm.ScalarLLVM) ... ok
test_recursive_call_and_stack_join (tests.test_nvm2llvm.ScalarLLVM) ... ok
test_refused_profile_preserves_output (tests.test_nvm2llvm.ScalarLLVM) ... ok
test_runtime_declared_result_tag (tests.test_nvm2llvm.ScalarLLVM) ... ok
test_runtime_tag_preserved_across_call (tests.test_nvm2llvm.ScalarLLVM) ... ok
test_scalar_tags_boolean_ops_and_argument_order (tests.test_nvm2llvm.ScalarLLVM) ... ok
test_unused_import_refused (tests.test_nvm2llvm.ScalarLLVM) ... ok
test_verified_implicit_entry (tests.test_nvm2llvm.ScalarLLVM) ... ok
test_arithmetic_comparisons_and_nan (tests.test_nvm2llvm_floats.LLVMFloats) ... ok
test_checked_integer_and_float_conversions (tests.test_nvm2llvm_floats.LLVMFloats) ... ok
test_float_calls_locals_joins_truthiness_and_signed_zero (tests.test_nvm2llvm_floats.LLVMFloats) ... ok
test_float_entry_is_outside_executable_contract (tests.test_nvm2llvm_floats.LLVMFloats) ... ok
test_invalid_float_to_int_traps_before_conversion (tests.test_nvm2llvm_floats.LLVMFloats) ... ok
test_calls_loops_branch_effects_and_bool_transport (tests.test_nvm2wasm.ScalarWasm) ... ok
test_checked_float_conversions (tests.test_nvm2wasm.ScalarWasm) ... ok
test_existing_predicate_and_unused_array_signature (tests.test_nvm2wasm.ScalarWasm) ... ok
test_float_arithmetic_comparisons_and_nan (tests.test_nvm2wasm.ScalarWasm) ... ok
test_float_calls_locals_joins_truthiness_and_signed_zero (tests.test_nvm2wasm.ScalarWasm) ... ok
test_integer_boundaries (tests.test_nvm2wasm.ScalarWasm) ... ok
test_invalid_float_to_int_traps (tests.test_nvm2wasm.ScalarWasm) ... ok
test_output_and_source_preservation (tests.test_nvm2wasm.ScalarWasm) ... ok
test_recursive_call_and_stack_join (tests.test_nvm2wasm.ScalarWasm) ... ok
test_scalar_entry_result_and_custom_name (tests.test_nvm2wasm.ScalarWasm) ... ok
test_scalar_tags_boolean_ops_and_argument_order (tests.test_nvm2wasm.ScalarWasm) ... ok
test_shared_profile_refusals_preserve_output (tests.test_nvm2wasm.ScalarWasm) ... ok
test_calls_locals_branch_and_implicit_result_transport (tests.test_scalar_u8.ScalarU8) ... ok
test_declared_byte_argument_retains_runtime_tag_guard (tests.test_scalar_u8.ScalarU8) ... ok
test_declared_byte_result_checks_actual_return_tag (tests.test_scalar_u8.ScalarU8) ... ok
test_exact_conversions_tags_and_unsigned_order (tests.test_scalar_u8.ScalarU8) ... ok
test_generic_byte_order_across_scalar_backends (tests.test_scalar_u8.ScalarU8) ... ok
test_native_byte_display_and_unused_signature (tests.test_scalar_u8.ScalarU8) ... ok
test_typed_integer_instruction_still_checks_byte_tag (tests.test_scalar_u8.ScalarU8) ... ok

----------------------------------------------------------------------
Ran 36 tests in 22.568s

OK
