python3 scripts/embed_binary64_parser.py --check
MIXED_LINK_OBJECTS="obj/nanoisa/service_bindings.o obj/nanoisa/service_bindings_module.o obj/nanoisa/mixed_float_proof.o obj/nanoisa/managed_array_shapes.o obj/nanoisa/local_bindings.o obj/nanoisa/affine_bytecode.o obj/nanoisa/affine_state.o obj/nanoisa/ownership_contracts.o obj/nanoisa/reference_places.o obj/nanoisa/passive.o obj/nanoisa/isa.o obj/nanoisa/verifier_types.o obj/nanoisa/nvm_format.o obj/nanoisa/nvm_format_v2.o obj/nanoisa/nvm_v2_constants.o obj/nanoisa/nvm_v2_signatures.o obj/nanoisa/nvm_v2_functions.o obj/nanoisa/nvm_v2_imports.o obj/nanoisa/nvm_v2_module.o obj/nanoisa/nvm_v2_convert.o obj/nanoisa/assembler.o obj/nanoisa/disassembler.o obj/nanoisa/verifier.o obj/nanoisa/nvm2c.o obj/nanoisa/nvm2c_shape.o obj/nanoisa/frontend.o obj/nanoisa/nanoisa_facade.o obj/nanovm/vm_decode.o obj/nanovm/vm_dispatch.o obj/nsi_file_plan.o obj/utf8.o" python3 -m unittest -v tests.test_mixed_layout_view
MIXED_PROOF_LINK_OBJECTS="obj/nanoisa/service_bindings.o obj/nanoisa/service_bindings_module.o obj/nanoisa/managed_array_shapes.o obj/nanoisa/local_bindings.o obj/nanoisa/affine_bytecode.o obj/nanoisa/affine_state.o obj/nanoisa/ownership_contracts.o obj/nanoisa/reference_places.o obj/nanoisa/passive.o obj/nanoisa/isa.o obj/nanoisa/verifier_types.o obj/nanoisa/nvm_format.o obj/nanoisa/nvm_format_v2.o obj/nanoisa/nvm_v2_constants.o obj/nanoisa/nvm_v2_signatures.o obj/nanoisa/nvm_v2_functions.o obj/nanoisa/nvm_v2_imports.o obj/nanoisa/nvm_v2_module.o obj/nanoisa/nvm_v2_convert.o obj/nanoisa/assembler.o obj/nanoisa/disassembler.o obj/nanoisa/verifier.o obj/nanoisa/nvm2c.o obj/nanoisa/nvm2c_shape.o obj/nanoisa/frontend.o obj/nanoisa/nanoisa_facade.o obj/nanovm/vm_decode.o obj/nanovm/vm_dispatch.o obj/nsi_file_plan.o obj/utf8.o" python3 -m unittest -v tests.test_mixed_float_proof
test_descriptions_and_failure_atomicity (tests.test_mixed_layout_view.MixedLayoutView.test_descriptions_and_failure_atomicity) ... test_closed_shape_and_atomicity (tests.test_mixed_float_proof.MixedFloatProof.test_closed_shape_and_atomicity) ... ok

----------------------------------------------------------------------
Ran 1 test in 0.274s

OK
138 mixed descriptor checks passed; no module execution
MIXED_SAMPLES_LINK_OBJECTS="obj/nanoisa/service_bindings.o obj/nanoisa/service_bindings_module.o obj/nanoisa/managed_array_shapes.o obj/nanoisa/local_bindings.o obj/nanoisa/affine_bytecode.o obj/nanoisa/ownership_contracts.o obj/nanoisa/reference_places.o obj/nanoisa/passive.o obj/nanoisa/isa.o obj/nanoisa/verifier_types.o obj/nanoisa/nvm_format.o obj/nanoisa/nvm_format_v2.o obj/nanoisa/nvm_v2_constants.o obj/nanoisa/nvm_v2_signatures.o obj/nanoisa/nvm_v2_functions.o obj/nanoisa/nvm_v2_imports.o obj/nanoisa/nvm_v2_module.o obj/nanoisa/nvm_v2_convert.o obj/nanoisa/assembler.o obj/nanoisa/disassembler.o obj/nanoisa/verifier.o obj/nanoisa/nvm2c.o obj/nanoisa/nvm2c_shape.o obj/nanoisa/frontend.o obj/nanoisa/nanoisa_facade.o obj/nanovm/vm_decode.o obj/nanovm/vm_dispatch.o obj/nsi_file_plan.o obj/utf8.o" MIXED_SAMPLES_LDFLAGS="-lm -lcrypto -lffi  -rdynamic" python3 -m unittest -v tests.test_mixed_samples
test_private_composition_and_atomicity (tests.test_mixed_samples.MixedSamples.test_private_composition_and_atomicity) ... ok

----------------------------------------------------------------------
Ran 1 test in 0.468s

OK
339 mixed FLOAT proof checks passed; no pending module execution
cc -Wall -Wextra -Werror -std=c99 -g -O3 -ftree-vectorize -fPIC -Isrc -D_GNU_SOURCE  -Isrc/nanoisa -Dmalloc=mixed_admit_malloc -Dcalloc=mixed_admit_calloc -c src/nanoisa/verifier.c -o obj/test_mixed_samples_verifier.o
cc -Wall -Wextra -Werror -std=c99 -g -O3 -ftree-vectorize -fPIC -Isrc -D_GNU_SOURCE  -Isrc/nanoisa -o obj/test_mixed_samples_admission tests/nanoisa/test_mixed_samples_admission.c obj/test_mixed_samples_verifier.o obj/nanovm/value.o obj/nanovm/heap.o obj/nanovm/heap_cycles.o obj/nanovm/vm.o obj/nanovm/vm_callback.o obj/nanovm/vm_ffi.o obj/nanovm/vm_builtins.o obj/nanovm/cop_protocol.o obj/nanovm/vm_ffi_arrays.o obj/runtime/callback_runtime.o obj/nanoisa/service_bindings.o obj/nanoisa/service_bindings_module.o obj/nanoisa/mixed_float_proof.o obj/nanoisa/managed_array_shapes.o obj/nanoisa/local_bindings.o obj/nanoisa/affine_bytecode.o obj/nanoisa/affine_state.o obj/nanoisa/ownership_contracts.o obj/nanoisa/retained_layouts.o obj/nanoisa/reference_places.o obj/nanoisa/passive.o obj/nanoisa/isa.o obj/nanoisa/verifier_types.o obj/nanoisa/nvm_format.o obj/nanoisa/nvm_format_v2.o obj/nanoisa/nvm_v2_cursor.o obj/nanoisa/nvm_v2_constants.o obj/nanoisa/nvm_v2_signatures.o obj/nanoisa/nvm_v2_layouts.o obj/nanoisa/nvm_v2_functions.o obj/nanoisa/nvm_v2_imports.o obj/nanoisa/nvm_v2_module.o obj/nanoisa/nvm_v2_convert.o obj/nanoisa/assembler.o obj/nanoisa/disassembler.o obj/nanoisa/nvm2c.o obj/nanoisa/nvm2c_shape.o obj/nanoisa/frontend.o obj/nanoisa/nanoisa_facade.o obj/nanovm/vm_decode.o obj/nanovm/vm_dispatch.o obj/nsi_file_plan.o obj/lexer.o obj/parser.o obj/typechecker.o obj/transpiler.o obj/stdlib_runtime.o obj/env.o obj/builtins_registry.o obj/module.o obj/module_metadata.o obj/cJSON.o obj/toon_output.o obj/module_builder.o obj/resource_tracking.o obj/eval.o obj/eval/eval_hashmap.o obj/eval/eval_math.o obj/eval/eval_string.o obj/eval/eval_io.o obj/interpreter_ffi.o obj/json_diagnostics.o obj/reflection.o obj/nanocore_subset.o obj/nanocore_export.o obj/emit_typed_ast.o obj/type_infer.o obj/effects.o obj/fold_constants.o obj/dce_pass.o obj/par_let_pass.o obj/ptx_backend.o obj/opencl_backend.o obj/tco_pass.o obj/cps_pass.o obj/coroutine.o obj/pgo_pass.o obj/c_backend.o obj/bench.o obj/bench_native.o obj/riscv_backend.o obj/dwarf_info.o obj/docgen_md.o obj/docgen.o obj/fmt.o obj/channel.o obj/bcp47.o obj/locale.o obj/utf8.o obj/diag_id.o obj/catalog.o obj/resource_flow.o obj/nominal_types.o obj/runtime/list_int.o obj/runtime/list_string.o obj/runtime/list_LexerToken.o obj/runtime/list_token.o obj/runtime/list_CompilerDiagnostic.o obj/runtime/list_CompilerSourceLocation.o obj/runtime/list_ASTNumber.o obj/runtime/list_ASTFloat.o obj/runtime/list_ASTString.o obj/runtime/list_ASTBool.o obj/runtime/list_ASTIdentifier.o obj/runtime/list_ASTBinaryOp.o obj/runtime/list_ASTCall.o obj/runtime/list_ASTModuleQualifiedCall.o obj/runtime/list_ASTArrayLiteral.o obj/runtime/list_ASTLet.o obj/runtime/list_ASTSet.o obj/runtime/list_ASTStmtRef.o obj/runtime/list_ASTIf.o obj/runtime/list_ASTWhile.o obj/runtime/list_ASTFor.o obj/runtime/list_ASTReturn.o obj/runtime/list_ASTBlock.o obj/runtime/list_ASTUnsafeBlock.o obj/runtime/list_ASTPrint.o obj/runtime/list_ASTAssert.o obj/runtime/list_ASTFunction.o obj/runtime/list_ASTShadow.o obj/runtime/list_ASTStruct.o obj/runtime/list_ASTStructLiteral.o obj/runtime/list_ASTFieldAccess.o obj/runtime/list_ASTEnum.o obj/runtime/list_ASTUnion.o obj/runtime/list_ASTUnionConstruct.o obj/runtime/list_ASTMatch.o obj/runtime/list_ASTImport.o obj/runtime/list_ASTOpaqueType.o obj/runtime/list_ASTTupleLiteral.o obj/runtime/list_ASTTupleIndex.o obj/runtime/token_helpers.o obj/runtime/gc.o obj/runtime/effect_runtime.o obj/runtime/dyn_array.o obj/runtime/gc_struct.o obj/runtime/nl_string.o obj/runtime/ffi_loader.o obj/runtime/module_build_dir.o obj/runtime/cli.o obj/runtime/regex.o -lm -lcrypto -lffi  -rdynamic
./obj/test_mixed_samples_admission
mixed graph allocated=2 baseline=2 nodes=0 buffered=0
mixed graph allocated=4 baseline=2 nodes=2 buffered=2
mixed graph node=0 kind=8 refs=0 incoming=0
mixed graph node=1 kind=7 refs=1 incoming=1
mixed graph allocated=2 baseline=2 nodes=0 buffered=0
mixed graph allocated=4 baseline=2 nodes=2 buffered=2
mixed graph node=0 kind=8 refs=0 incoming=0
mixed graph node=1 kind=7 refs=1 incoming=1
mixed graph allocated=2 baseline=2 nodes=0 buffered=0
mixed graph allocated=4 baseline=2 nodes=2 buffered=2
mixed graph node=0 kind=8 refs=0 incoming=0
mixed graph node=1 kind=7 refs=1 incoming=1
mixed graph allocated=2 baseline=2 nodes=0 buffered=0
mixed graph allocated=4 baseline=2 nodes=2 buffered=2
mixed graph node=0 kind=8 refs=0 incoming=0
mixed graph node=1 kind=7 refs=1 incoming=1
127 mixed admission allocation/output checks passed
cc -Wall -Wextra -Werror -std=c99 -g -O3 -ftree-vectorize -fPIC -Isrc -D_GNU_SOURCE  -o bin/nano_vm obj/nanovm/value.o obj/nanovm/heap.o obj/nanovm/heap_cycles.o obj/nanovm/vm.o obj/nanovm/vm_callback.o obj/nanovm/vm_ffi.o obj/nanovm/vm_builtins.o obj/nanovm/cop_protocol.o obj/nanovm/vm_ffi_arrays.o obj/runtime/callback_runtime.o obj/nanoisa/service_bindings.o obj/nanoisa/service_bindings_module.o obj/nanoisa/mixed_float_proof.o obj/nanoisa/managed_array_shapes.o obj/nanoisa/local_bindings.o obj/nanoisa/affine_bytecode.o obj/nanoisa/affine_state.o obj/nanoisa/ownership_contracts.o obj/nanoisa/retained_layouts.o obj/nanoisa/reference_places.o obj/nanoisa/passive.o obj/nanoisa/isa.o obj/nanoisa/verifier_types.o obj/nanoisa/nvm_format.o obj/nanoisa/nvm_format_v2.o obj/nanoisa/nvm_v2_cursor.o obj/nanoisa/nvm_v2_constants.o obj/nanoisa/nvm_v2_signatures.o obj/nanoisa/nvm_v2_layouts.o obj/nanoisa/nvm_v2_functions.o obj/nanoisa/nvm_v2_imports.o obj/nanoisa/nvm_v2_module.o obj/nanoisa/nvm_v2_convert.o obj/nanoisa/assembler.o obj/nanoisa/disassembler.o obj/nanoisa/verifier.o obj/nanoisa/nvm2c.o obj/nanoisa/nvm2c_shape.o obj/nanoisa/frontend.o obj/nanoisa/nanoisa_facade.o obj/nanovm/vm_decode.o obj/nanovm/vm_dispatch.o obj/nsi_file_plan.o obj/lexer.o obj/parser.o obj/typechecker.o obj/transpiler.o obj/stdlib_runtime.o obj/env.o obj/builtins_registry.o obj/module.o obj/module_metadata.o obj/cJSON.o obj/toon_output.o obj/module_builder.o obj/resource_tracking.o obj/eval.o obj/eval/eval_hashmap.o obj/eval/eval_math.o obj/eval/eval_string.o obj/eval/eval_io.o obj/interpreter_ffi.o obj/json_diagnostics.o obj/reflection.o obj/nanocore_subset.o obj/nanocore_export.o obj/emit_typed_ast.o obj/type_infer.o obj/effects.o obj/fold_constants.o obj/dce_pass.o obj/par_let_pass.o obj/ptx_backend.o obj/opencl_backend.o obj/tco_pass.o obj/cps_pass.o obj/coroutine.o obj/pgo_pass.o obj/c_backend.o obj/bench.o obj/bench_native.o obj/riscv_backend.o obj/dwarf_info.o obj/docgen_md.o obj/docgen.o obj/fmt.o obj/channel.o obj/bcp47.o obj/locale.o obj/utf8.o obj/diag_id.o obj/catalog.o obj/resource_flow.o obj/nominal_types.o obj/runtime/list_int.o obj/runtime/list_string.o obj/runtime/list_LexerToken.o obj/runtime/list_token.o obj/runtime/list_CompilerDiagnostic.o obj/runtime/list_CompilerSourceLocation.o obj/runtime/list_ASTNumber.o obj/runtime/list_ASTFloat.o obj/runtime/list_ASTString.o obj/runtime/list_ASTBool.o obj/runtime/list_ASTIdentifier.o obj/runtime/list_ASTBinaryOp.o obj/runtime/list_ASTCall.o obj/runtime/list_ASTModuleQualifiedCall.o obj/runtime/list_ASTArrayLiteral.o obj/runtime/list_ASTLet.o obj/runtime/list_ASTSet.o obj/runtime/list_ASTStmtRef.o obj/runtime/list_ASTIf.o obj/runtime/list_ASTWhile.o obj/runtime/list_ASTFor.o obj/runtime/list_ASTReturn.o obj/runtime/list_ASTBlock.o obj/runtime/list_ASTUnsafeBlock.o obj/runtime/list_ASTPrint.o obj/runtime/list_ASTAssert.o obj/runtime/list_ASTFunction.o obj/runtime/list_ASTShadow.o obj/runtime/list_ASTStruct.o obj/runtime/list_ASTStructLiteral.o obj/runtime/list_ASTFieldAccess.o obj/runtime/list_ASTEnum.o obj/runtime/list_ASTUnion.o obj/runtime/list_ASTUnionConstruct.o obj/runtime/list_ASTMatch.o obj/runtime/list_ASTImport.o obj/runtime/list_ASTOpaqueType.o obj/runtime/list_ASTTupleLiteral.o obj/runtime/list_ASTTupleIndex.o obj/runtime/token_helpers.o obj/runtime/gc.o obj/runtime/effect_runtime.o obj/runtime/dyn_array.o obj/runtime/gc_struct.o obj/runtime/nl_string.o obj/runtime/ffi_loader.o obj/runtime/module_build_dir.o obj/runtime/cli.o obj/runtime/regex.o \
	obj/nanovm/vmd_protocol.o obj/nanovm/vmd_client.o \
	obj/nanovm/main.o -lm -lcrypto -lffi  -rdynamic -rdynamic
ok

----------------------------------------------------------------------
Ran 1 test in 0.994s

OK
I retain both selected shadows in one synthetic entry graph and repeated-site alternatives.
I check complete mixed shape, independent consumption and allocation failures.
I swept all query allocation budgets through first success320; Facts/frame489, layout-decode15, shape30, view2 failures.
I preserve operand-specific FLOAT-or-VOID and generic equality obligations.
I check independent owner exits and reordered observations.
I check zero-iteration initialization, full receivers and lower-index callees.
112482 mixed Samples composition checks passed; no pending module execution
cc -Wall -Wextra -Werror -std=c99 -g -O3 -ftree-vectorize -fPIC -Isrc -D_GNU_SOURCE  -o bin/nvm2c obj/nanoisa/nvm2c_main.o obj/nanoisa/service_bindings.o obj/nanoisa/service_bindings_module.o obj/nanoisa/mixed_float_proof.o obj/nanoisa/managed_array_shapes.o obj/nanoisa/local_bindings.o obj/nanoisa/affine_bytecode.o obj/nanoisa/affine_state.o obj/nanoisa/ownership_contracts.o obj/nanoisa/retained_layouts.o obj/nanoisa/reference_places.o obj/nanoisa/passive.o obj/nanoisa/isa.o obj/nanoisa/verifier_types.o obj/nanoisa/nvm_format.o obj/nanoisa/nvm_format_v2.o obj/nanoisa/nvm_v2_cursor.o obj/nanoisa/nvm_v2_constants.o obj/nanoisa/nvm_v2_signatures.o obj/nanoisa/nvm_v2_layouts.o obj/nanoisa/nvm_v2_functions.o obj/nanoisa/nvm_v2_imports.o obj/nanoisa/nvm_v2_module.o obj/nanoisa/nvm_v2_convert.o obj/nanoisa/assembler.o obj/nanoisa/disassembler.o obj/nanoisa/verifier.o obj/nanoisa/nvm2c.o obj/nanoisa/nvm2c_shape.o obj/nanoisa/frontend.o obj/nanoisa/nanoisa_facade.o obj/nanovm/vm_decode.o obj/nanovm/vm_dispatch.o obj/nsi_file_plan.o obj/utf8.o -lm -lcrypto -lffi  -rdynamic
cc -Wall -Wextra -Werror -std=c99 -g -O3 -ftree-vectorize -fPIC -Isrc -D_GNU_SOURCE  -Isrc/nanoisa -o obj/test_mixed_samples_runtime tests/nanoisa/test_mixed_samples_runtime.c obj/nanovm/value.o obj/nanovm/heap.o obj/nanovm/heap_cycles.o obj/nanovm/vm.o obj/nanovm/vm_callback.o obj/nanovm/vm_ffi.o obj/nanovm/vm_builtins.o obj/nanovm/cop_protocol.o obj/nanovm/vm_ffi_arrays.o obj/runtime/callback_runtime.o obj/nanoisa/service_bindings.o obj/nanoisa/service_bindings_module.o obj/nanoisa/mixed_float_proof.o obj/nanoisa/managed_array_shapes.o obj/nanoisa/local_bindings.o obj/nanoisa/affine_bytecode.o obj/nanoisa/affine_state.o obj/nanoisa/ownership_contracts.o obj/nanoisa/retained_layouts.o obj/nanoisa/reference_places.o obj/nanoisa/passive.o obj/nanoisa/isa.o obj/nanoisa/verifier_types.o obj/nanoisa/nvm_format.o obj/nanoisa/nvm_format_v2.o obj/nanoisa/nvm_v2_cursor.o obj/nanoisa/nvm_v2_constants.o obj/nanoisa/nvm_v2_signatures.o obj/nanoisa/nvm_v2_layouts.o obj/nanoisa/nvm_v2_functions.o obj/nanoisa/nvm_v2_imports.o obj/nanoisa/nvm_v2_module.o obj/nanoisa/nvm_v2_convert.o obj/nanoisa/assembler.o obj/nanoisa/disassembler.o obj/nanoisa/verifier.o obj/nanoisa/nvm2c.o obj/nanoisa/nvm2c_shape.o obj/nanoisa/frontend.o obj/nanoisa/nanoisa_facade.o obj/nanovm/vm_decode.o obj/nanovm/vm_dispatch.o obj/nsi_file_plan.o obj/lexer.o obj/parser.o obj/typechecker.o obj/transpiler.o obj/stdlib_runtime.o obj/env.o obj/builtins_registry.o obj/module.o obj/module_metadata.o obj/cJSON.o obj/toon_output.o obj/module_builder.o obj/resource_tracking.o obj/eval.o obj/eval/eval_hashmap.o obj/eval/eval_math.o obj/eval/eval_string.o obj/eval/eval_io.o obj/interpreter_ffi.o obj/json_diagnostics.o obj/reflection.o obj/nanocore_subset.o obj/nanocore_export.o obj/emit_typed_ast.o obj/type_infer.o obj/effects.o obj/fold_constants.o obj/dce_pass.o obj/par_let_pass.o obj/ptx_backend.o obj/opencl_backend.o obj/tco_pass.o obj/cps_pass.o obj/coroutine.o obj/pgo_pass.o obj/c_backend.o obj/bench.o obj/bench_native.o obj/riscv_backend.o obj/dwarf_info.o obj/docgen_md.o obj/docgen.o obj/fmt.o obj/channel.o obj/bcp47.o obj/locale.o obj/utf8.o obj/diag_id.o obj/catalog.o obj/resource_flow.o obj/nominal_types.o obj/runtime/list_int.o obj/runtime/list_string.o obj/runtime/list_LexerToken.o obj/runtime/list_token.o obj/runtime/list_CompilerDiagnostic.o obj/runtime/list_CompilerSourceLocation.o obj/runtime/list_ASTNumber.o obj/runtime/list_ASTFloat.o obj/runtime/list_ASTString.o obj/runtime/list_ASTBool.o obj/runtime/list_ASTIdentifier.o obj/runtime/list_ASTBinaryOp.o obj/runtime/list_ASTCall.o obj/runtime/list_ASTModuleQualifiedCall.o obj/runtime/list_ASTArrayLiteral.o obj/runtime/list_ASTLet.o obj/runtime/list_ASTSet.o obj/runtime/list_ASTStmtRef.o obj/runtime/list_ASTIf.o obj/runtime/list_ASTWhile.o obj/runtime/list_ASTFor.o obj/runtime/list_ASTReturn.o obj/runtime/list_ASTBlock.o obj/runtime/list_ASTUnsafeBlock.o obj/runtime/list_ASTPrint.o obj/runtime/list_ASTAssert.o obj/runtime/list_ASTFunction.o obj/runtime/list_ASTShadow.o obj/runtime/list_ASTStruct.o obj/runtime/list_ASTStructLiteral.o obj/runtime/list_ASTFieldAccess.o obj/runtime/list_ASTEnum.o obj/runtime/list_ASTUnion.o obj/runtime/list_ASTUnionConstruct.o obj/runtime/list_ASTMatch.o obj/runtime/list_ASTImport.o obj/runtime/list_ASTOpaqueType.o obj/runtime/list_ASTTupleLiteral.o obj/runtime/list_ASTTupleIndex.o obj/runtime/token_helpers.o obj/runtime/gc.o obj/runtime/effect_runtime.o obj/runtime/dyn_array.o obj/runtime/gc_struct.o obj/runtime/nl_string.o obj/runtime/ffi_loader.o obj/runtime/module_build_dir.o obj/runtime/cli.o obj/runtime/regex.o -lm -lcrypto -lffi  -rdynamic
python3 -m unittest -fv tests.test_mixed_samples_runtime
test_vm_native_lifecycle_and_allocations (tests.test_mixed_samples_runtime.MixedSamplesRuntime.test_vm_native_lifecycle_and_allocations) ... ok

----------------------------------------------------------------------
Ran 1 test in 33.069s

OK
case 0 0 0
case 1 3 0
case 2 3 0
case 3 3 0
case 4 2 0
case 5 0 0
case 6 0 0
case 7 0 0
case 8 2 0
case 9 0 0
case 10 0 0
case 11 0 0
2006 mixed runtime lifecycle checks passed
case=0 optimization=-O0
mixed native fault=1 attempts=1 status=1 live=0
mixed native fault=2 attempts=2 status=1 live=0
mixed native fault=3 attempts=3 status=1 live=0
mixed native fault=4 attempts=4 status=1 live=0
mixed native fault=5 attempts=5 status=1 live=0
mixed native fault=6 attempts=6 status=1 live=0
mixed native fault=7 attempts=6 status=0 live=0
case=0 optimization=-O2
mixed native fault=1 attempts=1 status=1 live=0
mixed native fault=2 attempts=2 status=1 live=0
mixed native fault=3 attempts=3 status=1 live=0
mixed native fault=4 attempts=4 status=1 live=0
mixed native fault=5 attempts=5 status=1 live=0
mixed native fault=6 attempts=6 status=1 live=0
mixed native fault=7 attempts=6 status=0 live=0
case=1 optimization=-O0
mixed native fault=1 attempts=1 status=1 live=0
mixed native fault=2 attempts=2 status=1 live=0
mixed native fault=3 attempts=3 status=1 live=0
mixed native fault=4 attempts=4 status=1 live=0
mixed native fault=5 attempts=4 status=3 live=0
case=1 optimization=-O2
mixed native fault=1 attempts=1 status=1 live=0
mixed native fault=2 attempts=2 status=1 live=0
mixed native fault=3 attempts=3 status=1 live=0
mixed native fault=4 attempts=4 status=1 live=0
mixed native fault=5 attempts=4 status=3 live=0
case=2 optimization=-O0
mixed native fault=1 attempts=1 status=1 live=0
mixed native fault=2 attempts=2 status=1 live=0
mixed native fault=3 attempts=3 status=1 live=0
mixed native fault=4 attempts=4 status=1 live=0
mixed native fault=5 attempts=4 status=3 live=0
case=2 optimization=-O2
mixed native fault=1 attempts=1 status=1 live=0
mixed native fault=2 attempts=2 status=1 live=0
mixed native fault=3 attempts=3 status=1 live=0
mixed native fault=4 attempts=4 status=1 live=0
mixed native fault=5 attempts=4 status=3 live=0
case=3 optimization=-O0
mixed native fault=1 attempts=1 status=1 live=0
mixed native fault=2 attempts=2 status=1 live=0
mixed native fault=3 attempts=3 status=1 live=0
mixed native fault=4 attempts=4 status=1 live=0
mixed native fault=5 attempts=4 status=3 live=0
case=3 optimization=-O2
mixed native fault=1 attempts=1 status=1 live=0
mixed native fault=2 attempts=2 status=1 live=0
mixed native fault=3 attempts=3 status=1 live=0
mixed native fault=4 attempts=4 status=1 live=0
mixed native fault=5 attempts=4 status=3 live=0
case=4 optimization=-O0
mixed native fault=1 attempts=1 status=1 live=0
mixed native fault=2 attempts=2 status=1 live=0
mixed native fault=3 attempts=3 status=1 live=0
mixed native fault=4 attempts=4 status=1 live=0
mixed native fault=5 attempts=4 status=2 live=0
case=4 optimization=-O2
mixed native fault=1 attempts=1 status=1 live=0
mixed native fault=2 attempts=2 status=1 live=0
mixed native fault=3 attempts=3 status=1 live=0
mixed native fault=4 attempts=4 status=1 live=0
mixed native fault=5 attempts=4 status=2 live=0
case=5 optimization=-O0
mixed native fault=1 attempts=1 status=1 live=0
mixed native fault=2 attempts=2 status=1 live=0
mixed native fault=3 attempts=3 status=1 live=0
mixed native fault=4 attempts=4 status=1 live=0
mixed native fault=5 attempts=4 status=0 live=0
case=5 optimization=-O2
mixed native fault=1 attempts=1 status=1 live=0
mixed native fault=2 attempts=2 status=1 live=0
mixed native fault=3 attempts=3 status=1 live=0
mixed native fault=4 attempts=4 status=1 live=0
mixed native fault=5 attempts=4 status=0 live=0
case=6 optimization=-O0
mixed native fault=1 attempts=1 status=1 live=0
mixed native fault=2 attempts=2 status=1 live=0
mixed native fault=3 attempts=3 status=1 live=0
mixed native fault=4 attempts=4 status=1 live=0
mixed native fault=5 attempts=5 status=1 live=0
mixed native fault=6 attempts=6 status=1 live=0
mixed native fault=7 attempts=7 status=1 live=0
mixed native fault=8 attempts=7 status=0 live=0
case=6 optimization=-O2
mixed native fault=1 attempts=1 status=1 live=0
mixed native fault=2 attempts=2 status=1 live=0
mixed native fault=3 attempts=3 status=1 live=0
mixed native fault=4 attempts=4 status=1 live=0
mixed native fault=5 attempts=5 status=1 live=0
mixed native fault=6 attempts=6 status=1 live=0
mixed native fault=7 attempts=7 status=1 live=0
mixed native fault=8 attempts=7 status=0 live=0
case=7 optimization=-O0
mixed native fault=1 attempts=1 status=1 live=0
mixed native fault=2 attempts=2 status=1 live=0
mixed native fault=3 attempts=3 status=1 live=0
mixed native fault=4 attempts=4 status=1 live=0
mixed native fault=5 attempts=5 status=1 live=0
mixed native fault=6 attempts=6 status=1 live=0
mixed native fault=7 attempts=7 status=1 live=0
mixed native fault=8 attempts=7 status=0 live=0
case=7 optimization=-O2
mixed native fault=1 attempts=1 status=1 live=0
mixed native fault=2 attempts=2 status=1 live=0
mixed native fault=3 attempts=3 status=1 live=0
mixed native fault=4 attempts=4 status=1 live=0
mixed native fault=5 attempts=5 status=1 live=0
mixed native fault=6 attempts=6 status=1 live=0
mixed native fault=7 attempts=7 status=1 live=0
mixed native fault=8 attempts=7 status=0 live=0
case=8 optimization=-O0
mixed native fault=1 attempts=1 status=1 live=0
mixed native fault=2 attempts=2 status=1 live=0
mixed native fault=3 attempts=3 status=1 live=0
mixed native fault=4 attempts=4 status=1 live=0
mixed native fault=5 attempts=5 status=1 live=0
mixed native fault=6 attempts=6 status=1 live=0
mixed native fault=7 attempts=6 status=2 live=0
case=8 optimization=-O2
mixed native fault=1 attempts=1 status=1 live=0
mixed native fault=2 attempts=2 status=1 live=0
mixed native fault=3 attempts=3 status=1 live=0
mixed native fault=4 attempts=4 status=1 live=0
mixed native fault=5 attempts=5 status=1 live=0
mixed native fault=6 attempts=6 status=1 live=0
mixed native fault=7 attempts=6 status=2 live=0
case=9 optimization=-O0
mixed native fault=1 attempts=1 status=1 live=0
mixed native fault=2 attempts=2 status=1 live=0
mixed native fault=3 attempts=3 status=1 live=0
mixed native fault=4 attempts=4 status=1 live=0
mixed native fault=5 attempts=4 status=0 live=0
case=9 optimization=-O2
mixed native fault=1 attempts=1 status=1 live=0
mixed native fault=2 attempts=2 status=1 live=0
mixed native fault=3 attempts=3 status=1 live=0
mixed native fault=4 attempts=4 status=1 live=0
mixed native fault=5 attempts=4 status=0 live=0
case=10 optimization=-O0
mixed native fault=1 attempts=1 status=1 live=0
mixed native fault=2 attempts=2 status=1 live=0
mixed native fault=3 attempts=3 status=1 live=0
mixed native fault=4 attempts=4 status=1 live=0
mixed native fault=5 attempts=5 status=1 live=0
mixed native fault=6 attempts=6 status=1 live=0
mixed native fault=7 attempts=7 status=1 live=0
mixed native fault=8 attempts=7 status=0 live=0
case=10 optimization=-O2
mixed native fault=1 attempts=1 status=1 live=0
mixed native fault=2 attempts=2 status=1 live=0
mixed native fault=3 attempts=3 status=1 live=0
mixed native fault=4 attempts=4 status=1 live=0
mixed native fault=5 attempts=5 status=1 live=0
mixed native fault=6 attempts=6 status=1 live=0
mixed native fault=7 attempts=7 status=1 live=0
mixed native fault=8 attempts=7 status=0 live=0
case=11 optimization=-O0
mixed native fault=1 attempts=1 status=1 live=0
mixed native fault=2 attempts=2 status=1 live=0
mixed native fault=3 attempts=3 status=1 live=0
mixed native fault=4 attempts=4 status=1 live=0
mixed native fault=5 attempts=5 status=1 live=0
mixed native fault=6 attempts=6 status=1 live=0
mixed native fault=7 attempts=7 status=1 live=0
mixed native fault=8 attempts=8 status=1 live=0
mixed native fault=9 attempts=9 status=1 live=0
mixed native fault=10 attempts=10 status=1 live=0
mixed native fault=11 attempts=10 status=0 live=0
case=11 optimization=-O2
mixed native fault=1 attempts=1 status=1 live=0
mixed native fault=2 attempts=2 status=1 live=0
mixed native fault=3 attempts=3 status=1 live=0
mixed native fault=4 attempts=4 status=1 live=0
mixed native fault=5 attempts=5 status=1 live=0
mixed native fault=6 attempts=6 status=1 live=0
mixed native fault=7 attempts=7 status=1 live=0
mixed native fault=8 attempts=8 status=1 live=0
mixed native fault=9 attempts=9 status=1 live=0
mixed native fault=10 attempts=10 status=1 live=0
mixed native fault=11 attempts=10 status=0 live=0
