Warning at line 175, column 9: Unused variable 'ignored'
Warning at line 2092, column 9: Unused variable 'rejected'
Warning at line 2213, column 9: Unused variable 'rejected'
Warning at line 2220, column 13: Unused variable 'rejected'
Warning at line 2258, column 9: Unused variable 'rejected'
Warning at line 2262, column 9: Unused variable 'rejected'
Warning at line 2269, column 13: Unused variable 'rejected'
Warning at line 5384, column 17: Unused variable 'imported'
[shadow-progress] elapsed_ms=0.000 enter fn=563 pc=153628 name=$shadow_0_diag_location
[shadow-progress] elapsed_ms=21.904 leave fn=563 pc=153628 name=$shadow_0_diag_location
[shadow-progress] elapsed_ms=21.908 enter fn=564 pc=153707 name=$shadow_1_diag_location_empty
[shadow-progress] elapsed_ms=43.743 leave fn=564 pc=153707 name=$shadow_1_diag_location_empty
[shadow-progress] elapsed_ms=43.745 enter fn=565 pc=153763 name=$shadow_2_diag_error
[shadow-progress] elapsed_ms=58.279 leave fn=565 pc=153763 name=$shadow_2_diag_error
[shadow-progress] elapsed_ms=58.282 enter fn=566 pc=153855 name=$shadow_3_diag_warning
[shadow-progress] elapsed_ms=72.825 leave fn=566 pc=153855 name=$shadow_3_diag_warning
[shadow-progress] elapsed_ms=72.827 enter fn=567 pc=153913 name=$shadow_4_diag_parser_error
[shadow-progress] elapsed_ms=87.371 leave fn=567 pc=153913 name=$shadow_4_diag_parser_error
[shadow-progress] elapsed_ms=87.372 enter fn=568 pc=154000 name=$shadow_5_diag_list_new
[shadow-progress] elapsed_ms=94.653 leave fn=568 pc=154000 name=$shadow_5_diag_list_new
[shadow-progress] elapsed_ms=94.655 enter fn=569 pc=154028 name=$shadow_6_diag_list_add
[shadow-progress] elapsed_ms=101.935 leave fn=569 pc=154028 name=$shadow_6_diag_list_add
[shadow-progress] elapsed_ms=101.937 enter fn=570 pc=154094 name=$shadow_7_diag_list_has_errors
[shadow-progress] elapsed_ms=138.351 leave fn=570 pc=154094 name=$shadow_7_diag_list_has_errors
[shadow-progress] elapsed_ms=138.353 enter fn=571 pc=154208 name=$shadow_8_diag_make_type_error
[shadow-progress] elapsed_ms=145.628 leave fn=571 pc=154208 name=$shadow_8_diag_make_type_error
[shadow-progress] elapsed_ms=145.630 enter fn=572 pc=154237 name=$shadow_9_diag_make_undefined_error
[shadow-progress] elapsed_ms=152.902 leave fn=572 pc=154237 name=$shadow_9_diag_make_undefined_error
[shadow-progress] elapsed_ms=152.904 enter fn=573 pc=154261 name=$shadow_10_diag_new
[shadow-progress] elapsed_ms=160.178 leave fn=573 pc=154261 name=$shadow_10_diag_new
[shadow-progress] elapsed_ms=160.180 enter fn=574 pc=154345 name=$shadow_11_diag_simple
[shadow-progress] elapsed_ms=167.451 leave fn=574 pc=154345 name=$shadow_11_diag_simple
[shadow-progress] elapsed_ms=167.453 enter fn=575 pc=154395 name=$shadow_12_diag_error_simple
[shadow-progress] elapsed_ms=174.719 leave fn=575 pc=154395 name=$shadow_12_diag_error_simple
[shadow-progress] elapsed_ms=174.721 enter fn=576 pc=154440 name=$shadow_13_diag_warning_simple
[shadow-progress] elapsed_ms=182.008 leave fn=576 pc=154440 name=$shadow_13_diag_warning_simple
[shadow-progress] elapsed_ms=182.009 enter fn=577 pc=154485 name=$shadow_14_diag_info
[shadow-progress] elapsed_ms=189.290 leave fn=577 pc=154485 name=$shadow_14_diag_info
[shadow-progress] elapsed_ms=189.292 enter fn=578 pc=154564 name=$shadow_15_diag_info_simple
[shadow-progress] elapsed_ms=196.569 leave fn=578 pc=154564 name=$shadow_15_diag_info_simple
[shadow-progress] elapsed_ms=196.571 enter fn=579 pc=154605 name=$shadow_16_diag_lexer_error
[shadow-progress] elapsed_ms=203.855 leave fn=579 pc=154605 name=$shadow_16_diag_lexer_error
[shadow-progress] elapsed_ms=203.856 enter fn=580 pc=154675 name=$shadow_17_diag_typecheck_error
[shadow-progress] elapsed_ms=211.135 leave fn=580 pc=154675 name=$shadow_17_diag_typecheck_error
[shadow-progress] elapsed_ms=211.137 enter fn=581 pc=154745 name=$shadow_18_diag_transpiler_error
[shadow-progress] elapsed_ms=218.420 leave fn=581 pc=154745 name=$shadow_18_diag_transpiler_error
[shadow-progress] elapsed_ms=218.422 enter fn=582 pc=154815 name=$shadow_19_diag_list_count
[shadow-progress] elapsed_ms=232.985 leave fn=582 pc=154815 name=$shadow_19_diag_list_count
[shadow-progress] elapsed_ms=232.997 enter fn=583 pc=154900 name=$shadow_20_diag_list_get
[shadow-progress] elapsed_ms=240.272 leave fn=583 pc=154900 name=$shadow_20_diag_list_get
[shadow-progress] elapsed_ms=240.273 enter fn=584 pc=154980 name=$shadow_21_diag_id_io_open
[shadow-progress] elapsed_ms=247.556 leave fn=584 pc=154980 name=$shadow_21_diag_id_io_open
[shadow-progress] elapsed_ms=247.559 enter fn=585 pc=154993 name=$shadow_22_diag_id_lex_failed
[shadow-progress] elapsed_ms=254.841 leave fn=585 pc=154993 name=$shadow_22_diag_id_lex_failed
[shadow-progress] elapsed_ms=254.843 enter fn=586 pc=155006 name=$shadow_23_diag_id_parse_failed
[shadow-progress] elapsed_ms=262.118 leave fn=586 pc=155006 name=$shadow_23_diag_id_parse_failed
[shadow-progress] elapsed_ms=262.120 enter fn=587 pc=155019 name=$shadow_24_diag_id_import_failed
[shadow-progress] elapsed_ms=269.398 leave fn=587 pc=155019 name=$shadow_24_diag_id_import_failed
[shadow-progress] elapsed_ms=269.399 enter fn=588 pc=155032 name=$shadow_25_diag_id_type_failed
[shadow-progress] elapsed_ms=276.672 leave fn=588 pc=155032 name=$shadow_25_diag_id_type_failed
[shadow-progress] elapsed_ms=276.674 enter fn=589 pc=155045 name=$shadow_26_diag_id_mod_compile
[shadow-progress] elapsed_ms=283.946 leave fn=589 pc=155045 name=$shadow_26_diag_id_mod_compile
[shadow-progress] elapsed_ms=283.948 enter fn=590 pc=155058 name=$shadow_27_diag_id_shadow_failed
[shadow-progress] elapsed_ms=291.226 leave fn=590 pc=155058 name=$shadow_27_diag_id_shadow_failed
[shadow-progress] elapsed_ms=291.227 enter fn=591 pc=155071 name=$shadow_28_diag_id_trans_failed
[shadow-progress] elapsed_ms=298.507 leave fn=591 pc=155071 name=$shadow_28_diag_id_trans_failed
[shadow-progress] elapsed_ms=298.509 enter fn=592 pc=155084 name=$shadow_29_diag_id_c_temp
[shadow-progress] elapsed_ms=305.783 leave fn=592 pc=155084 name=$shadow_29_diag_id_c_temp
[shadow-progress] elapsed_ms=305.784 enter fn=593 pc=155097 name=$shadow_30_diag_id_cc_cmd
[shadow-progress] elapsed_ms=313.062 leave fn=593 pc=155097 name=$shadow_30_diag_id_cc_cmd
[shadow-progress] elapsed_ms=313.064 enter fn=594 pc=155110 name=$shadow_31_diag_id_cc_failed
[shadow-progress] elapsed_ms=320.342 leave fn=594 pc=155110 name=$shadow_31_diag_id_cc_failed
[shadow-progress] elapsed_ms=320.344 enter fn=595 pc=155123 name=$shadow_32_diag_id_src_utf8
[shadow-progress] elapsed_ms=327.629 leave fn=595 pc=155123 name=$shadow_32_diag_id_src_utf8
[shadow-progress] elapsed_ms=327.630 enter fn=596 pc=155136 name=$shadow_33_diag_en
[shadow-progress] elapsed_ms=691.624 leave fn=596 pc=155136 name=$shadow_33_diag_en
[shadow-progress] elapsed_ms=691.627 enter fn=597 pc=155205 name=$shadow_34_walkdir
[shadow-progress] elapsed_ms=778.089 leave fn=597 pc=155205 name=$shadow_34_walkdir
[shadow-progress] elapsed_ms=778.095 enter fn=598 pc=155361 name=$shadow_35_canonical
[shadow-progress] elapsed_ms=871.189 leave fn=598 pc=155361 name=$shadow_35_canonical
[shadow-progress] elapsed_ms=871.192 enter fn=599 pc=155496 name=$shadow_36_normalize
[shadow-progress] elapsed_ms=917.837 leave fn=599 pc=155496 name=$shadow_36_normalize
[shadow-progress] elapsed_ms=917.841 enter fn=600 pc=155548 name=$shadow_37_join
[shadow-progress] elapsed_ms=964.512 leave fn=600 pc=155548 name=$shadow_37_join
[shadow-progress] elapsed_ms=964.515 enter fn=601 pc=155615 name=$shadow_38_basename
[shadow-progress] elapsed_ms=995.747 leave fn=601 pc=155615 name=$shadow_38_basename
[shadow-progress] elapsed_ms=995.750 enter fn=602 pc=155650 name=$shadow_39_dirname
[shadow-progress] elapsed_ms=1026.993 leave fn=602 pc=155650 name=$shadow_39_dirname
[shadow-progress] elapsed_ms=1026.995 enter fn=603 pc=155685 name=$shadow_40_relpath
[shadow-progress] elapsed_ms=1185.440 leave fn=603 pc=155685 name=$shadow_40_relpath
[shadow-progress] elapsed_ms=1185.443 enter fn=604 pc=155868 name=$shadow_41_cwd
[shadow-progress] elapsed_ms=1200.840 leave fn=604 pc=155868 name=$shadow_41_cwd
[shadow-progress] elapsed_ms=1200.842 enter fn=605 pc=155892 name=$shadow_42_glob_match_impl
[shadow-progress] elapsed_ms=1222.651 leave fn=605 pc=155892 name=$shadow_42_glob_match_impl
[shadow-progress] elapsed_ms=1222.653 enter fn=606 pc=155996 name=$shadow_43_glob_match
[shadow-progress] elapsed_ms=1251.744 leave fn=606 pc=155996 name=$shadow_43_glob_match
[shadow-progress] elapsed_ms=1251.745 enter fn=607 pc=156062 name=$shadow_44_glob
[shadow-progress] elapsed_ms=1383.443 leave fn=607 pc=156062 name=$shadow_44_glob
[shadow-progress] elapsed_ms=1383.445 enter fn=608 pc=156278 name=$shadow_45_read
[shadow-progress] elapsed_ms=1461.316 leave fn=608 pc=156278 name=$shadow_45_read
[shadow-progress] elapsed_ms=1461.319 enter fn=609 pc=156405 name=$shadow_46_write
[shadow-progress] elapsed_ms=1538.770 leave fn=609 pc=156405 name=$shadow_46_write
[shadow-progress] elapsed_ms=1538.773 enter fn=610 pc=156532 name=$shadow_47_append
[shadow-progress] elapsed_ms=1631.725 leave fn=610 pc=156532 name=$shadow_47_append
[shadow-progress] elapsed_ms=1631.727 enter fn=611 pc=156683 name=$shadow_48_exists
[shadow-progress] elapsed_ms=1740.262 leave fn=611 pc=156683 name=$shadow_48_exists
[shadow-progress] elapsed_ms=1740.265 enter fn=612 pc=156824 name=$shadow_49_delete
[shadow-progress] elapsed_ms=1833.076 leave fn=612 pc=156824 name=$shadow_49_delete
[shadow-progress] elapsed_ms=1833.080 enter fn=613 pc=156955 name=$shadow_50_mkdir_p
[shadow-progress] elapsed_ms=1941.706 leave fn=613 pc=156955 name=$shadow_50_mkdir_p
[shadow-progress] elapsed_ms=1941.710 enter fn=614 pc=157115 name=$shadow_51_copy_file
[shadow-progress] elapsed_ms=2050.113 leave fn=614 pc=157115 name=$shadow_51_copy_file
[shadow-progress] elapsed_ms=2050.116 enter fn=615 pc=157295 name=$shadow_52_copy_dir
[shadow-progress] elapsed_ms=2204.862 leave fn=615 pc=157295 name=$shadow_52_copy_dir
[shadow-progress] elapsed_ms=2204.865 enter fn=616 pc=157556 name=$shadow_53_is_identifier_start
[shadow-progress] elapsed_ms=2263.275 leave fn=616 pc=157556 name=$shadow_53_is_identifier_start
[shadow-progress] elapsed_ms=2263.277 enter fn=617 pc=157680 name=$shadow_54_is_identifier_char
[shadow-progress] elapsed_ms=2314.361 leave fn=617 pc=157680 name=$shadow_54_is_identifier_char
[shadow-progress] elapsed_ms=2314.363 enter fn=618 pc=157788 name=$shadow_55_is_whitespace_char
[shadow-progress] elapsed_ms=2350.877 leave fn=618 pc=157788 name=$shadow_55_is_whitespace_char
[shadow-progress] elapsed_ms=2350.879 enter fn=619 pc=157865 name=$shadow_56_is_digit_char
[shadow-progress] elapsed_ms=2394.687 leave fn=619 pc=157865 name=$shadow_56_is_digit_char
[shadow-progress] elapsed_ms=2394.689 enter fn=620 pc=157959 name=$shadow_57_keyword_group1
[shadow-progress] elapsed_ms=2445.807 leave fn=620 pc=157959 name=$shadow_57_keyword_group1
[shadow-progress] elapsed_ms=2445.809 enter fn=621 pc=158117 name=$shadow_58_keyword_group2
[shadow-progress] elapsed_ms=2526.081 leave fn=621 pc=158117 name=$shadow_58_keyword_group2
[shadow-progress] elapsed_ms=2526.083 enter fn=622 pc=158359 name=$shadow_59_keyword_group3
[shadow-progress] elapsed_ms=2577.233 leave fn=622 pc=158359 name=$shadow_59_keyword_group3
[shadow-progress] elapsed_ms=2577.235 enter fn=623 pc=158517 name=$shadow_60_keyword_group4
[shadow-progress] elapsed_ms=2606.437 leave fn=623 pc=158517 name=$shadow_60_keyword_group4
[shadow-progress] elapsed_ms=2606.439 enter fn=624 pc=158612 name=$shadow_61_keyword_group5
[shadow-progress] elapsed_ms=2621.030 leave fn=624 pc=158612 name=$shadow_61_keyword_group5
[shadow-progress] elapsed_ms=2621.032 enter fn=625 pc=158665 name=$shadow_62_keyword_or_identifier
[shadow-progress] elapsed_ms=2657.423 leave fn=625 pc=158665 name=$shadow_62_keyword_or_identifier
[shadow-progress] elapsed_ms=2657.424 enter fn=626 pc=158771 name=$shadow_63_push_tok
[shadow-progress] elapsed_ms=2686.498 leave fn=626 pc=158771 name=$shadow_63_push_tok
[shadow-progress] elapsed_ms=2686.499 enter fn=627 pc=158899 name=$shadow_64_process_string
[shadow-progress] elapsed_ms=2701.043 leave fn=627 pc=158899 name=$shadow_64_process_string
[shadow-progress] elapsed_ms=2701.044 enter fn=628 pc=158992 name=$shadow_65_process_number
[shadow-progress] elapsed_ms=2730.220 leave fn=628 pc=158992 name=$shadow_65_process_number
[shadow-progress] elapsed_ms=2730.223 enter fn=629 pc=159118 name=$shadow_66_process_grammar_body
[shadow-progress] elapsed_ms=2853.952 leave fn=629 pc=159118 name=$shadow_66_process_grammar_body
[shadow-progress] elapsed_ms=2853.955 enter fn=630 pc=159244 name=$shadow_67_process_identifier
[shadow-progress] elapsed_ms=2875.788 leave fn=630 pc=159244 name=$shadow_67_process_identifier
[shadow-progress] elapsed_ms=2875.790 enter fn=631 pc=159370 name=$shadow_68_process_identifier
[shadow-progress] elapsed_ms=3006.828 leave fn=631 pc=159370 name=$shadow_68_process_identifier
[shadow-progress] elapsed_ms=3006.830 enter fn=632 pc=159529 name=$shadow_69_process_char_literal
[shadow-progress] elapsed_ms=3050.561 leave fn=632 pc=159529 name=$shadow_69_process_char_literal
[shadow-progress] elapsed_ms=3050.563 enter fn=633 pc=159655 name=$shadow_70_emit_fstring_part_tokens
[shadow-progress] elapsed_ms=3101.730 leave fn=633 pc=159655 name=$shadow_70_emit_fstring_part_tokens
[shadow-progress] elapsed_ms=3101.732 enter fn=634 pc=159912 name=$shadow_71_process_fstring
[shadow-progress] elapsed_ms=3196.515 leave fn=634 pc=159912 name=$shadow_71_process_fstring
[shadow-progress] elapsed_ms=3196.518 enter fn=635 pc=160026 name=$shadow_72_tokenize_file
[shadow-progress] elapsed_ms=3241.264 leave fn=635 pc=160026 name=$shadow_72_tokenize_file
[shadow-progress] elapsed_ms=3241.266 enter fn=636 pc=160076 name=$shadow_73_tokenize_string
[shadow-progress] elapsed_ms=3590.618 leave fn=636 pc=160076 name=$shadow_73_tokenize_string
[shadow-progress] elapsed_ms=3590.622 enter fn=637 pc=160799 name=$shadow_74_parser_init_ast_lists
[shadow-progress] elapsed_ms=3634.209 leave fn=637 pc=160799 name=$shadow_74_parser_init_ast_lists
[shadow-progress] elapsed_ms=3634.211 enter fn=638 pc=160910 name=$shadow_75_parser_new
[shadow-progress] elapsed_ms=3656.016 leave fn=638 pc=160910 name=$shadow_75_parser_new
[shadow-progress] elapsed_ms=3656.018 enter fn=639 pc=160992 name=$shadow_76_parser_allocate_id
[shadow-progress] elapsed_ms=3670.623 leave fn=639 pc=160992 name=$shadow_76_parser_allocate_id
[shadow-progress] elapsed_ms=3670.626 enter fn=640 pc=161067 name=$shadow_77_parser_is_at_end
[shadow-progress] elapsed_ms=3677.926 leave fn=640 pc=161067 name=$shadow_77_parser_is_at_end
[shadow-progress] elapsed_ms=3677.928 enter fn=641 pc=161107 name=$shadow_78_parser_with_position
[shadow-progress] elapsed_ms=3714.390 leave fn=641 pc=161107 name=$shadow_78_parser_with_position
[shadow-progress] elapsed_ms=3714.391 enter fn=642 pc=161230 name=$shadow_79_parser_advance
[shadow-progress] elapsed_ms=3721.664 leave fn=642 pc=161230 name=$shadow_79_parser_advance
[shadow-progress] elapsed_ms=3721.665 enter fn=643 pc=161289 name=$shadow_80_parser_position
[shadow-progress] elapsed_ms=3728.937 leave fn=643 pc=161289 name=$shadow_80_parser_position
[shadow-progress] elapsed_ms=3728.939 enter fn=644 pc=161339 name=$shadow_81_parser_current
[shadow-progress] elapsed_ms=3743.486 leave fn=644 pc=161339 name=$shadow_81_parser_current
[shadow-progress] elapsed_ms=3743.488 enter fn=645 pc=161411 name=$shadow_82_parser_match
[shadow-progress] elapsed_ms=3750.760 leave fn=645 pc=161411 name=$shadow_82_parser_match
[shadow-progress] elapsed_ms=3750.762 enter fn=646 pc=161461 name=$shadow_83_parser_expect
[shadow-progress] elapsed_ms=3765.312 leave fn=646 pc=161461 name=$shadow_83_parser_expect
[shadow-progress] elapsed_ms=3765.314 enter fn=647 pc=161536 name=$shadow_84_parser_peek
[shadow-progress] elapsed_ms=3779.856 leave fn=647 pc=161536 name=$shadow_84_parser_peek
[shadow-progress] elapsed_ms=3779.858 enter fn=648 pc=161623 name=$shadow_85_parser_with_error
[shadow-progress] elapsed_ms=3787.132 leave fn=648 pc=161623 name=$shadow_85_parser_with_error
[shadow-progress] elapsed_ms=3787.133 enter fn=649 pc=161644 name=$shadow_86_parser_has_error
[shadow-progress] elapsed_ms=3794.421 leave fn=649 pc=161644 name=$shadow_86_parser_has_error
[shadow-progress] elapsed_ms=3794.422 enter fn=650 pc=161687 name=$shadow_87_token_number
[shadow-progress] elapsed_ms=3801.700 leave fn=650 pc=161687 name=$shadow_87_token_number
[shadow-progress] elapsed_ms=3801.702 enter fn=651 pc=161704 name=$shadow_88_token_identifier
[shadow-progress] elapsed_ms=3808.979 leave fn=651 pc=161704 name=$shadow_88_token_identifier
[shadow-progress] elapsed_ms=3808.981 enter fn=652 pc=161721 name=$shadow_89_token_string
[shadow-progress] elapsed_ms=3816.247 leave fn=652 pc=161721 name=$shadow_89_token_string
[shadow-progress] elapsed_ms=3816.249 enter fn=653 pc=161738 name=$shadow_90_token_true
[shadow-progress] elapsed_ms=3823.522 leave fn=653 pc=161738 name=$shadow_90_token_true
[shadow-progress] elapsed_ms=3823.523 enter fn=654 pc=161755 name=$shadow_91_token_false
[shadow-progress] elapsed_ms=3830.790 leave fn=654 pc=161755 name=$shadow_91_token_false
[shadow-progress] elapsed_ms=3830.792 enter fn=655 pc=161772 name=$shadow_92_token_lparen
[shadow-progress] elapsed_ms=3838.056 leave fn=655 pc=161772 name=$shadow_92_token_lparen
[shadow-progress] elapsed_ms=3838.058 enter fn=656 pc=161789 name=$shadow_93_token_rparen
[shadow-progress] elapsed_ms=3845.317 leave fn=656 pc=161789 name=$shadow_93_token_rparen
[shadow-progress] elapsed_ms=3845.319 enter fn=657 pc=161806 name=$shadow_94_token_plus
[shadow-progress] elapsed_ms=3852.594 leave fn=657 pc=161806 name=$shadow_94_token_plus
[shadow-progress] elapsed_ms=3852.596 enter fn=658 pc=161823 name=$shadow_95_token_minus
[shadow-progress] elapsed_ms=3859.865 leave fn=658 pc=161823 name=$shadow_95_token_minus
[shadow-progress] elapsed_ms=3859.867 enter fn=659 pc=161840 name=$shadow_96_token_star
[shadow-progress] elapsed_ms=3867.133 leave fn=659 pc=161840 name=$shadow_96_token_star
[shadow-progress] elapsed_ms=3867.135 enter fn=660 pc=161857 name=$shadow_97_token_slash
[shadow-progress] elapsed_ms=3874.394 leave fn=660 pc=161857 name=$shadow_97_token_slash
[shadow-progress] elapsed_ms=3874.396 enter fn=661 pc=161874 name=$shadow_98_token_eq
[shadow-progress] elapsed_ms=3881.710 leave fn=661 pc=161874 name=$shadow_98_token_eq
[shadow-progress] elapsed_ms=3881.712 enter fn=662 pc=161891 name=$shadow_99_token_ne
[shadow-progress] elapsed_ms=3888.976 leave fn=662 pc=161891 name=$shadow_99_token_ne
[shadow-progress] elapsed_ms=3888.978 enter fn=663 pc=161908 name=$shadow_100_token_lt
[shadow-progress] elapsed_ms=3896.237 leave fn=663 pc=161908 name=$shadow_100_token_lt
[shadow-progress] elapsed_ms=3896.239 enter fn=664 pc=161925 name=$shadow_101_token_le
[shadow-progress] elapsed_ms=3903.505 leave fn=664 pc=161925 name=$shadow_101_token_le
[shadow-progress] elapsed_ms=3903.507 enter fn=665 pc=161942 name=$shadow_102_token_gt
[shadow-progress] elapsed_ms=3910.770 leave fn=665 pc=161942 name=$shadow_102_token_gt
[shadow-progress] elapsed_ms=3910.772 enter fn=666 pc=161959 name=$shadow_103_token_ge
[shadow-progress] elapsed_ms=3918.040 leave fn=666 pc=161959 name=$shadow_103_token_ge
[shadow-progress] elapsed_ms=3918.041 enter fn=667 pc=161976 name=$shadow_104_token_and
[shadow-progress] elapsed_ms=3925.304 leave fn=667 pc=161976 name=$shadow_104_token_and
[shadow-progress] elapsed_ms=3925.306 enter fn=668 pc=161993 name=$shadow_105_token_or
[shadow-progress] elapsed_ms=3932.579 leave fn=668 pc=161993 name=$shadow_105_token_or
[shadow-progress] elapsed_ms=3932.580 enter fn=669 pc=162010 name=$shadow_106_token_comma
[shadow-progress] elapsed_ms=3939.848 leave fn=669 pc=162010 name=$shadow_106_token_comma
[shadow-progress] elapsed_ms=3939.850 enter fn=670 pc=162027 name=$shadow_107_token_lbrace
[shadow-progress] elapsed_ms=3947.125 leave fn=670 pc=162027 name=$shadow_107_token_lbrace
[shadow-progress] elapsed_ms=3947.127 enter fn=671 pc=162044 name=$shadow_108_token_rbrace
[shadow-progress] elapsed_ms=3954.400 leave fn=671 pc=162044 name=$shadow_108_token_rbrace
[shadow-progress] elapsed_ms=3954.402 enter fn=672 pc=162061 name=$shadow_109_token_let
[shadow-progress] elapsed_ms=3961.672 leave fn=672 pc=162061 name=$shadow_109_token_let
[shadow-progress] elapsed_ms=3961.674 enter fn=673 pc=162078 name=$shadow_110_token_if
[shadow-progress] elapsed_ms=3968.941 leave fn=673 pc=162078 name=$shadow_110_token_if
[shadow-progress] elapsed_ms=3968.942 enter fn=674 pc=162095 name=$shadow_111_token_else
[shadow-progress] elapsed_ms=3976.205 leave fn=674 pc=162095 name=$shadow_111_token_else
[shadow-progress] elapsed_ms=3976.207 enter fn=675 pc=162112 name=$shadow_112_token_while
[shadow-progress] elapsed_ms=3983.473 leave fn=675 pc=162112 name=$shadow_112_token_while
[shadow-progress] elapsed_ms=3983.474 enter fn=676 pc=162129 name=$shadow_113_token_return
[shadow-progress] elapsed_ms=3990.743 leave fn=676 pc=162129 name=$shadow_113_token_return
[shadow-progress] elapsed_ms=3990.744 enter fn=677 pc=162146 name=$shadow_114_token_colon
[shadow-progress] elapsed_ms=3998.020 leave fn=677 pc=162146 name=$shadow_114_token_colon
[shadow-progress] elapsed_ms=3998.022 enter fn=678 pc=162163 name=$shadow_115_token_mut
[shadow-progress] elapsed_ms=4005.295 leave fn=678 pc=162163 name=$shadow_115_token_mut
[shadow-progress] elapsed_ms=4005.297 enter fn=679 pc=162180 name=$shadow_116_token_assign
[shadow-progress] elapsed_ms=4012.568 leave fn=679 pc=162180 name=$shadow_116_token_assign
[shadow-progress] elapsed_ms=4012.570 enter fn=680 pc=162197 name=$shadow_117_token_arrow
[shadow-progress] elapsed_ms=4019.845 leave fn=680 pc=162197 name=$shadow_117_token_arrow
[shadow-progress] elapsed_ms=4019.846 enter fn=681 pc=162214 name=$shadow_118_token_fn
[shadow-progress] elapsed_ms=4027.121 leave fn=681 pc=162214 name=$shadow_118_token_fn
[shadow-progress] elapsed_ms=4027.122 enter fn=682 pc=162231 name=$shadow_119_token_extern
[shadow-progress] elapsed_ms=4034.392 leave fn=682 pc=162231 name=$shadow_119_token_extern
[shadow-progress] elapsed_ms=4034.394 enter fn=683 pc=162248 name=$shadow_120_token_set
[shadow-progress] elapsed_ms=4041.661 leave fn=683 pc=162248 name=$shadow_120_token_set
[shadow-progress] elapsed_ms=4041.663 enter fn=684 pc=162265 name=$shadow_121_token_struct
[shadow-progress] elapsed_ms=4048.940 leave fn=684 pc=162265 name=$shadow_121_token_struct
[shadow-progress] elapsed_ms=4048.942 enter fn=685 pc=162282 name=$shadow_122_token_enum
[shadow-progress] elapsed_ms=4056.215 leave fn=685 pc=162282 name=$shadow_122_token_enum
[shadow-progress] elapsed_ms=4056.217 enter fn=686 pc=162299 name=$shadow_123_token_union
[shadow-progress] elapsed_ms=4063.490 leave fn=686 pc=162299 name=$shadow_123_token_union
[shadow-progress] elapsed_ms=4063.492 enter fn=687 pc=162316 name=$shadow_124_token_for
[shadow-progress] elapsed_ms=4070.765 leave fn=687 pc=162316 name=$shadow_124_token_for
[shadow-progress] elapsed_ms=4070.767 enter fn=688 pc=162333 name=$shadow_125_token_in
[shadow-progress] elapsed_ms=4078.044 leave fn=688 pc=162333 name=$shadow_125_token_in
[shadow-progress] elapsed_ms=4078.046 enter fn=689 pc=162350 name=$shadow_126_token_assert
[shadow-progress] elapsed_ms=4085.319 leave fn=689 pc=162350 name=$shadow_126_token_assert
[shadow-progress] elapsed_ms=4085.320 enter fn=690 pc=162367 name=$shadow_127_token_requires
[shadow-progress] elapsed_ms=4092.586 leave fn=690 pc=162367 name=$shadow_127_token_requires
[shadow-progress] elapsed_ms=4092.587 enter fn=691 pc=162384 name=$shadow_128_token_ensures
[shadow-progress] elapsed_ms=4099.856 leave fn=691 pc=162384 name=$shadow_128_token_ensures
[shadow-progress] elapsed_ms=4099.858 enter fn=692 pc=162401 name=$shadow_129_token_unsafe
[shadow-progress] elapsed_ms=4107.134 leave fn=692 pc=162401 name=$shadow_129_token_unsafe
[shadow-progress] elapsed_ms=4107.136 enter fn=693 pc=162418 name=$shadow_130_token_shadow
[shadow-progress] elapsed_ms=4114.397 leave fn=693 pc=162418 name=$shadow_130_token_shadow
[shadow-progress] elapsed_ms=4114.398 enter fn=694 pc=162435 name=$shadow_131_token_match
[shadow-progress] elapsed_ms=4121.659 leave fn=694 pc=162435 name=$shadow_131_token_match
[shadow-progress] elapsed_ms=4121.661 enter fn=695 pc=162452 name=$shadow_132_token_import
[shadow-progress] elapsed_ms=4128.924 leave fn=695 pc=162452 name=$shadow_132_token_import
[shadow-progress] elapsed_ms=4128.928 enter fn=696 pc=162469 name=$shadow_133_token_as
[shadow-progress] elapsed_ms=4136.196 leave fn=696 pc=162469 name=$shadow_133_token_as
[shadow-progress] elapsed_ms=4136.198 enter fn=697 pc=162486 name=$shadow_134_token_pub
[shadow-progress] elapsed_ms=4143.459 leave fn=697 pc=162486 name=$shadow_134_token_pub
[shadow-progress] elapsed_ms=4143.461 enter fn=698 pc=162503 name=$shadow_135_token_pure
[shadow-progress] elapsed_ms=4150.723 leave fn=698 pc=162503 name=$shadow_135_token_pure
[shadow-progress] elapsed_ms=4150.724 enter fn=699 pc=162520 name=$shadow_136_token_opaque
[shadow-progress] elapsed_ms=4157.993 leave fn=699 pc=162520 name=$shadow_136_token_opaque
[shadow-progress] elapsed_ms=4157.995 enter fn=700 pc=162537 name=$shadow_137_token_lbracket
[shadow-progress] elapsed_ms=4165.254 leave fn=700 pc=162537 name=$shadow_137_token_lbracket
[shadow-progress] elapsed_ms=4165.256 enter fn=701 pc=162554 name=$shadow_138_token_rbracket
[shadow-progress] elapsed_ms=4172.526 leave fn=701 pc=162554 name=$shadow_138_token_rbracket
[shadow-progress] elapsed_ms=4172.528 enter fn=702 pc=162571 name=$shadow_139_token_dot
[shadow-progress] elapsed_ms=4179.791 leave fn=702 pc=162571 name=$shadow_139_token_dot
[shadow-progress] elapsed_ms=4179.792 enter fn=703 pc=162588 name=$shadow_140_token_double_colon
[shadow-progress] elapsed_ms=4187.053 leave fn=703 pc=162588 name=$shadow_140_token_double_colon
[shadow-progress] elapsed_ms=4187.054 enter fn=704 pc=162605 name=$shadow_141_token_percent
[shadow-progress] elapsed_ms=4194.321 leave fn=704 pc=162605 name=$shadow_141_token_percent
[shadow-progress] elapsed_ms=4194.323 enter fn=705 pc=162622 name=$shadow_142_token_not
[shadow-progress] elapsed_ms=4201.584 leave fn=705 pc=162622 name=$shadow_142_token_not
[shadow-progress] elapsed_ms=4201.585 enter fn=706 pc=162639 name=$shadow_143_token_pipe
[shadow-progress] elapsed_ms=4208.844 leave fn=706 pc=162639 name=$shadow_143_token_pipe
[shadow-progress] elapsed_ms=4208.846 enter fn=707 pc=162656 name=$shadow_144_token_grammar
[shadow-progress] elapsed_ms=4216.095 leave fn=707 pc=162656 name=$shadow_144_token_grammar
[shadow-progress] elapsed_ms=4216.096 enter fn=708 pc=162673 name=$shadow_145_token_larrow
[shadow-progress] elapsed_ms=4223.348 leave fn=708 pc=162673 name=$shadow_145_token_larrow
[shadow-progress] elapsed_ms=4223.350 enter fn=709 pc=162690 name=$shadow_146_token_question
[shadow-progress] elapsed_ms=4230.607 leave fn=709 pc=162690 name=$shadow_146_token_question
[shadow-progress] elapsed_ms=4230.609 enter fn=710 pc=162707 name=$shadow_147_token_array
[shadow-progress] elapsed_ms=4237.864 leave fn=710 pc=162707 name=$shadow_147_token_array
[shadow-progress] elapsed_ms=4237.865 enter fn=711 pc=162724 name=$shadow_148_token_type_int
[shadow-progress] elapsed_ms=4245.119 leave fn=711 pc=162724 name=$shadow_148_token_type_int
[shadow-progress] elapsed_ms=4245.121 enter fn=712 pc=162741 name=$shadow_149_token_type_u8
[shadow-progress] elapsed_ms=4252.382 leave fn=712 pc=162741 name=$shadow_149_token_type_u8
[shadow-progress] elapsed_ms=4252.384 enter fn=713 pc=162758 name=$shadow_150_token_type_float
[shadow-progress] elapsed_ms=4259.667 leave fn=713 pc=162758 name=$shadow_150_token_type_float
[shadow-progress] elapsed_ms=4259.669 enter fn=714 pc=162775 name=$shadow_151_token_type_bool
[shadow-progress] elapsed_ms=4266.933 leave fn=714 pc=162775 name=$shadow_151_token_type_bool
[shadow-progress] elapsed_ms=4266.935 enter fn=715 pc=162792 name=$shadow_152_token_type_string
[shadow-progress] elapsed_ms=4274.200 leave fn=715 pc=162792 name=$shadow_152_token_type_string
[shadow-progress] elapsed_ms=4274.202 enter fn=716 pc=162809 name=$shadow_153_token_type_bstring
[shadow-progress] elapsed_ms=4281.470 leave fn=716 pc=162809 name=$shadow_153_token_type_bstring
[shadow-progress] elapsed_ms=4281.472 enter fn=717 pc=162826 name=$shadow_154_token_type_void
[shadow-progress] elapsed_ms=4288.748 leave fn=717 pc=162826 name=$shadow_154_token_type_void
[shadow-progress] elapsed_ms=4288.749 enter fn=718 pc=162843 name=$shadow_155_parse_qualified_name
[shadow-progress] elapsed_ms=4303.337 leave fn=718 pc=162843 name=$shadow_155_parse_qualified_name
[shadow-progress] elapsed_ms=4303.339 enter fn=719 pc=162930 name=$shadow_156_parse_call_name
[shadow-progress] elapsed_ms=4317.929 leave fn=719 pc=162930 name=$shadow_156_parse_call_name
[shadow-progress] elapsed_ms=4317.931 enter fn=720 pc=163017 name=$shadow_157_is_type_start_token_type
[shadow-progress] elapsed_ms=4332.484 leave fn=720 pc=163017 name=$shadow_157_is_type_start_token_type
[shadow-progress] elapsed_ms=4332.485 enter fn=721 pc=163041 name=$shadow_158_parse_type_string
[shadow-progress] elapsed_ms=4361.696 leave fn=721 pc=163041 name=$shadow_158_parse_type_string
[shadow-progress] elapsed_ms=4361.698 enter fn=722 pc=163199 name=$shadow_159_parser_store_number
[shadow-progress] elapsed_ms=4368.963 leave fn=722 pc=163199 name=$shadow_159_parser_store_number
[shadow-progress] elapsed_ms=4368.964 enter fn=723 pc=163220 name=$shadow_160_parser_store_string
[shadow-progress] elapsed_ms=4376.235 leave fn=723 pc=163220 name=$shadow_160_parser_store_string
[shadow-progress] elapsed_ms=4376.236 enter fn=724 pc=163241 name=$shadow_161_parser_store_bool
[shadow-progress] elapsed_ms=4383.512 leave fn=724 pc=163241 name=$shadow_161_parser_store_bool
[shadow-progress] elapsed_ms=4383.514 enter fn=725 pc=163262 name=$shadow_162_parser_store_identifier
[shadow-progress] elapsed_ms=4390.794 leave fn=725 pc=163262 name=$shadow_162_parser_store_identifier
[shadow-progress] elapsed_ms=4390.795 enter fn=726 pc=163283 name=$shadow_163_parser_store_binary_op
[shadow-progress] elapsed_ms=4398.080 leave fn=726 pc=163283 name=$shadow_163_parser_store_binary_op
[shadow-progress] elapsed_ms=4398.082 enter fn=727 pc=163304 name=$shadow_164_parser_mark_unary
[shadow-progress] elapsed_ms=4471.163 leave fn=727 pc=163304 name=$shadow_164_parser_mark_unary
[shadow-progress] elapsed_ms=4471.165 enter fn=728 pc=163372 name=$shadow_165_parser_store_call
[shadow-progress] elapsed_ms=4478.468 leave fn=728 pc=163372 name=$shadow_165_parser_store_call
[shadow-progress] elapsed_ms=4478.469 enter fn=729 pc=163393 name=$shadow_166_parser_store_module_qualified_ca
[shadow-progress] elapsed_ms=4485.772 leave fn=729 pc=163393 name=$shadow_166_parser_store_module_qualified_ca
[shadow-progress] elapsed_ms=4485.774 enter fn=730 pc=163414 name=$shadow_167_name_contains_dot
[shadow-progress] elapsed_ms=4741.262 leave fn=730 pc=163414 name=$shadow_167_name_contains_dot
[shadow-progress] elapsed_ms=4741.265 enter fn=731 pc=163457 name=$shadow_168_parser_store_call_arg
[shadow-progress] elapsed_ms=4748.545 leave fn=731 pc=163457 name=$shadow_168_parser_store_call_arg
[shadow-progress] elapsed_ms=4748.546 enter fn=732 pc=163478 name=$shadow_169_parser_store_array_element
[shadow-progress] elapsed_ms=4755.821 leave fn=732 pc=163478 name=$shadow_169_parser_store_array_element
[shadow-progress] elapsed_ms=4755.823 enter fn=733 pc=163499 name=$shadow_170_parse_named_literal
[shadow-progress] elapsed_ms=5265.900 leave fn=733 pc=163499 name=$shadow_170_parse_named_literal
[shadow-progress] elapsed_ms=5265.906 enter fn=734 pc=163693 name=$shadow_171_parse_union_construct
[shadow-progress] elapsed_ms=5273.192 leave fn=734 pc=163693 name=$shadow_171_parse_union_construct
[shadow-progress] elapsed_ms=5273.194 enter fn=735 pc=163714 name=$shadow_172_parse_struct_literal
[shadow-progress] elapsed_ms=5280.481 leave fn=735 pc=163714 name=$shadow_172_parse_struct_literal
[shadow-progress] elapsed_ms=5280.483 enter fn=736 pc=163735 name=$shadow_173_parse_cond_expression
[shadow-progress] elapsed_ms=5287.768 leave fn=736 pc=163735 name=$shadow_173_parse_cond_expression
[shadow-progress] elapsed_ms=5287.770 enter fn=737 pc=163756 name=$shadow_174_parse_cond_clauses
[shadow-progress] elapsed_ms=5295.059 leave fn=737 pc=163756 name=$shadow_174_parse_cond_clauses
[shadow-progress] elapsed_ms=5295.061 enter fn=738 pc=163777 name=$shadow_175_parse_match_guard
[shadow-progress] elapsed_ms=5353.312 leave fn=738 pc=163777 name=$shadow_175_parse_match_guard
[shadow-progress] elapsed_ms=5353.319 enter fn=739 pc=163935 name=$shadow_176_parser_match_arm_unconditional
[shadow-progress] elapsed_ms=5579.300 leave fn=739 pc=163935 name=$shadow_176_parser_match_arm_unconditional
[shadow-progress] elapsed_ms=5579.304 enter fn=740 pc=164123 name=$shadow_177_parser_expect_match_arrow
[shadow-progress] elapsed_ms=5593.939 leave fn=740 pc=164123 name=$shadow_177_parser_expect_match_arrow
[shadow-progress] elapsed_ms=5593.942 enter fn=741 pc=164208 name=$shadow_178_parse_match
[shadow-progress] elapsed_ms=5601.228 leave fn=741 pc=164208 name=$shadow_178_parse_match
[shadow-progress] elapsed_ms=5601.230 enter fn=742 pc=164229 name=$shadow_179_parse_primary
[shadow-progress] elapsed_ms=6769.284 leave fn=742 pc=164229 name=$shadow_179_parse_primary
[shadow-progress] elapsed_ms=6769.293 enter fn=743 pc=165030 name=$shadow_180_parse_parenthesized_head
[shadow-progress] elapsed_ms=6907.694 leave fn=743 pc=165030 name=$shadow_180_parse_parenthesized_head
[shadow-progress] elapsed_ms=6907.700 enter fn=744 pc=165205 name=$shadow_181_parenthesized_call_start
[shadow-progress] elapsed_ms=7032.003 leave fn=744 pc=165205 name=$shadow_181_parenthesized_call_start
[shadow-progress] elapsed_ms=7032.008 enter fn=745 pc=165389 name=$shadow_182_is_binary_op
[shadow-progress] elapsed_ms=7053.900 leave fn=745 pc=165389 name=$shadow_182_is_binary_op
[shadow-progress] elapsed_ms=7053.902 enter fn=746 pc=165432 name=$shadow_183_parse_expression_recursive
[shadow-progress] elapsed_ms=7061.194 leave fn=746 pc=165432 name=$shadow_183_parse_expression_recursive
[shadow-progress] elapsed_ms=7061.196 enter fn=747 pc=165453 name=$shadow_184_parse_expression
[shadow-progress] elapsed_ms=7068.490 leave fn=747 pc=165453 name=$shadow_184_parse_expression
[shadow-progress] elapsed_ms=7068.492 enter fn=748 pc=165474 name=$shadow_185_parser_store_let
[shadow-progress] elapsed_ms=7075.798 leave fn=748 pc=165474 name=$shadow_185_parser_store_let
[shadow-progress] elapsed_ms=7075.799 enter fn=749 pc=165495 name=$shadow_186_parser_store_set
[shadow-progress] elapsed_ms=7104.931 leave fn=749 pc=165495 name=$shadow_186_parser_store_set
[shadow-progress] elapsed_ms=7104.933 enter fn=750 pc=165660 name=$shadow_187_parser_store_if
[shadow-progress] elapsed_ms=7112.224 leave fn=750 pc=165660 name=$shadow_187_parser_store_if
[shadow-progress] elapsed_ms=7112.226 enter fn=751 pc=165681 name=$shadow_188_parser_store_while
[shadow-progress] elapsed_ms=7119.524 leave fn=751 pc=165681 name=$shadow_188_parser_store_while
[shadow-progress] elapsed_ms=7119.526 enter fn=752 pc=165702 name=$shadow_189_parser_finish_array_literal
[shadow-progress] elapsed_ms=7148.732 leave fn=752 pc=165702 name=$shadow_189_parser_finish_array_literal
[shadow-progress] elapsed_ms=7148.735 enter fn=753 pc=165930 name=$shadow_190_parser_always_returns
[shadow-progress] elapsed_ms=7250.737 leave fn=753 pc=165930 name=$shadow_190_parser_always_returns
[shadow-progress] elapsed_ms=7250.740 enter fn=754 pc=166043 name=$shadow_191_parser_is_value_expression
[shadow-progress] elapsed_ms=7279.834 leave fn=754 pc=166043 name=$shadow_191_parser_is_value_expression
[shadow-progress] elapsed_ms=7279.836 enter fn=755 pc=166106 name=$shadow_192_parser_decode_import_path
[shadow-progress] elapsed_ms=7308.941 leave fn=755 pc=166106 name=$shadow_192_parser_decode_import_path
[shadow-progress] elapsed_ms=7308.943 enter fn=756 pc=166175 name=$shadow_193_parser_store_return
[shadow-progress] elapsed_ms=7316.230 leave fn=756 pc=166175 name=$shadow_193_parser_store_return
[shadow-progress] elapsed_ms=7316.231 enter fn=757 pc=166196 name=$shadow_194_parser_store_assert
[shadow-progress] elapsed_ms=7323.510 leave fn=757 pc=166196 name=$shadow_194_parser_store_assert
[shadow-progress] elapsed_ms=7323.512 enter fn=758 pc=166217 name=$shadow_195_parser_store_block
[shadow-progress] elapsed_ms=7330.792 leave fn=758 pc=166217 name=$shadow_195_parser_store_block
[shadow-progress] elapsed_ms=7330.794 enter fn=759 pc=166238 name=$shadow_196_parser_wrap_if_in_block
[shadow-progress] elapsed_ms=7338.080 leave fn=759 pc=166238 name=$shadow_196_parser_wrap_if_in_block
[shadow-progress] elapsed_ms=7338.090 enter fn=760 pc=166259 name=$shadow_197_expr_kind_to_pnode
[shadow-progress] elapsed_ms=7359.938 leave fn=760 pc=166259 name=$shadow_197_expr_kind_to_pnode
[shadow-progress] elapsed_ms=7359.940 enter fn=761 pc=166335 name=$shadow_198_parser_starts_owned_pattern
[shadow-progress] elapsed_ms=7367.278 leave fn=761 pc=166335 name=$shadow_198_parser_starts_owned_pattern
[shadow-progress] elapsed_ms=7367.280 enter fn=762 pc=166385 name=$shadow_199_parser_mark_owned
[shadow-progress] elapsed_ms=7381.853 leave fn=762 pc=166385 name=$shadow_199_parser_mark_owned
[shadow-progress] elapsed_ms=7381.855 enter fn=763 pc=166525 name=$shadow_200_parse_owned_pattern
[shadow-progress] elapsed_ms=7381.911 enter fn=357 pc=43268 name=parse_owned_pattern
[shadow-progress] elapsed_ms=7403.826 leave fn=357 pc=43268 name=parse_owned_pattern
[shadow-progress] elapsed_ms=7433.049 enter fn=357 pc=43268 name=parse_owned_pattern
[shadow-progress] elapsed_ms=7454.946 leave fn=357 pc=43268 name=parse_owned_pattern
[shadow-progress] elapsed_ms=7484.041 leave fn=763 pc=166525 name=$shadow_200_parse_owned_pattern
[shadow-progress] elapsed_ms=7484.043 enter fn=764 pc=166770 name=$shadow_201_parse_block_recursive
I stopped shadow execution after 10 seconds
