test_all_byte_identities (tests.test_cast_u8_backends.CastU8Backends.test_all_byte_identities) ... I retain generated byte conversion artifacts at /tmp/nano-cast-u8-backends-e9wfworh
ok
test_calls_locals_globals_and_once_only_operand (tests.test_cast_u8_backends.CastU8Backends.test_calls_locals_globals_and_once_only_operand) ... I retain generated byte conversion artifacts at /tmp/nano-cast-u8-backends-r9s01l44
ok
test_integer_byte_branch_join_before_conversion (tests.test_cast_u8_backends.CastU8Backends.test_integer_byte_branch_join_before_conversion) ... I retain generated byte conversion artifacts at /tmp/nano-cast-u8-backends-_8boswbv
FAIL
test_integer_extrema_without_byte_literal (tests.test_cast_u8_backends.CastU8Backends.test_integer_extrema_without_byte_literal) ... I retain generated byte conversion artifacts at /tmp/nano-cast-u8-backends-4vs9d9wy
ok
test_verified_wrong_tags_and_managed_cleanup (tests.test_cast_u8_backends.CastU8Backends.test_verified_wrong_tags_and_managed_cleanup) ... I retain generated byte conversion artifacts at /tmp/nano-cast-u8-backends-e0g0mppl

  test_verified_wrong_tags_and_managed_cleanup (tests.test_cast_u8_backends.CastU8Backends.test_verified_wrong_tags_and_managed_cleanup) (tag='bool') ... FAIL
  test_verified_wrong_tags_and_managed_cleanup (tests.test_cast_u8_backends.CastU8Backends.test_verified_wrong_tags_and_managed_cleanup) (tag='float') ... FAIL
  test_verified_wrong_tags_and_managed_cleanup (tests.test_cast_u8_backends.CastU8Backends.test_verified_wrong_tags_and_managed_cleanup) (tag='void') ... FAIL
  test_verified_wrong_tags_and_managed_cleanup (tests.test_cast_u8_backends.CastU8Backends.test_verified_wrong_tags_and_managed_cleanup) (tag='enum') ... FAIL
  test_verified_wrong_tags_and_managed_cleanup (tests.test_cast_u8_backends.CastU8Backends.test_verified_wrong_tags_and_managed_cleanup) (tag='string') ... FAIL
  test_verified_wrong_tags_and_managed_cleanup (tests.test_cast_u8_backends.CastU8Backends.test_verified_wrong_tags_and_managed_cleanup) (tag='array') ... FAIL

======================================================================
FAIL: test_integer_byte_branch_join_before_conversion (tests.test_cast_u8_backends.CastU8Backends.test_integer_byte_branch_join_before_conversion)
----------------------------------------------------------------------
Traceback (most recent call last):
  File "/home/jkh/Src/nanolang-cast-u8-backends/tests/test_cast_u8_backends.py", line 146, in test_integer_byte_branch_join_before_conversion
    self.compare(self.program(body, suffix))
    ~~~~~~~~~~~~^^^^^^^^^^^^^^^^^^^^^^^^^^^^
  File "/home/jkh/Src/nanolang-cast-u8-backends/tests/test_cast_u8_backends.py", line 78, in compare
    self.run_actual([ROOT / 'bin/nvm2c', module, '-o', source])
    ~~~~~~~~~~~~~~~^^^^^^^^^^^^^^^^^^^^^^^^^^^^^^^^^^^^^^^^^^^^
  File "/home/jkh/Src/nanolang-cast-u8-backends/tests/test_cast_u8_backends.py", line 34, in run_actual
    return self.command(f'{self.serial:03d}', list(map(str, args)))
           ~~~~~~~~~~~~^^^^^^^^^^^^^^^^^^^^^^^^^^^^^^^^^^^^^^^^^^^^
  File "/home/jkh/Src/nanolang-cast-u8-backends/tests/test_file_cyclic.py", line 86, in command
    self.assertEqual(status["returncode"], 0, status)
    ~~~~~~~~~~~~~~~~^^^^^^^^^^^^^^^^^^^^^^^^^^^^^^^^^
AssertionError: 1 != 0 : {'timeout': False, 'returncode': 1, 'leader_reaped': True, 'group_disappeared': True, 'bound_seconds': 240, 'errors': [], 'cleanup_signals': [], 'launched': True}

======================================================================
FAIL: test_verified_wrong_tags_and_managed_cleanup (tests.test_cast_u8_backends.CastU8Backends.test_verified_wrong_tags_and_managed_cleanup) (tag='bool')
----------------------------------------------------------------------
Traceback (most recent call last):
  File "/home/jkh/Src/nanolang-cast-u8-backends/tests/test_cast_u8_backends.py", line 170, in test_verified_wrong_tags_and_managed_cleanup
    self.run_actual([ROOT / 'bin/nvm2c', module, '-o', source])
    ~~~~~~~~~~~~~~~^^^^^^^^^^^^^^^^^^^^^^^^^^^^^^^^^^^^^^^^^^^^
  File "/home/jkh/Src/nanolang-cast-u8-backends/tests/test_cast_u8_backends.py", line 34, in run_actual
    return self.command(f'{self.serial:03d}', list(map(str, args)))
           ~~~~~~~~~~~~^^^^^^^^^^^^^^^^^^^^^^^^^^^^^^^^^^^^^^^^^^^^
  File "/home/jkh/Src/nanolang-cast-u8-backends/tests/test_file_cyclic.py", line 86, in command
    self.assertEqual(status["returncode"], 0, status)
    ~~~~~~~~~~~~~~~~^^^^^^^^^^^^^^^^^^^^^^^^^^^^^^^^^
AssertionError: 1 != 0 : {'timeout': False, 'returncode': 1, 'leader_reaped': True, 'group_disappeared': True, 'bound_seconds': 240, 'errors': [], 'cleanup_signals': [], 'launched': True}

======================================================================
FAIL: test_verified_wrong_tags_and_managed_cleanup (tests.test_cast_u8_backends.CastU8Backends.test_verified_wrong_tags_and_managed_cleanup) (tag='float')
----------------------------------------------------------------------
Traceback (most recent call last):
  File "/home/jkh/Src/nanolang-cast-u8-backends/tests/test_cast_u8_backends.py", line 170, in test_verified_wrong_tags_and_managed_cleanup
    self.run_actual([ROOT / 'bin/nvm2c', module, '-o', source])
    ~~~~~~~~~~~~~~~^^^^^^^^^^^^^^^^^^^^^^^^^^^^^^^^^^^^^^^^^^^^
  File "/home/jkh/Src/nanolang-cast-u8-backends/tests/test_cast_u8_backends.py", line 34, in run_actual
    return self.command(f'{self.serial:03d}', list(map(str, args)))
           ~~~~~~~~~~~~^^^^^^^^^^^^^^^^^^^^^^^^^^^^^^^^^^^^^^^^^^^^
  File "/home/jkh/Src/nanolang-cast-u8-backends/tests/test_file_cyclic.py", line 86, in command
    self.assertEqual(status["returncode"], 0, status)
    ~~~~~~~~~~~~~~~~^^^^^^^^^^^^^^^^^^^^^^^^^^^^^^^^^
AssertionError: 1 != 0 : {'timeout': False, 'returncode': 1, 'leader_reaped': True, 'group_disappeared': True, 'bound_seconds': 240, 'errors': [], 'cleanup_signals': [], 'launched': True}

======================================================================
FAIL: test_verified_wrong_tags_and_managed_cleanup (tests.test_cast_u8_backends.CastU8Backends.test_verified_wrong_tags_and_managed_cleanup) (tag='void')
----------------------------------------------------------------------
Traceback (most recent call last):
  File "/home/jkh/Src/nanolang-cast-u8-backends/tests/test_cast_u8_backends.py", line 170, in test_verified_wrong_tags_and_managed_cleanup
    self.run_actual([ROOT / 'bin/nvm2c', module, '-o', source])
    ~~~~~~~~~~~~~~~^^^^^^^^^^^^^^^^^^^^^^^^^^^^^^^^^^^^^^^^^^^^
  File "/home/jkh/Src/nanolang-cast-u8-backends/tests/test_cast_u8_backends.py", line 34, in run_actual
    return self.command(f'{self.serial:03d}', list(map(str, args)))
           ~~~~~~~~~~~~^^^^^^^^^^^^^^^^^^^^^^^^^^^^^^^^^^^^^^^^^^^^
  File "/home/jkh/Src/nanolang-cast-u8-backends/tests/test_file_cyclic.py", line 86, in command
    self.assertEqual(status["returncode"], 0, status)
    ~~~~~~~~~~~~~~~~^^^^^^^^^^^^^^^^^^^^^^^^^^^^^^^^^
AssertionError: 1 != 0 : {'timeout': False, 'returncode': 1, 'leader_reaped': True, 'group_disappeared': True, 'bound_seconds': 240, 'errors': [], 'cleanup_signals': [], 'launched': True}

======================================================================
FAIL: test_verified_wrong_tags_and_managed_cleanup (tests.test_cast_u8_backends.CastU8Backends.test_verified_wrong_tags_and_managed_cleanup) (tag='enum')
----------------------------------------------------------------------
Traceback (most recent call last):
  File "/home/jkh/Src/nanolang-cast-u8-backends/tests/test_cast_u8_backends.py", line 170, in test_verified_wrong_tags_and_managed_cleanup
    self.run_actual([ROOT / 'bin/nvm2c', module, '-o', source])
    ~~~~~~~~~~~~~~~^^^^^^^^^^^^^^^^^^^^^^^^^^^^^^^^^^^^^^^^^^^^
  File "/home/jkh/Src/nanolang-cast-u8-backends/tests/test_cast_u8_backends.py", line 34, in run_actual
    return self.command(f'{self.serial:03d}', list(map(str, args)))
           ~~~~~~~~~~~~^^^^^^^^^^^^^^^^^^^^^^^^^^^^^^^^^^^^^^^^^^^^
  File "/home/jkh/Src/nanolang-cast-u8-backends/tests/test_file_cyclic.py", line 86, in command
    self.assertEqual(status["returncode"], 0, status)
    ~~~~~~~~~~~~~~~~^^^^^^^^^^^^^^^^^^^^^^^^^^^^^^^^^
AssertionError: 1 != 0 : {'timeout': False, 'returncode': 1, 'leader_reaped': True, 'group_disappeared': True, 'bound_seconds': 240, 'errors': [], 'cleanup_signals': [], 'launched': True}

======================================================================
FAIL: test_verified_wrong_tags_and_managed_cleanup (tests.test_cast_u8_backends.CastU8Backends.test_verified_wrong_tags_and_managed_cleanup) (tag='string')
----------------------------------------------------------------------
Traceback (most recent call last):
  File "/home/jkh/Src/nanolang-cast-u8-backends/tests/test_cast_u8_backends.py", line 170, in test_verified_wrong_tags_and_managed_cleanup
    self.run_actual([ROOT / 'bin/nvm2c', module, '-o', source])
    ~~~~~~~~~~~~~~~^^^^^^^^^^^^^^^^^^^^^^^^^^^^^^^^^^^^^^^^^^^^
  File "/home/jkh/Src/nanolang-cast-u8-backends/tests/test_cast_u8_backends.py", line 34, in run_actual
    return self.command(f'{self.serial:03d}', list(map(str, args)))
           ~~~~~~~~~~~~^^^^^^^^^^^^^^^^^^^^^^^^^^^^^^^^^^^^^^^^^^^^
  File "/home/jkh/Src/nanolang-cast-u8-backends/tests/test_file_cyclic.py", line 86, in command
    self.assertEqual(status["returncode"], 0, status)
    ~~~~~~~~~~~~~~~~^^^^^^^^^^^^^^^^^^^^^^^^^^^^^^^^^
AssertionError: 1 != 0 : {'timeout': False, 'returncode': 1, 'leader_reaped': True, 'group_disappeared': True, 'bound_seconds': 240, 'errors': [], 'cleanup_signals': [], 'launched': True}

======================================================================
FAIL: test_verified_wrong_tags_and_managed_cleanup (tests.test_cast_u8_backends.CastU8Backends.test_verified_wrong_tags_and_managed_cleanup) (tag='array')
----------------------------------------------------------------------
Traceback (most recent call last):
  File "/home/jkh/Src/nanolang-cast-u8-backends/tests/test_cast_u8_backends.py", line 170, in test_verified_wrong_tags_and_managed_cleanup
    self.run_actual([ROOT / 'bin/nvm2c', module, '-o', source])
    ~~~~~~~~~~~~~~~^^^^^^^^^^^^^^^^^^^^^^^^^^^^^^^^^^^^^^^^^^^^
  File "/home/jkh/Src/nanolang-cast-u8-backends/tests/test_cast_u8_backends.py", line 34, in run_actual
    return self.command(f'{self.serial:03d}', list(map(str, args)))
           ~~~~~~~~~~~~^^^^^^^^^^^^^^^^^^^^^^^^^^^^^^^^^^^^^^^^^^^^
  File "/home/jkh/Src/nanolang-cast-u8-backends/tests/test_file_cyclic.py", line 86, in command
    self.assertEqual(status["returncode"], 0, status)
    ~~~~~~~~~~~~~~~~^^^^^^^^^^^^^^^^^^^^^^^^^^^^^^^^^
AssertionError: 1 != 0 : {'timeout': False, 'returncode': 1, 'leader_reaped': True, 'group_disappeared': True, 'bound_seconds': 240, 'errors': [], 'cleanup_signals': [], 'launched': True}

----------------------------------------------------------------------
Ran 5 tests in 8.265s

FAILED (failures=7)
