OPENCL DIAGNOSTIC MAPS BEFORE DLCLOSE BEGIN
00400000-057c1000 r-xp 00000000 103:02 1329723                           /usr/lib/aarch64-linux-gnu/libcuda.so.595.84
057c1000-059c1000 ---p 053c1000 103:02 1329723                           /usr/lib/aarch64-linux-gnu/libcuda.so.595.84
059c1000-05cf0000 r--p 053c1000 103:02 1329723                           /usr/lib/aarch64-linux-gnu/libcuda.so.595.84
05cf0000-05cf5000 rw-p 056f0000 103:02 1329723                           /usr/lib/aarch64-linux-gnu/libcuda.so.595.84
05cf5000-05d5c000 rw-p 00000000 00:00 0 
200000000-300200000 ---p 00000000 00:00 0 
ffffff000-1200000000 rw-p 00000000 00:00 0 
1200000000-41200000000 ---p 00000000 00:00 0 
41200000000-201000000000 rw-p 00000000 00:00 0 
500000000000-502000000000 ---p 00000000 00:00 0 
502000000000-502000020000 rw-p 00000000 00:00 0 
502000020000-502e00000000 ---p 00000000 00:00 0 
502e00000000-502e00010000 rw-p 00000000 00:00 0 
502e00010000-503000000000 ---p 00000000 00:00 0 
503000000000-503000050000 rw-p 00000000 00:00 0 
503000050000-503e00000000 ---p 00000000 00:00 0 
503e00000000-503e00010000 rw-p 00000000 00:00 0 
503e00010000-504000000000 ---p 00000000 00:00 0 
504000000000-504000040000 rw-p 00000000 00:00 0 
504000040000-504e00000000 ---p 00000000 00:00 0 
504e00000000-504e00010000 rw-p 00000000 00:00 0 
504e00010000-506000000000 ---p 00000000 00:00 0 
506000000000-506000100000 rw-p 00000000 00:00 0 
506000100000-506e00000000 ---p 00000000 00:00 0 
506e00000000-506e00010000 rw-p 00000000 00:00 0 
506e00010000-507000000000 ---p 00000000 00:00 0 
507000000000-507000020000 rw-p 00000000 00:00 0 
507000020000-507e00000000 ---p 00000000 00:00 0 
507e00000000-507e00010000 rw-p 00000000 00:00 0 
507e00010000-508000000000 ---p 00000000 00:00 0 
508000000000-508000010000 rw-p 00000000 00:00 0 
508000010000-508e00000000 ---p 00000000 00:00 0 
508e00000000-508e00010000 rw-p 00000000 00:00 0 
508e00010000-50b000000000 ---p 00000000 00:00 0 
50b000000000-50b000040000 rw-p 00000000 00:00 0 
50b000040000-50be00000000 ---p 00000000 00:00 0 
50be00000000-50be00010000 rw-p 00000000 00:00 0 
50be00010000-50c000000000 ---p 00000000 00:00 0 
50c000000000-50c000010000 rw-p 00000000 00:00 0 
50c000010000-50ce00000000 ---p 00000000 00:00 0 
50ce00000000-50ce00010000 rw-p 00000000 00:00 0 
50ce00010000-50d000000000 ---p 00000000 00:00 0 
50d000000000-50d000020000 rw-p 00000000 00:00 0 
50d000020000-50de00000000 ---p 00000000 00:00 0 
50de00000000-50de00010000 rw-p 00000000 00:00 0 
50de00010000-50e000000000 ---p 00000000 00:00 0 
50e000000000-50e000110000 rw-p 00000000 00:00 0 
50e000110000-50ee00000000 ---p 00000000 00:00 0 
50ee00000000-50ee00010000 rw-p 00000000 00:00 0 
50ee00010000-50f000000000 ---p 00000000 00:00 0 
50f000000000-50f000010000 rw-p 00000000 00:00 0 
50f000010000-50fe00000000 ---p 00000000 00:00 0 
50fe00000000-50fe00010000 rw-p 00000000 00:00 0 
50fe00010000-510000000000 ---p 00000000 00:00 0 
510000000000-510000010000 rw-p 00000000 00:00 0 
510000010000-510e00000000 ---p 00000000 00:00 0 
510e00000000-510e00010000 rw-p 00000000 00:00 0 
510e00010000-511000000000 ---p 00000000 00:00 0 
511000000000-511000030000 rw-p 00000000 00:00 0 
511000030000-511e00000000 ---p 00000000 00:00 0 
511e00000000-511e00010000 rw-p 00000000 00:00 0 
511e00010000-512000000000 ---p 00000000 00:00 0 
512000000000-512000030000 rw-p 00000000 00:00 0 
512000030000-512e00000000 ---p 00000000 00:00 0 
512e00000000-512e00010000 rw-p 00000000 00:00 0 
512e00010000-513000000000 ---p 00000000 00:00 0 
513000000000-513000010000 rw-p 00000000 00:00 0 
513000010000-513e00000000 ---p 00000000 00:00 0 
513e00000000-513e00010000 rw-p 00000000 00:00 0 
513e00010000-514000000000 ---p 00000000 00:00 0 
514000000000-514000010000 rw-p 00000000 00:00 0 
514000010000-514e00000000 ---p 00000000 00:00 0 
514e00000000-514e00010000 rw-p 00000000 00:00 0 
514e00010000-515000000000 ---p 00000000 00:00 0 
515000000000-515000020000 rw-p 00000000 00:00 0 
515000020000-515e00000000 ---p 00000000 00:00 0 
515e00000000-515e00010000 rw-p 00000000 00:00 0 
515e00010000-516000000000 ---p 00000000 00:00 0 
516000000000-516000100000 rw-p 00000000 00:00 0 
516000100000-516e00000000 ---p 00000000 00:00 0 
516e00000000-516e00010000 rw-p 00000000 00:00 0 
516e00010000-517000000000 ---p 00000000 00:00 0 
517000000000-517000050000 rw-p 00000000 00:00 0 
517000050000-517e00000000 ---p 00000000 00:00 0 
517e00000000-517e00010000 rw-p 00000000 00:00 0 
517e00010000-518000000000 ---p 00000000 00:00 0 
518000000000-518000050000 rw-p 00000000 00:00 0 
518000050000-518e00000000 ---p 00000000 00:00 0 
518e00000000-518e00010000 rw-p 00000000 00:00 0 
518e00010000-519000000000 ---p 00000000 00:00 0 
519000000000-519000030000 rw-p 00000000 00:00 0 
519000030000-519e00000000 ---p 00000000 00:00 0 
519e00000000-519e00010000 rw-p 00000000 00:00 0 
519e00010000-51a000000000 ---p 00000000 00:00 0 
51a000000000-51a0001b0000 rw-p 00000000 00:00 0 
51a0001b0000-51ae00000000 ---p 00000000 00:00 0 
51ae00000000-51ae00010000 rw-p 00000000 00:00 0 
51ae00010000-51b000000000 ---p 00000000 00:00 0 
51b000000000-51b000010000 rw-p 00000000 00:00 0 
51b000010000-51be00000000 ---p 00000000 00:00 0 
51be00000000-51be00010000 rw-p 00000000 00:00 0 
51be00010000-51c000000000 ---p 00000000 00:00 0 
51c000000000-51c000010000 rw-p 00000000 00:00 0 
51c000010000-51ce00000000 ---p 00000000 00:00 0 
51ce00000000-51ce00010000 rw-p 00000000 00:00 0 
51ce00010000-51d000000000 ---p 00000000 00:00 0 
51d000000000-51d000010000 rw-p 00000000 00:00 0 
51d000010000-51de00000000 ---p 00000000 00:00 0 
51de00000000-51de00010000 rw-p 00000000 00:00 0 
51de00010000-51e000000000 ---p 00000000 00:00 0 
51e000000000-51e000020000 rw-p 00000000 00:00 0 
51e000020000-51ee00000000 ---p 00000000 00:00 0 
51ee00000000-51ee00010000 rw-p 00000000 00:00 0 
51ee00010000-51f000000000 ---p 00000000 00:00 0 
51f000000000-51f000010000 rw-p 00000000 00:00 0 
51f000010000-51fe00000000 ---p 00000000 00:00 0 
51fe00000000-51fe00010000 rw-p 00000000 00:00 0 
51fe00010000-520000000000 ---p 00000000 00:00 0 
520000000000-520000010000 rw-p 00000000 00:00 0 
520000010000-520e00000000 ---p 00000000 00:00 0 
520e00000000-520e00010000 rw-p 00000000 00:00 0 
520e00010000-521000000000 ---p 00000000 00:00 0 
521000000000-5210000a0000 rw-p 00000000 00:00 0 
5210000a0000-521e00000000 ---p 00000000 00:00 0 
521e00000000-521e00010000 rw-p 00000000 00:00 0 
521e00010000-522000000000 ---p 00000000 00:00 0 
522000000000-522000010000 rw-p 00000000 00:00 0 
522000010000-522e00000000 ---p 00000000 00:00 0 
522e00000000-522e00010000 rw-p 00000000 00:00 0 
522e00010000-523000000000 ---p 00000000 00:00 0 
523000000000-523000010000 rw-p 00000000 00:00 0 
523000010000-523e00000000 ---p 00000000 00:00 0 
523e00000000-523e00010000 rw-p 00000000 00:00 0 
523e00010000-524000000000 ---p 00000000 00:00 0 
524000000000-5240000b0000 rw-p 00000000 00:00 0 
5240000b0000-524e00000000 ---p 00000000 00:00 0 
524e00000000-524e00010000 rw-p 00000000 00:00 0 
524e00010000-525000000000 ---p 00000000 00:00 0 
525000000000-525000060000 rw-p 00000000 00:00 0 
525000060000-525e00000000 ---p 00000000 00:00 0 
525e00000000-525e00010000 rw-p 00000000 00:00 0 
525e00010000-526000000000 ---p 00000000 00:00 0 
526000000000-526000010000 rw-p 00000000 00:00 0 
526000010000-526e00000000 ---p 00000000 00:00 0 
526e00000000-526e00010000 rw-p 00000000 00:00 0 
526e00010000-527000000000 ---p 00000000 00:00 0 
527000000000-527000020000 rw-p 00000000 00:00 0 
527000020000-527e00000000 ---p 00000000 00:00 0 
527e00000000-527e00010000 rw-p 00000000 00:00 0 
527e00010000-528000000000 ---p 00000000 00:00 0 
528000000000-528000010000 rw-p 00000000 00:00 0 
528000010000-528e00000000 ---p 00000000 00:00 0 
528e00000000-528e00010000 rw-p 00000000 00:00 0 
528e00010000-529000000000 ---p 00000000 00:00 0 
529000000000-529000050000 rw-p 00000000 00:00 0 
529000050000-529e00000000 ---p 00000000 00:00 0 
529e00000000-529e00010000 rw-p 00000000 00:00 0 
529e00010000-52a000000000 ---p 00000000 00:00 0 
52a000000000-52a000030000 rw-p 00000000 00:00 0 
52a000030000-52ae00000000 ---p 00000000 00:00 0 
52ae00000000-52ae00010000 rw-p 00000000 00:00 0 
52ae00010000-52b000000000 ---p 00000000 00:00 0 
52b000000000-52b000030000 rw-p 00000000 00:00 0 
52b000030000-52be00000000 ---p 00000000 00:00 0 
52be00000000-52be00010000 rw-p 00000000 00:00 0 
52be00010000-52c000000000 ---p 00000000 00:00 0 
52c000000000-52c000010000 rw-p 00000000 00:00 0 
52c000010000-52ce00000000 ---p 00000000 00:00 0 
52ce00000000-52ce00010000 rw-p 00000000 00:00 0 
52ce00010000-52d000000000 ---p 00000000 00:00 0 
52d000000000-52d000f20000 rw-p 00000000 00:00 0 
52d000f20000-52de00000000 ---p 00000000 00:00 0 
52de00000000-52de00010000 rw-p 00000000 00:00 0 
52de00010000-52f000000000 ---p 00000000 00:00 0 
52f000000000-52f0000b0000 rw-p 00000000 00:00 0 
52f0000b0000-52fe00000000 ---p 00000000 00:00 0 
52fe00000000-52fe00010000 rw-p 00000000 00:00 0 
52fe00010000-530000000000 ---p 00000000 00:00 0 
530000000000-5300000d0000 rw-p 00000000 00:00 0 
5300000d0000-530e00000000 ---p 00000000 00:00 0 
530e00000000-530e00010000 rw-p 00000000 00:00 0 
530e00010000-531000000000 ---p 00000000 00:00 0 
531000000000-531000070000 rw-p 00000000 00:00 0 
531000070000-531e00000000 ---p 00000000 00:00 0 
531e00000000-531e00010000 rw-p 00000000 00:00 0 
531e00010000-532000000000 ---p 00000000 00:00 0 
532000000000-5320001a0000 rw-p 00000000 00:00 0 
5320001a0000-532e00000000 ---p 00000000 00:00 0 
532e00000000-532e00010000 rw-p 00000000 00:00 0 
532e00010000-534000000000 ---p 00000000 00:00 0 
534000000000-534000020000 rw-p 00000000 00:00 0 
534000020000-534e00000000 ---p 00000000 00:00 0 
534e00000000-534e00010000 rw-p 00000000 00:00 0 
534e00010000-540000000000 ---p 00000000 00:00 0 
540000000000-540000002000 rw-p 00000000 00:00 0 
bb6917de0000-bb6917df7000 r-xp 00000000 103:02 1448617                   /tmp/nanolang-opencl-unload-4b71/real-mapped
bb6917e0f000-bb6917e10000 r--p 0001f000 103:02 1448617                   /tmp/nanolang-opencl-unload-4b71/real-mapped
bb6917e10000-bb6917e1a000 rw-p 00020000 103:02 1448617                   /tmp/nanolang-opencl-unload-4b71/real-mapped
bb6917e1a000-bb6917e2c000 rw-p 00000000 00:00 0 
f8856f560000-f88571781000 r-xp 00000000 103:02 1334229                   /usr/lib/aarch64-linux-gnu/libnvidia-nvvm.so.595.84
f88571781000-f88571790000 ---p 02221000 103:02 1334229                   /usr/lib/aarch64-linux-gnu/libnvidia-nvvm.so.595.84
f88571790000-f88571d4a000 r--p 02220000 103:02 1334229                   /usr/lib/aarch64-linux-gnu/libnvidia-nvvm.so.595.84
f88571d4a000-f88573dff000 rw-p 027da000 103:02 1334229                   /usr/lib/aarch64-linux-gnu/libnvidia-nvvm.so.595.84
f88573dff000-f88573e49000 rw-p 00000000 00:00 0 
f88577d92000-f88577da2000 ---p 00000000 00:00 0 
f88577da2000-f885785a2000 rw-p 00000000 00:00 0 
f885785a2000-f885785b2000 ---p 00000000 00:00 0 
f885785b2000-f88578db2000 rw-p 00000000 00:00 0 
f8857a8db000-f8857a8eb000 ---p 00000000 00:00 0 
f8857a8eb000-f8857b0eb000 rw-p 00000000 00:00 0 
f8857b0eb000-f8857c010000 rw-p 00000000 00:00 0 
f8857dd3a000-f8857dd4a000 ---p 00000000 00:00 0 
f8857dd4a000-f8857e54a000 rw-p 00000000 00:00 0 
f8857e54a000-f8857f76b000 ---p 00000000 00:00 0 
f8857f76b000-f8857fa00000 rw-p 00000000 00:00 0 
f8857fa00000-f88783a00000 ---p 00000000 00:00 0 
f88783b70000-f88788a82000 r-xp 00000000 103:02 1336378                   /usr/lib/aarch64-linux-gnu/libnvidia-opencl.so.595.84
f88788a82000-f88788a92000 ---p 04f12000 103:02 1336378                   /usr/lib/aarch64-linux-gnu/libnvidia-opencl.so.595.84
f88788a92000-f88788dcc000 r--p 04f12000 103:02 1336378                   /usr/lib/aarch64-linux-gnu/libnvidia-opencl.so.595.84
f88788dcc000-f88788dd1000 rw-p 0524c000 103:02 1336378                   /usr/lib/aarch64-linux-gnu/libnvidia-opencl.so.595.84
f88788dd1000-f88788df8000 rw-p 00000000 00:00 0 
f88788e00000-f88789600000 rw-p 00000000 00:00 0 
f88789600000-f88789700000 rw-p 00000000 00:00 0 
f88789800000-f88789900000 rw-p 00000000 00:00 0 
f88789908000-f88789962000 rw-p 00000000 00:00 0 
f8878998a000-f88789b00000 rw-p 00000000 00:00 0 
f88789b64000-f8878aa20000 rw-p 00000000 00:00 0 
f8878aa20000-f8878b200000 ---p 00000000 00:00 0 
f8878b200000-f8878b300000 rw-p 00000000 00:00 0 
f8878b311000-f8878b500000 rw-p 00000000 00:00 0 
f8878b504000-f8878b700000 rw-p 00000000 00:00 0 
f8878b702000-f8878b900000 rw-p 00000000 00:00 0 
f8878b92c000-f8878b970000 rw-p 00000000 00:00 0 
f8878b970000-f8878b971000 r-xp 00000000 103:02 1344411                   /usr/lib/aarch64-linux-gnu/librt.so.1
f8878b971000-f8878b98f000 ---p 00001000 103:02 1344411                   /usr/lib/aarch64-linux-gnu/librt.so.1
f8878b98f000-f8878b990000 r--p 0000f000 103:02 1344411                   /usr/lib/aarch64-linux-gnu/librt.so.1
f8878b990000-f8878b991000 rw-p 00010000 103:02 1344411                   /usr/lib/aarch64-linux-gnu/librt.so.1
f8878b9a0000-f8878b9a1000 r-xp 00000000 103:02 1344399                   /usr/lib/aarch64-linux-gnu/libdl.so.2
f8878b9a1000-f8878b9bf000 ---p 00001000 103:02 1344399                   /usr/lib/aarch64-linux-gnu/libdl.so.2
f8878b9bf000-f8878b9c0000 r--p 0000f000 103:02 1344399                   /usr/lib/aarch64-linux-gnu/libdl.so.2
f8878b9c0000-f8878b9c1000 rw-p 00010000 103:02 1344399                   /usr/lib/aarch64-linux-gnu/libdl.so.2
f8878b9d0000-f8878b9d1000 r-xp 00000000 103:02 1344409                   /usr/lib/aarch64-linux-gnu/libpthread.so.0
f8878b9d1000-f8878b9ef000 ---p 00001000 103:02 1344409                   /usr/lib/aarch64-linux-gnu/libpthread.so.0
f8878b9ef000-f8878b9f0000 r--p 0000f000 103:02 1344409                   /usr/lib/aarch64-linux-gnu/libpthread.so.0
f8878b9f0000-f8878b9f1000 rw-p 00010000 103:02 1344409                   /usr/lib/aarch64-linux-gnu/libpthread.so.0
f8878ba00000-f8878bb00000 rw-p 00000000 00:00 0 
f8878bb10000-f8878bb22000 r-xp 00000000 103:02 1359570                   /usr/lib/aarch64-linux-gnu/libOpenCL.so.1.0.0
f8878bb22000-f8878bb3f000 ---p 00012000 103:02 1359570                   /usr/lib/aarch64-linux-gnu/libOpenCL.so.1.0.0
f8878bb3f000-f8878bb40000 r--p 0001f000 103:02 1359570                   /usr/lib/aarch64-linux-gnu/libOpenCL.so.1.0.0
f8878bb40000-f8878bb41000 rw-p 00020000 103:02 1359570                   /usr/lib/aarch64-linux-gnu/libOpenCL.so.1.0.0
f8878bb42000-f8878bb52000 -w-s 00000000 00:06 1095                       /dev/nvidia0
f8878bb52000-f8878bb62000 -w-s 00000000 00:06 1095                       /dev/nvidia0
f8878bb62000-f8878c000000 rw-p 00000000 00:00 0 
f8878c000000-f8878c26d000 r-xp 00000000 103:02 1332493                   /usr/lib/aarch64-linux-gnu/libstdc++.so.6.0.33
f8878c26d000-f8878c275000 ---p 0026d000 103:02 1332493                   /usr/lib/aarch64-linux-gnu/libstdc++.so.6.0.33
f8878c275000-f8878c280000 r--p 00275000 103:02 1332493                   /usr/lib/aarch64-linux-gnu/libstdc++.so.6.0.33
f8878c280000-f8878c283000 rw-p 00280000 103:02 1332493                   /usr/lib/aarch64-linux-gnu/libstdc++.so.6.0.33
f8878c283000-f8878c287000 rw-p 00000000 00:00 0 
f8878c290000-f8878c2af000 r-xp 00000000 103:02 1335338                   /usr/lib/aarch64-linux-gnu/libgcc_s.so.1
f8878c2af000-f8878c2bf000 ---p 0001f000 103:02 1335338                   /usr/lib/aarch64-linux-gnu/libgcc_s.so.1
f8878c2bf000-f8878c2c0000 r--p 0001f000 103:02 1335338                   /usr/lib/aarch64-linux-gnu/libgcc_s.so.1
f8878c2c0000-f8878c2c1000 rw-p 00020000 103:02 1335338                   /usr/lib/aarch64-linux-gnu/libgcc_s.so.1
f8878c2d0000-f8878c355000 r-xp 00000000 103:02 1344400                   /usr/lib/aarch64-linux-gnu/libm.so.6
f8878c355000-f8878c36f000 ---p 00085000 103:02 1344400                   /usr/lib/aarch64-linux-gnu/libm.so.6
f8878c36f000-f8878c370000 r--p 0008f000 103:02 1344400                   /usr/lib/aarch64-linux-gnu/libm.so.6
f8878c370000-f8878c371000 rw-p 00090000 103:02 1344400                   /usr/lib/aarch64-linux-gnu/libm.so.6
f8878c372000-f8878c380000 rw-p 00000000 00:00 0 
f8878c380000-f8878c51a000 r-xp 00000000 103:02 1344397                   /usr/lib/aarch64-linux-gnu/libc.so.6
f8878c51a000-f8878c52d000 ---p 0019a000 103:02 1344397                   /usr/lib/aarch64-linux-gnu/libc.so.6
f8878c52d000-f8878c530000 r--p 0019d000 103:02 1344397                   /usr/lib/aarch64-linux-gnu/libc.so.6
f8878c530000-f8878c532000 rw-p 001a0000 103:02 1344397                   /usr/lib/aarch64-linux-gnu/libc.so.6
f8878c532000-f8878c53e000 rw-p 00000000 00:00 0 
f8878c540000-f8878c5ac000 r-xp 00000000 103:02 1323941                   /usr/lib/aarch64-linux-gnu/libubsan.so.1.0.0
f8878c5ac000-f8878c5be000 ---p 0006c000 103:02 1323941                   /usr/lib/aarch64-linux-gnu/libubsan.so.1.0.0
f8878c5be000-f8878c5c0000 r--p 0006e000 103:02 1323941                   /usr/lib/aarch64-linux-gnu/libubsan.so.1.0.0
f8878c5c0000-f8878c5c3000 rw-p 00070000 103:02 1323941                   /usr/lib/aarch64-linux-gnu/libubsan.so.1.0.0
f8878c5c3000-f8878cba5000 rw-p 00000000 00:00 0 
f8878cbb0000-f8878cd37000 r-xp 00000000 103:02 1314769                   /usr/lib/aarch64-linux-gnu/libasan.so.8.0.0
f8878cd37000-f8878cd4b000 ---p 00187000 103:02 1314769                   /usr/lib/aarch64-linux-gnu/libasan.so.8.0.0
f8878cd4b000-f8878cd50000 r--p 0018b000 103:02 1314769                   /usr/lib/aarch64-linux-gnu/libasan.so.8.0.0
f8878cd50000-f8878cd54000 rw-p 00190000 103:02 1314769                   /usr/lib/aarch64-linux-gnu/libasan.so.8.0.0
f8878cd54000-f8878d2c8000 rw-p 00000000 00:00 0 
f8878d2cd000-f8878d2ce000 rw-p 00000000 00:00 0 
f8878d2ce000-f8878d2cf000 r--s 00000000 00:06 1081                       /dev/nvidiactl
f8878d2cf000-f8878d2f5000 rw-p 00000000 00:00 0 
f8878d2f5000-f8878d31c000 r-xp 00000000 103:02 1344379                   /usr/lib/aarch64-linux-gnu/ld-linux-aarch64.so.1
f8878d31c000-f8878d32d000 rw-p 00000000 00:00 0 
f8878d32d000-f8878d331000 r--p 00000000 00:00 0                          [vvar]
f8878d331000-f8878d333000 r-xp 00000000 00:00 0                          [vdso]
f8878d333000-f8878d335000 r--p 0002e000 103:02 1344379                   /usr/lib/aarch64-linux-gnu/ld-linux-aarch64.so.1
f8878d335000-f8878d337000 rw-p 00030000 103:02 1344379                   /usr/lib/aarch64-linux-gnu/ld-linux-aarch64.so.1
fffffd42b000-fffffd44c000 rw-p 00000000 00:00 0                          [stack]
OPENCL DIAGNOSTIC MAPS BEFORE DLCLOSE END
DEVICE type=4 GPU=true
DEVICE name=NVIDIA GB10
DEVICE vendor=NVIDIA Corporation
DEVICE driver=595.84
DEVICE version=OpenCL 3.0 CUDA
PLATFORM name=NVIDIA CUDA
LIBRARY query=/lib/aarch64-linux-gnu/libOpenCL.so.1
I passed actual OpenCL GPU: 48 buffers, 24 kernels, 384 exact integer observations; fixture cache/context cleanup explicit.

=================================================================
==2793012==ERROR: LeakSanitizer: detected memory leaks

Direct leak of 48 byte(s) in 1 object(s) allocated from:
    #0 0xf8878cc976d0 in malloc ../../../../src/libsanitizer/asan/asan_malloc_linux.cpp:69
    #1 0xf8878bb1b24c  (<unknown module>)
    #2 0xf8878bb1c1b4  (<unknown module>)
    #3 0xbb6917ded1a4 in ocl_load tests/../modules/gpu/opencl_runtime.c:351
    #4 0xbb6917df07f0 in main tests/test_opencl_identity_real.c:13
    #5 0xf8878c3a84c0 in __libc_start_call_main ../sysdeps/nptl/libc_start_call_main.h:58
    #6 0xf8878c3a8594 in __libc_start_main_impl ../csu/libc-start.c:360
    #7 0xbb6917dea66c in _start (/tmp/nanolang-opencl-unload-4b71/real-mapped+0xa66c) (BuildId: 87f7b5683d7e89bceaefc37cb6a6b47550e376ab)

Indirect leak of 24 byte(s) in 1 object(s) allocated from:
    #0 0xf8878cc976d0 in malloc ../../../../src/libsanitizer/asan/asan_malloc_linux.cpp:69
    #1 0xf8878bb1b0ac  (<unknown module>)
    #2 0xf8878bb1c1b4  (<unknown module>)
    #3 0xbb6917ded1a4 in ocl_load tests/../modules/gpu/opencl_runtime.c:351
    #4 0xbb6917df07f0 in main tests/test_opencl_identity_real.c:13
    #5 0xf8878c3a84c0 in __libc_start_call_main ../sysdeps/nptl/libc_start_call_main.h:58
    #6 0xf8878c3a8594 in __libc_start_main_impl ../csu/libc-start.c:360
    #7 0xbb6917dea66c in _start (/tmp/nanolang-opencl-unload-4b71/real-mapped+0xa66c) (BuildId: 87f7b5683d7e89bceaefc37cb6a6b47550e376ab)

Indirect leak of 3 byte(s) in 1 object(s) allocated from:
    #0 0xf8878cc976d0 in malloc ../../../../src/libsanitizer/asan/asan_malloc_linux.cpp:69
    #1 0xf8878bb1a8cc  (<unknown module>)
    #2 0xf8878bb1b50c  (<unknown module>)
    #3 0xf8878bb1c1b4  (<unknown module>)
    #4 0xbb6917ded1a4 in ocl_load tests/../modules/gpu/opencl_runtime.c:351
    #5 0xbb6917df07f0 in main tests/test_opencl_identity_real.c:13
    #6 0xf8878c3a84c0 in __libc_start_call_main ../sysdeps/nptl/libc_start_call_main.h:58
    #7 0xf8878c3a8594 in __libc_start_main_impl ../csu/libc-start.c:360
    #8 0xbb6917dea66c in _start (/tmp/nanolang-opencl-unload-4b71/real-mapped+0xa66c) (BuildId: 87f7b5683d7e89bceaefc37cb6a6b47550e376ab)

SUMMARY: AddressSanitizer: 75 byte(s) leaked in 3 allocation(s).
