I check nano_virt
Traceback (most recent call last):
  File "<stdin>", line 13, in <module>
  File "/Users/jordanh/Src/nanolang/tests/test_native_record_names.py", line 69, in test_generic_record_arguments_and_results
    self.execute(source,root/'native')
    ~~~~~~~~~~~~^^^^^^^^^^^^^^^^^^^^^^
  File "<stdin>", line 8, in execute
  File "/Users/jordanh/Src/nanolang/tests/test_native_record_names.py", line 14, in command
    self.assertEqual(result.returncode,0,result.stdout+result.stderr)
    ~~~~~~~~~~~~~~~~^^^^^^^^^^^^^^^^^^^^^^^^^^^^^^^^^^^^^^^^^^^^^^^^^
  File "/opt/homebrew/Cellar/python@3.14/3.14.8_1/Frameworks/Python.framework/Versions/3.14/lib/python3.14/unittest/case.py", line 925, in assertEqual
    assertion_func(first, second, msg=msg)
    ~~~~~~~~~~~~~~^^^^^^^^^^^^^^^^^^^^^^^^
  File "/opt/homebrew/Cellar/python@3.14/3.14.8_1/Frameworks/Python.framework/Versions/3.14/lib/python3.14/unittest/case.py", line 918, in _baseAssertEqual
    raise self.failureException(msg)
AssertionError: 1 != 0 : 
Runtime error: Type error
  Function 0 returned int, expected struct
Stack trace (most recent call first):
  #0   identity  /var/folders/9z/xpmfgw8j09l4g6wwxrxtt97w0000gn/T/tmpbkgozplv/generic.nano:2:30
  #1   $shadow_0_identity  /var/folders/9z/xpmfgw8j09l4g6wwxrxtt97w0000gn/T/tmpbkgozplv/generic.nano:3:19
  #2   $shadow_entry  /var/folders/9z/xpmfgw8j09l4g6wwxrxtt97w0000gn/T/tmpbkgozplv/generic.nano:?
I failed a shadow: Function 0 returned int, expected struct
I will not publish output after failed shadow execution

