mkdir -p obj-union-gcc/build_bootstrap
mkdir -p obj-union-gcc
mkdir -p obj-union-gcc/runtime
[schema] Generating compiler schema artifacts...
mkdir -p obj-union-gcc/eval
[schema] Using Python version (bootstrap)...
gcc -Wall -Wextra -Werror -std=c99 -g -O0 -fPIC -Isrc -D_GNU_SOURCE -fsanitize=address,undefined -fno-omit-frame-pointer -fno-sanitize-recover=all  -MMD -MP -c src/lexer.c -o obj-union-gcc/lexer.o
gcc -Wall -Wextra -Werror -std=c99 -g -O0 -fPIC -Isrc -D_GNU_SOURCE -fsanitize=address,undefined -fno-omit-frame-pointer -fno-sanitize-recover=all  -MMD -MP -c src/parser.c -o obj-union-gcc/parser.o
gcc -Wall -Wextra -Werror -std=c99 -g -O0 -fPIC -Isrc -D_GNU_SOURCE -fsanitize=address,undefined -fno-omit-frame-pointer -fno-sanitize-recover=all  -MMD -MP -c src/typechecker.c -o obj-union-gcc/typechecker.o
gcc -Wall -Wextra -Werror -std=c99 -g -O0 -fPIC -Isrc -D_GNU_SOURCE -fsanitize=address,undefined -fno-omit-frame-pointer -fno-sanitize-recover=all  -MMD -MP -c src/transpiler.c -o obj-union-gcc/transpiler.o
gcc -Wall -Wextra -Werror -std=c99 -g -O0 -fPIC -Isrc -D_GNU_SOURCE -fsanitize=address,undefined -fno-omit-frame-pointer -fno-sanitize-recover=all  -MMD -MP -c src/stdlib_runtime.c -o obj-union-gcc/stdlib_runtime.o
gcc -Wall -Wextra -Werror -std=c99 -g -O0 -fPIC -Isrc -D_GNU_SOURCE -fsanitize=address,undefined -fno-omit-frame-pointer -fno-sanitize-recover=all  -MMD -MP -c src/env.c -o obj-union-gcc/env.o
gcc -Wall -Wextra -Werror -std=c99 -g -O0 -fPIC -Isrc -D_GNU_SOURCE -fsanitize=address,undefined -fno-omit-frame-pointer -fno-sanitize-recover=all  -MMD -MP -c src/builtins_registry.c -o obj-union-gcc/builtins_registry.o
gcc -Wall -Wextra -Werror -std=c99 -g -O0 -fPIC -Isrc -D_GNU_SOURCE -fsanitize=address,undefined -fno-omit-frame-pointer -fno-sanitize-recover=all  -MMD -MP -c src/module.c -o obj-union-gcc/module.o
gcc -Wall -Wextra -Werror -std=c99 -g -O0 -fPIC -Isrc -D_GNU_SOURCE -fsanitize=address,undefined -fno-omit-frame-pointer -fno-sanitize-recover=all  -MMD -MP -c src/module_metadata.c -o obj-union-gcc/module_metadata.o
gcc -Wall -Wextra -Werror -std=c99 -g -O0 -fPIC -Isrc -D_GNU_SOURCE -fsanitize=address,undefined -fno-omit-frame-pointer -fno-sanitize-recover=all  -MMD -MP -c src/cJSON.c -o obj-union-gcc/cJSON.o
gcc -Wall -Wextra -Werror -std=c99 -g -O0 -fPIC -Isrc -D_GNU_SOURCE -fsanitize=address,undefined -fno-omit-frame-pointer -fno-sanitize-recover=all  -MMD -MP -c src/toon_output.c -o obj-union-gcc/toon_output.o
gcc -Wall -Wextra -Werror -std=c99 -g -O0 -fPIC -Isrc -D_GNU_SOURCE -fsanitize=address,undefined -fno-omit-frame-pointer -fno-sanitize-recover=all  -MMD -MP -c src/module_builder.c -o obj-union-gcc/module_builder.o
gcc -Wall -Wextra -Werror -std=c99 -g -O0 -fPIC -Isrc -D_GNU_SOURCE -fsanitize=address,undefined -fno-omit-frame-pointer -fno-sanitize-recover=all  -MMD -MP -c src/resource_tracking.c -o obj-union-gcc/resource_tracking.o
gcc -Wall -Wextra -Werror -std=c99 -g -O0 -fPIC -Isrc -D_GNU_SOURCE -fsanitize=address,undefined -fno-omit-frame-pointer -fno-sanitize-recover=all  -MMD -MP -ffp-contract=off -fno-fast-math -c src/eval.c -o obj-union-gcc/eval.o
gcc -Wall -Wextra -Werror -std=c99 -g -O0 -fPIC -Isrc -D_GNU_SOURCE -fsanitize=address,undefined -fno-omit-frame-pointer -fno-sanitize-recover=all  -MMD -MP -c src/eval/eval_hashmap.c -o obj-union-gcc/eval/eval_hashmap.o
gcc -Wall -Wextra -Werror -std=c99 -g -O0 -fPIC -Isrc -D_GNU_SOURCE -fsanitize=address,undefined -fno-omit-frame-pointer -fno-sanitize-recover=all  -MMD -MP -c src/eval/eval_math.c -o obj-union-gcc/eval/eval_math.o
gcc -Wall -Wextra -Werror -std=c99 -g -O0 -fPIC -Isrc -D_GNU_SOURCE -fsanitize=address,undefined -fno-omit-frame-pointer -fno-sanitize-recover=all  -MMD -MP -c src/eval/eval_string.c -o obj-union-gcc/eval/eval_string.o
gcc -Wall -Wextra -Werror -std=c99 -g -O0 -fPIC -Isrc -D_GNU_SOURCE -fsanitize=address,undefined -fno-omit-frame-pointer -fno-sanitize-recover=all  -MMD -MP -c src/eval/eval_io.c -o obj-union-gcc/eval/eval_io.o
gcc -Wall -Wextra -Werror -std=c99 -g -O0 -fPIC -Isrc -D_GNU_SOURCE -fsanitize=address,undefined -fno-omit-frame-pointer -fno-sanitize-recover=all  -MMD -MP -c src/interpreter_ffi.c -o obj-union-gcc/interpreter_ffi.o
gcc -Wall -Wextra -Werror -std=c99 -g -O0 -fPIC -Isrc -D_GNU_SOURCE -fsanitize=address,undefined -fno-omit-frame-pointer -fno-sanitize-recover=all  -MMD -MP -c src/json_diagnostics.c -o obj-union-gcc/json_diagnostics.o
gcc -Wall -Wextra -Werror -std=c99 -g -O0 -fPIC -Isrc -D_GNU_SOURCE -fsanitize=address,undefined -fno-omit-frame-pointer -fno-sanitize-recover=all  -MMD -MP -c src/reflection.c -o obj-union-gcc/reflection.o
gcc -Wall -Wextra -Werror -std=c99 -g -O0 -fPIC -Isrc -D_GNU_SOURCE -fsanitize=address,undefined -fno-omit-frame-pointer -fno-sanitize-recover=all  -MMD -MP -c src/nanocore_subset.c -o obj-union-gcc/nanocore_subset.o
gcc -Wall -Wextra -Werror -std=c99 -g -O0 -fPIC -Isrc -D_GNU_SOURCE -fsanitize=address,undefined -fno-omit-frame-pointer -fno-sanitize-recover=all  -MMD -MP -c src/nanocore_export.c -o obj-union-gcc/nanocore_export.o
gcc -Wall -Wextra -Werror -std=c99 -g -O0 -fPIC -Isrc -D_GNU_SOURCE -fsanitize=address,undefined -fno-omit-frame-pointer -fno-sanitize-recover=all  -MMD -MP -c src/emit_typed_ast.c -o obj-union-gcc/emit_typed_ast.o
gcc -Wall -Wextra -Werror -std=c99 -g -O0 -fPIC -Isrc -D_GNU_SOURCE -fsanitize=address,undefined -fno-omit-frame-pointer -fno-sanitize-recover=all  -MMD -MP -c src/type_infer.c -o obj-union-gcc/type_infer.o
gcc -Wall -Wextra -Werror -std=c99 -g -O0 -fPIC -Isrc -D_GNU_SOURCE -fsanitize=address,undefined -fno-omit-frame-pointer -fno-sanitize-recover=all  -MMD -MP -c src/effects.c -o obj-union-gcc/effects.o
gcc -Wall -Wextra -Werror -std=c99 -g -O0 -fPIC -Isrc -D_GNU_SOURCE -fsanitize=address,undefined -fno-omit-frame-pointer -fno-sanitize-recover=all  -MMD -MP -c src/fold_constants.c -o obj-union-gcc/fold_constants.o
gcc -Wall -Wextra -Werror -std=c99 -g -O0 -fPIC -Isrc -D_GNU_SOURCE -fsanitize=address,undefined -fno-omit-frame-pointer -fno-sanitize-recover=all  -MMD -MP -c src/dce_pass.c -o obj-union-gcc/dce_pass.o
gcc -Wall -Wextra -Werror -std=c99 -g -O0 -fPIC -Isrc -D_GNU_SOURCE -fsanitize=address,undefined -fno-omit-frame-pointer -fno-sanitize-recover=all  -MMD -MP -c src/par_let_pass.c -o obj-union-gcc/par_let_pass.o
gcc -Wall -Wextra -Werror -std=c99 -g -O0 -fPIC -Isrc -D_GNU_SOURCE -fsanitize=address,undefined -fno-omit-frame-pointer -fno-sanitize-recover=all  -MMD -MP -c src/ptx_backend.c -o obj-union-gcc/ptx_backend.o
gcc -Wall -Wextra -Werror -std=c99 -g -O0 -fPIC -Isrc -D_GNU_SOURCE -fsanitize=address,undefined -fno-omit-frame-pointer -fno-sanitize-recover=all  -MMD -MP -c src/opencl_backend.c -o obj-union-gcc/opencl_backend.o
gcc -Wall -Wextra -Werror -std=c99 -g -O0 -fPIC -Isrc -D_GNU_SOURCE -fsanitize=address,undefined -fno-omit-frame-pointer -fno-sanitize-recover=all  -MMD -MP -c src/tco_pass.c -o obj-union-gcc/tco_pass.o
gcc -Wall -Wextra -Werror -std=c99 -g -O0 -fPIC -Isrc -D_GNU_SOURCE -fsanitize=address,undefined -fno-omit-frame-pointer -fno-sanitize-recover=all  -MMD -MP -c src/cps_pass.c -o obj-union-gcc/cps_pass.o
gcc -Wall -Wextra -Werror -std=c99 -g -O0 -fPIC -Isrc -D_GNU_SOURCE -fsanitize=address,undefined -fno-omit-frame-pointer -fno-sanitize-recover=all  -MMD -MP -c src/coroutine.c -o obj-union-gcc/coroutine.o
gcc -Wall -Wextra -Werror -std=c99 -g -O0 -fPIC -Isrc -D_GNU_SOURCE -fsanitize=address,undefined -fno-omit-frame-pointer -fno-sanitize-recover=all  -MMD -MP -c src/pgo_pass.c -o obj-union-gcc/pgo_pass.o
gcc -Wall -Wextra -Werror -std=c99 -g -O0 -fPIC -Isrc -D_GNU_SOURCE -fsanitize=address,undefined -fno-omit-frame-pointer -fno-sanitize-recover=all  -MMD -MP -c src/c_backend.c -o obj-union-gcc/c_backend.o
gcc -Wall -Wextra -Werror -std=c99 -g -O0 -fPIC -Isrc -D_GNU_SOURCE -fsanitize=address,undefined -fno-omit-frame-pointer -fno-sanitize-recover=all  -MMD -MP -c src/bench.c -o obj-union-gcc/bench.o
gcc -Wall -Wextra -Werror -std=c99 -g -O0 -fPIC -Isrc -D_GNU_SOURCE -fsanitize=address,undefined -fno-omit-frame-pointer -fno-sanitize-recover=all  -MMD -MP -c src/bench_native.c -o obj-union-gcc/bench_native.o
gcc -Wall -Wextra -Werror -std=c99 -g -O0 -fPIC -Isrc -D_GNU_SOURCE -fsanitize=address,undefined -fno-omit-frame-pointer -fno-sanitize-recover=all  -MMD -MP -c src/riscv_backend.c -o obj-union-gcc/riscv_backend.o
gcc -Wall -Wextra -Werror -std=c99 -g -O0 -fPIC -Isrc -D_GNU_SOURCE -fsanitize=address,undefined -fno-omit-frame-pointer -fno-sanitize-recover=all  -MMD -MP -c src/dwarf_info.c -o obj-union-gcc/dwarf_info.o
gcc -Wall -Wextra -Werror -std=c99 -g -O0 -fPIC -Isrc -D_GNU_SOURCE -fsanitize=address,undefined -fno-omit-frame-pointer -fno-sanitize-recover=all  -MMD -MP -c src/docgen_md.c -o obj-union-gcc/docgen_md.o
gcc -Wall -Wextra -Werror -std=c99 -g -O0 -fPIC -Isrc -D_GNU_SOURCE -fsanitize=address,undefined -fno-omit-frame-pointer -fno-sanitize-recover=all  -MMD -MP -c src/docgen.c -o obj-union-gcc/docgen.o
gcc -Wall -Wextra -Werror -std=c99 -g -O0 -fPIC -Isrc -D_GNU_SOURCE -fsanitize=address,undefined -fno-omit-frame-pointer -fno-sanitize-recover=all  -MMD -MP -c src/fmt.c -o obj-union-gcc/fmt.o
gcc -Wall -Wextra -Werror -std=c99 -g -O0 -fPIC -Isrc -D_GNU_SOURCE -fsanitize=address,undefined -fno-omit-frame-pointer -fno-sanitize-recover=all  -MMD -MP -c src/channel.c -o obj-union-gcc/channel.o
gcc -Wall -Wextra -Werror -std=c99 -g -O0 -fPIC -Isrc -D_GNU_SOURCE -fsanitize=address,undefined -fno-omit-frame-pointer -fno-sanitize-recover=all  -MMD -MP -c src/bcp47.c -o obj-union-gcc/bcp47.o
gcc -Wall -Wextra -Werror -std=c99 -g -O0 -fPIC -Isrc -D_GNU_SOURCE -fsanitize=address,undefined -fno-omit-frame-pointer -fno-sanitize-recover=all  -MMD -MP -c src/locale.c -o obj-union-gcc/locale.o
gcc -Wall -Wextra -Werror -std=c99 -g -O0 -fPIC -Isrc -D_GNU_SOURCE -fsanitize=address,undefined -fno-omit-frame-pointer -fno-sanitize-recover=all  -MMD -MP -c src/utf8.c -o obj-union-gcc/utf8.o
gcc -Wall -Wextra -Werror -std=c99 -g -O0 -fPIC -Isrc -D_GNU_SOURCE -fsanitize=address,undefined -fno-omit-frame-pointer -fno-sanitize-recover=all  -MMD -MP -c src/diag_id.c -o obj-union-gcc/diag_id.o
gcc -Wall -Wextra -Werror -std=c99 -g -O0 -fPIC -Isrc -D_GNU_SOURCE -fsanitize=address,undefined -fno-omit-frame-pointer -fno-sanitize-recover=all  -MMD -MP -c src/catalog.c -o obj-union-gcc/catalog.o
gcc -Wall -Wextra -Werror -std=c99 -g -O0 -fPIC -Isrc -D_GNU_SOURCE -fsanitize=address,undefined -fno-omit-frame-pointer -fno-sanitize-recover=all  -MMD -MP -c src/resource_flow.c -o obj-union-gcc/resource_flow.o
gcc -Wall -Wextra -Werror -std=c99 -g -O0 -fPIC -Isrc -D_GNU_SOURCE -fsanitize=address,undefined -fno-omit-frame-pointer -fno-sanitize-recover=all  -MMD -MP -c src/nominal_types.c -o obj-union-gcc/nominal_types.o
gcc -Wall -Wextra -Werror -std=c99 -g -O0 -fPIC -Isrc -D_GNU_SOURCE -fsanitize=address,undefined -fno-omit-frame-pointer -fno-sanitize-recover=all  -MMD -MP -c src/runtime/list_int.c -o obj-union-gcc/runtime/list_int.o
gcc -Wall -Wextra -Werror -std=c99 -g -O0 -fPIC -Isrc -D_GNU_SOURCE -fsanitize=address,undefined -fno-omit-frame-pointer -fno-sanitize-recover=all  -MMD -MP -c src/runtime/list_string.c -o obj-union-gcc/runtime/list_string.o
gcc -Wall -Wextra -Werror -std=c99 -g -O0 -fPIC -Isrc -D_GNU_SOURCE -fsanitize=address,undefined -fno-omit-frame-pointer -fno-sanitize-recover=all  -MMD -MP -c src/runtime/list_LexerToken.c -o obj-union-gcc/runtime/list_LexerToken.o
gcc -Wall -Wextra -Werror -std=c99 -g -O0 -fPIC -Isrc -D_GNU_SOURCE -fsanitize=address,undefined -fno-omit-frame-pointer -fno-sanitize-recover=all  -MMD -MP -c src/runtime/list_token.c -o obj-union-gcc/runtime/list_token.o
gcc -Wall -Wextra -Werror -std=c99 -g -O0 -fPIC -Isrc -D_GNU_SOURCE -fsanitize=address,undefined -fno-omit-frame-pointer -fno-sanitize-recover=all  -MMD -MP -c src/runtime/list_CompilerDiagnostic.c -o obj-union-gcc/runtime/list_CompilerDiagnostic.o
gcc -Wall -Wextra -Werror -std=c99 -g -O0 -fPIC -Isrc -D_GNU_SOURCE -fsanitize=address,undefined -fno-omit-frame-pointer -fno-sanitize-recover=all  -MMD -MP -c src/runtime/list_CompilerSourceLocation.c -o obj-union-gcc/runtime/list_CompilerSourceLocation.o
gcc -Wall -Wextra -Werror -std=c99 -g -O0 -fPIC -Isrc -D_GNU_SOURCE -fsanitize=address,undefined -fno-omit-frame-pointer -fno-sanitize-recover=all  -MMD -MP -c src/runtime/list_ASTNumber.c -o obj-union-gcc/runtime/list_ASTNumber.o
gcc -Wall -Wextra -Werror -std=c99 -g -O0 -fPIC -Isrc -D_GNU_SOURCE -fsanitize=address,undefined -fno-omit-frame-pointer -fno-sanitize-recover=all  -MMD -MP -c src/runtime/list_ASTFloat.c -o obj-union-gcc/runtime/list_ASTFloat.o
gcc -Wall -Wextra -Werror -std=c99 -g -O0 -fPIC -Isrc -D_GNU_SOURCE -fsanitize=address,undefined -fno-omit-frame-pointer -fno-sanitize-recover=all  -MMD -MP -c src/runtime/list_ASTString.c -o obj-union-gcc/runtime/list_ASTString.o
gcc -Wall -Wextra -Werror -std=c99 -g -O0 -fPIC -Isrc -D_GNU_SOURCE -fsanitize=address,undefined -fno-omit-frame-pointer -fno-sanitize-recover=all  -MMD -MP -c src/runtime/list_ASTBool.c -o obj-union-gcc/runtime/list_ASTBool.o
gcc -Wall -Wextra -Werror -std=c99 -g -O0 -fPIC -Isrc -D_GNU_SOURCE -fsanitize=address,undefined -fno-omit-frame-pointer -fno-sanitize-recover=all  -MMD -MP -c src/runtime/list_ASTIdentifier.c -o obj-union-gcc/runtime/list_ASTIdentifier.o
gcc -Wall -Wextra -Werror -std=c99 -g -O0 -fPIC -Isrc -D_GNU_SOURCE -fsanitize=address,undefined -fno-omit-frame-pointer -fno-sanitize-recover=all  -MMD -MP -c src/runtime/list_ASTBinaryOp.c -o obj-union-gcc/runtime/list_ASTBinaryOp.o
gcc -Wall -Wextra -Werror -std=c99 -g -O0 -fPIC -Isrc -D_GNU_SOURCE -fsanitize=address,undefined -fno-omit-frame-pointer -fno-sanitize-recover=all  -MMD -MP -c src/runtime/list_ASTCall.c -o obj-union-gcc/runtime/list_ASTCall.o
gcc -Wall -Wextra -Werror -std=c99 -g -O0 -fPIC -Isrc -D_GNU_SOURCE -fsanitize=address,undefined -fno-omit-frame-pointer -fno-sanitize-recover=all  -MMD -MP -c src/runtime/list_ASTModuleQualifiedCall.c -o obj-union-gcc/runtime/list_ASTModuleQualifiedCall.o
gcc -Wall -Wextra -Werror -std=c99 -g -O0 -fPIC -Isrc -D_GNU_SOURCE -fsanitize=address,undefined -fno-omit-frame-pointer -fno-sanitize-recover=all  -MMD -MP -c src/runtime/list_ASTArrayLiteral.c -o obj-union-gcc/runtime/list_ASTArrayLiteral.o
gcc -Wall -Wextra -Werror -std=c99 -g -O0 -fPIC -Isrc -D_GNU_SOURCE -fsanitize=address,undefined -fno-omit-frame-pointer -fno-sanitize-recover=all  -MMD -MP -c src/runtime/list_ASTLet.c -o obj-union-gcc/runtime/list_ASTLet.o
gcc -Wall -Wextra -Werror -std=c99 -g -O0 -fPIC -Isrc -D_GNU_SOURCE -fsanitize=address,undefined -fno-omit-frame-pointer -fno-sanitize-recover=all  -MMD -MP -c src/runtime/list_ASTSet.c -o obj-union-gcc/runtime/list_ASTSet.o
gcc -Wall -Wextra -Werror -std=c99 -g -O0 -fPIC -Isrc -D_GNU_SOURCE -fsanitize=address,undefined -fno-omit-frame-pointer -fno-sanitize-recover=all  -MMD -MP -c src/runtime/list_ASTStmtRef.c -o obj-union-gcc/runtime/list_ASTStmtRef.o
gcc -Wall -Wextra -Werror -std=c99 -g -O0 -fPIC -Isrc -D_GNU_SOURCE -fsanitize=address,undefined -fno-omit-frame-pointer -fno-sanitize-recover=all  -MMD -MP -c src/runtime/list_ASTIf.c -o obj-union-gcc/runtime/list_ASTIf.o
gcc -Wall -Wextra -Werror -std=c99 -g -O0 -fPIC -Isrc -D_GNU_SOURCE -fsanitize=address,undefined -fno-omit-frame-pointer -fno-sanitize-recover=all  -MMD -MP -c src/runtime/list_ASTWhile.c -o obj-union-gcc/runtime/list_ASTWhile.o
gcc -Wall -Wextra -Werror -std=c99 -g -O0 -fPIC -Isrc -D_GNU_SOURCE -fsanitize=address,undefined -fno-omit-frame-pointer -fno-sanitize-recover=all  -MMD -MP -c src/runtime/list_ASTFor.c -o obj-union-gcc/runtime/list_ASTFor.o
gcc -Wall -Wextra -Werror -std=c99 -g -O0 -fPIC -Isrc -D_GNU_SOURCE -fsanitize=address,undefined -fno-omit-frame-pointer -fno-sanitize-recover=all  -MMD -MP -c src/runtime/list_ASTReturn.c -o obj-union-gcc/runtime/list_ASTReturn.o
gcc -Wall -Wextra -Werror -std=c99 -g -O0 -fPIC -Isrc -D_GNU_SOURCE -fsanitize=address,undefined -fno-omit-frame-pointer -fno-sanitize-recover=all  -MMD -MP -c src/runtime/list_ASTBlock.c -o obj-union-gcc/runtime/list_ASTBlock.o
gcc -Wall -Wextra -Werror -std=c99 -g -O0 -fPIC -Isrc -D_GNU_SOURCE -fsanitize=address,undefined -fno-omit-frame-pointer -fno-sanitize-recover=all  -MMD -MP -c src/runtime/list_ASTUnsafeBlock.c -o obj-union-gcc/runtime/list_ASTUnsafeBlock.o
gcc -Wall -Wextra -Werror -std=c99 -g -O0 -fPIC -Isrc -D_GNU_SOURCE -fsanitize=address,undefined -fno-omit-frame-pointer -fno-sanitize-recover=all  -MMD -MP -c src/runtime/list_ASTPrint.c -o obj-union-gcc/runtime/list_ASTPrint.o
gcc -Wall -Wextra -Werror -std=c99 -g -O0 -fPIC -Isrc -D_GNU_SOURCE -fsanitize=address,undefined -fno-omit-frame-pointer -fno-sanitize-recover=all  -MMD -MP -c src/runtime/list_ASTAssert.c -o obj-union-gcc/runtime/list_ASTAssert.o
gcc -Wall -Wextra -Werror -std=c99 -g -O0 -fPIC -Isrc -D_GNU_SOURCE -fsanitize=address,undefined -fno-omit-frame-pointer -fno-sanitize-recover=all  -MMD -MP -c src/runtime/list_ASTFunction.c -o obj-union-gcc/runtime/list_ASTFunction.o
gcc -Wall -Wextra -Werror -std=c99 -g -O0 -fPIC -Isrc -D_GNU_SOURCE -fsanitize=address,undefined -fno-omit-frame-pointer -fno-sanitize-recover=all  -MMD -MP -c src/runtime/list_ASTShadow.c -o obj-union-gcc/runtime/list_ASTShadow.o
gcc -Wall -Wextra -Werror -std=c99 -g -O0 -fPIC -Isrc -D_GNU_SOURCE -fsanitize=address,undefined -fno-omit-frame-pointer -fno-sanitize-recover=all  -MMD -MP -c src/runtime/list_ASTStruct.c -o obj-union-gcc/runtime/list_ASTStruct.o
gcc -Wall -Wextra -Werror -std=c99 -g -O0 -fPIC -Isrc -D_GNU_SOURCE -fsanitize=address,undefined -fno-omit-frame-pointer -fno-sanitize-recover=all  -MMD -MP -c src/runtime/list_ASTStructLiteral.c -o obj-union-gcc/runtime/list_ASTStructLiteral.o
gcc -Wall -Wextra -Werror -std=c99 -g -O0 -fPIC -Isrc -D_GNU_SOURCE -fsanitize=address,undefined -fno-omit-frame-pointer -fno-sanitize-recover=all  -MMD -MP -c src/runtime/list_ASTFieldAccess.c -o obj-union-gcc/runtime/list_ASTFieldAccess.o
gcc -Wall -Wextra -Werror -std=c99 -g -O0 -fPIC -Isrc -D_GNU_SOURCE -fsanitize=address,undefined -fno-omit-frame-pointer -fno-sanitize-recover=all  -MMD -MP -c src/runtime/list_ASTEnum.c -o obj-union-gcc/runtime/list_ASTEnum.o
gcc -Wall -Wextra -Werror -std=c99 -g -O0 -fPIC -Isrc -D_GNU_SOURCE -fsanitize=address,undefined -fno-omit-frame-pointer -fno-sanitize-recover=all  -MMD -MP -c src/runtime/list_ASTUnion.c -o obj-union-gcc/runtime/list_ASTUnion.o
gcc -Wall -Wextra -Werror -std=c99 -g -O0 -fPIC -Isrc -D_GNU_SOURCE -fsanitize=address,undefined -fno-omit-frame-pointer -fno-sanitize-recover=all  -MMD -MP -c src/runtime/list_ASTUnionConstruct.c -o obj-union-gcc/runtime/list_ASTUnionConstruct.o
gcc -Wall -Wextra -Werror -std=c99 -g -O0 -fPIC -Isrc -D_GNU_SOURCE -fsanitize=address,undefined -fno-omit-frame-pointer -fno-sanitize-recover=all  -MMD -MP -c src/runtime/list_ASTMatch.c -o obj-union-gcc/runtime/list_ASTMatch.o
gcc -Wall -Wextra -Werror -std=c99 -g -O0 -fPIC -Isrc -D_GNU_SOURCE -fsanitize=address,undefined -fno-omit-frame-pointer -fno-sanitize-recover=all  -MMD -MP -c src/runtime/list_ASTImport.c -o obj-union-gcc/runtime/list_ASTImport.o
gcc -Wall -Wextra -Werror -std=c99 -g -O0 -fPIC -Isrc -D_GNU_SOURCE -fsanitize=address,undefined -fno-omit-frame-pointer -fno-sanitize-recover=all  -MMD -MP -c src/runtime/list_ASTOpaqueType.c -o obj-union-gcc/runtime/list_ASTOpaqueType.o
gcc -Wall -Wextra -Werror -std=c99 -g -O0 -fPIC -Isrc -D_GNU_SOURCE -fsanitize=address,undefined -fno-omit-frame-pointer -fno-sanitize-recover=all  -MMD -MP -c src/runtime/list_ASTTupleLiteral.c -o obj-union-gcc/runtime/list_ASTTupleLiteral.o
gcc -Wall -Wextra -Werror -std=c99 -g -O0 -fPIC -Isrc -D_GNU_SOURCE -fsanitize=address,undefined -fno-omit-frame-pointer -fno-sanitize-recover=all  -MMD -MP -c src/runtime/list_ASTTupleIndex.c -o obj-union-gcc/runtime/list_ASTTupleIndex.o
gcc -Wall -Wextra -Werror -std=c99 -g -O0 -fPIC -Isrc -D_GNU_SOURCE -fsanitize=address,undefined -fno-omit-frame-pointer -fno-sanitize-recover=all  -MMD -MP -c src/runtime/token_helpers.c -o obj-union-gcc/runtime/token_helpers.o
gcc -Wall -Wextra -Werror -std=c99 -g -O0 -fPIC -Isrc -D_GNU_SOURCE -fsanitize=address,undefined -fno-omit-frame-pointer -fno-sanitize-recover=all  -MMD -MP -c src/runtime/gc.c -o obj-union-gcc/runtime/gc.o
gcc -Wall -Wextra -Werror -std=c99 -g -O0 -fPIC -Isrc -D_GNU_SOURCE -fsanitize=address,undefined -fno-omit-frame-pointer -fno-sanitize-recover=all  -MMD -MP -c src/runtime/effect_runtime.c -o obj-union-gcc/runtime/effect_runtime.o
gcc -Wall -Wextra -Werror -std=c99 -g -O0 -fPIC -Isrc -D_GNU_SOURCE -fsanitize=address,undefined -fno-omit-frame-pointer -fno-sanitize-recover=all  -MMD -MP -c src/runtime/dyn_array.c -o obj-union-gcc/runtime/dyn_array.o
gcc -Wall -Wextra -Werror -std=c99 -g -O0 -fPIC -Isrc -D_GNU_SOURCE -fsanitize=address,undefined -fno-omit-frame-pointer -fno-sanitize-recover=all  -MMD -MP -c src/runtime/gc_struct.c -o obj-union-gcc/runtime/gc_struct.o
gcc -Wall -Wextra -Werror -std=c99 -g -O0 -fPIC -Isrc -D_GNU_SOURCE -fsanitize=address,undefined -fno-omit-frame-pointer -fno-sanitize-recover=all  -MMD -MP -c src/runtime/nl_string.c -o obj-union-gcc/runtime/nl_string.o
gcc -Wall -Wextra -Werror -std=c99 -g -O0 -fPIC -Isrc -D_GNU_SOURCE -fsanitize=address,undefined -fno-omit-frame-pointer -fno-sanitize-recover=all  -MMD -MP -c src/runtime/ffi_loader.c -o obj-union-gcc/runtime/ffi_loader.o
gcc -Wall -Wextra -Werror -std=c99 -g -O0 -fPIC -Isrc -D_GNU_SOURCE -fsanitize=address,undefined -fno-omit-frame-pointer -fno-sanitize-recover=all  -MMD -MP -c src/runtime/module_build_dir.c -o obj-union-gcc/runtime/module_build_dir.o
gcc -Wall -Wextra -Werror -std=c99 -g -O0 -fPIC -Isrc -D_GNU_SOURCE -fsanitize=address,undefined -fno-omit-frame-pointer -fno-sanitize-recover=all  -MMD -MP -c src/runtime/cli.c -o obj-union-gcc/runtime/cli.o
gcc -Wall -Wextra -Werror -std=c99 -g -O0 -fPIC -Isrc -D_GNU_SOURCE -fsanitize=address,undefined -fno-omit-frame-pointer -fno-sanitize-recover=all  -MMD -MP -c src/runtime/regex.c -o obj-union-gcc/runtime/regex.o
gcc -Wall -Wextra -Werror -std=c99 -g -O0 -fPIC -Isrc -D_GNU_SOURCE -fsanitize=address,undefined -fno-omit-frame-pointer -fno-sanitize-recover=all  -o obj-union-gcc/test_union_metadata_ownership tests/test_union_metadata_ownership.c obj-union-gcc/lexer.o obj-union-gcc/parser.o obj-union-gcc/typechecker.o obj-union-gcc/transpiler.o obj-union-gcc/stdlib_runtime.o obj-union-gcc/env.o obj-union-gcc/builtins_registry.o obj-union-gcc/module.o obj-union-gcc/module_metadata.o obj-union-gcc/cJSON.o obj-union-gcc/toon_output.o obj-union-gcc/module_builder.o obj-union-gcc/resource_tracking.o obj-union-gcc/eval.o obj-union-gcc/eval/eval_hashmap.o obj-union-gcc/eval/eval_math.o obj-union-gcc/eval/eval_string.o obj-union-gcc/eval/eval_io.o obj-union-gcc/interpreter_ffi.o obj-union-gcc/json_diagnostics.o obj-union-gcc/reflection.o obj-union-gcc/nanocore_subset.o obj-union-gcc/nanocore_export.o obj-union-gcc/emit_typed_ast.o obj-union-gcc/type_infer.o obj-union-gcc/effects.o obj-union-gcc/fold_constants.o obj-union-gcc/dce_pass.o obj-union-gcc/par_let_pass.o obj-union-gcc/ptx_backend.o obj-union-gcc/opencl_backend.o obj-union-gcc/tco_pass.o obj-union-gcc/cps_pass.o obj-union-gcc/coroutine.o obj-union-gcc/pgo_pass.o obj-union-gcc/c_backend.o obj-union-gcc/bench.o obj-union-gcc/bench_native.o obj-union-gcc/riscv_backend.o obj-union-gcc/dwarf_info.o obj-union-gcc/docgen_md.o obj-union-gcc/docgen.o obj-union-gcc/fmt.o obj-union-gcc/channel.o obj-union-gcc/bcp47.o obj-union-gcc/locale.o obj-union-gcc/utf8.o obj-union-gcc/diag_id.o obj-union-gcc/catalog.o obj-union-gcc/resource_flow.o obj-union-gcc/nominal_types.o obj-union-gcc/runtime/list_int.o obj-union-gcc/runtime/list_string.o obj-union-gcc/runtime/list_LexerToken.o obj-union-gcc/runtime/list_token.o obj-union-gcc/runtime/list_CompilerDiagnostic.o obj-union-gcc/runtime/list_CompilerSourceLocation.o obj-union-gcc/runtime/list_ASTNumber.o obj-union-gcc/runtime/list_ASTFloat.o obj-union-gcc/runtime/list_ASTString.o obj-union-gcc/runtime/list_ASTBool.o obj-union-gcc/runtime/list_ASTIdentifier.o obj-union-gcc/runtime/list_ASTBinaryOp.o obj-union-gcc/runtime/list_ASTCall.o obj-union-gcc/runtime/list_ASTModuleQualifiedCall.o obj-union-gcc/runtime/list_ASTArrayLiteral.o obj-union-gcc/runtime/list_ASTLet.o obj-union-gcc/runtime/list_ASTSet.o obj-union-gcc/runtime/list_ASTStmtRef.o obj-union-gcc/runtime/list_ASTIf.o obj-union-gcc/runtime/list_ASTWhile.o obj-union-gcc/runtime/list_ASTFor.o obj-union-gcc/runtime/list_ASTReturn.o obj-union-gcc/runtime/list_ASTBlock.o obj-union-gcc/runtime/list_ASTUnsafeBlock.o obj-union-gcc/runtime/list_ASTPrint.o obj-union-gcc/runtime/list_ASTAssert.o obj-union-gcc/runtime/list_ASTFunction.o obj-union-gcc/runtime/list_ASTShadow.o obj-union-gcc/runtime/list_ASTStruct.o obj-union-gcc/runtime/list_ASTStructLiteral.o obj-union-gcc/runtime/list_ASTFieldAccess.o obj-union-gcc/runtime/list_ASTEnum.o obj-union-gcc/runtime/list_ASTUnion.o obj-union-gcc/runtime/list_ASTUnionConstruct.o obj-union-gcc/runtime/list_ASTMatch.o obj-union-gcc/runtime/list_ASTImport.o obj-union-gcc/runtime/list_ASTOpaqueType.o obj-union-gcc/runtime/list_ASTTupleLiteral.o obj-union-gcc/runtime/list_ASTTupleIndex.o obj-union-gcc/runtime/token_helpers.o obj-union-gcc/runtime/gc.o obj-union-gcc/runtime/effect_runtime.o obj-union-gcc/runtime/dyn_array.o obj-union-gcc/runtime/gc_struct.o obj-union-gcc/runtime/nl_string.o obj-union-gcc/runtime/ffi_loader.o obj-union-gcc/runtime/module_build_dir.o obj-union-gcc/runtime/cli.o obj-union-gcc/runtime/regex.o -lm -fsanitize=address,undefined -lcrypto -lffi  -rdynamic
obj-union-gcc/test_union_metadata_ownership
I passed independent union metadata lifetime checks.
