mixed case=0 api=0 repeat=0
mixed graph allocated=4 baseline=2 nodes=2 buffered=2
mixed graph node=0 kind=8 refs=0 incoming=0
mixed graph node=1 kind=7 refs=1 incoming=1
mixed case=0 api=0 repeat=1
mixed graph allocated=4 baseline=2 nodes=2 buffered=2
mixed graph node=0 kind=8 refs=0 incoming=0
mixed graph node=1 kind=7 refs=1 incoming=1
mixed case=0 api=1 repeat=0
mixed graph allocated=4 baseline=2 nodes=2 buffered=2
mixed graph node=0 kind=8 refs=0 incoming=0
mixed graph node=1 kind=7 refs=1 incoming=1
mixed case=0 api=1 repeat=1
mixed graph allocated=4 baseline=2 nodes=2 buffered=2
mixed graph node=0 kind=8 refs=0 incoming=0
mixed graph node=1 kind=7 refs=1 incoming=1
mixed case=0 api=2 repeat=0
mixed graph allocated=4 baseline=2 nodes=2 buffered=2
mixed graph node=0 kind=8 refs=0 incoming=0
mixed graph node=1 kind=7 refs=1 incoming=1
mixed case=0 api=2 repeat=1
mixed graph allocated=4 baseline=2 nodes=2 buffered=2
mixed graph node=0 kind=8 refs=0 incoming=0
mixed graph node=1 kind=7 refs=1 incoming=1
mixed case=0 api=3 repeat=0
mixed graph allocated=4 baseline=2 nodes=2 buffered=2
mixed graph node=0 kind=8 refs=0 incoming=0
mixed graph node=1 kind=7 refs=1 incoming=1
mixed case=0 api=3 repeat=1
mixed graph allocated=4 baseline=2 nodes=2 buffered=2
mixed graph node=0 kind=8 refs=0 incoming=0
mixed graph node=1 kind=7 refs=1 incoming=1
mixed case=1 api=0 repeat=0
mixed graph allocated=4 baseline=2 nodes=2 buffered=2
mixed graph node=0 kind=8 refs=0 incoming=0
mixed graph node=1 kind=7 refs=1 incoming=1
mixed case=1 api=0 repeat=1
mixed graph allocated=4 baseline=2 nodes=2 buffered=2
mixed graph node=0 kind=8 refs=0 incoming=0
mixed graph node=1 kind=7 refs=1 incoming=1
mixed case=1 api=1 repeat=0
mixed graph allocated=4 baseline=2 nodes=2 buffered=2
mixed graph node=0 kind=8 refs=0 incoming=0
mixed graph node=1 kind=7 refs=1 incoming=1
mixed case=1 api=1 repeat=1
mixed graph allocated=4 baseline=2 nodes=2 buffered=2
mixed graph node=0 kind=8 refs=0 incoming=0
mixed graph node=1 kind=7 refs=1 incoming=1
mixed case=1 api=2 repeat=0
mixed graph allocated=4 baseline=2 nodes=2 buffered=2
mixed graph node=0 kind=8 refs=0 incoming=0
mixed graph node=1 kind=7 refs=1 incoming=1
mixed case=1 api=2 repeat=1
mixed graph allocated=4 baseline=2 nodes=2 buffered=2
mixed graph node=0 kind=8 refs=0 incoming=0
mixed graph node=1 kind=7 refs=1 incoming=1
mixed case=1 api=3 repeat=0
mixed graph allocated=4 baseline=2 nodes=2 buffered=2
mixed graph node=0 kind=8 refs=0 incoming=0
mixed graph node=1 kind=7 refs=1 incoming=1
mixed case=1 api=3 repeat=1
mixed graph allocated=4 baseline=2 nodes=2 buffered=2
mixed graph node=0 kind=8 refs=0 incoming=0
mixed graph node=1 kind=7 refs=1 incoming=1
mixed case=2 api=0 repeat=0
mixed graph allocated=4 baseline=2 nodes=2 buffered=2
mixed graph node=0 kind=8 refs=0 incoming=0
mixed graph node=1 kind=7 refs=1 incoming=1
mixed case=2 api=0 repeat=1
mixed graph allocated=4 baseline=2 nodes=2 buffered=2
mixed graph node=0 kind=8 refs=0 incoming=0
mixed graph node=1 kind=7 refs=1 incoming=1
mixed case=2 api=1 repeat=0
mixed graph allocated=4 baseline=2 nodes=2 buffered=2
mixed graph node=0 kind=8 refs=0 incoming=0
mixed graph node=1 kind=7 refs=1 incoming=1
mixed case=2 api=1 repeat=1
mixed graph allocated=4 baseline=2 nodes=2 buffered=2
mixed graph node=0 kind=8 refs=0 incoming=0
mixed graph node=1 kind=7 refs=1 incoming=1
mixed case=2 api=2 repeat=0
mixed graph allocated=4 baseline=2 nodes=2 buffered=2
mixed graph node=0 kind=8 refs=0 incoming=0
mixed graph node=1 kind=7 refs=1 incoming=1
mixed case=2 api=2 repeat=1
mixed graph allocated=4 baseline=2 nodes=2 buffered=2
mixed graph node=0 kind=8 refs=0 incoming=0
mixed graph node=1 kind=7 refs=1 incoming=1
mixed case=2 api=3 repeat=0
mixed graph allocated=4 baseline=2 nodes=2 buffered=2
mixed graph node=0 kind=8 refs=0 incoming=0
mixed graph node=1 kind=7 refs=1 incoming=1
mixed case=2 api=3 repeat=1
mixed graph allocated=4 baseline=2 nodes=2 buffered=2
mixed graph node=0 kind=8 refs=0 incoming=0
mixed graph node=1 kind=7 refs=1 incoming=1
mixed case=3 api=0 repeat=0
mixed graph allocated=4 baseline=2 nodes=2 buffered=2
mixed graph node=0 kind=8 refs=0 incoming=0
mixed graph node=1 kind=7 refs=1 incoming=1
mixed case=3 api=0 repeat=1
mixed graph allocated=4 baseline=2 nodes=2 buffered=2
mixed graph node=0 kind=8 refs=0 incoming=0
mixed graph node=1 kind=7 refs=1 incoming=1
mixed case=3 api=1 repeat=0
mixed graph allocated=4 baseline=2 nodes=2 buffered=2
mixed graph node=0 kind=8 refs=0 incoming=0
mixed graph node=1 kind=7 refs=1 incoming=1
mixed case=3 api=1 repeat=1
mixed graph allocated=4 baseline=2 nodes=2 buffered=2
mixed graph node=0 kind=8 refs=0 incoming=0
mixed graph node=1 kind=7 refs=1 incoming=1
mixed case=3 api=2 repeat=0
mixed graph allocated=4 baseline=2 nodes=2 buffered=2
mixed graph node=0 kind=8 refs=0 incoming=0
mixed graph node=1 kind=7 refs=1 incoming=1
mixed case=3 api=2 repeat=1
mixed graph allocated=4 baseline=2 nodes=2 buffered=2
mixed graph node=0 kind=8 refs=0 incoming=0
mixed graph node=1 kind=7 refs=1 incoming=1
mixed case=3 api=3 repeat=0
mixed graph allocated=4 baseline=2 nodes=2 buffered=2
mixed graph node=0 kind=8 refs=0 incoming=0
mixed graph node=1 kind=7 refs=1 incoming=1
mixed case=3 api=3 repeat=1
mixed graph allocated=4 baseline=2 nodes=2 buffered=2
mixed graph node=0 kind=8 refs=0 incoming=0
mixed graph node=1 kind=7 refs=1 incoming=1
mixed case=4 api=0 repeat=0
mixed graph allocated=4 baseline=2 nodes=2 buffered=2
mixed graph node=0 kind=8 refs=0 incoming=0
mixed graph node=1 kind=7 refs=1 incoming=1
mixed case=4 api=0 repeat=1
mixed graph allocated=4 baseline=2 nodes=2 buffered=2
mixed graph node=0 kind=8 refs=0 incoming=0
mixed graph node=1 kind=7 refs=1 incoming=1
mixed case=4 api=1 repeat=0
mixed graph allocated=4 baseline=2 nodes=2 buffered=2
mixed graph node=0 kind=8 refs=0 incoming=0
mixed graph node=1 kind=7 refs=1 incoming=1
mixed case=4 api=1 repeat=1
mixed graph allocated=4 baseline=2 nodes=2 buffered=2
mixed graph node=0 kind=8 refs=0 incoming=0
mixed graph node=1 kind=7 refs=1 incoming=1
mixed case=4 api=2 repeat=0
mixed graph allocated=4 baseline=2 nodes=2 buffered=2
mixed graph node=0 kind=8 refs=0 incoming=0
mixed graph node=1 kind=7 refs=1 incoming=1
mixed case=4 api=2 repeat=1
mixed graph allocated=4 baseline=2 nodes=2 buffered=2
mixed graph node=0 kind=8 refs=0 incoming=0
mixed graph node=1 kind=7 refs=1 incoming=1
mixed case=4 api=3 repeat=0
mixed graph allocated=4 baseline=2 nodes=2 buffered=2
mixed graph node=0 kind=8 refs=0 incoming=0
mixed graph node=1 kind=7 refs=1 incoming=1
mixed case=4 api=3 repeat=1
mixed graph allocated=4 baseline=2 nodes=2 buffered=2
mixed graph node=0 kind=8 refs=0 incoming=0
mixed graph node=1 kind=7 refs=1 incoming=1
mixed case=5 api=0 repeat=0
mixed graph allocated=4 baseline=2 nodes=2 buffered=2
mixed graph node=0 kind=8 refs=0 incoming=0
mixed graph node=1 kind=7 refs=1 incoming=1
mixed case=5 api=0 repeat=1
mixed graph allocated=4 baseline=2 nodes=2 buffered=2
mixed graph node=0 kind=8 refs=0 incoming=0
mixed graph node=1 kind=7 refs=1 incoming=1
mixed case=5 api=1 repeat=0
mixed graph allocated=4 baseline=2 nodes=2 buffered=2
mixed graph node=0 kind=8 refs=0 incoming=0
mixed graph node=1 kind=7 refs=1 incoming=1
mixed case=5 api=1 repeat=1
mixed graph allocated=4 baseline=2 nodes=2 buffered=2
mixed graph node=0 kind=8 refs=0 incoming=0
mixed graph node=1 kind=7 refs=1 incoming=1
mixed case=5 api=2 repeat=0
mixed graph allocated=4 baseline=2 nodes=2 buffered=2
mixed graph node=0 kind=8 refs=0 incoming=0
mixed graph node=1 kind=7 refs=1 incoming=1
mixed case=5 api=2 repeat=1
mixed graph allocated=4 baseline=2 nodes=2 buffered=2
mixed graph node=0 kind=8 refs=0 incoming=0
mixed graph node=1 kind=7 refs=1 incoming=1
mixed case=5 api=3 repeat=0
mixed graph allocated=4 baseline=2 nodes=2 buffered=2
mixed graph node=0 kind=8 refs=0 incoming=0
mixed graph node=1 kind=7 refs=1 incoming=1
mixed case=5 api=3 repeat=1
mixed graph allocated=4 baseline=2 nodes=2 buffered=2
mixed graph node=0 kind=8 refs=0 incoming=0
mixed graph node=1 kind=7 refs=1 incoming=1
mixed case=6 api=0 repeat=0
mixed graph allocated=5 baseline=3 nodes=2 buffered=2
mixed graph node=0 kind=8 refs=0 incoming=0
mixed graph node=1 kind=7 refs=1 incoming=1
mixed case=6 api=0 repeat=1
mixed graph allocated=5 baseline=3 nodes=2 buffered=2
mixed graph node=0 kind=8 refs=0 incoming=0
mixed graph node=1 kind=7 refs=1 incoming=1
mixed case=6 api=1 repeat=0
mixed graph allocated=5 baseline=3 nodes=2 buffered=2
mixed graph node=0 kind=8 refs=0 incoming=0
mixed graph node=1 kind=7 refs=1 incoming=1
mixed case=6 api=1 repeat=1
mixed graph allocated=5 baseline=3 nodes=2 buffered=2
mixed graph node=0 kind=8 refs=0 incoming=0
mixed graph node=1 kind=7 refs=1 incoming=1
mixed case=6 api=2 repeat=0
mixed graph allocated=5 baseline=3 nodes=2 buffered=2
mixed graph node=0 kind=8 refs=0 incoming=0
mixed graph node=1 kind=7 refs=1 incoming=1
mixed case=6 api=2 repeat=1
mixed graph allocated=5 baseline=3 nodes=2 buffered=2
mixed graph node=0 kind=8 refs=0 incoming=0
mixed graph node=1 kind=7 refs=1 incoming=1
mixed case=6 api=3 repeat=0
mixed graph allocated=5 baseline=3 nodes=2 buffered=2
mixed graph node=0 kind=8 refs=0 incoming=0
mixed graph node=1 kind=7 refs=1 incoming=1
mixed case=6 api=3 repeat=1
mixed graph allocated=5 baseline=3 nodes=2 buffered=2
mixed graph node=0 kind=8 refs=0 incoming=0
mixed graph node=1 kind=7 refs=1 incoming=1
mixed case=7 api=0 repeat=0
mixed graph allocated=6 baseline=4 nodes=2 buffered=2
mixed graph node=0 kind=8 refs=0 incoming=0
mixed graph node=1 kind=7 refs=1 incoming=1
mixed case=7 api=0 repeat=1
mixed graph allocated=6 baseline=4 nodes=2 buffered=2
mixed graph node=0 kind=8 refs=0 incoming=0
mixed graph node=1 kind=7 refs=1 incoming=1
mixed case=7 api=1 repeat=0
mixed graph allocated=6 baseline=4 nodes=2 buffered=2
mixed graph node=0 kind=8 refs=0 incoming=0
mixed graph node=1 kind=7 refs=1 incoming=1
mixed case=7 api=1 repeat=1
mixed graph allocated=6 baseline=4 nodes=2 buffered=2
mixed graph node=0 kind=8 refs=0 incoming=0
mixed graph node=1 kind=7 refs=1 incoming=1
mixed case=7 api=2 repeat=0
mixed graph allocated=6 baseline=4 nodes=2 buffered=2
mixed graph node=0 kind=8 refs=0 incoming=0
mixed graph node=1 kind=7 refs=1 incoming=1
mixed case=7 api=2 repeat=1
mixed graph allocated=6 baseline=4 nodes=2 buffered=2
mixed graph node=0 kind=8 refs=0 incoming=0
mixed graph node=1 kind=7 refs=1 incoming=1
mixed case=7 api=3 repeat=0
mixed graph allocated=6 baseline=4 nodes=2 buffered=2
mixed graph node=0 kind=8 refs=0 incoming=0
mixed graph node=1 kind=7 refs=1 incoming=1
mixed case=7 api=3 repeat=1
mixed graph allocated=6 baseline=4 nodes=2 buffered=2
mixed graph node=0 kind=8 refs=0 incoming=0
mixed graph node=1 kind=7 refs=1 incoming=1
mixed case=8 api=0 repeat=0
mixed graph allocated=4 baseline=2 nodes=2 buffered=2
mixed graph node=0 kind=8 refs=0 incoming=0
mixed graph node=1 kind=7 refs=1 incoming=1
mixed case=8 api=0 repeat=1
mixed graph allocated=4 baseline=2 nodes=2 buffered=2
mixed graph node=0 kind=8 refs=0 incoming=0
mixed graph node=1 kind=7 refs=1 incoming=1
mixed case=8 api=1 repeat=0
mixed graph allocated=4 baseline=2 nodes=2 buffered=2
mixed graph node=0 kind=8 refs=0 incoming=0
mixed graph node=1 kind=7 refs=1 incoming=1
mixed case=8 api=1 repeat=1
mixed graph allocated=4 baseline=2 nodes=2 buffered=2
mixed graph node=0 kind=8 refs=0 incoming=0
mixed graph node=1 kind=7 refs=1 incoming=1
mixed case=8 api=2 repeat=0
mixed graph allocated=4 baseline=2 nodes=2 buffered=2
mixed graph node=0 kind=8 refs=0 incoming=0
mixed graph node=1 kind=7 refs=1 incoming=1
mixed case=8 api=2 repeat=1
mixed graph allocated=4 baseline=2 nodes=2 buffered=2
mixed graph node=0 kind=8 refs=0 incoming=0
mixed graph node=1 kind=7 refs=1 incoming=1
mixed case=8 api=3 repeat=0
mixed graph allocated=4 baseline=2 nodes=2 buffered=2
mixed graph node=0 kind=8 refs=0 incoming=0
mixed graph node=1 kind=7 refs=1 incoming=1
mixed case=8 api=3 repeat=1
mixed graph allocated=4 baseline=2 nodes=2 buffered=2
mixed graph node=0 kind=8 refs=0 incoming=0
mixed graph node=1 kind=7 refs=1 incoming=1
case 0 0 0
case 1 3 0
case 2 3 0
case 3 3 0
case 4 2 0
case 5 0 0
case 6 0 0
case 7 0 0
case 8 2 0
1274 mixed runtime lifecycle checks passed
