test_branch_fixtures (tests.test_selfhost_function_values.NativeReturnedCalls.test_branch_fixtures) ... ok
test_contextual_bytes_arrays_and_record_arguments (tests.test_selfhost_function_values.NativeReturnedCalls.test_contextual_bytes_arrays_and_record_arguments) ... ok
test_function_containers_preserve_aliases_and_context (tests.test_selfhost_function_values.NativeReturnedCalls.test_function_containers_preserve_aliases_and_context) ... FAIL
test_imported_function_value_uses_resolved_alias (tests.test_selfhost_function_values.NativeReturnedCalls.test_imported_function_value_uses_resolved_alias) ... ok
test_multiple_arguments_execute_once_in_order (tests.test_selfhost_function_values.NativeReturnedCalls.test_multiple_arguments_execute_once_in_order) ... ok
test_mutating_argument_does_not_replace_saved_callee (tests.test_selfhost_function_values.NativeReturnedCalls.test_mutating_argument_does_not_replace_saved_callee) ... ok
test_nested_signature_and_printed_result (tests.test_selfhost_function_values.NativeReturnedCalls.test_nested_signature_and_printed_result) ... ok
test_recursive_record_callback_signature (tests.test_selfhost_function_values.NativeReturnedCalls.test_recursive_record_callback_signature) ... ok
test_retained_record_and_array_function_source (tests.test_selfhost_function_values.NativeReturnedCalls.test_retained_record_and_array_function_source) ... ok
test_void_and_function_valued_results_keep_stack_counts (tests.test_selfhost_function_values.NativeReturnedCalls.test_void_and_function_valued_results_keep_stack_counts) ... ok
test_wrong_signature_or_non_callable_preserves_prior_module (tests.test_selfhost_function_values.NativeReturnedCalls.test_wrong_signature_or_non_callable_preserves_prior_module) ... ok
test_branch_fixtures (tests.test_selfhost_function_values.VMReturnedCalls.test_branch_fixtures) ... ok
test_contextual_bytes_arrays_and_record_arguments (tests.test_selfhost_function_values.VMReturnedCalls.test_contextual_bytes_arrays_and_record_arguments) ... ok
test_function_containers_preserve_aliases_and_context (tests.test_selfhost_function_values.VMReturnedCalls.test_function_containers_preserve_aliases_and_context) ... FAIL
test_imported_function_value_uses_resolved_alias (tests.test_selfhost_function_values.VMReturnedCalls.test_imported_function_value_uses_resolved_alias) ... ok
test_multiple_arguments_execute_once_in_order (tests.test_selfhost_function_values.VMReturnedCalls.test_multiple_arguments_execute_once_in_order) ... ok
test_mutating_argument_does_not_replace_saved_callee (tests.test_selfhost_function_values.VMReturnedCalls.test_mutating_argument_does_not_replace_saved_callee) ... ok
test_nested_signature_and_printed_result (tests.test_selfhost_function_values.VMReturnedCalls.test_nested_signature_and_printed_result) ... ok
test_recursive_record_callback_signature (tests.test_selfhost_function_values.VMReturnedCalls.test_recursive_record_callback_signature) ... ok
test_retained_record_and_array_function_source (tests.test_selfhost_function_values.VMReturnedCalls.test_retained_record_and_array_function_source) ... ok
test_void_and_function_valued_results_keep_stack_counts (tests.test_selfhost_function_values.VMReturnedCalls.test_void_and_function_valued_results_keep_stack_counts) ... ok
test_wrong_signature_or_non_callable_preserves_prior_module (tests.test_selfhost_function_values.VMReturnedCalls.test_wrong_signature_or_non_callable_preserves_prior_module) ... ok

======================================================================
FAIL: test_function_containers_preserve_aliases_and_context (tests.test_selfhost_function_values.NativeReturnedCalls.test_function_containers_preserve_aliases_and_context)
----------------------------------------------------------------------
Traceback (most recent call last):
  File "/Users/jordanh/Src/nanolang/tests/test_selfhost_function_values.py", line 101, in test_function_containers_preserve_aliases_and_context
            self.execute_source('''
            ~~~~~~~~~~~~~~~~~~~^^^^
    struct Ops { op:fn(int)->int }
    ^^^^^^^^^^^^^^^^^^^^^^^^^^^^^^
    ...<27 lines>...
    shadow main { assert (== (main) 0) }
    ^^^^^^^^^^^^^^^^^^^^^^^^^^^^^^^^^^^^
    ''', b'')
    ^^^^^^^^^
  File "/Users/jordanh/Src/nanolang/tests/test_selfhost_function_values.py", line 36, in execute_source
    self.assertEqual(result.returncode, 0, result.stdout + result.stderr)
    ~~~~~~~~~~~~~~~~^^^^^^^^^^^^^^^^^^^^^^^^^^^^^^^^^^^^^^^^^^^^^^^^^^^^^
AssertionError: 1 != 0 : b'NSType checking failed\nDiagnostics:\n  [E0001] Assignment to values: I expected a value of type `array<fn(int)->int>`, but found `void`. (/private/var/folders/9z/xpmfgw8j09l4g6wwxrxtt97w0000gn/T/nano-function-values-wdb8y6lx/input.nano:15:5)\n'

======================================================================
FAIL: test_function_containers_preserve_aliases_and_context (tests.test_selfhost_function_values.VMReturnedCalls.test_function_containers_preserve_aliases_and_context)
----------------------------------------------------------------------
Traceback (most recent call last):
  File "/Users/jordanh/Src/nanolang/tests/test_selfhost_function_values.py", line 101, in test_function_containers_preserve_aliases_and_context
            self.execute_source('''
            ~~~~~~~~~~~~~~~~~~~^^^^
    struct Ops { op:fn(int)->int }
    ^^^^^^^^^^^^^^^^^^^^^^^^^^^^^^
    ...<27 lines>...
    shadow main { assert (== (main) 0) }
    ^^^^^^^^^^^^^^^^^^^^^^^^^^^^^^^^^^^^
    ''', b'')
    ^^^^^^^^^
  File "/Users/jordanh/Src/nanolang/tests/test_selfhost_function_values.py", line 36, in execute_source
    self.assertEqual(result.returncode, 0, result.stdout + result.stderr)
    ~~~~~~~~~~~~~~~~^^^^^^^^^^^^^^^^^^^^^^^^^^^^^^^^^^^^^^^^^^^^^^^^^^^^^
AssertionError: 1 != 0 : b'NSType checking failed\nDiagnostics:\n  [E0001] Assignment to values: I expected a value of type `array<fn(int)->int>`, but found `void`. (/private/var/folders/9z/xpmfgw8j09l4g6wwxrxtt97w0000gn/T/nano-function-values-h7iyo2k1/input.nano:15:5)\n'

----------------------------------------------------------------------
Ran 22 tests in 3.633s

FAILED (failures=2)
