test_declarations_transport_and_unchanged_profiles (tests.test_ordinary_record_authority.OrdinaryAuthority.test_declarations_transport_and_unchanged_profiles) ... ERROR

======================================================================
ERROR: test_declarations_transport_and_unchanged_profiles (tests.test_ordinary_record_authority.OrdinaryAuthority.test_declarations_transport_and_unchanged_profiles)
----------------------------------------------------------------------
Traceback (most recent call last):
  File "/Users/jordanh/Src/nanolang-pr522-repair/tests/test_ordinary_record_authority.py", line 46, in test_declarations_transport_and_unchanged_profiles
    self.command([ROOT/'bin'/tool,forward,'-o',output])
    ~~~~~~~~~~~~^^^^^^^^^^^^^^^^^^^^^^^^^^^^^^^^^^^^^^^
  File "/Users/jordanh/Src/nanolang-pr522-repair/tests/test_ordinary_record_authority.py", line 12, in command
    result=subprocess.run(list(map(str,args)),capture_output=True,text=True,timeout=90,cwd=ROOT)
  File "/Library/Frameworks/Python.framework/Versions/3.14/lib/python3.14/subprocess.py", line 555, in run
    with Popen(*popenargs, **kwargs) as process:
         ~~~~~^^^^^^^^^^^^^^^^^^^^^^
  File "/Library/Frameworks/Python.framework/Versions/3.14/lib/python3.14/subprocess.py", line 1039, in __init__
    self._execute_child(args, executable, preexec_fn, close_fds,
    ~~~~~~~~~~~~~~~~~~~^^^^^^^^^^^^^^^^^^^^^^^^^^^^^^^^^^^^^^^^^
                        pass_fds, cwd, env,
                        ^^^^^^^^^^^^^^^^^^^
    ...<5 lines>...
                        gid, gids, uid, umask,
                        ^^^^^^^^^^^^^^^^^^^^^^
                        start_new_session, process_group)
                        ^^^^^^^^^^^^^^^^^^^^^^^^^^^^^^^^^
  File "/Library/Frameworks/Python.framework/Versions/3.14/lib/python3.14/subprocess.py", line 1990, in _execute_child
    raise child_exception_type(errno_num, err_msg, err_filename)
FileNotFoundError: [Errno 2] No such file or directory: '/Users/jordanh/Src/nanolang-pr522-repair/bin/nvm2llvm'

----------------------------------------------------------------------
Ran 1 test in 1.469s

FAILED (errors=1)
