.F
======================================================================
FAIL: test_nested_values_and_retained_results (tests.test_cseed_aggregate_formatting.AggregateFormatting.test_nested_values_and_retained_results)
----------------------------------------------------------------------
Traceback (most recent call last):
  File "/Users/jordanh/Src/nanolang-pr522-repair/tests/test_cseed_aggregate_formatting.py", line 21, in test_nested_values_and_retained_results
            self.execute(r'''struct Point { number: int, label: string, values: array<float> }
            ~~~~~~~~~~~~^^^^^^^^^^^^^^^^^^^^^^^^^^^^^^^^^^^^^^^^^^^^^^^^^^^^^^^^^^^^^^^^^^^^^^
    union Choice { Some { value: Point }, Empty {} }
    ^^^^^^^^^^^^^^^^^^^^^^^^^^^^^^^^^^^^^^^^^^^^^^^^
    ...<22 lines>...
    shadow main { assert (== (main) 0) }
    ^^^^^^^^^^^^^^^^^^^^^^^^^^^^^^^^^^^^
    ''')
    ^^^^
  File "/Users/jordanh/Src/nanolang-pr522-repair/tests/test_cseed_aggregate_formatting.py", line 18, in execute
    self.assertEqual(result.returncode, 0, str(command) + "\n" + result.stdout + result.stderr)
    ~~~~~~~~~~~~~~~~^^^^^^^^^^^^^^^^^^^^^^^^^^^^^^^^^^^^^^^^^^^^^^^^^^^^^^^^^^^^^^^^^^^^^^^^^^^
AssertionError: 1 != 0 : [PosixPath('/Users/jordanh/Src/nanolang-pr522-repair/bin/nanoc_c'), PosixPath('/var/folders/9z/xpmfgw8j09l4g6wwxrxtt97w0000gn/T/nano-cseed-format-oy_kgs9i/case.nano'), '-o', PosixPath('/var/folders/9z/xpmfgw8j09l4g6wwxrxtt97w0000gn/T/nano-cseed-format-oy_kgs9i/product')]
-- E001 TYPE MISMATCH --- /var/folders/9z/xpmfgw8j09l4g6wwxrxtt97w0000gn/T/nano-cseed-format-oy_kgs9i/case.nano
Field access requires a struct value.

4|  let point: Point = Point { number: 7, label: "saved".Loud, values: [2.5, -1.5] }
                                                        ^
Hint: Ensure the object before '.' is a struct type.
Type checking failed


----------------------------------------------------------------------
Ran 2 tests in 1.270s

FAILED (failures=1)
