Running NSI capability-runtime tests...
/opt/homebrew/opt/llvm/bin/clang -Wall -Wextra -Werror -std=c11 -g -O1 -Isrc -D_GNU_SOURCE -fsanitize=address,undefined -fno-omit-frame-pointer -I'/Applications/Xcode.app/Contents/Developer/Platforms/MacOSX.platform/Developer/SDKs/MacOSX27.0.sdk/usr/include/ffi' -I/opt/homebrew/Cellar/openssl@3/3.6.5/include -o tests/test_nsi_cap tests/test_nsi_cap.c \
		src/nsi_cap.c
NSI capability runtime tests
  cap: integers and pointers are forged                        PASS
  cap: type, service, rights, delegation, revocation           PASS
  cap: rights attenuate on delegate                            PASS
  cap: transfer requires permission                            PASS
  cap: restart invalidates; generation not reused              PASS
  cap: resource own/consume; Forth cells not pointers          PASS
  cap: audit create, delegate, use, revoke, fail               PASS
7 passed, 0 failed
/opt/homebrew/opt/llvm/bin/clang -Wall -Wextra -Werror -std=c11 -g -O1 -Isrc -D_GNU_SOURCE -fsanitize=address,undefined -fno-omit-frame-pointer -I'/Applications/Xcode.app/Contents/Developer/Platforms/MacOSX.platform/Developer/SDKs/MacOSX27.0.sdk/usr/include/ffi' -I/opt/homebrew/Cellar/openssl@3/3.6.5/include -D_DARWIN_C_SOURCE tests/test_nsi_cap_entropy.c -o /private/tmp/nl51-cap-entropy-sanitized/test_nsi_cap_entropy -fsanitize=address,undefined -lcrypto -lffi -L/opt/homebrew/Cellar/openssl@3/3.6.5/lib
PASS entropy failure/zero/low/collision refusal, preserved owners and recovery
/opt/homebrew/opt/llvm/bin/clang -Wall -Wextra -Werror -std=c11 -g -O1 -Isrc -D_GNU_SOURCE -fsanitize=address,undefined -fno-omit-frame-pointer -I'/Applications/Xcode.app/Contents/Developer/Platforms/MacOSX.platform/Developer/SDKs/MacOSX27.0.sdk/usr/include/ffi' -I/opt/homebrew/Cellar/openssl@3/3.6.5/include -std=c11 -D_DEFAULT_SOURCE -Wall -Wextra -Werror tests/test_nsi_file.c -o /private/tmp/nl51-cap-entropy-sanitized/test_nsi_file_instrumented -fsanitize=address,undefined -lcrypto -lffi -L/opt/homebrew/Cellar/openssl@3/3.6.5/lib
PASS 2634 checks; 395 real opens and 395 real closes; 20 allocator calls; no live resources
/opt/homebrew/opt/llvm/bin/clang -Wall -Wextra -Werror -std=c11 -g -O1 -Isrc -D_GNU_SOURCE -fsanitize=address,undefined -fno-omit-frame-pointer -I'/Applications/Xcode.app/Contents/Developer/Platforms/MacOSX.platform/Developer/SDKs/MacOSX27.0.sdk/usr/include/ffi' -I/opt/homebrew/Cellar/openssl@3/3.6.5/include -std=c11 -D_DEFAULT_SOURCE -Wall -Wextra -Werror tests/test_nsi_file_linked.c src/nsi_file.c src/nsi_cap.c -o /private/tmp/nl51-cap-entropy-sanitized/test_nsi_file_linked -fsanitize=address,undefined -lcrypto -lffi -L/opt/homebrew/Cellar/openssl@3/3.6.5/lib
PASS ordinary linked private local-file adapter
/opt/homebrew/opt/llvm/bin/clang -Wall -Wextra -Werror -std=c11 -g -O1 -Isrc -D_GNU_SOURCE -fsanitize=address,undefined -fno-omit-frame-pointer -I'/Applications/Xcode.app/Contents/Developer/Platforms/MacOSX.platform/Developer/SDKs/MacOSX27.0.sdk/usr/include/ffi' -I/opt/homebrew/Cellar/openssl@3/3.6.5/include -std=c11 -D_DEFAULT_SOURCE -Wall -Wextra -Werror tests/test_nsi_socket.c -o /private/tmp/nl51-cap-entropy-sanitized/test_nsi_socket_instrumented -fsanitize=address,undefined -lcrypto -lffi -L/opt/homebrew/Cellar/openssl@3/3.6.5/lib
I check real NUL/bidirectional/EOF/would-block and exact Socket identity.
I check rights, interrupted calls and byte output retention.
I check pair atomicity, aliased transfer capacity, generations and reuse.
I check every platform setup step and complete pair rollback.
I inject acquisition step 0/10.
I inject acquisition step 1/10.
I inject acquisition step 2/10.
I inject acquisition step 3/10.
I inject acquisition step 4/10.
I inject acquisition step 5/10.
I inject acquisition step 6/10.
I inject acquisition step 7/10.
I inject acquisition step 8/10.
I inject acquisition step 9/10.
I inject acquisition step 10/10.
I distinguish real close, injected reports and deliberately unclosed fault descriptors.
PASS real IPv4 TCP transfer/NUL/byte/EOF/refusal/close
PASS real IPv6 TCP transfer/NUL/byte/EOF/refusal/close
I refuse invalid TCP addresses and exhausted authority before host calls.
I check TCP setup rollback and unchanged output/adjacent owners.
I preserve pending/failed state through transfer and never reread a consumed error.
I check immediate publication and full-capacity pending TCP transfer rollback.
PASS 9878 Socket checks; real opens=514 closes=514; adapter close attempts=514; harness-only recovery closes=2
/opt/homebrew/opt/llvm/bin/clang -Wall -Wextra -Werror -std=c11 -g -O1 -Isrc -D_GNU_SOURCE -fsanitize=address,undefined -fno-omit-frame-pointer -I'/Applications/Xcode.app/Contents/Developer/Platforms/MacOSX.platform/Developer/SDKs/MacOSX27.0.sdk/usr/include/ffi' -I/opt/homebrew/Cellar/openssl@3/3.6.5/include -std=c11 -D_DEFAULT_SOURCE -Wall -Wextra -Werror tests/test_nsi_socket_linked.c src/nsi_socket.c src/nsi_cap.c -o /private/tmp/nl51-cap-entropy-sanitized/test_nsi_socket_linked -fsanitize=address,undefined -lcrypto -lffi -L/opt/homebrew/Cellar/openssl@3/3.6.5/lib
PASS ordinary linked Socket NUL/byte/EOF/transfer/close
PASS real IPv4 TCP transfer/NUL/byte/EOF/refusal/close
PASS real IPv6 TCP transfer/NUL/byte/EOF/refusal/close
/opt/homebrew/opt/llvm/bin/clang -Wall -Wextra -Werror -std=c11 -g -O1 -Isrc -D_GNU_SOURCE -fsanitize=address,undefined -fno-omit-frame-pointer -I'/Applications/Xcode.app/Contents/Developer/Platforms/MacOSX.platform/Developer/SDKs/MacOSX27.0.sdk/usr/include/ffi' -I/opt/homebrew/Cellar/openssl@3/3.6.5/include -std=c11 -D_DEFAULT_SOURCE -Wall -Wextra -Werror tests/test_nsi_socket_values.c -o /private/tmp/nl51-cap-entropy-sanitized/test_nsi_socket_values_instrumented -fsanitize=address,undefined -lcrypto -lffi -L/opt/homebrew/Cellar/openssl@3/3.6.5/lib
PASS IPv4 affine TCP Result/borrow/move/NUL/byte/EOF/cleanup
PASS IPv6 affine TCP Result/borrow/move/NUL/byte/EOF/cleanup
PASS 3822 Socket value checks; tracked real opens=81 closes=81; harness recovery closes=1
/opt/homebrew/opt/llvm/bin/clang -Wall -Wextra -Werror -std=c11 -g -O1 -Isrc -D_GNU_SOURCE -fsanitize=address,undefined -fno-omit-frame-pointer -I'/Applications/Xcode.app/Contents/Developer/Platforms/MacOSX.platform/Developer/SDKs/MacOSX27.0.sdk/usr/include/ffi' -I/opt/homebrew/Cellar/openssl@3/3.6.5/include -std=c11 -D_DEFAULT_SOURCE -Wall -Wextra -Werror tests/test_nsi_socket_values_linked.c src/nsi_socket_values.c src/nsi_socket.c src/nsi_cap.c -o /private/tmp/nl51-cap-entropy-sanitized/test_nsi_socket_values_linked -fsanitize=address,undefined -lcrypto -lffi -L/opt/homebrew/Cellar/openssl@3/3.6.5/lib
PASS IPv4 affine TCP Result/borrow/move/NUL/byte/EOF/cleanup
PASS IPv6 affine TCP Result/borrow/move/NUL/byte/EOF/cleanup
PASS 320 separately linked Socket value checks
