calls=100 sum=4950 elapsed=0.000002
=================================================================
==94426==ERROR: AddressSanitizer: stack-use-after-return on address 0xfaa930a03220 at pc 0xb3b247c70c20 bp 0xffffe844c6d0 sp 0xffffe844c6c8
READ of size 8 at 0xfaa930a03220 thread T0
    #0 0xb3b247c70c1c in main /tmp/fake_stack_probe.c:20:31
    #1 0xfaa932b884c0  (/lib/aarch64-linux-gnu/libc.so.6+0x284c0) (BuildId: 27027b96e5b8c475fc327aa445bea1c71d37b4e2)
    #2 0xfaa932b88594 in __libc_start_main (/lib/aarch64-linux-gnu/libc.so.6+0x28594) (BuildId: 27027b96e5b8c475fc327aa445bea1c71d37b4e2)
    #3 0xb3b247b942ac in _start (/tmp/fake_stack_clang+0x342ac) (BuildId: dd0e8270cd7685bcf64b739d445ac40cf56d00ef)

Address 0xfaa930a03220 is located in stack of thread T0 at offset 32 in frame
    #0 0xb3b247c70ddc in work /tmp/fake_stack_probe.c:5

  This frame has 1 object(s):
    [32, 64) 'local' (line 6) <== Memory access at offset 32 is inside this variable
HINT: this may be a false positive if your program uses some custom stack unwind mechanism, swapcontext or vfork
      (longjmp and C++ exceptions *are* supported)
SUMMARY: AddressSanitizer: stack-use-after-return /tmp/fake_stack_probe.c:20:31 in main
Shadow bytes around the buggy address:
  0xfaa930a02f80: f5 f5 f5 f5 f5 f5 f5 f5 f5 f5 f5 f5 f5 f5 f5 f5
  0xfaa930a03000: f5 f5 f5 f5 f5 f5 f5 f5 f5 f5 f5 f5 f5 f5 f5 f5
  0xfaa930a03080: f5 f5 f5 f5 f5 f5 f5 f5 f5 f5 f5 f5 f5 f5 f5 f5
  0xfaa930a03100: f5 f5 f5 f5 f5 f5 f5 f5 f5 f5 f5 f5 f5 f5 f5 f5
  0xfaa930a03180: f5 f5 f5 f5 f5 f5 f5 f5 f5 f5 f5 f5 f5 f5 f5 f5
=>0xfaa930a03200: f5 f5 f5 f5[f5]f5 f5 f5 f5 f5 f5 f5 f5 f5 f5 f5
  0xfaa930a03280: 00 00 00 00 00 00 00 00 00 00 00 00 00 00 00 00
  0xfaa930a03300: 00 00 00 00 00 00 00 00 00 00 00 00 00 00 00 00
  0xfaa930a03380: 00 00 00 00 00 00 00 00 00 00 00 00 00 00 00 00
  0xfaa930a03400: 00 00 00 00 00 00 00 00 00 00 00 00 00 00 00 00
  0xfaa930a03480: 00 00 00 00 00 00 00 00 00 00 00 00 00 00 00 00
Shadow byte legend (one shadow byte represents 8 application bytes):
  Addressable:           00
  Partially addressable: 01 02 03 04 05 06 07 
  Heap left redzone:       fa
  Freed heap region:       fd
  Stack left redzone:      f1
  Stack mid redzone:       f2
  Stack right redzone:     f3
  Stack after return:      f5
  Stack use after scope:   f8
  Global redzone:          f9
  Global init order:       f6
  Poisoned by user:        f7
  Container overflow:      fc
  Array cookie:            ac
  Intra object redzone:    bb
  ASan internal:           fe
  Left alloca redzone:     ca
  Right alloca redzone:    cb
==94426==ABORTING
