test_split_assembler_search_order_phases_and_recovery (tests.test_source_snapshots.SourceSnapshots.test_split_assembler_search_order_phases_and_recovery) ... 
  test_split_assembler_search_order_phases_and_recovery (tests.test_source_snapshots.SourceSnapshots.test_split_assembler_search_order_phases_and_recovery) (style='xassembler-split', placement='common', external=False, shared=False) ... FAIL
  test_split_assembler_search_order_phases_and_recovery (tests.test_source_snapshots.SourceSnapshots.test_split_assembler_search_order_phases_and_recovery) (style='xassembler-split', placement='common', external=False, shared=True) ... FAIL
  test_split_assembler_search_order_phases_and_recovery (tests.test_source_snapshots.SourceSnapshots.test_split_assembler_search_order_phases_and_recovery) (style='xassembler-split', placement='common', external=True, shared=False) ... FAIL
  test_split_assembler_search_order_phases_and_recovery (tests.test_source_snapshots.SourceSnapshots.test_split_assembler_search_order_phases_and_recovery) (style='xassembler-split', placement='common', external=True, shared=True) ... FAIL

======================================================================
FAIL: test_split_assembler_search_order_phases_and_recovery (tests.test_source_snapshots.SourceSnapshots.test_split_assembler_search_order_phases_and_recovery) (style='xassembler-split', placement='common', external=False, shared=False)
----------------------------------------------------------------------
Traceback (most recent call last):
  File "/Users/jordanh/Src/nanolang/tests/test_source_snapshots.py", line 1369, in assembler_search_order_phases_and_recovery
    first = build(baseline)
  File "/Users/jordanh/Src/nanolang/tests/test_source_snapshots.py", line 1364, in build
    self.assertTrue((generation / "source_hashes.json").exists(), self.support.last_build_diagnostics)
    ~~~~~~~~~~~~~~~^^^^^^^^^^^^^^^^^^^^^^^^^^^^^^^^^^^^^^^^^^^^^^^^^^^^^^^^^^^^^^^^^^^^^^^^^^^^^^^^^^^
AssertionError: False is not true : b"I checked build evidence: phase=tool-output expected=0 observed=0 accepted=0\nI checked build evidence: phase=tool-spawn-ms expected=1 observed=1 accepted=1\nI checked build evidence: phase=tool-first-output-ms expected=1 observed=0 accepted=0\nI checked build evidence: phase=tool-eof-ms expected=1 observed=58 accepted=1\nI checked build evidence: phase=tool-reaped-ms expected=1 observed=85 accepted=1\nI checked build evidence: phase=tool-run-ms expected=5000 observed=85 accepted=0\nI checked build evidence: phase=tool-spawn-ms expected=1 observed=1 accepted=1\nI checked build evidence: phase=tool-first-output-ms expected=1 observed=71 accepted=1\nI checked build evidence: phase=tool-eof-ms expected=1 observed=73 accepted=1\nI checked build evidence: phase=tool-reaped-ms expected=1 observed=100 accepted=1\nI checked build evidence: phase=tool-run-ms expected=4915 observed=100 accepted=1\nI checked build evidence: phase=tool-output expected=0 observed=0 accepted=0\nI checked build evidence: phase=tool-spawn-ms expected=1 observed=1 accepted=1\nI checked build evidence: phase=tool-first-output-ms expected=1 observed=0 accepted=0\nI checked build evidence: phase=tool-eof-ms expected=1 observed=61 accepted=1\nI checked build evidence: phase=tool-reaped-ms expected=1 observed=88 accepted=1\nI checked build evidence: phase=tool-run-ms expected=5000 observed=88 accepted=0\nI checked build evidence: phase=tool-spawn-ms expected=1 observed=0 accepted=1\nI checked build evidence: phase=tool-first-output-ms expected=1 observed=72 accepted=1\nI checked build evidence: phase=tool-eof-ms expected=1 observed=74 accepted=1\nI checked build evidence: phase=tool-reaped-ms expected=1 observed=101 accepted=1\nI checked build evidence: phase=tool-run-ms expected=4912 observed=101 accepted=1\nld: warning: ignoring duplicate libraries: '-lm'\nI checked build evidence: phase=publish-preprocessing expected=17149852023990063310 observed=17149852023990063310 accepted=1\nI checked build evidence: phase=publish-context expected=9217270407260628187 observed=9217270407260628187 accepted=1\nI checked build evidence: phase=record-dependencies expected=1 observed=1 accepted=1\nI checked build evidence: phase=record-link-inputs expected=1 observed=0 accepted=0\nI cannot establish complete dependency evidence; I will rebuild this module next time\n"

======================================================================
FAIL: test_split_assembler_search_order_phases_and_recovery (tests.test_source_snapshots.SourceSnapshots.test_split_assembler_search_order_phases_and_recovery) (style='xassembler-split', placement='common', external=False, shared=True)
----------------------------------------------------------------------
Traceback (most recent call last):
  File "/Users/jordanh/Src/nanolang/tests/test_source_snapshots.py", line 1369, in assembler_search_order_phases_and_recovery
    first = build(baseline)
  File "/Users/jordanh/Src/nanolang/tests/test_source_snapshots.py", line 1364, in build
    self.assertTrue((generation / "source_hashes.json").exists(), self.support.last_build_diagnostics)
    ~~~~~~~~~~~~~~~^^^^^^^^^^^^^^^^^^^^^^^^^^^^^^^^^^^^^^^^^^^^^^^^^^^^^^^^^^^^^^^^^^^^^^^^^^^^^^^^^^^
AssertionError: False is not true : b"I checked build evidence: phase=tool-output expected=0 observed=0 accepted=0\nI checked build evidence: phase=tool-spawn-ms expected=1 observed=1 accepted=1\nI checked build evidence: phase=tool-first-output-ms expected=1 observed=0 accepted=0\nI checked build evidence: phase=tool-eof-ms expected=1 observed=57 accepted=1\nI checked build evidence: phase=tool-reaped-ms expected=1 observed=84 accepted=1\nI checked build evidence: phase=tool-run-ms expected=5000 observed=84 accepted=0\nI checked build evidence: phase=tool-spawn-ms expected=1 observed=0 accepted=1\nI checked build evidence: phase=tool-first-output-ms expected=1 observed=71 accepted=1\nI checked build evidence: phase=tool-eof-ms expected=1 observed=73 accepted=1\nI checked build evidence: phase=tool-reaped-ms expected=1 observed=100 accepted=1\nI checked build evidence: phase=tool-run-ms expected=4916 observed=100 accepted=1\nI checked build evidence: phase=tool-output expected=0 observed=0 accepted=0\nI checked build evidence: phase=tool-spawn-ms expected=1 observed=0 accepted=1\nI checked build evidence: phase=tool-first-output-ms expected=1 observed=0 accepted=0\nI checked build evidence: phase=tool-eof-ms expected=1 observed=60 accepted=1\nI checked build evidence: phase=tool-reaped-ms expected=1 observed=87 accepted=1\nI checked build evidence: phase=tool-run-ms expected=5000 observed=87 accepted=0\nI checked build evidence: phase=tool-spawn-ms expected=1 observed=0 accepted=1\nI checked build evidence: phase=tool-first-output-ms expected=1 observed=72 accepted=1\nI checked build evidence: phase=tool-eof-ms expected=1 observed=74 accepted=1\nI checked build evidence: phase=tool-reaped-ms expected=1 observed=101 accepted=1\nI checked build evidence: phase=tool-run-ms expected=4913 observed=101 accepted=1\nld: warning: ignoring duplicate libraries: '-lm'\nI checked build evidence: phase=publish-preprocessing expected=5293816973597460826 observed=5293816973597460826 accepted=1\nI checked build evidence: phase=publish-context expected=9870494575214387394 observed=9870494575214387394 accepted=1\nI checked build evidence: phase=record-dependencies expected=1 observed=1 accepted=1\nI checked build evidence: phase=record-link-inputs expected=1 observed=0 accepted=0\nI cannot establish complete dependency evidence; I will rebuild this module next time\n"

======================================================================
FAIL: test_split_assembler_search_order_phases_and_recovery (tests.test_source_snapshots.SourceSnapshots.test_split_assembler_search_order_phases_and_recovery) (style='xassembler-split', placement='common', external=True, shared=False)
----------------------------------------------------------------------
Traceback (most recent call last):
  File "/Users/jordanh/Src/nanolang/tests/test_source_snapshots.py", line 1369, in assembler_search_order_phases_and_recovery
    first = build(baseline)
  File "/Users/jordanh/Src/nanolang/tests/test_source_snapshots.py", line 1364, in build
    self.assertTrue((generation / "source_hashes.json").exists(), self.support.last_build_diagnostics)
    ~~~~~~~~~~~~~~~^^^^^^^^^^^^^^^^^^^^^^^^^^^^^^^^^^^^^^^^^^^^^^^^^^^^^^^^^^^^^^^^^^^^^^^^^^^^^^^^^^^
AssertionError: False is not true : b"I checked build evidence: phase=tool-output expected=0 observed=0 accepted=0\nI checked build evidence: phase=tool-spawn-ms expected=1 observed=0 accepted=1\nI checked build evidence: phase=tool-first-output-ms expected=1 observed=0 accepted=0\nI checked build evidence: phase=tool-eof-ms expected=1 observed=98 accepted=1\nI checked build evidence: phase=tool-reaped-ms expected=1 observed=125 accepted=1\nI checked build evidence: phase=tool-run-ms expected=5000 observed=125 accepted=0\nI checked build evidence: phase=tool-spawn-ms expected=1 observed=0 accepted=1\nI checked build evidence: phase=tool-first-output-ms expected=1 observed=109 accepted=1\nI checked build evidence: phase=tool-eof-ms expected=1 observed=113 accepted=1\nI checked build evidence: phase=tool-reaped-ms expected=1 observed=140 accepted=1\nI checked build evidence: phase=tool-run-ms expected=4875 observed=140 accepted=1\nI checked build evidence: phase=tool-output expected=0 observed=0 accepted=0\nI checked build evidence: phase=tool-spawn-ms expected=1 observed=1 accepted=1\nI checked build evidence: phase=tool-first-output-ms expected=1 observed=0 accepted=0\nI checked build evidence: phase=tool-eof-ms expected=1 observed=105 accepted=1\nI checked build evidence: phase=tool-reaped-ms expected=1 observed=105 accepted=1\nI checked build evidence: phase=tool-run-ms expected=5000 observed=105 accepted=0\nI checked build evidence: phase=tool-spawn-ms expected=1 observed=1 accepted=1\nI checked build evidence: phase=tool-first-output-ms expected=1 observed=107 accepted=1\nI checked build evidence: phase=tool-eof-ms expected=1 observed=109 accepted=1\nI checked build evidence: phase=tool-reaped-ms expected=1 observed=136 accepted=1\nI checked build evidence: phase=tool-run-ms expected=4895 observed=136 accepted=1\nld: warning: ignoring duplicate libraries: '-lm'\nI checked build evidence: phase=publish-preprocessing expected=15199368565016588732 observed=15199368565016588732 accepted=1\nI checked build evidence: phase=publish-context expected=5191710883018977591 observed=5191710883018977591 accepted=1\nI checked build evidence: phase=record-dependencies expected=1 observed=1 accepted=1\nI checked build evidence: phase=record-link-inputs expected=1 observed=0 accepted=0\nI cannot establish complete dependency evidence; I will rebuild this module next time\n"

======================================================================
FAIL: test_split_assembler_search_order_phases_and_recovery (tests.test_source_snapshots.SourceSnapshots.test_split_assembler_search_order_phases_and_recovery) (style='xassembler-split', placement='common', external=True, shared=True)
----------------------------------------------------------------------
Traceback (most recent call last):
  File "/Users/jordanh/Src/nanolang/tests/test_source_snapshots.py", line 1369, in assembler_search_order_phases_and_recovery
    first = build(baseline)
  File "/Users/jordanh/Src/nanolang/tests/test_source_snapshots.py", line 1364, in build
    self.assertTrue((generation / "source_hashes.json").exists(), self.support.last_build_diagnostics)
    ~~~~~~~~~~~~~~~^^^^^^^^^^^^^^^^^^^^^^^^^^^^^^^^^^^^^^^^^^^^^^^^^^^^^^^^^^^^^^^^^^^^^^^^^^^^^^^^^^^
AssertionError: False is not true : b"I checked build evidence: phase=tool-output expected=0 observed=0 accepted=0\nI checked build evidence: phase=tool-spawn-ms expected=1 observed=1 accepted=1\nI checked build evidence: phase=tool-first-output-ms expected=1 observed=0 accepted=0\nI checked build evidence: phase=tool-eof-ms expected=1 observed=92 accepted=1\nI checked build evidence: phase=tool-reaped-ms expected=1 observed=118 accepted=1\nI checked build evidence: phase=tool-run-ms expected=5000 observed=118 accepted=0\nI checked build evidence: phase=tool-spawn-ms expected=1 observed=0 accepted=1\nI checked build evidence: phase=tool-first-output-ms expected=1 observed=107 accepted=1\nI checked build evidence: phase=tool-eof-ms expected=1 observed=109 accepted=1\nI checked build evidence: phase=tool-reaped-ms expected=1 observed=136 accepted=1\nI checked build evidence: phase=tool-run-ms expected=4882 observed=136 accepted=1\nI checked build evidence: phase=tool-output expected=0 observed=0 accepted=0\nI checked build evidence: phase=tool-spawn-ms expected=1 observed=1 accepted=1\nI checked build evidence: phase=tool-first-output-ms expected=1 observed=0 accepted=0\nI checked build evidence: phase=tool-eof-ms expected=1 observed=99 accepted=1\nI checked build evidence: phase=tool-reaped-ms expected=1 observed=126 accepted=1\nI checked build evidence: phase=tool-run-ms expected=5000 observed=126 accepted=0\nI checked build evidence: phase=tool-spawn-ms expected=1 observed=0 accepted=1\nI checked build evidence: phase=tool-first-output-ms expected=1 observed=108 accepted=1\nI checked build evidence: phase=tool-eof-ms expected=1 observed=110 accepted=1\nI checked build evidence: phase=tool-reaped-ms expected=1 observed=137 accepted=1\nI checked build evidence: phase=tool-run-ms expected=4874 observed=137 accepted=1\nld: warning: ignoring duplicate libraries: '-lm'\nI checked build evidence: phase=publish-preprocessing expected=8847740996007612776 observed=8847740996007612776 accepted=1\nI checked build evidence: phase=publish-context expected=5791950089194240276 observed=5791950089194240276 accepted=1\nI checked build evidence: phase=record-dependencies expected=1 observed=1 accepted=1\nI checked build evidence: phase=record-link-inputs expected=1 observed=0 accepted=0\nI cannot establish complete dependency evidence; I will rebuild this module next time\n"

----------------------------------------------------------------------
Ran 1 test in 68.480s

FAILED (failures=4)
