test_apple_report_requires_tested_version_and_vendor (tests.test_link_response_query.LinkResponseQuery.test_apple_report_requires_tested_version_and_vendor) ... ok
test_argument_allocation_failure_retries_in_same_process (tests.test_link_response_query.LinkResponseQuery.test_argument_allocation_failure_retries_in_same_process) ... ok
test_deadline_kills_descendants_holding_output_open (tests.test_link_response_query.LinkResponseQuery.test_deadline_kills_descendants_holding_output_open) ... ok
test_failed_oversized_and_binary_reports_are_declined (tests.test_link_response_query.LinkResponseQuery.test_failed_oversized_and_binary_reports_are_declined) ... ok
test_literal_arguments_are_not_shell_evaluated (tests.test_link_response_query.LinkResponseQuery.test_literal_arguments_are_not_shell_evaluated) ... ok
test_native_linker_and_selection_override (tests.test_link_response_query.LinkResponseQuery.test_native_linker_and_selection_override) ... ok
test_private_output_cleanup_and_visible_control_rejection (tests.test_link_response_query.LinkResponseQuery.test_private_output_cleanup_and_visible_control_rejection) ... ok
test_private_primary_output_preserves_metadata_artifacts (tests.test_link_response_query.LinkResponseQuery.test_private_primary_output_preserves_metadata_artifacts) ... ok
test_private_query_allocation_failures_clean_up_and_retry (tests.test_link_response_query.LinkResponseQuery.test_private_query_allocation_failures_clean_up_and_retry) ... ok
test_public_query_admits_explicit_forms_and_preserves_selection (tests.test_link_response_query.LinkResponseQuery.test_public_query_admits_explicit_forms_and_preserves_selection) ... ok
test_public_query_rejects_unclassified_controls_before_execution (tests.test_link_response_query.LinkResponseQuery.test_public_query_rejects_unclassified_controls_before_execution) ... ok
test_public_query_with_captured_linker_arguments_uses_no_original_response (tests.test_link_response_query.LinkResponseQuery.test_public_query_with_captured_linker_arguments_uses_no_original_response) ... ok
test_success_also_cleans_descendants_without_output (tests.test_link_response_query.LinkResponseQuery.test_success_also_cleans_descendants_without_output) ... ok
test_allocation_failures_retry_in_same_process (tests.test_link_response_graph.LinkResponseGraph.test_allocation_failures_retry_in_same_process) ... ok
test_argument_capture_bounds_and_atomic_allocation_retry (tests.test_link_response_graph.LinkResponseGraph.test_argument_capture_bounds_and_atomic_allocation_retry) ... ok
test_argument_capture_freezes_shared_inputs_and_apple_rejection (tests.test_link_response_graph.LinkResponseGraph.test_argument_capture_freezes_shared_inputs_and_apple_rejection) ... ok
test_argument_capture_quotes_exact_words_without_sidecars (tests.test_link_response_graph.LinkResponseGraph.test_argument_capture_quotes_exact_words_without_sidecars) ... ok
test_batch_allocation_failure_retries_without_partial_paths (tests.test_link_response_graph.LinkResponseGraph.test_batch_allocation_failure_retries_without_partial_paths) ... ok
test_batch_failure_is_not_a_partial_result_and_budgets_are_shared (tests.test_link_response_graph.LinkResponseGraph.test_batch_failure_is_not_a_partial_result_and_budgets_are_shared) ... ok
test_batch_freezes_shared_inputs_between_roots (tests.test_link_response_graph.LinkResponseGraph.test_batch_freezes_shared_inputs_between_roots) ... ok
test_changed_retained_child_rejects_and_recovers (tests.test_link_response_graph.LinkResponseGraph.test_changed_retained_child_rejects_and_recovers) ... ok
test_grammar_controls_only_nested_token_boundaries (tests.test_link_response_graph.LinkResponseGraph.test_grammar_controls_only_nested_token_boundaries) ... ok
test_invalid_inputs_and_budgets_fail_then_recover (tests.test_link_response_graph.LinkResponseGraph.test_invalid_inputs_and_budgets_fail_then_recover) ... ok
test_native_multi_root_order_identity_and_lifetime (tests.test_link_response_graph.LinkResponseGraph.test_native_multi_root_order_identity_and_lifetime) ... ok
test_nested_end_of_input_tokens_are_captured (tests.test_link_response_graph.LinkResponseGraph.test_nested_end_of_input_tokens_are_captured) ... ok
test_nested_quoted_paths_preserve_other_bytes_and_lifetime (tests.test_link_response_graph.LinkResponseGraph.test_nested_quoted_paths_preserve_other_bytes_and_lifetime) ... ok
test_node_budget_is_bounded (tests.test_link_response_graph.LinkResponseGraph.test_node_budget_is_bounded) ... ok
test_resolved_path_identity_not_content_or_inode (tests.test_link_response_graph.LinkResponseGraph.test_resolved_path_identity_not_content_or_inode) ... ok
test_source_spelling_budget (tests.test_link_response_graph.LinkResponseGraph.test_source_spelling_budget) ... ok
test_actual_link_groups_preserve_results_and_reuse (tests.test_link_argument_transport.LinkArgumentAcceptance.test_actual_link_groups_preserve_results_and_reuse) ... ok
test_argument_gate_distinguishes_identity_rejection_from_capture_failure (tests.test_link_argument_transport.LinkArgumentAcceptance.test_argument_gate_distinguishes_identity_rejection_from_capture_failure) ... ok
test_changed_link_sidecar_rejects_replacement_and_recovers (tests.test_link_argument_transport.LinkArgumentAcceptance.test_changed_link_sidecar_rejects_replacement_and_recovers) ... ok
test_empty_measurement_is_not_acceptance (tests.test_link_argument_transport.LinkArgumentAcceptance.test_empty_measurement_is_not_acceptance) ... ok
test_every_acceptance_field_is_required (tests.test_link_argument_transport.LinkArgumentAcceptance.test_every_acceptance_field_is_required) ... ok
test_forwarded_apple_repeated_root_rejects_and_recovers (tests.test_link_argument_transport.LinkArgumentAcceptance.test_forwarded_apple_repeated_root_rejects_and_recovers) ... ok
test_forwarded_invocation_allocation_is_atomic_and_retryable (tests.test_link_argument_transport.LinkArgumentAcceptance.test_forwarded_invocation_allocation_is_atomic_and_retryable) ... ok
test_forwarded_response_edits_invalidate_all_argument_groups (tests.test_link_argument_transport.LinkArgumentAcceptance.test_forwarded_response_edits_invalidate_all_argument_groups) ... ok
test_forwarded_restored_inputs_preserve_results_and_reuse (tests.test_link_argument_transport.LinkArgumentAcceptance.test_forwarded_restored_inputs_preserve_results_and_reuse) ... ok
test_forwarded_source_less_flags_outlive_response (tests.test_link_argument_transport.LinkArgumentAcceptance.test_forwarded_source_less_flags_outlive_response) ... ok
test_forwarded_unadmitted_candidate_keeps_original_flags (tests.test_link_argument_transport.LinkArgumentAcceptance.test_forwarded_unadmitted_candidate_keeps_original_flags) ... ok
test_fragment_allocation_failure_allows_retry (tests.test_link_argument_transport.LinkArgumentAcceptance.test_fragment_allocation_failure_allows_retry) ... ok
test_indirect_linker_arguments_are_not_hidden (tests.test_link_argument_transport.LinkArgumentAcceptance.test_indirect_linker_arguments_are_not_hidden) ... ok
test_link_response_metadata_allocation_rollback (tests.test_link_argument_transport.LinkArgumentAcceptance.test_link_response_metadata_allocation_rollback) ... ok
test_linker_grammar_gate_checks_observed_results (tests.test_link_argument_transport.LinkArgumentAcceptance.test_linker_grammar_gate_checks_observed_results) ... ok
test_linker_word_probe_checks_exact_tokens_and_no_partial_result (tests.test_link_argument_transport.LinkArgumentAcceptance.test_linker_word_probe_checks_exact_tokens_and_no_partial_result) ... ok
test_materialized_gate_does_not_turn_decline_into_linker_rejection (tests.test_link_argument_transport.LinkArgumentAcceptance.test_materialized_gate_does_not_turn_decline_into_linker_rejection) ... ok
test_materialized_graph_preserves_order_and_identity (tests.test_link_argument_transport.LinkArgumentAcceptance.test_materialized_graph_preserves_order_and_identity) ... ok
test_retained_grammar_gate_checks_observed_results (tests.test_link_argument_transport.LinkArgumentAcceptance.test_retained_grammar_gate_checks_observed_results) ... ok
test_returned_link_response_flags_outlive_inputs (tests.test_link_argument_transport.LinkArgumentAcceptance.test_returned_link_response_flags_outlive_inputs) ... ok

----------------------------------------------------------------------
Ran 49 tests in 110.783s

OK
