I retain record-list artifacts at /private/tmp/nanolang-record-lists-6cf-puck-matrix/full-source/nano-record-lists-p908i5p5
test_array_destination_and_origin_refusals (tests.test_generic_record_lists.GenericRecordLists.test_array_destination_and_origin_refusals) ... FAIL

======================================================================
FAIL: test_array_destination_and_origin_refusals (tests.test_generic_record_lists.GenericRecordLists.test_array_destination_and_origin_refusals)
----------------------------------------------------------------------
Traceback (most recent call last):
  File "/private/tmp/nanolang-record-lists-qualified-6cf/tests/test_generic_record_lists.py", line 185, in test_array_destination_and_origin_refusals
    self.source_routes('array-refuse-' + name, prelude + 'fn main() -> int { ' + body + ' return 0 }\nshadow main { assert true }\n', True)
    ~~~~~~~~~~~~~~~~~~^^^^^^^^^^^^^^^^^^^^^^^^^^^^^^^^^^^^^^^^^^^^^^^^^^^^^^^^^^^^^^^^^^^^^^^^^^^^^^^^^^^^^^^^^^^^^^^^^^^^^^^^^^^^^^^^^^^^^
  File "/private/tmp/nanolang-record-lists-qualified-6cf/tests/test_generic_record_lists.py", line 375, in source_routes
    out, err = self.command(name + '-' + compiler + '-build',
               ~~~~~~~~~~~~^^^^^^^^^^^^^^^^^^^^^^^^^^^^^^^^^^
        [ROOT / 'bin' / compiler, path, '-o', output, '--keep-c'], expected=tuple(range(1, 126)) if reject else (0,), timeout=300)
        ^^^^^^^^^^^^^^^^^^^^^^^^^^^^^^^^^^^^^^^^^^^^^^^^^^^^^^^^^^^^^^^^^^^^^^^^^^^^^^^^^^^^^^^^^^^^^^^^^^^^^^^^^^^^^^^^^^^^^^^^^^
  File "/private/tmp/nanolang-record-lists-qualified-6cf/tests/test_generic_record_lists.py", line 126, in command
    raise AssertionError((name, status, out[-8000:], err[-8000:]))
AssertionError: ('0017-array-refuse-field-nanoc_stage1-build', {'returncode': 0, 'timeout': False, 'cleanup_errors': [], 'group_absent': True, 'child_returncode': 0, 'elapsed': 2.431663665920496}, b'I kept generated C in /private/tmp/nanolang-record-lists-6cf-puck-matrix/full-source/nano-record-lists-p908i5p5/temporary/nano_native_1789965992_0/program.c\n', b'')

----------------------------------------------------------------------
Ran 1 test in 6.781s

FAILED (failures=1)
