built 16 slides -> /Users/jordanh/Src/nanolang-pr522-repair/docs/presentation/nanolang-developer-overview.pptx
built narrative -> /Users/jordanh/Src/nanolang-pr522-repair/docs/presentation/nanolang-developer-overview.docx
rendered /Users/jordanh/Src/nanolang-pr522-repair/_build/nanolang-developer-overview/rendered-slides/slide-01.png
rendered /Users/jordanh/Src/nanolang-pr522-repair/_build/nanolang-developer-overview/rendered-slides/slide-02.png
rendered /Users/jordanh/Src/nanolang-pr522-repair/_build/nanolang-developer-overview/rendered-slides/slide-03.png
rendered /Users/jordanh/Src/nanolang-pr522-repair/_build/nanolang-developer-overview/rendered-slides/slide-04.png
rendered /Users/jordanh/Src/nanolang-pr522-repair/_build/nanolang-developer-overview/rendered-slides/slide-05.png
rendered /Users/jordanh/Src/nanolang-pr522-repair/_build/nanolang-developer-overview/rendered-slides/slide-06.png
rendered /Users/jordanh/Src/nanolang-pr522-repair/_build/nanolang-developer-overview/rendered-slides/slide-07.png
rendered /Users/jordanh/Src/nanolang-pr522-repair/_build/nanolang-developer-overview/rendered-slides/slide-08.png
rendered /Users/jordanh/Src/nanolang-pr522-repair/_build/nanolang-developer-overview/rendered-slides/slide-09.png
rendered /Users/jordanh/Src/nanolang-pr522-repair/_build/nanolang-developer-overview/rendered-slides/slide-10.png
rendered /Users/jordanh/Src/nanolang-pr522-repair/_build/nanolang-developer-overview/rendered-slides/slide-11.png
rendered /Users/jordanh/Src/nanolang-pr522-repair/_build/nanolang-developer-overview/rendered-slides/slide-12.png
rendered /Users/jordanh/Src/nanolang-pr522-repair/_build/nanolang-developer-overview/rendered-slides/slide-13.png
rendered /Users/jordanh/Src/nanolang-pr522-repair/_build/nanolang-developer-overview/rendered-slides/slide-14.png
rendered /Users/jordanh/Src/nanolang-pr522-repair/_build/nanolang-developer-overview/rendered-slides/slide-15.png
rendered /Users/jordanh/Src/nanolang-pr522-repair/_build/nanolang-developer-overview/rendered-slides/slide-16.png
contact sheet /Users/jordanh/Src/nanolang-pr522-repair/_build/nanolang-developer-overview/contact-sheet.png
no text-frame overlaps detected
PPTX: /Users/jordanh/Src/nanolang-pr522-repair/docs/presentation/nanolang-developer-overview.pptx
DOCX: /Users/jordanh/Src/nanolang-pr522-repair/docs/presentation/nanolang-developer-overview.docx
I accepted the mechanical checks
Acceptance report: /Users/jordanh/Src/nanolang-pr522-repair/_build/nanolang-developer-overview/acceptance.json
