test_artifact_report_collisions (tests.test_selfhost_cli.SelfhostCliTests.test_artifact_report_collisions) ... ok
test_dangling_report_is_rejected_without_creating_target (tests.test_selfhost_cli.SelfhostCliTests.test_dangling_report_is_rejected_without_creating_target) ... ok
test_default_source_path_and_option_order (tests.test_selfhost_cli.SelfhostCliTests.test_default_source_path_and_option_order) ... ok
test_destination_probe_lifecycle_and_failures (tests.test_selfhost_cli.SelfhostCliTests.test_destination_probe_lifecycle_and_failures) ... ok
test_diagnostic_alias_is_rejected_before_parse_error (tests.test_selfhost_cli.SelfhostCliTests.test_diagnostic_alias_is_rejected_before_parse_error) ... ok
test_distinct_artifact_and_report (tests.test_selfhost_cli.SelfhostCliTests.test_distinct_artifact_and_report) ... ok
test_explicit_native_target (tests.test_selfhost_cli.SelfhostCliTests.test_explicit_native_target) ... ok
test_help (tests.test_selfhost_cli.SelfhostCliTests.test_help) ... ok
test_input_cannot_be_output (tests.test_selfhost_cli.SelfhostCliTests.test_input_cannot_be_output) ... ok
test_invalid_arguments_preserve_outputs (tests.test_selfhost_cli.SelfhostCliTests.test_invalid_arguments_preserve_outputs) ... ok
test_missing_destination_filesystem_name_equivalence (tests.test_selfhost_cli.SelfhostCliTests.test_missing_destination_filesystem_name_equivalence) ... ok
test_missing_input (tests.test_selfhost_cli.SelfhostCliTests.test_missing_input) ... ok
test_option_delimiter_allows_hyphen_input (tests.test_selfhost_cli.SelfhostCliTests.test_option_delimiter_allows_hyphen_input) ... FAIL
test_output_collision_precedes_parse_diagnostics (tests.test_selfhost_cli.SelfhostCliTests.test_output_collision_precedes_parse_diagnostics) ... ok
test_output_write_failure (tests.test_selfhost_cli.SelfhostCliTests.test_output_write_failure) ... FAIL
test_source_aliases_are_rejected_before_writes (tests.test_selfhost_cli.SelfhostCliTests.test_source_aliases_are_rejected_before_writes) ... ok
test_source_output_without_native_compiler (tests.test_selfhost_cli.SelfhostCliTests.test_source_output_without_native_compiler) ... ok
test_string_search_emitted_c (tests.test_selfhost_cli.SelfhostCliTests.test_string_search_emitted_c) ... FAIL
test_string_search_native_stages (tests.test_selfhost_cli.SelfhostCliTests.test_string_search_native_stages) ... 
  test_string_search_native_stages (tests.test_selfhost_cli.SelfhostCliTests.test_string_search_native_stages) (compiler='nanolang-driver-cutover') ... FAIL
test_uncheckable_destination_identity_fails_closed (tests.test_selfhost_cli.SelfhostCliTests.test_uncheckable_destination_identity_fails_closed) ... ok

======================================================================
FAIL: test_option_delimiter_allows_hyphen_input (tests.test_selfhost_cli.SelfhostCliTests.test_option_delimiter_allows_hyphen_input)
----------------------------------------------------------------------
Traceback (most recent call last):
  File "/Users/jordanh/Src/nanolang/tests/test_selfhost_cli.py", line 342, in test_option_delimiter_allows_hyphen_input
    self.assertEqual(result.returncode, 0, result.stdout + result.stderr)
    ~~~~~~~~~~~~~~~~^^^^^^^^^^^^^^^^^^^^^^^^^^^^^^^^^^^^^^^^^^^^^^^^^^^^^
AssertionError: 1 != 0 : I could not translate the verified module to C
I could not publish the requested product: 
sh: /private/var/folders/9z/xpmfgw8j09l4g6wwxrxtt97w0000gn/T/nanolang-cli-cyp8uhp4/bin/nvm2c: No such file or directory


======================================================================
FAIL: test_output_write_failure (tests.test_selfhost_cli.SelfhostCliTests.test_output_write_failure)
----------------------------------------------------------------------
Traceback (most recent call last):
  File "/Users/jordanh/Src/nanolang/tests/test_selfhost_cli.py", line 352, in test_output_write_failure
    self.assertIn("I could not write", result.stdout + result.stderr)
    ~~~~~~~~~~~~~^^^^^^^^^^^^^^^^^^^^^^^^^^^^^^^^^^^^^^^^^^^^^^^^^^^^
AssertionError: 'I could not write' not found in 'I could not create native output staging\nI could not publish the requested product: \nmktemp: mkdtemp failed on /var/folders/9z/xpmfgw8j09l4g6wwxrxtt97w0000gn/T/nanolang-cli-kwe0kd7t/missing/.nano-native.QS6qyB: No such file or directory\n'

======================================================================
FAIL: test_string_search_emitted_c (tests.test_selfhost_cli.SelfhostCliTests.test_string_search_emitted_c)
----------------------------------------------------------------------
Traceback (most recent call last):
  File "/Users/jordanh/Src/nanolang/tests/test_selfhost_cli.py", line 36, in test_string_search_emitted_c
    self.assertEqual(result.returncode, 0, result.stdout + result.stderr)
    ~~~~~~~~~~~~~~~~^^^^^^^^^^^^^^^^^^^^^^^^^^^^^^^^^^^^^^^^^^^^^^^^^^^^^
AssertionError: 1 != 0 : I cannot lower this checked program: undefined function str_index_of


======================================================================
FAIL: test_string_search_native_stages (tests.test_selfhost_cli.SelfhostCliTests.test_string_search_native_stages) (compiler='nanolang-driver-cutover')
----------------------------------------------------------------------
Traceback (most recent call last):
  File "/Users/jordanh/Src/nanolang/tests/test_selfhost_cli.py", line 26, in test_string_search_native_stages
    self.assertEqual(result.returncode, 0, result.stdout + result.stderr)
    ~~~~~~~~~~~~~~~~^^^^^^^^^^^^^^^^^^^^^^^^^^^^^^^^^^^^^^^^^^^^^^^^^^^^^
AssertionError: 1 != 0 : I cannot lower this checked program: undefined function str_index_of


----------------------------------------------------------------------
Ran 20 tests in 8.767s

FAILED (failures=4)
