I retain native artifacts at /var/folders/v0/pxyl2_m512v5j9nhv674pt400000gn/T/nano-file-private-native-l0ftrcul
test_instrumented_native_corpus (tests.test_file_private_native.FilePrivateNative.test_instrumented_native_corpus) ... I retain 436 allocation refusals and 0 recovered complete carriers
PASS 84508 manual private File carrier checks; 64 acquisition attempts, 63 real opens, 63 real closes, 34 I/O attempts, 9 nested refusal observations; no File CODE/frame dispatch
PASS 42381 manual private File frame transfer checks; no opcode dispatcher
private VM allocation refusals=478 recovered=0
PASS 182221 actual private File VM dispatch checks; public File routes remain refused
PASS native emission allocation refusals=334
PASS native capture: 73 exact modules, 71 emitted, 2 refused before host
I retain 436 allocation refusals and 0 recovered complete carriers
PASS 84507 manual private File carrier checks; 64 acquisition attempts, 63 real opens, 63 real closes, 34 I/O attempts, 9 nested refusal observations; no File CODE/frame dispatch
PASS 42381 manual private File frame transfer checks; no opcode dispatcher
private VM allocation refusals=478 recovered=0
PASS 182075 actual generated-native File dispatch checks; public File routes remain refused
PASS private generated-native replay: 567 calls, unchanged original corpus assertions
I retain 436 allocation refusals and 0 recovered complete carriers
PASS 84507 manual private File carrier checks; 64 acquisition attempts, 63 real opens, 63 real closes, 34 I/O attempts, 9 nested refusal observations; no File CODE/frame dispatch
PASS 42381 manual private File frame transfer checks; no opcode dispatcher
private VM allocation refusals=478 recovered=0
PASS 182075 actual generated-native File dispatch checks; public File routes remain refused
PASS private generated-native replay: 567 calls, unchanged original corpus assertions
ok
test_linked_native_corpus_and_isolated_refusals (tests.test_file_private_native.FilePrivateNative.test_linked_native_corpus_and_isolated_refusals) ... PASS 11937 manual private File carrier checks; 0 acquisition attempts, 0 real opens, 0 real closes, 0 I/O attempts, 0 nested refusal observations; no File CODE/frame dispatch
PASS 15469 manual private File frame transfer checks; no opcode dispatcher
PASS 17301 actual private File VM dispatch checks; public File routes remain refused
PASS native capture: 69 exact modules, 67 emitted, 2 refused before host
PASS 11936 manual private File carrier checks; 0 acquisition attempts, 0 real opens, 0 real closes, 0 I/O attempts, 0 nested refusal observations; no File CODE/frame dispatch
PASS 15469 manual private File frame transfer checks; no opcode dispatcher
PASS 17163 actual generated-native File dispatch checks; public File routes remain refused
PASS private generated-native replay: 73 calls, unchanged original corpus assertions
PASS 11936 manual private File carrier checks; 0 acquisition attempts, 0 real opens, 0 real closes, 0 I/O attempts, 0 nested refusal observations; no File CODE/frame dispatch
PASS 15469 manual private File frame transfer checks; no opcode dispatcher
PASS 17163 actual generated-native File dispatch checks; public File routes remain refused
PASS private generated-native replay: 73 calls, unchanged original corpus assertions
ok

----------------------------------------------------------------------
Ran 2 tests in 52.833s

OK
